[32m[00:31:37.165296] [I] [Not A Worker] [unnamed] [] [SingleNodeWorker.cpp:63] [SingleNodeWorker] Starting SingleNodeWorker SingleNodeWorker with configuration:
worker.query_engine.number_of_worker_threads: 8
worker.query_engine.admission_queue_size: 1000 (default)
worker.default_query_execution.execution_mode: COMPILER (default)
worker.default_query_execution.page_size: 1024 (default)
worker.default_query_execution.number_of_partitions: 100 (default)
worker.default_query_execution.number_of_records_per_key: 10 (default)
worker.default_query_execution.max_number_of_buckets: 10000 (default)
worker.default_query_execution.operator_buffer_size: 262144
worker.default_query_optimization.join_strategy: OPTIMIZER_CHOOSES (default)
worker.number_of_buffers_in_global_buffer_manager: 32768 (default)
worker.default_max_inflight_buffers: 64 (default)
worker.dump_compilation_result: NONE (default)
worker.dump_graph: 0 (default)
grpc: [::]:8080 (default)
enable_event_trace: 0 (default)
[m
[36m[00:31:37.167119] [D] [Not A Worker] [unnamed] [] [BufferManager.cpp:110] [initialize] NES memory allocation requires 8589934592 out of 540577120256 (so 1.5890303659045137%) available bytes[m
[36m[00:31:37.259355] [D] [Not A Worker] [unnamed] [] [BufferManager.cpp:160] [initialize] BufferManager configuration bufferSize=262144 numOfBuffers=32768[m
[32m[00:31:37.267191] [I] [Not A Worker] [unnamed] [] [SingleNodeWorkerStarter.cpp:93] [main] Server listening on [::]:8080[m
[36m[00:31:39.666172] [D] [Not A Worker] [unnamed] [queryId:1158850932] [BufferManager.cpp:110] [initialize] NES memory allocation requires 1 out of 540577120256 (so 1.8498748143954595e-10%) available bytes[m
[36m[00:31:39.666229] [D] [Not A Worker] [unnamed] [queryId:1158850932] [BufferManager.cpp:160] [initialize] BufferManager configuration bufferSize=1 numOfBuffers=1[m
[36m[00:31:39.666423] [D] [Not A Worker] [unnamed] [queryId:1158850932] [PipeliningPhase.cpp:404] [apply] Constructed pipeline plan with 1 root pipelines.
PipelinedQueryPlan for Query: 1158850932
Number of root pipelines: 1
------------------
Root Pipeline 0:
  Pipeline(ID(1), Provider(COMPILER))
  Operator chain:
    PhysicalOperator(NES::SourcePhysicalOperator)
  Successor Pipeline:
    Pipeline(ID(2), Provider(None))
      Operator chain:
        PhysicalOperator(NES::ScanPhysicalOperator)
          PhysicalOperator(NES::SelectionPhysicalOperator)
            PhysicalOperator(NES::MapPhysicalOperator)
              PhysicalOperator(NES::EmitPhysicalOperator)
      Successor Pipeline:
        Pipeline(ID(3), Provider(None))
          Operator chain:
            PhysicalOperator(NES::SinkPhysicalOperator)

[m
[36m[00:31:39.669756] [D] [Not A Worker] [unnamed] [] [SinkProvider.cpp:30] [lower] The sinkDescriptor is: SinkDescriptor: (name: variant("NAME_SINK"), type: Void, Config: )[m
[36m[00:31:39.670975] [D] [SingleNodeWorker] [WorkerThread-5] [Task:1158850932-3] [VoidSink.cpp:37] [start] Setting up void sink: VoidSink[m
[36m[00:31:39.748306] [D] [SingleNodeWorker] [WorkerThread-5] [] [SourceThread.cpp:186] [start] Starting source with originId: 2[m
[36m[00:31:39.750003] [D] [SingleNodeWorker] [WorkerThread-5] [Task:1158850932-2] [BufferManager.cpp:65] [~BufferManager] Calling BufferManager::destroy()[m
[36m[00:31:39.750029] [D] [SingleNodeWorker] [WorkerThread-5] [Task:1158850932-2] [BufferManager.cpp:93] [~BufferManager] Shutting down Buffer Manager completed[m
[36m[00:31:42.558410] [D] [SingleNodeWorker] [WorkerThread-5] [Task:1158850932] [SourceThread.cpp:232] [tryStop] SourceThread 2: attempting to stop source[m
[36m[00:31:42.558466] [D] [SingleNodeWorker] [WorkerThread-5] [Task:1158850932] [SourceThread.cpp:250] [tryStop] SourceThread 2: stopped[m
[32m[00:31:42.584373] [I] [SingleNodeWorker] [WorkerThread-4] [Task:1158850932-3] [VoidSink.cpp:42] [stop] Void Sink completed.[m
[36m[00:31:42.584508] [D] [SingleNodeWorker] [WorkerThread-4] [] [SourceThread.cpp:228] [tryStop] SourceThread 2: thread is not running[m
[32m[00:31:42.584557] [I] [SingleNodeWorker] [WorkerThread-0] [] [SequenceShredder.cpp:55] [~SequenceShredder] Successfully validated SequenceShredder[m
[36m[00:31:44.484969] [D] [Not A Worker] [unnamed] [queryId:1525019662] [BufferManager.cpp:110] [initialize] NES memory allocation requires 1 out of 540577120256 (so 1.8498748143954595e-10%) available bytes[m
[36m[00:31:44.485038] [D] [Not A Worker] [unnamed] [queryId:1525019662] [BufferManager.cpp:160] [initialize] BufferManager configuration bufferSize=1 numOfBuffers=1[m
[36m[00:31:44.485241] [D] [Not A Worker] [unnamed] [queryId:1525019662] [PipeliningPhase.cpp:404] [apply] Constructed pipeline plan with 1 root pipelines.
PipelinedQueryPlan for Query: 1525019662
Number of root pipelines: 1
------------------
Root Pipeline 0:
  Pipeline(ID(4), Provider(COMPILER))
  Operator chain:
    PhysicalOperator(NES::SourcePhysicalOperator)
  Successor Pipeline:
    Pipeline(ID(5), Provider(None))
      Operator chain:
        PhysicalOperator(NES::ScanPhysicalOperator)
          PhysicalOperator(NES::SelectionPhysicalOperator)
            PhysicalOperator(NES::EmitPhysicalOperator)
      Successor Pipeline:
        Pipeline(ID(6), Provider(None))
          Operator chain:
            PhysicalOperator(NES::SinkPhysicalOperator)

[m
[36m[00:31:44.487956] [D] [Not A Worker] [unnamed] [] [SinkProvider.cpp:30] [lower] The sinkDescriptor is: SinkDescriptor: (name: variant("PERSON_SINK"), type: Void, Config: )[m
[36m[00:31:44.497041] [D] [SingleNodeWorker] [WorkerThread-4] [Task:1525019662-6] [VoidSink.cpp:37] [start] Setting up void sink: VoidSink[m
[36m[00:31:44.575766] [D] [SingleNodeWorker] [WorkerThread-4] [] [SourceThread.cpp:186] [start] Starting source with originId: 2[m
[36m[00:31:44.578053] [D] [SingleNodeWorker] [WorkerThread-6] [Task:1525019662-5] [BufferManager.cpp:65] [~BufferManager] Calling BufferManager::destroy()[m
[36m[00:31:44.578134] [D] [SingleNodeWorker] [WorkerThread-6] [Task:1525019662-5] [BufferManager.cpp:93] [~BufferManager] Shutting down Buffer Manager completed[m
[36m[00:31:47.522103] [D] [SingleNodeWorker] [WorkerThread-3] [Task:1525019662] [SourceThread.cpp:232] [tryStop] SourceThread 2: attempting to stop source[m
[36m[00:31:47.522153] [D] [SingleNodeWorker] [WorkerThread-3] [Task:1525019662] [SourceThread.cpp:250] [tryStop] SourceThread 2: stopped[m
[32m[00:31:47.548398] [I] [SingleNodeWorker] [WorkerThread-5] [Task:1525019662-6] [VoidSink.cpp:42] [stop] Void Sink completed.[m
[36m[00:31:47.548525] [D] [SingleNodeWorker] [WorkerThread-5] [] [SourceThread.cpp:228] [tryStop] SourceThread 2: thread is not running[m
[32m[00:31:47.548679] [I] [SingleNodeWorker] [WorkerThread-7] [] [SequenceShredder.cpp:55] [~SequenceShredder] Successfully validated SequenceShredder[m
[36m[00:31:49.384844] [D] [Not A Worker] [unnamed] [queryId:379375280] [BufferManager.cpp:110] [initialize] NES memory allocation requires 1 out of 540577120256 (so 1.8498748143954595e-10%) available bytes[m
[36m[00:31:49.384899] [D] [Not A Worker] [unnamed] [queryId:379375280] [BufferManager.cpp:160] [initialize] BufferManager configuration bufferSize=1 numOfBuffers=1[m
[36m[00:31:49.385101] [D] [Not A Worker] [unnamed] [queryId:379375280] [PipeliningPhase.cpp:404] [apply] Constructed pipeline plan with 1 root pipelines.
PipelinedQueryPlan for Query: 379375280
Number of root pipelines: 1
------------------
Root Pipeline 0:
  Pipeline(ID(7), Provider(COMPILER))
  Operator chain:
    PhysicalOperator(NES::SourcePhysicalOperator)
  Successor Pipeline:
    Pipeline(ID(8), Provider(None))
      Operator chain:
        PhysicalOperator(NES::ScanPhysicalOperator)
          PhysicalOperator(NES::SelectionPhysicalOperator)
            PhysicalOperator(NES::MapPhysicalOperator)
              PhysicalOperator(NES::EmitPhysicalOperator)
      Successor Pipeline:
        Pipeline(ID(9), Provider(None))
          Operator chain:
            PhysicalOperator(NES::SinkPhysicalOperator)

[m
[36m[00:31:49.388643] [D] [Not A Worker] [unnamed] [] [SinkProvider.cpp:30] [lower] The sinkDescriptor is: SinkDescriptor: (name: variant("PERSON_ID_SINK"), type: Void, Config: )[m
[36m[00:31:49.394384] [D] [SingleNodeWorker] [WorkerThread-5] [Task:379375280-9] [VoidSink.cpp:37] [start] Setting up void sink: VoidSink[m
[36m[00:31:49.466778] [D] [SingleNodeWorker] [WorkerThread-5] [] [SourceThread.cpp:186] [start] Starting source with originId: 2[m
[36m[00:31:49.467906] [D] [SingleNodeWorker] [WorkerThread-5] [Task:379375280-8] [BufferManager.cpp:65] [~BufferManager] Calling BufferManager::destroy()[m
[36m[00:31:49.467934] [D] [SingleNodeWorker] [WorkerThread-5] [Task:379375280-8] [BufferManager.cpp:93] [~BufferManager] Shutting down Buffer Manager completed[m
[36m[00:31:52.302831] [D] [SingleNodeWorker] [WorkerThread-7] [Task:379375280] [SourceThread.cpp:232] [tryStop] SourceThread 2: attempting to stop source[m
[36m[00:31:52.302876] [D] [SingleNodeWorker] [WorkerThread-7] [Task:379375280] [SourceThread.cpp:250] [tryStop] SourceThread 2: stopped[m
[32m[00:31:52.331884] [I] [SingleNodeWorker] [WorkerThread-2] [] [SequenceShredder.cpp:55] [~SequenceShredder] Successfully validated SequenceShredder[m
[32m[00:31:52.338016] [I] [SingleNodeWorker] [WorkerThread-7] [Task:379375280-9] [VoidSink.cpp:42] [stop] Void Sink completed.[m
[36m[00:31:52.338135] [D] [SingleNodeWorker] [WorkerThread-7] [] [SourceThread.cpp:228] [tryStop] SourceThread 2: thread is not running[m
[36m[00:31:54.187639] [D] [Not A Worker] [unnamed] [queryId:1531576109] [BufferManager.cpp:110] [initialize] NES memory allocation requires 1 out of 540577120256 (so 1.8498748143954595e-10%) available bytes[m
[36m[00:31:54.187702] [D] [Not A Worker] [unnamed] [queryId:1531576109] [BufferManager.cpp:160] [initialize] BufferManager configuration bufferSize=1 numOfBuffers=1[m
[36m[00:31:54.187955] [D] [Not A Worker] [unnamed] [queryId:1531576109] [PipeliningPhase.cpp:404] [apply] Constructed pipeline plan with 1 root pipelines.
PipelinedQueryPlan for Query: 1531576109
Number of root pipelines: 1
------------------
Root Pipeline 0:
  Pipeline(ID(10), Provider(COMPILER))
  Operator chain:
    PhysicalOperator(NES::SourcePhysicalOperator)
  Successor Pipeline:
    Pipeline(ID(11), Provider(None))
      Operator chain:
        PhysicalOperator(NES::ScanPhysicalOperator)
          PhysicalOperator(NES::SelectionPhysicalOperator)
            PhysicalOperator(NES::MapPhysicalOperator)
              PhysicalOperator(NES::EmitPhysicalOperator)
      Successor Pipeline:
        Pipeline(ID(12), Provider(None))
          Operator chain:
            PhysicalOperator(NES::SinkPhysicalOperator)

[m
[36m[00:31:54.190934] [D] [Not A Worker] [unnamed] [] [SinkProvider.cpp:30] [lower] The sinkDescriptor is: SinkDescriptor: (name: variant("BID_AUCTION_ID_SINK"), type: Void, Config: )[m
[36m[00:31:54.194948] [D] [SingleNodeWorker] [WorkerThread-7] [Task:1531576109-12] [VoidSink.cpp:37] [start] Setting up void sink: VoidSink[m
[36m[00:31:54.247506] [D] [SingleNodeWorker] [WorkerThread-7] [] [SourceThread.cpp:186] [start] Starting source with originId: 2[m
[36m[00:31:54.249737] [D] [SingleNodeWorker] [WorkerThread-7] [Task:1531576109-11] [BufferManager.cpp:65] [~BufferManager] Calling BufferManager::destroy()[m
[36m[00:31:54.249762] [D] [SingleNodeWorker] [WorkerThread-7] [Task:1531576109-11] [BufferManager.cpp:93] [~BufferManager] Shutting down Buffer Manager completed[m
[36m[00:32:40.840091] [D] [SingleNodeWorker] [WorkerThread-0] [Task:1531576109-11] [InputFormatter.hpp:349] [indexTrailingSpanningTupleProxy] last offset: 262143, first offset: 83[m
[36m[00:32:59.973900] [D] [SingleNodeWorker] [WorkerThread-1] [Task:1531576109] [SourceThread.cpp:232] [tryStop] SourceThread 2: attempting to stop source[m
[36m[00:32:59.973955] [D] [SingleNodeWorker] [WorkerThread-1] [Task:1531576109] [SourceThread.cpp:250] [tryStop] SourceThread 2: stopped[m
[32m[00:33:00.001672] [I] [SingleNodeWorker] [WorkerThread-2] [] [SequenceShredder.cpp:55] [~SequenceShredder] Successfully validated SequenceShredder[m
[32m[00:33:00.002757] [I] [SingleNodeWorker] [WorkerThread-7] [Task:1531576109-12] [VoidSink.cpp:42] [stop] Void Sink completed.[m
[36m[00:33:00.002912] [D] [SingleNodeWorker] [WorkerThread-7] [] [SourceThread.cpp:228] [tryStop] SourceThread 2: thread is not running[m
[36m[00:33:02.587809] [D] [Not A Worker] [unnamed] [queryId:1278633361] [BufferManager.cpp:110] [initialize] NES memory allocation requires 1 out of 540577120256 (so 1.8498748143954595e-10%) available bytes[m
[36m[00:33:02.587866] [D] [Not A Worker] [unnamed] [queryId:1278633361] [BufferManager.cpp:160] [initialize] BufferManager configuration bufferSize=1 numOfBuffers=1[m
[36m[00:33:02.588235] [D] [Not A Worker] [unnamed] [queryId:1278633361] [PipeliningPhase.cpp:404] [apply] Constructed pipeline plan with 1 root pipelines.
PipelinedQueryPlan for Query: 1278633361
Number of root pipelines: 1
------------------
Root Pipeline 0:
  Pipeline(ID(13), Provider(COMPILER))
  Operator chain:
    PhysicalOperator(NES::SourcePhysicalOperator)
  Successor Pipeline:
    Pipeline(ID(14), Provider(None))
      Operator chain:
        PhysicalOperator(NES::ScanPhysicalOperator)
          PhysicalOperator(NES::MapPhysicalOperator)
            PhysicalOperator(NES::EmitPhysicalOperator)
      Successor Pipeline:
        Pipeline(ID(15), Provider(None))
          Operator chain:
            PhysicalOperator(NES::SinkPhysicalOperator)

[m
[36m[00:33:02.591873] [D] [Not A Worker] [unnamed] [] [SinkProvider.cpp:30] [lower] The sinkDescriptor is: SinkDescriptor: (name: variant("NAME_SINK"), type: Void, Config: )[m
[36m[00:33:02.593549] [D] [SingleNodeWorker] [WorkerThread-3] [Task:1278633361-15] [VoidSink.cpp:37] [start] Setting up void sink: VoidSink[m
[36m[00:33:02.652731] [D] [SingleNodeWorker] [WorkerThread-6] [] [SourceThread.cpp:186] [start] Starting source with originId: 2[m
[36m[00:33:02.659798] [D] [SingleNodeWorker] [WorkerThread-6] [Task:1278633361-14] [BufferManager.cpp:65] [~BufferManager] Calling BufferManager::destroy()[m
[36m[00:33:02.659827] [D] [SingleNodeWorker] [WorkerThread-6] [Task:1278633361-14] [BufferManager.cpp:93] [~BufferManager] Shutting down Buffer Manager completed[m
[36m[00:33:05.661804] [D] [SingleNodeWorker] [WorkerThread-6] [Task:1278633361] [SourceThread.cpp:232] [tryStop] SourceThread 2: attempting to stop source[m
[36m[00:33:05.661852] [D] [SingleNodeWorker] [WorkerThread-6] [Task:1278633361] [SourceThread.cpp:250] [tryStop] SourceThread 2: stopped[m
[32m[00:33:05.689147] [I] [SingleNodeWorker] [WorkerThread-3] [Task:1278633361-15] [VoidSink.cpp:42] [stop] Void Sink completed.[m
[36m[00:33:05.689270] [D] [SingleNodeWorker] [WorkerThread-3] [] [SourceThread.cpp:228] [tryStop] SourceThread 2: thread is not running[m
[32m[00:33:05.689411] [I] [SingleNodeWorker] [WorkerThread-5] [] [SequenceShredder.cpp:55] [~SequenceShredder] Successfully validated SequenceShredder[m
[33m[1m[00:33:07.499625] [W] [Not A Worker] [unnamed] [queryId:84592601] [SinkDescriptor.cpp:63] [getFormatType] Sinks of the type Void do not have an INPUT_FORMAT parameter.[m
[36m[00:33:07.499751] [D] [Not A Worker] [unnamed] [queryId:84592601] [BufferManager.cpp:110] [initialize] NES memory allocation requires 1 out of 540577120256 (so 1.8498748143954595e-10%) available bytes[m
[36m[00:33:07.499777] [D] [Not A Worker] [unnamed] [queryId:84592601] [BufferManager.cpp:160] [initialize] BufferManager configuration bufferSize=1 numOfBuffers=1[m
[36m[00:33:07.499935] [D] [Not A Worker] [unnamed] [queryId:84592601] [PipeliningPhase.cpp:404] [apply] Constructed pipeline plan with 1 root pipelines.
PipelinedQueryPlan for Query: 84592601
Number of root pipelines: 1
------------------
Root Pipeline 0:
  Pipeline(ID(16), Provider(COMPILER))
  Operator chain:
    PhysicalOperator(NES::SourcePhysicalOperator)
  Successor Pipeline:
    Pipeline(ID(17), Provider(None))
      Operator chain:
        PhysicalOperator(NES::ScanPhysicalOperator)
          PhysicalOperator(NES::EmitPhysicalOperator)
      Successor Pipeline:
        Pipeline(ID(18), Provider(None))
          Operator chain:
            PhysicalOperator(NES::SinkPhysicalOperator)

[m
[36m[00:33:07.503459] [D] [Not A Worker] [unnamed] [] [SinkProvider.cpp:30] [lower] The sinkDescriptor is: SinkDescriptor: (name: variant("PERSON_SINK"), type: Void, Config: )[m
[36m[00:33:07.504937] [D] [SingleNodeWorker] [WorkerThread-7] [Task:84592601-18] [VoidSink.cpp:37] [start] Setting up void sink: VoidSink[m
[36m[00:33:07.577840] [D] [SingleNodeWorker] [WorkerThread-7] [] [SourceThread.cpp:186] [start] Starting source with originId: 2[m
[36m[00:33:07.580022] [D] [SingleNodeWorker] [WorkerThread-7] [Task:84592601-17] [BufferManager.cpp:65] [~BufferManager] Calling BufferManager::destroy()[m
[36m[00:33:07.580050] [D] [SingleNodeWorker] [WorkerThread-7] [Task:84592601-17] [BufferManager.cpp:93] [~BufferManager] Shutting down Buffer Manager completed[m
[36m[00:33:11.675134] [D] [SingleNodeWorker] [WorkerThread-7] [Task:84592601] [SourceThread.cpp:232] [tryStop] SourceThread 2: attempting to stop source[m
[36m[00:33:11.675190] [D] [SingleNodeWorker] [WorkerThread-7] [Task:84592601] [SourceThread.cpp:250] [tryStop] SourceThread 2: stopped[m
[32m[00:33:11.701286] [I] [SingleNodeWorker] [WorkerThread-6] [] [SequenceShredder.cpp:55] [~SequenceShredder] Successfully validated SequenceShredder[m
[32m[00:33:11.701647] [I] [SingleNodeWorker] [WorkerThread-2] [Task:84592601-18] [VoidSink.cpp:42] [stop] Void Sink completed.[m
[36m[00:33:11.701787] [D] [SingleNodeWorker] [WorkerThread-2] [] [SourceThread.cpp:228] [tryStop] SourceThread 2: thread is not running[m
[36m[00:33:15.247325] [D] [Not A Worker] [unnamed] [queryId:473536701] [BufferManager.cpp:110] [initialize] NES memory allocation requires 1 out of 540577120256 (so 1.8498748143954595e-10%) available bytes[m
[36m[00:33:15.247384] [D] [Not A Worker] [unnamed] [queryId:473536701] [BufferManager.cpp:160] [initialize] BufferManager configuration bufferSize=1 numOfBuffers=1[m
[36m[00:33:15.247759] [D] [Not A Worker] [unnamed] [queryId:473536701] [PipeliningPhase.cpp:404] [apply] Constructed pipeline plan with 1 root pipelines.
PipelinedQueryPlan for Query: 473536701
Number of root pipelines: 1
------------------
Root Pipeline 0:
  Pipeline(ID(19), Provider(COMPILER))
  Operator chain:
    PhysicalOperator(NES::SourcePhysicalOperator)
  Successor Pipeline:
    Pipeline(ID(20), Provider(None))
      Operator chain:
        PhysicalOperator(NES::ScanPhysicalOperator)
          PhysicalOperator(NES::MapPhysicalOperator)
            PhysicalOperator(NES::EmitPhysicalOperator)
      Successor Pipeline:
        Pipeline(ID(21), Provider(None))
          Operator chain:
            PhysicalOperator(NES::SinkPhysicalOperator)

[m
[36m[00:33:15.251602] [D] [Not A Worker] [unnamed] [] [SinkProvider.cpp:30] [lower] The sinkDescriptor is: SinkDescriptor: (name: variant("PERSON_ID_SINK"), type: Void, Config: )[m
[36m[00:33:15.252622] [D] [SingleNodeWorker] [WorkerThread-0] [Task:473536701-21] [VoidSink.cpp:37] [start] Setting up void sink: VoidSink[m
[36m[00:33:15.309887] [D] [SingleNodeWorker] [WorkerThread-0] [] [SourceThread.cpp:186] [start] Starting source with originId: 2[m
[36m[00:33:15.311479] [D] [SingleNodeWorker] [WorkerThread-0] [Task:473536701-20] [BufferManager.cpp:65] [~BufferManager] Calling BufferManager::destroy()[m
[36m[00:33:15.311508] [D] [SingleNodeWorker] [WorkerThread-0] [Task:473536701-20] [BufferManager.cpp:93] [~BufferManager] Shutting down Buffer Manager completed[m
[36m[00:33:16.857785] [D] [SingleNodeWorker] [WorkerThread-3] [Task:473536701-20] [InputFormatter.hpp:349] [indexTrailingSpanningTupleProxy] last offset: 262143, first offset: 327[m
[36m[00:33:18.109158] [D] [SingleNodeWorker] [WorkerThread-2] [Task:473536701] [SourceThread.cpp:232] [tryStop] SourceThread 2: attempting to stop source[m
[36m[00:33:18.109208] [D] [SingleNodeWorker] [WorkerThread-2] [Task:473536701] [SourceThread.cpp:250] [tryStop] SourceThread 2: stopped[m
[32m[00:33:18.136049] [I] [SingleNodeWorker] [WorkerThread-4] [Task:473536701-21] [VoidSink.cpp:42] [stop] Void Sink completed.[m
[36m[00:33:18.136168] [D] [SingleNodeWorker] [WorkerThread-4] [] [SourceThread.cpp:228] [tryStop] SourceThread 2: thread is not running[m
[32m[00:33:18.136174] [I] [SingleNodeWorker] [WorkerThread-6] [] [SequenceShredder.cpp:55] [~SequenceShredder] Successfully validated SequenceShredder[m
[36m[00:33:20.169209] [D] [Not A Worker] [unnamed] [queryId:356821040] [BufferManager.cpp:110] [initialize] NES memory allocation requires 1 out of 540577120256 (so 1.8498748143954595e-10%) available bytes[m
[36m[00:33:20.169277] [D] [Not A Worker] [unnamed] [queryId:356821040] [BufferManager.cpp:160] [initialize] BufferManager configuration bufferSize=1 numOfBuffers=1[m
[36m[00:33:20.169704] [D] [Not A Worker] [unnamed] [queryId:356821040] [PipeliningPhase.cpp:404] [apply] Constructed pipeline plan with 1 root pipelines.
PipelinedQueryPlan for Query: 356821040
Number of root pipelines: 1
------------------
Root Pipeline 0:
  Pipeline(ID(22), Provider(COMPILER))
  Operator chain:
    PhysicalOperator(NES::SourcePhysicalOperator)
  Successor Pipeline:
    Pipeline(ID(23), Provider(None))
      Operator chain:
        PhysicalOperator(NES::ScanPhysicalOperator)
          PhysicalOperator(NES::MapPhysicalOperator)
            PhysicalOperator(NES::EmitPhysicalOperator)
      Successor Pipeline:
        Pipeline(ID(24), Provider(None))
          Operator chain:
            PhysicalOperator(NES::SinkPhysicalOperator)

[m
[36m[00:33:20.173087] [D] [Not A Worker] [unnamed] [] [SinkProvider.cpp:30] [lower] The sinkDescriptor is: SinkDescriptor: (name: variant("BID_AUCTION_ID_SINK"), type: Void, Config: )[m
[36m[00:33:20.174706] [D] [SingleNodeWorker] [WorkerThread-6] [Task:356821040-24] [VoidSink.cpp:37] [start] Setting up void sink: VoidSink[m
[36m[00:33:20.225362] [D] [SingleNodeWorker] [WorkerThread-4] [] [SourceThread.cpp:186] [start] Starting source with originId: 2[m
[36m[00:33:20.226946] [D] [SingleNodeWorker] [WorkerThread-4] [Task:356821040-23] [BufferManager.cpp:65] [~BufferManager] Calling BufferManager::destroy()[m
[36m[00:33:20.226974] [D] [SingleNodeWorker] [WorkerThread-4] [Task:356821040-23] [BufferManager.cpp:93] [~BufferManager] Shutting down Buffer Manager completed[m
[36m[00:34:22.567818] [D] [SingleNodeWorker] [WorkerThread-1] [Task:356821040-23] [InputFormatter.hpp:349] [indexTrailingSpanningTupleProxy] last offset: 262143, first offset: 73[m
[36m[00:34:26.173458] [D] [SingleNodeWorker] [WorkerThread-3] [Task:356821040] [SourceThread.cpp:232] [tryStop] SourceThread 2: attempting to stop source[m
[36m[00:34:26.173508] [D] [SingleNodeWorker] [WorkerThread-3] [Task:356821040] [SourceThread.cpp:250] [tryStop] SourceThread 2: stopped[m
[32m[00:34:26.201035] [I] [SingleNodeWorker] [WorkerThread-2] [] [SequenceShredder.cpp:55] [~SequenceShredder] Successfully validated SequenceShredder[m
[32m[00:34:26.202680] [I] [SingleNodeWorker] [WorkerThread-0] [Task:356821040-24] [VoidSink.cpp:42] [stop] Void Sink completed.[m
[36m[00:34:26.202823] [D] [SingleNodeWorker] [WorkerThread-0] [] [SourceThread.cpp:228] [tryStop] SourceThread 2: thread is not running[m
