[32m[00:34:29.522910] [I] [Not A Worker] [unnamed] [] [SingleNodeWorker.cpp:63] [SingleNodeWorker] Starting SingleNodeWorker SingleNodeWorker with configuration:
worker.query_engine.number_of_worker_threads: 16
worker.query_engine.admission_queue_size: 1000 (default)
worker.default_query_execution.execution_mode: COMPILER (default)
worker.default_query_execution.page_size: 1024 (default)
worker.default_query_execution.number_of_partitions: 100 (default)
worker.default_query_execution.number_of_records_per_key: 10 (default)
worker.default_query_execution.max_number_of_buckets: 10000 (default)
worker.default_query_execution.operator_buffer_size: 262144
worker.default_query_optimization.join_strategy: OPTIMIZER_CHOOSES (default)
worker.number_of_buffers_in_global_buffer_manager: 32768 (default)
worker.default_max_inflight_buffers: 64 (default)
worker.dump_compilation_result: NONE (default)
worker.dump_graph: 0 (default)
grpc: [::]:8080 (default)
enable_event_trace: 0 (default)
[m
[36m[00:34:29.524378] [D] [Not A Worker] [unnamed] [] [BufferManager.cpp:110] [initialize] NES memory allocation requires 8589934592 out of 540577120256 (so 1.5890303659045137%) available bytes[m
[36m[00:34:29.616639] [D] [Not A Worker] [unnamed] [] [BufferManager.cpp:160] [initialize] BufferManager configuration bufferSize=262144 numOfBuffers=32768[m
[32m[00:34:29.625647] [I] [Not A Worker] [unnamed] [] [SingleNodeWorkerStarter.cpp:93] [main] Server listening on [::]:8080[m
[36m[00:34:32.042497] [D] [Not A Worker] [unnamed] [queryId:523354795] [BufferManager.cpp:110] [initialize] NES memory allocation requires 1 out of 540577120256 (so 1.8498748143954595e-10%) available bytes[m
[36m[00:34:32.042556] [D] [Not A Worker] [unnamed] [queryId:523354795] [BufferManager.cpp:160] [initialize] BufferManager configuration bufferSize=1 numOfBuffers=1[m
[36m[00:34:32.042753] [D] [Not A Worker] [unnamed] [queryId:523354795] [PipeliningPhase.cpp:404] [apply] Constructed pipeline plan with 1 root pipelines.
PipelinedQueryPlan for Query: 523354795
Number of root pipelines: 1
------------------
Root Pipeline 0:
  Pipeline(ID(1), Provider(COMPILER))
  Operator chain:
    PhysicalOperator(NES::SourcePhysicalOperator)
  Successor Pipeline:
    Pipeline(ID(2), Provider(None))
      Operator chain:
        PhysicalOperator(NES::ScanPhysicalOperator)
          PhysicalOperator(NES::SelectionPhysicalOperator)
            PhysicalOperator(NES::MapPhysicalOperator)
              PhysicalOperator(NES::EmitPhysicalOperator)
      Successor Pipeline:
        Pipeline(ID(3), Provider(None))
          Operator chain:
            PhysicalOperator(NES::SinkPhysicalOperator)

[m
[36m[00:34:32.046645] [D] [Not A Worker] [unnamed] [] [SinkProvider.cpp:30] [lower] The sinkDescriptor is: SinkDescriptor: (name: variant("NAME_SINK"), type: Void, Config: )[m
[36m[00:34:32.048192] [D] [SingleNodeWorker] [WorkerThread-11] [Task:523354795-3] [VoidSink.cpp:37] [start] Setting up void sink: VoidSink[m
[36m[00:34:32.128420] [D] [SingleNodeWorker] [WorkerThread-11] [] [SourceThread.cpp:186] [start] Starting source with originId: 2[m
[36m[00:34:32.129398] [D] [SingleNodeWorker] [WorkerThread-11] [Task:523354795-2] [BufferManager.cpp:65] [~BufferManager] Calling BufferManager::destroy()[m
[36m[00:34:32.129429] [D] [SingleNodeWorker] [WorkerThread-11] [Task:523354795-2] [BufferManager.cpp:93] [~BufferManager] Shutting down Buffer Manager completed[m
[36m[00:34:33.001854] [D] [SingleNodeWorker] [WorkerThread-11] [Task:523354795-2] [InputFormatter.hpp:349] [indexTrailingSpanningTupleProxy] last offset: 262143, first offset: 327[m
[36m[00:34:33.667109] [D] [SingleNodeWorker] [WorkerThread-8] [Task:523354795] [SourceThread.cpp:232] [tryStop] SourceThread 2: attempting to stop source[m
[36m[00:34:33.667175] [D] [SingleNodeWorker] [WorkerThread-8] [Task:523354795] [SourceThread.cpp:250] [tryStop] SourceThread 2: stopped[m
[32m[00:34:33.692896] [I] [SingleNodeWorker] [WorkerThread-3] [Task:523354795-3] [VoidSink.cpp:42] [stop] Void Sink completed.[m
[36m[00:34:33.693034] [D] [SingleNodeWorker] [WorkerThread-3] [] [SourceThread.cpp:228] [tryStop] SourceThread 2: thread is not running[m
[32m[00:34:33.693107] [I] [SingleNodeWorker] [WorkerThread-13] [] [SequenceShredder.cpp:55] [~SequenceShredder] Successfully validated SequenceShredder[m
[36m[00:34:36.955665] [D] [Not A Worker] [unnamed] [queryId:1199420899] [BufferManager.cpp:110] [initialize] NES memory allocation requires 1 out of 540577120256 (so 1.8498748143954595e-10%) available bytes[m
[36m[00:34:36.955732] [D] [Not A Worker] [unnamed] [queryId:1199420899] [BufferManager.cpp:160] [initialize] BufferManager configuration bufferSize=1 numOfBuffers=1[m
[36m[00:34:36.955974] [D] [Not A Worker] [unnamed] [queryId:1199420899] [PipeliningPhase.cpp:404] [apply] Constructed pipeline plan with 1 root pipelines.
PipelinedQueryPlan for Query: 1199420899
Number of root pipelines: 1
------------------
Root Pipeline 0:
  Pipeline(ID(4), Provider(COMPILER))
  Operator chain:
    PhysicalOperator(NES::SourcePhysicalOperator)
  Successor Pipeline:
    Pipeline(ID(5), Provider(None))
      Operator chain:
        PhysicalOperator(NES::ScanPhysicalOperator)
          PhysicalOperator(NES::SelectionPhysicalOperator)
            PhysicalOperator(NES::EmitPhysicalOperator)
      Successor Pipeline:
        Pipeline(ID(6), Provider(None))
          Operator chain:
            PhysicalOperator(NES::SinkPhysicalOperator)

[m
[36m[00:34:36.959903] [D] [Not A Worker] [unnamed] [] [SinkProvider.cpp:30] [lower] The sinkDescriptor is: SinkDescriptor: (name: variant("PERSON_SINK"), type: Void, Config: )[m
[36m[00:34:36.960324] [D] [SingleNodeWorker] [WorkerThread-6] [Task:1199420899-6] [VoidSink.cpp:37] [start] Setting up void sink: VoidSink[m
[36m[00:34:37.048609] [D] [SingleNodeWorker] [WorkerThread-6] [] [SourceThread.cpp:186] [start] Starting source with originId: 2[m
[36m[00:34:37.051125] [D] [SingleNodeWorker] [WorkerThread-12] [Task:1199420899-5] [BufferManager.cpp:65] [~BufferManager] Calling BufferManager::destroy()[m
[36m[00:34:37.051208] [D] [SingleNodeWorker] [WorkerThread-12] [Task:1199420899-5] [BufferManager.cpp:93] [~BufferManager] Shutting down Buffer Manager completed[m
[36m[00:34:37.927896] [D] [SingleNodeWorker] [WorkerThread-3] [Task:1199420899-5] [InputFormatter.hpp:349] [indexTrailingSpanningTupleProxy] last offset: 262143, first offset: 327[m
[36m[00:34:38.765633] [D] [SingleNodeWorker] [WorkerThread-1] [Task:1199420899] [SourceThread.cpp:232] [tryStop] SourceThread 2: attempting to stop source[m
[36m[00:34:38.765683] [D] [SingleNodeWorker] [WorkerThread-1] [Task:1199420899] [SourceThread.cpp:250] [tryStop] SourceThread 2: stopped[m
[32m[00:34:38.792213] [I] [SingleNodeWorker] [WorkerThread-6] [Task:1199420899-6] [VoidSink.cpp:42] [stop] Void Sink completed.[m
[32m[00:34:38.792241] [I] [SingleNodeWorker] [WorkerThread-12] [] [SequenceShredder.cpp:55] [~SequenceShredder] Successfully validated SequenceShredder[m
[36m[00:34:38.792362] [D] [SingleNodeWorker] [WorkerThread-6] [] [SourceThread.cpp:228] [tryStop] SourceThread 2: thread is not running[m
[36m[00:34:41.778712] [D] [Not A Worker] [unnamed] [queryId:2117073654] [BufferManager.cpp:110] [initialize] NES memory allocation requires 1 out of 540577120256 (so 1.8498748143954595e-10%) available bytes[m
[36m[00:34:41.778784] [D] [Not A Worker] [unnamed] [queryId:2117073654] [BufferManager.cpp:160] [initialize] BufferManager configuration bufferSize=1 numOfBuffers=1[m
[36m[00:34:41.779022] [D] [Not A Worker] [unnamed] [queryId:2117073654] [PipeliningPhase.cpp:404] [apply] Constructed pipeline plan with 1 root pipelines.
PipelinedQueryPlan for Query: 2117073654
Number of root pipelines: 1
------------------
Root Pipeline 0:
  Pipeline(ID(7), Provider(COMPILER))
  Operator chain:
    PhysicalOperator(NES::SourcePhysicalOperator)
  Successor Pipeline:
    Pipeline(ID(8), Provider(None))
      Operator chain:
        PhysicalOperator(NES::ScanPhysicalOperator)
          PhysicalOperator(NES::SelectionPhysicalOperator)
            PhysicalOperator(NES::MapPhysicalOperator)
              PhysicalOperator(NES::EmitPhysicalOperator)
      Successor Pipeline:
        Pipeline(ID(9), Provider(None))
          Operator chain:
            PhysicalOperator(NES::SinkPhysicalOperator)

[m
[36m[00:34:41.783020] [D] [Not A Worker] [unnamed] [] [SinkProvider.cpp:30] [lower] The sinkDescriptor is: SinkDescriptor: (name: variant("PERSON_ID_SINK"), type: Void, Config: )[m
[36m[00:34:41.784110] [D] [SingleNodeWorker] [WorkerThread-7] [Task:2117073654-9] [VoidSink.cpp:37] [start] Setting up void sink: VoidSink[m
[36m[00:34:41.857554] [D] [SingleNodeWorker] [WorkerThread-7] [] [SourceThread.cpp:186] [start] Starting source with originId: 2[m
[36m[00:34:41.859766] [D] [SingleNodeWorker] [WorkerThread-7] [Task:2117073654-8] [BufferManager.cpp:65] [~BufferManager] Calling BufferManager::destroy()[m
[36m[00:34:41.859793] [D] [SingleNodeWorker] [WorkerThread-7] [Task:2117073654-8] [BufferManager.cpp:93] [~BufferManager] Shutting down Buffer Manager completed[m
[36m[00:34:43.385098] [D] [SingleNodeWorker] [WorkerThread-1] [Task:2117073654] [SourceThread.cpp:232] [tryStop] SourceThread 2: attempting to stop source[m
[36m[00:34:43.385147] [D] [SingleNodeWorker] [WorkerThread-1] [Task:2117073654] [SourceThread.cpp:250] [tryStop] SourceThread 2: stopped[m
[32m[00:34:43.410740] [I] [SingleNodeWorker] [WorkerThread-6] [Task:2117073654-9] [VoidSink.cpp:42] [stop] Void Sink completed.[m
[36m[00:34:43.410882] [D] [SingleNodeWorker] [WorkerThread-6] [] [SourceThread.cpp:228] [tryStop] SourceThread 2: thread is not running[m
[32m[00:34:43.410934] [I] [SingleNodeWorker] [WorkerThread-9] [] [SequenceShredder.cpp:55] [~SequenceShredder] Successfully validated SequenceShredder[m
[36m[00:34:46.834819] [D] [Not A Worker] [unnamed] [queryId:1628104244] [BufferManager.cpp:110] [initialize] NES memory allocation requires 1 out of 540577120256 (so 1.8498748143954595e-10%) available bytes[m
[36m[00:34:46.834884] [D] [Not A Worker] [unnamed] [queryId:1628104244] [BufferManager.cpp:160] [initialize] BufferManager configuration bufferSize=1 numOfBuffers=1[m
[36m[00:34:46.835143] [D] [Not A Worker] [unnamed] [queryId:1628104244] [PipeliningPhase.cpp:404] [apply] Constructed pipeline plan with 1 root pipelines.
PipelinedQueryPlan for Query: 1628104244
Number of root pipelines: 1
------------------
Root Pipeline 0:
  Pipeline(ID(10), Provider(COMPILER))
  Operator chain:
    PhysicalOperator(NES::SourcePhysicalOperator)
  Successor Pipeline:
    Pipeline(ID(11), Provider(None))
      Operator chain:
        PhysicalOperator(NES::ScanPhysicalOperator)
          PhysicalOperator(NES::SelectionPhysicalOperator)
            PhysicalOperator(NES::MapPhysicalOperator)
              PhysicalOperator(NES::EmitPhysicalOperator)
      Successor Pipeline:
        Pipeline(ID(12), Provider(None))
          Operator chain:
            PhysicalOperator(NES::SinkPhysicalOperator)

[m
[36m[00:34:46.839020] [D] [Not A Worker] [unnamed] [] [SinkProvider.cpp:30] [lower] The sinkDescriptor is: SinkDescriptor: (name: variant("BID_AUCTION_ID_SINK"), type: Void, Config: )[m
[36m[00:34:46.839746] [D] [SingleNodeWorker] [WorkerThread-3] [Task:1628104244-12] [VoidSink.cpp:37] [start] Setting up void sink: VoidSink[m
[36m[00:34:46.889595] [D] [SingleNodeWorker] [WorkerThread-3] [] [SourceThread.cpp:186] [start] Starting source with originId: 2[m
[36m[00:34:46.891267] [D] [SingleNodeWorker] [WorkerThread-3] [Task:1628104244-11] [BufferManager.cpp:65] [~BufferManager] Calling BufferManager::destroy()[m
[36m[00:34:46.891296] [D] [SingleNodeWorker] [WorkerThread-3] [Task:1628104244-11] [BufferManager.cpp:93] [~BufferManager] Shutting down Buffer Manager completed[m
[36m[00:34:50.745763] [D] [SingleNodeWorker] [WorkerThread-4] [Task:1628104244-11] [InputFormatter.hpp:349] [indexTrailingSpanningTupleProxy] last offset: 262143, first offset: 69[m
[36m[00:34:51.765446] [D] [SingleNodeWorker] [WorkerThread-2] [Task:1628104244-11] [InputFormatter.hpp:349] [indexTrailingSpanningTupleProxy] last offset: 262143, first offset: 68[m
[36m[00:34:55.551876] [D] [SingleNodeWorker] [WorkerThread-11] [Task:1628104244-11] [InputFormatter.hpp:349] [indexTrailingSpanningTupleProxy] last offset: 262143, first offset: 58[m
[36m[00:34:57.624870] [D] [SingleNodeWorker] [WorkerThread-6] [Task:1628104244-11] [InputFormatter.hpp:349] [indexTrailingSpanningTupleProxy] last offset: 262143, first offset: 6[m
[36m[00:35:00.899162] [D] [SingleNodeWorker] [WorkerThread-11] [Task:1628104244-11] [InputFormatter.hpp:349] [indexTrailingSpanningTupleProxy] last offset: 262143, first offset: 78[m
[36m[00:35:01.363749] [D] [SingleNodeWorker] [WorkerThread-12] [Task:1628104244-11] [InputFormatter.hpp:349] [indexTrailingSpanningTupleProxy] last offset: 262143, first offset: 33[m
[36m[00:35:04.418718] [D] [SingleNodeWorker] [WorkerThread-11] [Task:1628104244-11] [InputFormatter.hpp:349] [indexTrailingSpanningTupleProxy] last offset: 262143, first offset: 67[m
[36m[00:35:06.068499] [D] [SingleNodeWorker] [WorkerThread-11] [Task:1628104244-11] [InputFormatter.hpp:349] [indexTrailingSpanningTupleProxy] last offset: 262143, first offset: 64[m
[36m[00:35:12.823188] [D] [SingleNodeWorker] [WorkerThread-8] [Task:1628104244-11] [InputFormatter.hpp:349] [indexTrailingSpanningTupleProxy] last offset: 262143, first offset: 78[m
[36m[00:35:18.505478] [D] [SingleNodeWorker] [WorkerThread-12] [Task:1628104244-11] [InputFormatter.hpp:349] [indexTrailingSpanningTupleProxy] last offset: 262143, first offset: 53[m
[36m[00:35:20.303939] [D] [SingleNodeWorker] [WorkerThread-11] [Task:1628104244] [SourceThread.cpp:232] [tryStop] SourceThread 2: attempting to stop source[m
[36m[00:35:20.303992] [D] [SingleNodeWorker] [WorkerThread-11] [Task:1628104244] [SourceThread.cpp:250] [tryStop] SourceThread 2: stopped[m
[32m[00:35:20.329956] [I] [SingleNodeWorker] [WorkerThread-2] [Task:1628104244-12] [VoidSink.cpp:42] [stop] Void Sink completed.[m
[36m[00:35:20.330123] [D] [SingleNodeWorker] [WorkerThread-2] [] [SourceThread.cpp:228] [tryStop] SourceThread 2: thread is not running[m
[32m[00:35:20.330137] [I] [SingleNodeWorker] [WorkerThread-12] [] [SequenceShredder.cpp:55] [~SequenceShredder] Successfully validated SequenceShredder[m
[36m[00:35:23.097730] [D] [Not A Worker] [unnamed] [queryId:1300695396] [BufferManager.cpp:110] [initialize] NES memory allocation requires 1 out of 540577120256 (so 1.8498748143954595e-10%) available bytes[m
[36m[00:35:23.097810] [D] [Not A Worker] [unnamed] [queryId:1300695396] [BufferManager.cpp:160] [initialize] BufferManager configuration bufferSize=1 numOfBuffers=1[m
[36m[00:35:23.098310] [D] [Not A Worker] [unnamed] [queryId:1300695396] [PipeliningPhase.cpp:404] [apply] Constructed pipeline plan with 1 root pipelines.
PipelinedQueryPlan for Query: 1300695396
Number of root pipelines: 1
------------------
Root Pipeline 0:
  Pipeline(ID(13), Provider(COMPILER))
  Operator chain:
    PhysicalOperator(NES::SourcePhysicalOperator)
  Successor Pipeline:
    Pipeline(ID(14), Provider(None))
      Operator chain:
        PhysicalOperator(NES::ScanPhysicalOperator)
          PhysicalOperator(NES::MapPhysicalOperator)
            PhysicalOperator(NES::EmitPhysicalOperator)
      Successor Pipeline:
        Pipeline(ID(15), Provider(None))
          Operator chain:
            PhysicalOperator(NES::SinkPhysicalOperator)

[m
[36m[00:35:23.101721] [D] [Not A Worker] [unnamed] [] [SinkProvider.cpp:30] [lower] The sinkDescriptor is: SinkDescriptor: (name: variant("NAME_SINK"), type: Void, Config: )[m
[36m[00:35:23.102348] [D] [SingleNodeWorker] [WorkerThread-2] [Task:1300695396-15] [VoidSink.cpp:37] [start] Setting up void sink: VoidSink[m
[36m[00:35:23.162691] [D] [SingleNodeWorker] [WorkerThread-2] [] [SourceThread.cpp:186] [start] Starting source with originId: 2[m
[36m[00:35:23.169243] [D] [SingleNodeWorker] [WorkerThread-4] [Task:1300695396-14] [BufferManager.cpp:65] [~BufferManager] Calling BufferManager::destroy()[m
[36m[00:35:23.169305] [D] [SingleNodeWorker] [WorkerThread-4] [Task:1300695396-14] [BufferManager.cpp:93] [~BufferManager] Shutting down Buffer Manager completed[m
[36m[00:35:24.076882] [D] [SingleNodeWorker] [WorkerThread-15] [Task:1300695396-14] [InputFormatter.hpp:349] [indexTrailingSpanningTupleProxy] last offset: 262143, first offset: 327[m
[36m[00:35:24.787049] [D] [SingleNodeWorker] [WorkerThread-9] [Task:1300695396] [SourceThread.cpp:232] [tryStop] SourceThread 2: attempting to stop source[m
[36m[00:35:24.787091] [D] [SingleNodeWorker] [WorkerThread-9] [Task:1300695396] [SourceThread.cpp:250] [tryStop] SourceThread 2: stopped[m
[32m[00:35:24.812768] [I] [SingleNodeWorker] [WorkerThread-6] [Task:1300695396-15] [VoidSink.cpp:42] [stop] Void Sink completed.[m
[36m[00:35:24.812914] [D] [SingleNodeWorker] [WorkerThread-6] [] [SourceThread.cpp:228] [tryStop] SourceThread 2: thread is not running[m
[32m[00:35:24.813010] [I] [SingleNodeWorker] [WorkerThread-12] [] [SequenceShredder.cpp:55] [~SequenceShredder] Successfully validated SequenceShredder[m
[33m[1m[00:35:27.974752] [W] [Not A Worker] [unnamed] [queryId:1879079039] [SinkDescriptor.cpp:63] [getFormatType] Sinks of the type Void do not have an INPUT_FORMAT parameter.[m
[36m[00:35:27.974932] [D] [Not A Worker] [unnamed] [queryId:1879079039] [BufferManager.cpp:110] [initialize] NES memory allocation requires 1 out of 540577120256 (so 1.8498748143954595e-10%) available bytes[m
[36m[00:35:27.974963] [D] [Not A Worker] [unnamed] [queryId:1879079039] [BufferManager.cpp:160] [initialize] BufferManager configuration bufferSize=1 numOfBuffers=1[m
[36m[00:35:27.975157] [D] [Not A Worker] [unnamed] [queryId:1879079039] [PipeliningPhase.cpp:404] [apply] Constructed pipeline plan with 1 root pipelines.
PipelinedQueryPlan for Query: 1879079039
Number of root pipelines: 1
------------------
Root Pipeline 0:
  Pipeline(ID(16), Provider(COMPILER))
  Operator chain:
    PhysicalOperator(NES::SourcePhysicalOperator)
  Successor Pipeline:
    Pipeline(ID(17), Provider(None))
      Operator chain:
        PhysicalOperator(NES::ScanPhysicalOperator)
          PhysicalOperator(NES::EmitPhysicalOperator)
      Successor Pipeline:
        Pipeline(ID(18), Provider(None))
          Operator chain:
            PhysicalOperator(NES::SinkPhysicalOperator)

[m
[36m[00:35:27.979163] [D] [Not A Worker] [unnamed] [] [SinkProvider.cpp:30] [lower] The sinkDescriptor is: SinkDescriptor: (name: variant("PERSON_SINK"), type: Void, Config: )[m
[36m[00:35:27.979643] [D] [SingleNodeWorker] [WorkerThread-6] [Task:1879079039-18] [VoidSink.cpp:37] [start] Setting up void sink: VoidSink[m
[36m[00:35:28.053162] [D] [SingleNodeWorker] [WorkerThread-6] [] [SourceThread.cpp:186] [start] Starting source with originId: 2[m
[36m[00:35:28.054700] [D] [SingleNodeWorker] [WorkerThread-6] [Task:1879079039-17] [BufferManager.cpp:65] [~BufferManager] Calling BufferManager::destroy()[m
[36m[00:35:28.054737] [D] [SingleNodeWorker] [WorkerThread-6] [Task:1879079039-17] [BufferManager.cpp:93] [~BufferManager] Shutting down Buffer Manager completed[m
[36m[00:35:29.246462] [D] [SingleNodeWorker] [WorkerThread-11] [Task:1879079039-17] [InputFormatter.hpp:349] [indexTrailingSpanningTupleProxy] last offset: 262143, first offset: 327[m
[36m[00:35:30.170552] [D] [SingleNodeWorker] [WorkerThread-13] [Task:1879079039] [SourceThread.cpp:232] [tryStop] SourceThread 2: attempting to stop source[m
[36m[00:35:30.170601] [D] [SingleNodeWorker] [WorkerThread-13] [Task:1879079039] [SourceThread.cpp:250] [tryStop] SourceThread 2: stopped[m
[32m[00:35:30.196707] [I] [SingleNodeWorker] [WorkerThread-9] [] [SequenceShredder.cpp:55] [~SequenceShredder] Successfully validated SequenceShredder[m
[32m[00:35:30.197279] [I] [SingleNodeWorker] [WorkerThread-8] [Task:1879079039-18] [VoidSink.cpp:42] [stop] Void Sink completed.[m
[36m[00:35:30.197411] [D] [SingleNodeWorker] [WorkerThread-8] [] [SourceThread.cpp:228] [tryStop] SourceThread 2: thread is not running[m
[36m[00:35:32.784483] [D] [Not A Worker] [unnamed] [queryId:872629366] [BufferManager.cpp:110] [initialize] NES memory allocation requires 1 out of 540577120256 (so 1.8498748143954595e-10%) available bytes[m
[36m[00:35:32.784559] [D] [Not A Worker] [unnamed] [queryId:872629366] [BufferManager.cpp:160] [initialize] BufferManager configuration bufferSize=1 numOfBuffers=1[m
[36m[00:35:32.784946] [D] [Not A Worker] [unnamed] [queryId:872629366] [PipeliningPhase.cpp:404] [apply] Constructed pipeline plan with 1 root pipelines.
PipelinedQueryPlan for Query: 872629366
Number of root pipelines: 1
------------------
Root Pipeline 0:
  Pipeline(ID(19), Provider(COMPILER))
  Operator chain:
    PhysicalOperator(NES::SourcePhysicalOperator)
  Successor Pipeline:
    Pipeline(ID(20), Provider(None))
      Operator chain:
        PhysicalOperator(NES::ScanPhysicalOperator)
          PhysicalOperator(NES::MapPhysicalOperator)
            PhysicalOperator(NES::EmitPhysicalOperator)
      Successor Pipeline:
        Pipeline(ID(21), Provider(None))
          Operator chain:
            PhysicalOperator(NES::SinkPhysicalOperator)

[m
[36m[00:35:32.788914] [D] [Not A Worker] [unnamed] [] [SinkProvider.cpp:30] [lower] The sinkDescriptor is: SinkDescriptor: (name: variant("PERSON_ID_SINK"), type: Void, Config: )[m
[36m[00:35:32.789465] [D] [SingleNodeWorker] [WorkerThread-10] [Task:872629366-21] [VoidSink.cpp:37] [start] Setting up void sink: VoidSink[m
[36m[00:35:32.847109] [D] [SingleNodeWorker] [WorkerThread-10] [] [SourceThread.cpp:186] [start] Starting source with originId: 2[m
[36m[00:35:32.848713] [D] [SingleNodeWorker] [WorkerThread-10] [Task:872629366-20] [BufferManager.cpp:65] [~BufferManager] Calling BufferManager::destroy()[m
[36m[00:35:32.848739] [D] [SingleNodeWorker] [WorkerThread-10] [Task:872629366-20] [BufferManager.cpp:93] [~BufferManager] Shutting down Buffer Manager completed[m
[36m[00:35:34.335426] [D] [SingleNodeWorker] [WorkerThread-6] [Task:872629366] [SourceThread.cpp:232] [tryStop] SourceThread 2: attempting to stop source[m
[36m[00:35:34.335475] [D] [SingleNodeWorker] [WorkerThread-6] [Task:872629366] [SourceThread.cpp:250] [tryStop] SourceThread 2: stopped[m
[32m[00:35:34.362362] [I] [SingleNodeWorker] [WorkerThread-7] [Task:872629366-21] [VoidSink.cpp:42] [stop] Void Sink completed.[m
[36m[00:35:34.362498] [D] [SingleNodeWorker] [WorkerThread-7] [] [SourceThread.cpp:228] [tryStop] SourceThread 2: thread is not running[m
[32m[00:35:34.362508] [I] [SingleNodeWorker] [WorkerThread-4] [] [SequenceShredder.cpp:55] [~SequenceShredder] Successfully validated SequenceShredder[m
[36m[00:35:37.655151] [D] [Not A Worker] [unnamed] [queryId:1812474744] [BufferManager.cpp:110] [initialize] NES memory allocation requires 1 out of 540577120256 (so 1.8498748143954595e-10%) available bytes[m
[36m[00:35:37.655210] [D] [Not A Worker] [unnamed] [queryId:1812474744] [BufferManager.cpp:160] [initialize] BufferManager configuration bufferSize=1 numOfBuffers=1[m
[36m[00:35:37.655553] [D] [Not A Worker] [unnamed] [queryId:1812474744] [PipeliningPhase.cpp:404] [apply] Constructed pipeline plan with 1 root pipelines.
PipelinedQueryPlan for Query: 1812474744
Number of root pipelines: 1
------------------
Root Pipeline 0:
  Pipeline(ID(22), Provider(COMPILER))
  Operator chain:
    PhysicalOperator(NES::SourcePhysicalOperator)
  Successor Pipeline:
    Pipeline(ID(23), Provider(None))
      Operator chain:
        PhysicalOperator(NES::ScanPhysicalOperator)
          PhysicalOperator(NES::MapPhysicalOperator)
            PhysicalOperator(NES::EmitPhysicalOperator)
      Successor Pipeline:
        Pipeline(ID(24), Provider(None))
          Operator chain:
            PhysicalOperator(NES::SinkPhysicalOperator)

[m
[36m[00:35:37.658738] [D] [Not A Worker] [unnamed] [] [SinkProvider.cpp:30] [lower] The sinkDescriptor is: SinkDescriptor: (name: variant("BID_AUCTION_ID_SINK"), type: Void, Config: )[m
[36m[00:35:37.659925] [D] [SingleNodeWorker] [WorkerThread-15] [Task:1812474744-24] [VoidSink.cpp:37] [start] Setting up void sink: VoidSink[m
[36m[00:35:37.707128] [D] [SingleNodeWorker] [WorkerThread-15] [] [SourceThread.cpp:186] [start] Starting source with originId: 2[m
[36m[00:35:37.709478] [D] [SingleNodeWorker] [WorkerThread-15] [Task:1812474744-23] [BufferManager.cpp:65] [~BufferManager] Calling BufferManager::destroy()[m
[36m[00:35:37.709504] [D] [SingleNodeWorker] [WorkerThread-15] [Task:1812474744-23] [BufferManager.cpp:93] [~BufferManager] Shutting down Buffer Manager completed[m
[36m[00:35:42.302322] [D] [SingleNodeWorker] [WorkerThread-1] [Task:1812474744-23] [InputFormatter.hpp:349] [indexTrailingSpanningTupleProxy] last offset: 262143, first offset: 27[m
[36m[00:35:43.269447] [D] [SingleNodeWorker] [WorkerThread-7] [Task:1812474744-23] [InputFormatter.hpp:349] [indexTrailingSpanningTupleProxy] last offset: 262143, first offset: 32[m
[36m[00:35:45.510355] [D] [SingleNodeWorker] [WorkerThread-11] [Task:1812474744-23] [InputFormatter.hpp:349] [indexTrailingSpanningTupleProxy] last offset: 262143, first offset: 69[m
[36m[00:35:48.131079] [D] [SingleNodeWorker] [WorkerThread-11] [Task:1812474744-23] [InputFormatter.hpp:349] [indexTrailingSpanningTupleProxy] last offset: 262143, first offset: 11[m
[36m[00:35:50.340745] [D] [SingleNodeWorker] [WorkerThread-11] [Task:1812474744-23] [InputFormatter.hpp:349] [indexTrailingSpanningTupleProxy] last offset: 262143, first offset: 6[m
[36m[00:35:58.201374] [D] [SingleNodeWorker] [WorkerThread-1] [Task:1812474744-23] [InputFormatter.hpp:349] [indexTrailingSpanningTupleProxy] last offset: 262143, first offset: 75[m
[36m[00:35:59.113358] [D] [SingleNodeWorker] [WorkerThread-1] [Task:1812474744-23] [InputFormatter.hpp:349] [indexTrailingSpanningTupleProxy] last offset: 262143, first offset: 61[m
[36m[00:36:00.817293] [D] [SingleNodeWorker] [WorkerThread-8] [Task:1812474744-23] [InputFormatter.hpp:349] [indexTrailingSpanningTupleProxy] last offset: 262143, first offset: 78[m
[36m[00:36:02.812454] [D] [SingleNodeWorker] [WorkerThread-10] [Task:1812474744-23] [InputFormatter.hpp:349] [indexTrailingSpanningTupleProxy] last offset: 262143, first offset: 12[m
[36m[00:36:03.231937] [D] [SingleNodeWorker] [WorkerThread-11] [Task:1812474744-23] [InputFormatter.hpp:349] [indexTrailingSpanningTupleProxy] last offset: 262143, first offset: 33[m
[36m[00:36:03.252764] [D] [SingleNodeWorker] [WorkerThread-8] [Task:1812474744-23] [InputFormatter.hpp:349] [indexTrailingSpanningTupleProxy] last offset: 262143, first offset: 67[m
[36m[00:36:05.277891] [D] [SingleNodeWorker] [WorkerThread-11] [Task:1812474744-23] [InputFormatter.hpp:349] [indexTrailingSpanningTupleProxy] last offset: 262143, first offset: 21[m
[36m[00:36:07.971713] [D] [SingleNodeWorker] [WorkerThread-12] [Task:1812474744-23] [InputFormatter.hpp:349] [indexTrailingSpanningTupleProxy] last offset: 262143, first offset: 73[m
[36m[00:36:11.293815] [D] [SingleNodeWorker] [WorkerThread-8] [Task:1812474744] [SourceThread.cpp:232] [tryStop] SourceThread 2: attempting to stop source[m
[36m[00:36:11.293864] [D] [SingleNodeWorker] [WorkerThread-8] [Task:1812474744] [SourceThread.cpp:250] [tryStop] SourceThread 2: stopped[m
[32m[00:36:11.320043] [I] [SingleNodeWorker] [WorkerThread-13] [] [SequenceShredder.cpp:55] [~SequenceShredder] Successfully validated SequenceShredder[m
[32m[00:36:11.321138] [I] [SingleNodeWorker] [WorkerThread-14] [Task:1812474744-24] [VoidSink.cpp:42] [stop] Void Sink completed.[m
[36m[00:36:11.321308] [D] [SingleNodeWorker] [WorkerThread-14] [] [SourceThread.cpp:228] [tryStop] SourceThread 2: thread is not running[m
