[32m[00:37:31.681689] [I] [Not A Worker] [unnamed] [] [SingleNodeWorker.cpp:63] [SingleNodeWorker] Starting SingleNodeWorker SingleNodeWorker with configuration:
worker.query_engine.number_of_worker_threads: 64
worker.query_engine.admission_queue_size: 1000 (default)
worker.default_query_execution.execution_mode: COMPILER (default)
worker.default_query_execution.page_size: 1024 (default)
worker.default_query_execution.number_of_partitions: 100 (default)
worker.default_query_execution.number_of_records_per_key: 10 (default)
worker.default_query_execution.max_number_of_buckets: 10000 (default)
worker.default_query_execution.operator_buffer_size: 262144
worker.default_query_optimization.join_strategy: OPTIMIZER_CHOOSES (default)
worker.number_of_buffers_in_global_buffer_manager: 32768 (default)
worker.default_max_inflight_buffers: 64 (default)
worker.dump_compilation_result: NONE (default)
worker.dump_graph: 0 (default)
grpc: [::]:8080 (default)
enable_event_trace: 0 (default)
[m
[36m[00:37:31.683511] [D] [Not A Worker] [unnamed] [] [BufferManager.cpp:110] [initialize] NES memory allocation requires 8589934592 out of 540577120256 (so 1.5890303659045137%) available bytes[m
[36m[00:37:31.774843] [D] [Not A Worker] [unnamed] [] [BufferManager.cpp:160] [initialize] BufferManager configuration bufferSize=262144 numOfBuffers=32768[m
[32m[00:37:31.792506] [I] [Not A Worker] [unnamed] [] [SingleNodeWorkerStarter.cpp:93] [main] Server listening on [::]:8080[m
[36m[00:37:34.284993] [D] [Not A Worker] [unnamed] [queryId:1669885998] [BufferManager.cpp:110] [initialize] NES memory allocation requires 1 out of 540577120256 (so 1.8498748143954595e-10%) available bytes[m
[36m[00:37:34.285048] [D] [Not A Worker] [unnamed] [queryId:1669885998] [BufferManager.cpp:160] [initialize] BufferManager configuration bufferSize=1 numOfBuffers=1[m
[36m[00:37:34.285245] [D] [Not A Worker] [unnamed] [queryId:1669885998] [PipeliningPhase.cpp:404] [apply] Constructed pipeline plan with 1 root pipelines.
PipelinedQueryPlan for Query: 1669885998
Number of root pipelines: 1
------------------
Root Pipeline 0:
  Pipeline(ID(1), Provider(COMPILER))
  Operator chain:
    PhysicalOperator(NES::SourcePhysicalOperator)
  Successor Pipeline:
    Pipeline(ID(2), Provider(None))
      Operator chain:
        PhysicalOperator(NES::ScanPhysicalOperator)
          PhysicalOperator(NES::SelectionPhysicalOperator)
            PhysicalOperator(NES::MapPhysicalOperator)
              PhysicalOperator(NES::EmitPhysicalOperator)
      Successor Pipeline:
        Pipeline(ID(3), Provider(None))
          Operator chain:
            PhysicalOperator(NES::SinkPhysicalOperator)

[m
[36m[00:37:34.289275] [D] [Not A Worker] [unnamed] [] [SinkProvider.cpp:30] [lower] The sinkDescriptor is: SinkDescriptor: (name: variant("NAME_SINK"), type: Void, Config: )[m
[36m[00:37:34.289948] [D] [SingleNodeWorker] [WorkerThread-63] [Task:1669885998-3] [VoidSink.cpp:37] [start] Setting up void sink: VoidSink[m
[36m[00:37:34.366840] [D] [SingleNodeWorker] [WorkerThread-0] [] [SourceThread.cpp:186] [start] Starting source with originId: 2[m
[36m[00:37:34.368851] [D] [SingleNodeWorker] [WorkerThread-30] [Task:1669885998-2] [BufferManager.cpp:65] [~BufferManager] Calling BufferManager::destroy()[m
[36m[00:37:34.368936] [D] [SingleNodeWorker] [WorkerThread-30] [Task:1669885998-2] [BufferManager.cpp:93] [~BufferManager] Shutting down Buffer Manager completed[m
[36m[00:37:35.476082] [D] [SingleNodeWorker] [WorkerThread-20] [Task:1669885998] [SourceThread.cpp:232] [tryStop] SourceThread 2: attempting to stop source[m
[36m[00:37:35.476148] [D] [SingleNodeWorker] [WorkerThread-20] [Task:1669885998] [SourceThread.cpp:250] [tryStop] SourceThread 2: stopped[m
[32m[00:37:35.501949] [I] [SingleNodeWorker] [WorkerThread-55] [Task:1669885998-3] [VoidSink.cpp:42] [stop] Void Sink completed.[m
[36m[00:37:35.502082] [D] [SingleNodeWorker] [WorkerThread-55] [] [SourceThread.cpp:228] [tryStop] SourceThread 2: thread is not running[m
[32m[00:37:35.502259] [I] [SingleNodeWorker] [WorkerThread-11] [] [SequenceShredder.cpp:55] [~SequenceShredder] Successfully validated SequenceShredder[m
[36m[00:37:39.271106] [D] [Not A Worker] [unnamed] [queryId:1564787985] [BufferManager.cpp:110] [initialize] NES memory allocation requires 1 out of 540577120256 (so 1.8498748143954595e-10%) available bytes[m
[36m[00:37:39.271162] [D] [Not A Worker] [unnamed] [queryId:1564787985] [BufferManager.cpp:160] [initialize] BufferManager configuration bufferSize=1 numOfBuffers=1[m
[36m[00:37:39.271379] [D] [Not A Worker] [unnamed] [queryId:1564787985] [PipeliningPhase.cpp:404] [apply] Constructed pipeline plan with 1 root pipelines.
PipelinedQueryPlan for Query: 1564787985
Number of root pipelines: 1
------------------
Root Pipeline 0:
  Pipeline(ID(4), Provider(COMPILER))
  Operator chain:
    PhysicalOperator(NES::SourcePhysicalOperator)
  Successor Pipeline:
    Pipeline(ID(5), Provider(None))
      Operator chain:
        PhysicalOperator(NES::ScanPhysicalOperator)
          PhysicalOperator(NES::SelectionPhysicalOperator)
            PhysicalOperator(NES::EmitPhysicalOperator)
      Successor Pipeline:
        Pipeline(ID(6), Provider(None))
          Operator chain:
            PhysicalOperator(NES::SinkPhysicalOperator)

[m
[36m[00:37:39.274127] [D] [Not A Worker] [unnamed] [] [SinkProvider.cpp:30] [lower] The sinkDescriptor is: SinkDescriptor: (name: variant("PERSON_SINK"), type: Void, Config: )[m
[36m[00:37:39.274672] [D] [SingleNodeWorker] [WorkerThread-22] [Task:1564787985-6] [VoidSink.cpp:37] [start] Setting up void sink: VoidSink[m
[36m[00:37:39.361442] [D] [SingleNodeWorker] [WorkerThread-27] [] [SourceThread.cpp:186] [start] Starting source with originId: 2[m
[36m[00:37:39.363714] [D] [SingleNodeWorker] [WorkerThread-8] [Task:1564787985-5] [BufferManager.cpp:65] [~BufferManager] Calling BufferManager::destroy()[m
[36m[00:37:39.363807] [D] [SingleNodeWorker] [WorkerThread-8] [Task:1564787985-5] [BufferManager.cpp:93] [~BufferManager] Shutting down Buffer Manager completed[m
[36m[00:37:40.491219] [D] [SingleNodeWorker] [WorkerThread-62] [Task:1564787985] [SourceThread.cpp:232] [tryStop] SourceThread 2: attempting to stop source[m
[36m[00:37:40.491272] [D] [SingleNodeWorker] [WorkerThread-62] [Task:1564787985] [SourceThread.cpp:250] [tryStop] SourceThread 2: stopped[m
[32m[00:37:40.516889] [I] [SingleNodeWorker] [WorkerThread-40] [Task:1564787985-6] [VoidSink.cpp:42] [stop] Void Sink completed.[m
[36m[00:37:40.516973] [D] [SingleNodeWorker] [WorkerThread-40] [] [SourceThread.cpp:228] [tryStop] SourceThread 2: thread is not running[m
[32m[00:37:40.517040] [I] [SingleNodeWorker] [WorkerThread-24] [] [SequenceShredder.cpp:55] [~SequenceShredder] Successfully validated SequenceShredder[m
[36m[00:37:44.265375] [D] [Not A Worker] [unnamed] [queryId:591493396] [BufferManager.cpp:110] [initialize] NES memory allocation requires 1 out of 540577120256 (so 1.8498748143954595e-10%) available bytes[m
[36m[00:37:44.265429] [D] [Not A Worker] [unnamed] [queryId:591493396] [BufferManager.cpp:160] [initialize] BufferManager configuration bufferSize=1 numOfBuffers=1[m
[36m[00:37:44.265616] [D] [Not A Worker] [unnamed] [queryId:591493396] [PipeliningPhase.cpp:404] [apply] Constructed pipeline plan with 1 root pipelines.
PipelinedQueryPlan for Query: 591493396
Number of root pipelines: 1
------------------
Root Pipeline 0:
  Pipeline(ID(7), Provider(COMPILER))
  Operator chain:
    PhysicalOperator(NES::SourcePhysicalOperator)
  Successor Pipeline:
    Pipeline(ID(8), Provider(None))
      Operator chain:
        PhysicalOperator(NES::ScanPhysicalOperator)
          PhysicalOperator(NES::SelectionPhysicalOperator)
            PhysicalOperator(NES::MapPhysicalOperator)
              PhysicalOperator(NES::EmitPhysicalOperator)
      Successor Pipeline:
        Pipeline(ID(9), Provider(None))
          Operator chain:
            PhysicalOperator(NES::SinkPhysicalOperator)

[m
[36m[00:37:44.269048] [D] [Not A Worker] [unnamed] [] [SinkProvider.cpp:30] [lower] The sinkDescriptor is: SinkDescriptor: (name: variant("PERSON_ID_SINK"), type: Void, Config: )[m
[36m[00:37:44.269561] [D] [SingleNodeWorker] [WorkerThread-14] [Task:591493396-9] [VoidSink.cpp:37] [start] Setting up void sink: VoidSink[m
[36m[00:37:44.335109] [D] [SingleNodeWorker] [WorkerThread-23] [] [SourceThread.cpp:186] [start] Starting source with originId: 2[m
[36m[00:37:44.337081] [D] [SingleNodeWorker] [WorkerThread-15] [Task:591493396-8] [BufferManager.cpp:65] [~BufferManager] Calling BufferManager::destroy()[m
[36m[00:37:44.337163] [D] [SingleNodeWorker] [WorkerThread-15] [Task:591493396-8] [BufferManager.cpp:93] [~BufferManager] Shutting down Buffer Manager completed[m
[36m[00:37:45.419441] [D] [SingleNodeWorker] [WorkerThread-51] [Task:591493396] [SourceThread.cpp:232] [tryStop] SourceThread 2: attempting to stop source[m
[36m[00:37:45.419502] [D] [SingleNodeWorker] [WorkerThread-51] [Task:591493396] [SourceThread.cpp:250] [tryStop] SourceThread 2: stopped[m
[32m[00:37:45.445165] [I] [SingleNodeWorker] [WorkerThread-44] [Task:591493396-9] [VoidSink.cpp:42] [stop] Void Sink completed.[m
[36m[00:37:45.445306] [D] [SingleNodeWorker] [WorkerThread-44] [] [SourceThread.cpp:228] [tryStop] SourceThread 2: thread is not running[m
[32m[00:37:45.445391] [I] [SingleNodeWorker] [WorkerThread-19] [] [SequenceShredder.cpp:55] [~SequenceShredder] Successfully validated SequenceShredder[m
[36m[00:37:49.277890] [D] [Not A Worker] [unnamed] [queryId:855706970] [BufferManager.cpp:110] [initialize] NES memory allocation requires 1 out of 540577120256 (so 1.8498748143954595e-10%) available bytes[m
[36m[00:37:49.277976] [D] [Not A Worker] [unnamed] [queryId:855706970] [BufferManager.cpp:160] [initialize] BufferManager configuration bufferSize=1 numOfBuffers=1[m
[36m[00:37:49.278174] [D] [Not A Worker] [unnamed] [queryId:855706970] [PipeliningPhase.cpp:404] [apply] Constructed pipeline plan with 1 root pipelines.
PipelinedQueryPlan for Query: 855706970
Number of root pipelines: 1
------------------
Root Pipeline 0:
  Pipeline(ID(10), Provider(COMPILER))
  Operator chain:
    PhysicalOperator(NES::SourcePhysicalOperator)
  Successor Pipeline:
    Pipeline(ID(11), Provider(None))
      Operator chain:
        PhysicalOperator(NES::ScanPhysicalOperator)
          PhysicalOperator(NES::SelectionPhysicalOperator)
            PhysicalOperator(NES::MapPhysicalOperator)
              PhysicalOperator(NES::EmitPhysicalOperator)
      Successor Pipeline:
        Pipeline(ID(12), Provider(None))
          Operator chain:
            PhysicalOperator(NES::SinkPhysicalOperator)

[m
[36m[00:37:49.281596] [D] [Not A Worker] [unnamed] [] [SinkProvider.cpp:30] [lower] The sinkDescriptor is: SinkDescriptor: (name: variant("BID_AUCTION_ID_SINK"), type: Void, Config: )[m
[36m[00:37:49.282085] [D] [SingleNodeWorker] [WorkerThread-0] [Task:855706970-12] [VoidSink.cpp:37] [start] Setting up void sink: VoidSink[m
[36m[00:37:49.338666] [D] [SingleNodeWorker] [WorkerThread-8] [] [SourceThread.cpp:186] [start] Starting source with originId: 2[m
[36m[00:37:49.340359] [D] [SingleNodeWorker] [WorkerThread-8] [Task:855706970-11] [BufferManager.cpp:65] [~BufferManager] Calling BufferManager::destroy()[m
[36m[00:37:49.340387] [D] [SingleNodeWorker] [WorkerThread-8] [Task:855706970-11] [BufferManager.cpp:93] [~BufferManager] Shutting down Buffer Manager completed[m
[36m[00:37:49.377863] [D] [SingleNodeWorker] [WorkerThread-45] [Task:855706970-11] [InputFormatter.hpp:349] [indexTrailingSpanningTupleProxy] last offset: 262143, first offset: 12[m
[36m[00:37:51.211600] [D] [SingleNodeWorker] [WorkerThread-0] [Task:855706970-11] [InputFormatter.hpp:349] [indexTrailingSpanningTupleProxy] last offset: 262143, first offset: 2[m
[36m[00:37:52.069447] [D] [SingleNodeWorker] [WorkerThread-52] [Task:855706970-11] [InputFormatter.hpp:349] [indexTrailingSpanningTupleProxy] last offset: 262143, first offset: 23[m
[36m[00:37:57.201849] [D] [SingleNodeWorker] [WorkerThread-14] [Task:855706970-11] [InputFormatter.hpp:349] [indexTrailingSpanningTupleProxy] last offset: 262143, first offset: 83[m
[36m[00:37:57.519103] [D] [SingleNodeWorker] [WorkerThread-22] [Task:855706970-11] [InputFormatter.hpp:349] [indexTrailingSpanningTupleProxy] last offset: 262143, first offset: 72[m
[36m[00:37:58.996211] [D] [SingleNodeWorker] [WorkerThread-2] [Task:855706970-11] [InputFormatter.hpp:349] [indexTrailingSpanningTupleProxy] last offset: 262143, first offset: 78[m
[36m[00:37:59.861544] [D] [SingleNodeWorker] [WorkerThread-0] [Task:855706970-11] [InputFormatter.hpp:349] [indexTrailingSpanningTupleProxy] last offset: 262143, first offset: 69[m
[36m[00:38:03.575392] [D] [SingleNodeWorker] [WorkerThread-52] [Task:855706970-11] [InputFormatter.hpp:349] [indexTrailingSpanningTupleProxy] last offset: 262143, first offset: 71[m
[36m[00:38:06.263888] [D] [SingleNodeWorker] [WorkerThread-0] [Task:855706970-11] [InputFormatter.hpp:349] [indexTrailingSpanningTupleProxy] last offset: 262143, first offset: 33[m
[36m[00:38:06.326917] [D] [SingleNodeWorker] [WorkerThread-30] [Task:855706970-11] [InputFormatter.hpp:349] [indexTrailingSpanningTupleProxy] last offset: 262143, first offset: 56[m
[36m[00:38:06.824263] [D] [SingleNodeWorker] [WorkerThread-16] [Task:855706970-11] [InputFormatter.hpp:349] [indexTrailingSpanningTupleProxy] last offset: 262143, first offset: 83[m
[36m[00:38:07.664352] [D] [SingleNodeWorker] [WorkerThread-54] [Task:855706970-11] [InputFormatter.hpp:349] [indexTrailingSpanningTupleProxy] last offset: 262143, first offset: 60[m
[36m[00:38:16.167722] [D] [SingleNodeWorker] [WorkerThread-5] [Task:855706970-11] [InputFormatter.hpp:349] [indexTrailingSpanningTupleProxy] last offset: 262143, first offset: 73[m
[36m[00:38:18.768153] [D] [SingleNodeWorker] [WorkerThread-54] [Task:855706970-11] [InputFormatter.hpp:349] [indexTrailingSpanningTupleProxy] last offset: 262143, first offset: 3[m
[36m[00:38:19.616192] [D] [SingleNodeWorker] [WorkerThread-29] [Task:855706970] [SourceThread.cpp:232] [tryStop] SourceThread 2: attempting to stop source[m
[36m[00:38:19.616257] [D] [SingleNodeWorker] [WorkerThread-29] [Task:855706970] [SourceThread.cpp:250] [tryStop] SourceThread 2: stopped[m
[32m[00:38:19.641760] [I] [SingleNodeWorker] [WorkerThread-47] [Task:855706970-12] [VoidSink.cpp:42] [stop] Void Sink completed.[m
[36m[00:38:19.641940] [D] [SingleNodeWorker] [WorkerThread-47] [] [SourceThread.cpp:228] [tryStop] SourceThread 2: thread is not running[m
[32m[00:38:19.642083] [I] [SingleNodeWorker] [WorkerThread-63] [] [SequenceShredder.cpp:55] [~SequenceShredder] Successfully validated SequenceShredder[m
[36m[00:38:22.156915] [D] [Not A Worker] [unnamed] [queryId:1995670434] [BufferManager.cpp:110] [initialize] NES memory allocation requires 1 out of 540577120256 (so 1.8498748143954595e-10%) available bytes[m
[36m[00:38:22.156979] [D] [Not A Worker] [unnamed] [queryId:1995670434] [BufferManager.cpp:160] [initialize] BufferManager configuration bufferSize=1 numOfBuffers=1[m
[36m[00:38:22.157485] [D] [Not A Worker] [unnamed] [queryId:1995670434] [PipeliningPhase.cpp:404] [apply] Constructed pipeline plan with 1 root pipelines.
PipelinedQueryPlan for Query: 1995670434
Number of root pipelines: 1
------------------
Root Pipeline 0:
  Pipeline(ID(13), Provider(COMPILER))
  Operator chain:
    PhysicalOperator(NES::SourcePhysicalOperator)
  Successor Pipeline:
    Pipeline(ID(14), Provider(None))
      Operator chain:
        PhysicalOperator(NES::ScanPhysicalOperator)
          PhysicalOperator(NES::MapPhysicalOperator)
            PhysicalOperator(NES::EmitPhysicalOperator)
      Successor Pipeline:
        Pipeline(ID(15), Provider(None))
          Operator chain:
            PhysicalOperator(NES::SinkPhysicalOperator)

[m
[36m[00:38:22.161401] [D] [Not A Worker] [unnamed] [] [SinkProvider.cpp:30] [lower] The sinkDescriptor is: SinkDescriptor: (name: variant("NAME_SINK"), type: Void, Config: )[m
[36m[00:38:22.161918] [D] [SingleNodeWorker] [WorkerThread-15] [Task:1995670434-15] [VoidSink.cpp:37] [start] Setting up void sink: VoidSink[m
[36m[00:38:22.220494] [D] [SingleNodeWorker] [WorkerThread-47] [] [SourceThread.cpp:186] [start] Starting source with originId: 2[m
[36m[00:38:22.227639] [D] [SingleNodeWorker] [WorkerThread-47] [Task:1995670434-14] [BufferManager.cpp:65] [~BufferManager] Calling BufferManager::destroy()[m
[36m[00:38:22.227672] [D] [SingleNodeWorker] [WorkerThread-47] [Task:1995670434-14] [BufferManager.cpp:93] [~BufferManager] Shutting down Buffer Manager completed[m
[36m[00:38:23.685617] [D] [SingleNodeWorker] [WorkerThread-56] [Task:1995670434] [SourceThread.cpp:232] [tryStop] SourceThread 2: attempting to stop source[m
[36m[00:38:23.685671] [D] [SingleNodeWorker] [WorkerThread-56] [Task:1995670434] [SourceThread.cpp:250] [tryStop] SourceThread 2: stopped[m
[32m[00:38:23.711375] [I] [SingleNodeWorker] [WorkerThread-19] [Task:1995670434-15] [VoidSink.cpp:42] [stop] Void Sink completed.[m
[32m[00:38:23.711469] [I] [SingleNodeWorker] [WorkerThread-29] [] [SequenceShredder.cpp:55] [~SequenceShredder] Successfully validated SequenceShredder[m
[36m[00:38:23.711513] [D] [SingleNodeWorker] [WorkerThread-19] [] [SourceThread.cpp:228] [tryStop] SourceThread 2: thread is not running[m
[33m[1m[00:38:26.904888] [W] [Not A Worker] [unnamed] [queryId:2039373730] [SinkDescriptor.cpp:63] [getFormatType] Sinks of the type Void do not have an INPUT_FORMAT parameter.[m
[36m[00:38:26.905017] [D] [Not A Worker] [unnamed] [queryId:2039373730] [BufferManager.cpp:110] [initialize] NES memory allocation requires 1 out of 540577120256 (so 1.8498748143954595e-10%) available bytes[m
[36m[00:38:26.905041] [D] [Not A Worker] [unnamed] [queryId:2039373730] [BufferManager.cpp:160] [initialize] BufferManager configuration bufferSize=1 numOfBuffers=1[m
[36m[00:38:26.905205] [D] [Not A Worker] [unnamed] [queryId:2039373730] [PipeliningPhase.cpp:404] [apply] Constructed pipeline plan with 1 root pipelines.
PipelinedQueryPlan for Query: 2039373730
Number of root pipelines: 1
------------------
Root Pipeline 0:
  Pipeline(ID(16), Provider(COMPILER))
  Operator chain:
    PhysicalOperator(NES::SourcePhysicalOperator)
  Successor Pipeline:
    Pipeline(ID(17), Provider(None))
      Operator chain:
        PhysicalOperator(NES::ScanPhysicalOperator)
          PhysicalOperator(NES::EmitPhysicalOperator)
      Successor Pipeline:
        Pipeline(ID(18), Provider(None))
          Operator chain:
            PhysicalOperator(NES::SinkPhysicalOperator)

[m
[36m[00:38:26.908095] [D] [Not A Worker] [unnamed] [] [SinkProvider.cpp:30] [lower] The sinkDescriptor is: SinkDescriptor: (name: variant("PERSON_SINK"), type: Void, Config: )[m
[36m[00:38:26.908645] [D] [SingleNodeWorker] [WorkerThread-12] [Task:2039373730-18] [VoidSink.cpp:37] [start] Setting up void sink: VoidSink[m
[36m[00:38:26.981449] [D] [SingleNodeWorker] [WorkerThread-61] [] [SourceThread.cpp:186] [start] Starting source with originId: 2[m
[36m[00:38:26.983274] [D] [SingleNodeWorker] [WorkerThread-4] [Task:2039373730-17] [BufferManager.cpp:65] [~BufferManager] Calling BufferManager::destroy()[m
[36m[00:38:26.983356] [D] [SingleNodeWorker] [WorkerThread-4] [Task:2039373730-17] [BufferManager.cpp:93] [~BufferManager] Shutting down Buffer Manager completed[m
[36m[00:38:28.517995] [D] [SingleNodeWorker] [WorkerThread-42] [Task:2039373730] [SourceThread.cpp:232] [tryStop] SourceThread 2: attempting to stop source[m
[36m[00:38:28.518051] [D] [SingleNodeWorker] [WorkerThread-42] [Task:2039373730] [SourceThread.cpp:250] [tryStop] SourceThread 2: stopped[m
[32m[00:38:28.543640] [I] [SingleNodeWorker] [WorkerThread-8] [Task:2039373730-18] [VoidSink.cpp:42] [stop] Void Sink completed.[m
[36m[00:38:28.543773] [D] [SingleNodeWorker] [WorkerThread-8] [] [SourceThread.cpp:228] [tryStop] SourceThread 2: thread is not running[m
[32m[00:38:28.543907] [I] [SingleNodeWorker] [WorkerThread-63] [] [SequenceShredder.cpp:55] [~SequenceShredder] Successfully validated SequenceShredder[m
[36m[00:38:31.876116] [D] [Not A Worker] [unnamed] [queryId:376407485] [BufferManager.cpp:110] [initialize] NES memory allocation requires 1 out of 540577120256 (so 1.8498748143954595e-10%) available bytes[m
[36m[00:38:31.876177] [D] [Not A Worker] [unnamed] [queryId:376407485] [BufferManager.cpp:160] [initialize] BufferManager configuration bufferSize=1 numOfBuffers=1[m
[36m[00:38:31.876552] [D] [Not A Worker] [unnamed] [queryId:376407485] [PipeliningPhase.cpp:404] [apply] Constructed pipeline plan with 1 root pipelines.
PipelinedQueryPlan for Query: 376407485
Number of root pipelines: 1
------------------
Root Pipeline 0:
  Pipeline(ID(19), Provider(COMPILER))
  Operator chain:
    PhysicalOperator(NES::SourcePhysicalOperator)
  Successor Pipeline:
    Pipeline(ID(20), Provider(None))
      Operator chain:
        PhysicalOperator(NES::ScanPhysicalOperator)
          PhysicalOperator(NES::MapPhysicalOperator)
            PhysicalOperator(NES::EmitPhysicalOperator)
      Successor Pipeline:
        Pipeline(ID(21), Provider(None))
          Operator chain:
            PhysicalOperator(NES::SinkPhysicalOperator)

[m
[36m[00:38:31.880635] [D] [Not A Worker] [unnamed] [] [SinkProvider.cpp:30] [lower] The sinkDescriptor is: SinkDescriptor: (name: variant("PERSON_ID_SINK"), type: Void, Config: )[m
[36m[00:38:31.881454] [D] [SingleNodeWorker] [WorkerThread-32] [Task:376407485-21] [VoidSink.cpp:37] [start] Setting up void sink: VoidSink[m
[36m[00:38:31.946584] [D] [SingleNodeWorker] [WorkerThread-32] [] [SourceThread.cpp:186] [start] Starting source with originId: 2[m
[36m[00:38:31.948645] [D] [SingleNodeWorker] [WorkerThread-47] [Task:376407485-20] [BufferManager.cpp:65] [~BufferManager] Calling BufferManager::destroy()[m
[36m[00:38:31.948740] [D] [SingleNodeWorker] [WorkerThread-47] [Task:376407485-20] [BufferManager.cpp:93] [~BufferManager] Shutting down Buffer Manager completed[m
[36m[00:38:32.644150] [D] [SingleNodeWorker] [WorkerThread-20] [Task:376407485-20] [InputFormatter.hpp:349] [indexTrailingSpanningTupleProxy] last offset: 262143, first offset: 154[m
[36m[00:38:32.948350] [D] [SingleNodeWorker] [WorkerThread-0] [Task:376407485] [SourceThread.cpp:232] [tryStop] SourceThread 2: attempting to stop source[m
[36m[00:38:32.948402] [D] [SingleNodeWorker] [WorkerThread-0] [Task:376407485] [SourceThread.cpp:250] [tryStop] SourceThread 2: stopped[m
[32m[00:38:32.974119] [I] [SingleNodeWorker] [WorkerThread-51] [Task:376407485-21] [VoidSink.cpp:42] [stop] Void Sink completed.[m
[36m[00:38:32.974254] [D] [SingleNodeWorker] [WorkerThread-51] [] [SourceThread.cpp:228] [tryStop] SourceThread 2: thread is not running[m
[32m[00:38:32.974429] [I] [SingleNodeWorker] [WorkerThread-47] [] [SequenceShredder.cpp:55] [~SequenceShredder] Successfully validated SequenceShredder[m
[36m[00:38:36.778332] [D] [Not A Worker] [unnamed] [queryId:1428046969] [BufferManager.cpp:110] [initialize] NES memory allocation requires 1 out of 540577120256 (so 1.8498748143954595e-10%) available bytes[m
[36m[00:38:36.778393] [D] [Not A Worker] [unnamed] [queryId:1428046969] [BufferManager.cpp:160] [initialize] BufferManager configuration bufferSize=1 numOfBuffers=1[m
[36m[00:38:36.778754] [D] [Not A Worker] [unnamed] [queryId:1428046969] [PipeliningPhase.cpp:404] [apply] Constructed pipeline plan with 1 root pipelines.
PipelinedQueryPlan for Query: 1428046969
Number of root pipelines: 1
------------------
Root Pipeline 0:
  Pipeline(ID(22), Provider(COMPILER))
  Operator chain:
    PhysicalOperator(NES::SourcePhysicalOperator)
  Successor Pipeline:
    Pipeline(ID(23), Provider(None))
      Operator chain:
        PhysicalOperator(NES::ScanPhysicalOperator)
          PhysicalOperator(NES::MapPhysicalOperator)
            PhysicalOperator(NES::EmitPhysicalOperator)
      Successor Pipeline:
        Pipeline(ID(24), Provider(None))
          Operator chain:
            PhysicalOperator(NES::SinkPhysicalOperator)

[m
[36m[00:38:36.781191] [D] [Not A Worker] [unnamed] [] [SinkProvider.cpp:30] [lower] The sinkDescriptor is: SinkDescriptor: (name: variant("BID_AUCTION_ID_SINK"), type: Void, Config: )[m
[36m[00:38:36.781627] [D] [SingleNodeWorker] [WorkerThread-13] [Task:1428046969-24] [VoidSink.cpp:37] [start] Setting up void sink: VoidSink[m
[36m[00:38:36.830223] [D] [SingleNodeWorker] [WorkerThread-22] [] [SourceThread.cpp:186] [start] Starting source with originId: 2[m
[36m[00:38:36.833315] [D] [SingleNodeWorker] [WorkerThread-61] [Task:1428046969-23] [BufferManager.cpp:65] [~BufferManager] Calling BufferManager::destroy()[m
[36m[00:38:36.833419] [D] [SingleNodeWorker] [WorkerThread-61] [Task:1428046969-23] [BufferManager.cpp:93] [~BufferManager] Shutting down Buffer Manager completed[m
[36m[00:38:36.935928] [D] [SingleNodeWorker] [WorkerThread-29] [Task:1428046969-23] [InputFormatter.hpp:349] [indexTrailingSpanningTupleProxy] last offset: 262143, first offset: 26[m
[36m[00:38:37.563834] [D] [SingleNodeWorker] [WorkerThread-2] [Task:1428046969-23] [InputFormatter.hpp:349] [indexTrailingSpanningTupleProxy] last offset: 262143, first offset: 74[m
[36m[00:38:40.716731] [D] [SingleNodeWorker] [WorkerThread-48] [Task:1428046969-23] [InputFormatter.hpp:349] [indexTrailingSpanningTupleProxy] last offset: 262143, first offset: 44[m
[36m[00:38:41.049661] [D] [SingleNodeWorker] [WorkerThread-20] [Task:1428046969-23] [InputFormatter.hpp:349] [indexTrailingSpanningTupleProxy] last offset: 262143, first offset: 59[m
[36m[00:38:43.241499] [D] [SingleNodeWorker] [WorkerThread-0] [Task:1428046969-23] [InputFormatter.hpp:349] [indexTrailingSpanningTupleProxy] last offset: 262143, first offset: 31[m
[36m[00:38:45.492784] [D] [SingleNodeWorker] [WorkerThread-0] [Task:1428046969-23] [InputFormatter.hpp:349] [indexTrailingSpanningTupleProxy] last offset: 262143, first offset: 63[m
[36m[00:38:47.303770] [D] [SingleNodeWorker] [WorkerThread-0] [Task:1428046969-23] [InputFormatter.hpp:349] [indexTrailingSpanningTupleProxy] last offset: 262143, first offset: 76[m
[36m[00:38:47.724006] [D] [SingleNodeWorker] [WorkerThread-2] [Task:1428046969-23] [InputFormatter.hpp:349] [indexTrailingSpanningTupleProxy] last offset: 262143, first offset: 4[m
[36m[00:38:48.322404] [D] [SingleNodeWorker] [WorkerThread-13] [Task:1428046969-23] [InputFormatter.hpp:349] [indexTrailingSpanningTupleProxy] last offset: 262143, first offset: 61[m
[36m[00:38:50.180889] [D] [SingleNodeWorker] [WorkerThread-0] [Task:1428046969-23] [InputFormatter.hpp:349] [indexTrailingSpanningTupleProxy] last offset: 262143, first offset: 73[m
[36m[00:38:52.187532] [D] [SingleNodeWorker] [WorkerThread-28] [Task:1428046969] [SourceThread.cpp:232] [tryStop] SourceThread 2: attempting to stop source[m
[36m[00:38:52.187820] [D] [SingleNodeWorker] [WorkerThread-28] [Task:1428046969] [SourceThread.cpp:250] [tryStop] SourceThread 2: stopped[m
[32m[00:38:52.213472] [I] [SingleNodeWorker] [WorkerThread-24] [Task:1428046969-24] [VoidSink.cpp:42] [stop] Void Sink completed.[m
[36m[00:38:52.213626] [D] [SingleNodeWorker] [WorkerThread-24] [] [SourceThread.cpp:228] [tryStop] SourceThread 2: thread is not running[m
[32m[00:38:52.213751] [I] [SingleNodeWorker] [WorkerThread-27] [] [SequenceShredder.cpp:55] [~SequenceShredder] Successfully validated SequenceShredder[m
