[36m[01:13:10.576260] [D] [Not A Worker] [unnamed] [] [BufferManager.cpp:110] [initialize] NES memory allocation requires 8589934592 out of 540577120256 (so 1.5890303659045137%) available bytes[m
[36m[01:13:10.666731] [D] [Not A Worker] [unnamed] [] [BufferManager.cpp:160] [initialize] BufferManager configuration bufferSize=262144 numOfBuffers=32768[m
[32m[01:13:10.683391] [I] [Not A Worker] [unnamed] [] [SingleNodeWorkerStarter.cpp:85] [main] Server listening on worker-max:8080[m
[36m[01:13:13.088915] [D] [Not A Worker] [unnamed] [] [BufferManager.cpp:110] [initialize] NES memory allocation requires 1 out of 540577120256 (so 1.8498748143954595e-10%) available bytes[m
[36m[01:13:13.089026] [D] [Not A Worker] [unnamed] [] [BufferManager.cpp:160] [initialize] BufferManager configuration bufferSize=1 numOfBuffers=1[m
[36m[01:13:13.090578] [D] [Not A Worker] [unnamed] [] [PipeliningPhase.cpp:365] [apply] Constructed pipeline plan with 1 root pipelines.
PipelinedQueryPlan for Query: 1
Number of root pipelines: 1
------------------
Root Pipeline 0:
  Pipeline(ID(1), Provider(COMPILER))
  Operator chain:
    PhysicalOperator(NES::SourcePhysicalOperator)
  Successor Pipeline:
    Pipeline(ID(2), Provider(None))
      Operator chain:
        PhysicalOperator(NES::ScanPhysicalOperator)
          PhysicalOperator(NES::MapPhysicalOperator)
            PhysicalOperator(NES::EmitPhysicalOperator)
      Successor Pipeline:
        Pipeline(ID(3), Provider(None))
          Operator chain:
            PhysicalOperator(NES::SinkPhysicalOperator)

[m
[32m[01:13:13.091221] [I] [Not A Worker] [unnamed] [] [NodeEngine.cpp:55] [registerQuery] Register 1[m
[36m[01:13:13.094817] [D] [Not A Worker] [unnamed] [] [SinkProvider.cpp:30] [lower] The sinkDescriptor is: SinkDescriptor: (name: variant("EXTRA_SINK"), type: Void, Config: )[m
[36m[01:13:13.095841] [D] [SingleNodeWorker] [WorkerThread-27] [Task:1-3] [VoidSink.cpp:37] [start] Setting up void sink: VoidSink[m
[36m[01:13:13.209862] [D] [SingleNodeWorker] [WorkerThread-27] [] [SourceThread.cpp:184] [start] Starting source with originId: 2[m
[36m[01:13:13.214621] [D] [SingleNodeWorker] [WorkerThread-34] [Task:1-2] [BufferManager.cpp:65] [~BufferManager] Calling BufferManager::destroy()[m
[36m[01:13:13.214703] [D] [SingleNodeWorker] [WorkerThread-34] [Task:1-2] [BufferManager.cpp:93] [~BufferManager] Shutting down Buffer Manager completed[m
[36m[01:13:13.994915] [D] [SingleNodeWorker] [WorkerThread-9] [Task:1] [SourceThread.cpp:230] [tryStop] SourceThread 2: attempting to stop source[m
[36m[01:13:13.994974] [D] [SingleNodeWorker] [WorkerThread-9] [Task:1] [SourceThread.cpp:248] [tryStop] SourceThread 2: stopped[m
[32m[01:13:14.020690] [I] [SingleNodeWorker] [WorkerThread-43] [Task:1-3] [VoidSink.cpp:42] [stop] Void Sink completed.[m
[36m[01:13:14.020819] [D] [SingleNodeWorker] [WorkerThread-43] [] [SourceThread.cpp:226] [tryStop] SourceThread 2: thread is not running[m
[32m[01:13:14.020957] [I] [SingleNodeWorker] [WorkerThread-34] [] [SequenceShredder.cpp:55] [~SequenceShredder] Successfully validated SequenceShredder[m
[36m[01:13:15.838106] [D] [Not A Worker] [unnamed] [] [BufferManager.cpp:110] [initialize] NES memory allocation requires 1 out of 540577120256 (so 1.8498748143954595e-10%) available bytes[m
[36m[01:13:15.838214] [D] [Not A Worker] [unnamed] [] [BufferManager.cpp:160] [initialize] BufferManager configuration bufferSize=1 numOfBuffers=1[m
[36m[01:13:15.839727] [D] [Not A Worker] [unnamed] [] [PipeliningPhase.cpp:365] [apply] Constructed pipeline plan with 1 root pipelines.
PipelinedQueryPlan for Query: 2
Number of root pipelines: 1
------------------
Root Pipeline 0:
  Pipeline(ID(4), Provider(COMPILER))
  Operator chain:
    PhysicalOperator(NES::SourcePhysicalOperator)
  Successor Pipeline:
    Pipeline(ID(5), Provider(None))
      Operator chain:
        PhysicalOperator(NES::ScanPhysicalOperator)
          PhysicalOperator(NES::MapPhysicalOperator)
            PhysicalOperator(NES::EmitPhysicalOperator)
      Successor Pipeline:
        Pipeline(ID(6), Provider(None))
          Operator chain:
            PhysicalOperator(NES::SinkPhysicalOperator)

[m
[32m[01:13:15.840026] [I] [Not A Worker] [unnamed] [] [NodeEngine.cpp:55] [registerQuery] Register 2[m
[36m[01:13:15.844230] [D] [Not A Worker] [unnamed] [] [SinkProvider.cpp:30] [lower] The sinkDescriptor is: SinkDescriptor: (name: variant("EXTRA_SINK"), type: Void, Config: )[m
[36m[01:13:15.844676] [D] [SingleNodeWorker] [WorkerThread-31] [Task:2-6] [VoidSink.cpp:37] [start] Setting up void sink: VoidSink[m
[36m[01:13:15.970536] [D] [SingleNodeWorker] [WorkerThread-6] [] [SourceThread.cpp:184] [start] Starting source with originId: 2[m
[36m[01:13:15.972903] [D] [SingleNodeWorker] [WorkerThread-6] [Task:2-5] [BufferManager.cpp:65] [~BufferManager] Calling BufferManager::destroy()[m
[36m[01:13:15.972929] [D] [SingleNodeWorker] [WorkerThread-6] [Task:2-5] [BufferManager.cpp:93] [~BufferManager] Shutting down Buffer Manager completed[m
[36m[01:13:16.712362] [D] [SingleNodeWorker] [WorkerThread-13] [Task:2] [SourceThread.cpp:230] [tryStop] SourceThread 2: attempting to stop source[m
[36m[01:13:16.712428] [D] [SingleNodeWorker] [WorkerThread-13] [Task:2] [SourceThread.cpp:248] [tryStop] SourceThread 2: stopped[m
[32m[01:13:16.738186] [I] [SingleNodeWorker] [WorkerThread-24] [Task:2-6] [VoidSink.cpp:42] [stop] Void Sink completed.[m
[36m[01:13:16.738321] [D] [SingleNodeWorker] [WorkerThread-24] [] [SourceThread.cpp:226] [tryStop] SourceThread 2: thread is not running[m
[32m[01:13:16.738381] [I] [SingleNodeWorker] [WorkerThread-33] [] [SequenceShredder.cpp:55] [~SequenceShredder] Successfully validated SequenceShredder[m
[36m[01:13:18.506508] [D] [Not A Worker] [unnamed] [] [BufferManager.cpp:110] [initialize] NES memory allocation requires 1 out of 540577120256 (so 1.8498748143954595e-10%) available bytes[m
[36m[01:13:18.506614] [D] [Not A Worker] [unnamed] [] [BufferManager.cpp:160] [initialize] BufferManager configuration bufferSize=1 numOfBuffers=1[m
[36m[01:13:18.507891] [D] [Not A Worker] [unnamed] [] [PipeliningPhase.cpp:365] [apply] Constructed pipeline plan with 1 root pipelines.
PipelinedQueryPlan for Query: 3
Number of root pipelines: 1
------------------
Root Pipeline 0:
  Pipeline(ID(7), Provider(COMPILER))
  Operator chain:
    PhysicalOperator(NES::SourcePhysicalOperator)
  Successor Pipeline:
    Pipeline(ID(8), Provider(None))
      Operator chain:
        PhysicalOperator(NES::ScanPhysicalOperator)
          PhysicalOperator(NES::MapPhysicalOperator)
            PhysicalOperator(NES::EmitPhysicalOperator)
      Successor Pipeline:
        Pipeline(ID(9), Provider(None))
          Operator chain:
            PhysicalOperator(NES::SinkPhysicalOperator)

[m
[32m[01:13:18.508165] [I] [Not A Worker] [unnamed] [] [NodeEngine.cpp:55] [registerQuery] Register 3[m
[36m[01:13:18.511312] [D] [Not A Worker] [unnamed] [] [SinkProvider.cpp:30] [lower] The sinkDescriptor is: SinkDescriptor: (name: variant("EXTRA_SINK"), type: Void, Config: )[m
[36m[01:13:18.512400] [D] [SingleNodeWorker] [WorkerThread-27] [Task:3-9] [VoidSink.cpp:37] [start] Setting up void sink: VoidSink[m
[36m[01:13:18.622861] [D] [SingleNodeWorker] [WorkerThread-25] [] [SourceThread.cpp:184] [start] Starting source with originId: 2[m
[36m[01:13:18.625268] [D] [SingleNodeWorker] [WorkerThread-25] [Task:3-8] [BufferManager.cpp:65] [~BufferManager] Calling BufferManager::destroy()[m
[36m[01:13:18.625291] [D] [SingleNodeWorker] [WorkerThread-25] [Task:3-8] [BufferManager.cpp:93] [~BufferManager] Shutting down Buffer Manager completed[m
[36m[01:13:19.262366] [D] [SingleNodeWorker] [WorkerThread-13] [Task:3] [SourceThread.cpp:230] [tryStop] SourceThread 2: attempting to stop source[m
[36m[01:13:19.262461] [D] [SingleNodeWorker] [WorkerThread-13] [Task:3] [SourceThread.cpp:248] [tryStop] SourceThread 2: stopped[m
[32m[01:13:19.288319] [I] [SingleNodeWorker] [WorkerThread-10] [Task:3-9] [VoidSink.cpp:42] [stop] Void Sink completed.[m
[36m[01:13:19.288462] [D] [SingleNodeWorker] [WorkerThread-10] [] [SourceThread.cpp:226] [tryStop] SourceThread 2: thread is not running[m
[32m[01:13:19.288747] [I] [SingleNodeWorker] [WorkerThread-44] [] [SequenceShredder.cpp:55] [~SequenceShredder] Successfully validated SequenceShredder[m
[36m[01:13:21.093698] [D] [Not A Worker] [unnamed] [] [BufferManager.cpp:110] [initialize] NES memory allocation requires 1 out of 540577120256 (so 1.8498748143954595e-10%) available bytes[m
[36m[01:13:21.093808] [D] [Not A Worker] [unnamed] [] [BufferManager.cpp:160] [initialize] BufferManager configuration bufferSize=1 numOfBuffers=1[m
[36m[01:13:21.095270] [D] [Not A Worker] [unnamed] [] [PipeliningPhase.cpp:365] [apply] Constructed pipeline plan with 1 root pipelines.
PipelinedQueryPlan for Query: 4
Number of root pipelines: 1
------------------
Root Pipeline 0:
  Pipeline(ID(10), Provider(COMPILER))
  Operator chain:
    PhysicalOperator(NES::SourcePhysicalOperator)
  Successor Pipeline:
    Pipeline(ID(11), Provider(None))
      Operator chain:
        PhysicalOperator(NES::ScanPhysicalOperator)
          PhysicalOperator(NES::MapPhysicalOperator)
            PhysicalOperator(NES::EmitPhysicalOperator)
      Successor Pipeline:
        Pipeline(ID(12), Provider(None))
          Operator chain:
            PhysicalOperator(NES::SinkPhysicalOperator)

[m
[32m[01:13:21.095580] [I] [Not A Worker] [unnamed] [] [NodeEngine.cpp:55] [registerQuery] Register 4[m
[36m[01:13:21.099011] [D] [Not A Worker] [unnamed] [] [SinkProvider.cpp:30] [lower] The sinkDescriptor is: SinkDescriptor: (name: variant("EXTRA_SINK"), type: Void, Config: )[m
[36m[01:13:21.099520] [D] [SingleNodeWorker] [WorkerThread-18] [Task:4-12] [VoidSink.cpp:37] [start] Setting up void sink: VoidSink[m
[36m[01:13:21.210532] [D] [SingleNodeWorker] [WorkerThread-39] [] [SourceThread.cpp:184] [start] Starting source with originId: 2[m
[36m[01:13:21.215409] [D] [SingleNodeWorker] [WorkerThread-8] [Task:4-11] [BufferManager.cpp:65] [~BufferManager] Calling BufferManager::destroy()[m
[36m[01:13:21.215486] [D] [SingleNodeWorker] [WorkerThread-8] [Task:4-11] [BufferManager.cpp:93] [~BufferManager] Shutting down Buffer Manager completed[m
[36m[01:13:21.767685] [D] [SingleNodeWorker] [WorkerThread-38] [Task:4] [SourceThread.cpp:230] [tryStop] SourceThread 2: attempting to stop source[m
[36m[01:13:21.767743] [D] [SingleNodeWorker] [WorkerThread-38] [Task:4] [SourceThread.cpp:248] [tryStop] SourceThread 2: stopped[m
[32m[01:13:21.793427] [I] [SingleNodeWorker] [WorkerThread-3] [Task:4-12] [VoidSink.cpp:42] [stop] Void Sink completed.[m
[36m[01:13:21.793556] [D] [SingleNodeWorker] [WorkerThread-3] [] [SourceThread.cpp:226] [tryStop] SourceThread 2: thread is not running[m
[32m[01:13:21.793587] [I] [SingleNodeWorker] [WorkerThread-2] [] [SequenceShredder.cpp:55] [~SequenceShredder] Successfully validated SequenceShredder[m
[36m[01:13:23.604207] [D] [Not A Worker] [unnamed] [] [BufferManager.cpp:110] [initialize] NES memory allocation requires 1 out of 540577120256 (so 1.8498748143954595e-10%) available bytes[m
[36m[01:13:23.604343] [D] [Not A Worker] [unnamed] [] [BufferManager.cpp:160] [initialize] BufferManager configuration bufferSize=1 numOfBuffers=1[m
[36m[01:13:23.605870] [D] [Not A Worker] [unnamed] [] [PipeliningPhase.cpp:365] [apply] Constructed pipeline plan with 1 root pipelines.
PipelinedQueryPlan for Query: 5
Number of root pipelines: 1
------------------
Root Pipeline 0:
  Pipeline(ID(13), Provider(COMPILER))
  Operator chain:
    PhysicalOperator(NES::SourcePhysicalOperator)
  Successor Pipeline:
    Pipeline(ID(14), Provider(None))
      Operator chain:
        PhysicalOperator(NES::ScanPhysicalOperator)
          PhysicalOperator(NES::MapPhysicalOperator)
            PhysicalOperator(NES::EmitPhysicalOperator)
      Successor Pipeline:
        Pipeline(ID(15), Provider(None))
          Operator chain:
            PhysicalOperator(NES::SinkPhysicalOperator)

[m
[32m[01:13:23.606205] [I] [Not A Worker] [unnamed] [] [NodeEngine.cpp:55] [registerQuery] Register 5[m
[36m[01:13:23.609572] [D] [Not A Worker] [unnamed] [] [SinkProvider.cpp:30] [lower] The sinkDescriptor is: SinkDescriptor: (name: variant("EXTRA_SINK"), type: Void, Config: )[m
[36m[01:13:23.610251] [D] [SingleNodeWorker] [WorkerThread-3] [Task:5-15] [VoidSink.cpp:37] [start] Setting up void sink: VoidSink[m
[36m[01:13:23.717212] [D] [SingleNodeWorker] [WorkerThread-18] [] [SourceThread.cpp:184] [start] Starting source with originId: 2[m
[36m[01:13:23.722070] [D] [SingleNodeWorker] [WorkerThread-9] [Task:5-14] [BufferManager.cpp:65] [~BufferManager] Calling BufferManager::destroy()[m
[36m[01:13:23.722158] [D] [SingleNodeWorker] [WorkerThread-9] [Task:5-14] [BufferManager.cpp:93] [~BufferManager] Shutting down Buffer Manager completed[m
[36m[01:13:24.477859] [D] [SingleNodeWorker] [WorkerThread-27] [Task:5] [SourceThread.cpp:230] [tryStop] SourceThread 2: attempting to stop source[m
[36m[01:13:24.477931] [D] [SingleNodeWorker] [WorkerThread-27] [Task:5] [SourceThread.cpp:248] [tryStop] SourceThread 2: stopped[m
[32m[01:13:24.503932] [I] [SingleNodeWorker] [WorkerThread-36] [Task:5-15] [VoidSink.cpp:42] [stop] Void Sink completed.[m
[32m[01:13:24.503953] [I] [SingleNodeWorker] [WorkerThread-23] [] [SequenceShredder.cpp:55] [~SequenceShredder] Successfully validated SequenceShredder[m
[36m[01:13:24.504072] [D] [SingleNodeWorker] [WorkerThread-36] [] [SourceThread.cpp:226] [tryStop] SourceThread 2: thread is not running[m
[36m[01:13:26.338313] [D] [Not A Worker] [unnamed] [] [BufferManager.cpp:110] [initialize] NES memory allocation requires 1 out of 540577120256 (so 1.8498748143954595e-10%) available bytes[m
[36m[01:13:26.338378] [D] [Not A Worker] [unnamed] [] [BufferManager.cpp:160] [initialize] BufferManager configuration bufferSize=1 numOfBuffers=1[m
[36m[01:13:26.338877] [D] [Not A Worker] [unnamed] [] [PipeliningPhase.cpp:365] [apply] Constructed pipeline plan with 1 root pipelines.
PipelinedQueryPlan for Query: 6
Number of root pipelines: 1
------------------
Root Pipeline 0:
  Pipeline(ID(16), Provider(COMPILER))
  Operator chain:
    PhysicalOperator(NES::SourcePhysicalOperator)
  Successor Pipeline:
    Pipeline(ID(17), Provider(None))
      Operator chain:
        PhysicalOperator(NES::ScanPhysicalOperator)
          PhysicalOperator(NES::MapPhysicalOperator)
            PhysicalOperator(NES::EmitPhysicalOperator)
      Successor Pipeline:
        Pipeline(ID(18), Provider(None))
          Operator chain:
            PhysicalOperator(NES::SinkPhysicalOperator)

[m
[32m[01:13:26.339012] [I] [Not A Worker] [unnamed] [] [NodeEngine.cpp:55] [registerQuery] Register 6[m
[36m[01:13:26.341463] [D] [Not A Worker] [unnamed] [] [SinkProvider.cpp:30] [lower] The sinkDescriptor is: SinkDescriptor: (name: variant("EXTRA_SINK"), type: Void, Config: )[m
[36m[01:13:26.341948] [D] [SingleNodeWorker] [WorkerThread-22] [Task:6-18] [VoidSink.cpp:37] [start] Setting up void sink: VoidSink[m
[36m[01:13:26.447757] [D] [SingleNodeWorker] [WorkerThread-36] [] [SourceThread.cpp:184] [start] Starting source with originId: 2[m
[36m[01:13:26.452941] [D] [SingleNodeWorker] [WorkerThread-19] [Task:6-17] [BufferManager.cpp:65] [~BufferManager] Calling BufferManager::destroy()[m
[36m[01:13:26.453025] [D] [SingleNodeWorker] [WorkerThread-19] [Task:6-17] [BufferManager.cpp:93] [~BufferManager] Shutting down Buffer Manager completed[m
[36m[01:13:26.983959] [D] [SingleNodeWorker] [WorkerThread-8] [Task:6] [SourceThread.cpp:230] [tryStop] SourceThread 2: attempting to stop source[m
[36m[01:13:26.984018] [D] [SingleNodeWorker] [WorkerThread-8] [Task:6] [SourceThread.cpp:248] [tryStop] SourceThread 2: stopped[m
[32m[01:13:27.010170] [I] [SingleNodeWorker] [WorkerThread-26] [Task:6-18] [VoidSink.cpp:42] [stop] Void Sink completed.[m
[36m[01:13:27.010314] [D] [SingleNodeWorker] [WorkerThread-26] [] [SourceThread.cpp:226] [tryStop] SourceThread 2: thread is not running[m
[32m[01:13:27.010410] [I] [SingleNodeWorker] [WorkerThread-47] [] [SequenceShredder.cpp:55] [~SequenceShredder] Successfully validated SequenceShredder[m
[36m[01:13:28.836428] [D] [Not A Worker] [unnamed] [] [BufferManager.cpp:110] [initialize] NES memory allocation requires 1 out of 540577120256 (so 1.8498748143954595e-10%) available bytes[m
[36m[01:13:28.836550] [D] [Not A Worker] [unnamed] [] [BufferManager.cpp:160] [initialize] BufferManager configuration bufferSize=1 numOfBuffers=1[m
[36m[01:13:28.837977] [D] [Not A Worker] [unnamed] [] [PipeliningPhase.cpp:365] [apply] Constructed pipeline plan with 1 root pipelines.
PipelinedQueryPlan for Query: 7
Number of root pipelines: 1
------------------
Root Pipeline 0:
  Pipeline(ID(19), Provider(COMPILER))
  Operator chain:
    PhysicalOperator(NES::SourcePhysicalOperator)
  Successor Pipeline:
    Pipeline(ID(20), Provider(None))
      Operator chain:
        PhysicalOperator(NES::ScanPhysicalOperator)
          PhysicalOperator(NES::MapPhysicalOperator)
            PhysicalOperator(NES::EmitPhysicalOperator)
      Successor Pipeline:
        Pipeline(ID(21), Provider(None))
          Operator chain:
            PhysicalOperator(NES::SinkPhysicalOperator)

[m
[32m[01:13:28.838311] [I] [Not A Worker] [unnamed] [] [NodeEngine.cpp:55] [registerQuery] Register 7[m
[36m[01:13:28.841534] [D] [Not A Worker] [unnamed] [] [SinkProvider.cpp:30] [lower] The sinkDescriptor is: SinkDescriptor: (name: variant("EXTRA_SINK"), type: Void, Config: )[m
[36m[01:13:28.842149] [D] [SingleNodeWorker] [WorkerThread-25] [Task:7-21] [VoidSink.cpp:37] [start] Setting up void sink: VoidSink[m
[36m[01:13:28.953778] [D] [SingleNodeWorker] [WorkerThread-25] [] [SourceThread.cpp:184] [start] Starting source with originId: 2[m
[36m[01:13:28.956170] [D] [SingleNodeWorker] [WorkerThread-42] [Task:7-20] [BufferManager.cpp:65] [~BufferManager] Calling BufferManager::destroy()[m
[36m[01:13:28.956205] [D] [SingleNodeWorker] [WorkerThread-42] [Task:7-20] [BufferManager.cpp:93] [~BufferManager] Shutting down Buffer Manager completed[m
[36m[01:13:29.428336] [D] [SingleNodeWorker] [WorkerThread-43] [Task:7] [SourceThread.cpp:230] [tryStop] SourceThread 2: attempting to stop source[m
[36m[01:13:29.428395] [D] [SingleNodeWorker] [WorkerThread-43] [Task:7] [SourceThread.cpp:248] [tryStop] SourceThread 2: stopped[m
[32m[01:13:29.454143] [I] [SingleNodeWorker] [WorkerThread-5] [Task:7-21] [VoidSink.cpp:42] [stop] Void Sink completed.[m
[36m[01:13:29.454280] [D] [SingleNodeWorker] [WorkerThread-5] [] [SourceThread.cpp:226] [tryStop] SourceThread 2: thread is not running[m
[32m[01:13:29.454456] [I] [SingleNodeWorker] [WorkerThread-7] [] [SequenceShredder.cpp:55] [~SequenceShredder] Successfully validated SequenceShredder[m
[36m[01:13:31.345905] [D] [Not A Worker] [unnamed] [] [BufferManager.cpp:110] [initialize] NES memory allocation requires 1 out of 540577120256 (so 1.8498748143954595e-10%) available bytes[m
[36m[01:13:31.346029] [D] [Not A Worker] [unnamed] [] [BufferManager.cpp:160] [initialize] BufferManager configuration bufferSize=1 numOfBuffers=1[m
[36m[01:13:31.347558] [D] [Not A Worker] [unnamed] [] [PipeliningPhase.cpp:365] [apply] Constructed pipeline plan with 1 root pipelines.
PipelinedQueryPlan for Query: 8
Number of root pipelines: 1
------------------
Root Pipeline 0:
  Pipeline(ID(22), Provider(COMPILER))
  Operator chain:
    PhysicalOperator(NES::SourcePhysicalOperator)
  Successor Pipeline:
    Pipeline(ID(23), Provider(None))
      Operator chain:
        PhysicalOperator(NES::ScanPhysicalOperator)
          PhysicalOperator(NES::MapPhysicalOperator)
            PhysicalOperator(NES::EmitPhysicalOperator)
      Successor Pipeline:
        Pipeline(ID(24), Provider(None))
          Operator chain:
            PhysicalOperator(NES::SinkPhysicalOperator)

[m
[32m[01:13:31.347894] [I] [Not A Worker] [unnamed] [] [NodeEngine.cpp:55] [registerQuery] Register 8[m
[36m[01:13:31.351247] [D] [Not A Worker] [unnamed] [] [SinkProvider.cpp:30] [lower] The sinkDescriptor is: SinkDescriptor: (name: variant("EXTRA_SINK"), type: Void, Config: )[m
[36m[01:13:31.351854] [D] [SingleNodeWorker] [WorkerThread-31] [Task:8-24] [VoidSink.cpp:37] [start] Setting up void sink: VoidSink[m
[36m[01:13:31.461468] [D] [SingleNodeWorker] [WorkerThread-31] [] [SourceThread.cpp:184] [start] Starting source with originId: 2[m
[36m[01:13:31.466218] [D] [SingleNodeWorker] [WorkerThread-1] [Task:8-23] [BufferManager.cpp:65] [~BufferManager] Calling BufferManager::destroy()[m
[36m[01:13:31.466292] [D] [SingleNodeWorker] [WorkerThread-1] [Task:8-23] [BufferManager.cpp:93] [~BufferManager] Shutting down Buffer Manager completed[m
[36m[01:13:32.376302] [D] [SingleNodeWorker] [WorkerThread-1] [Task:8] [SourceThread.cpp:230] [tryStop] SourceThread 2: attempting to stop source[m
[36m[01:13:32.376360] [D] [SingleNodeWorker] [WorkerThread-1] [Task:8] [SourceThread.cpp:248] [tryStop] SourceThread 2: stopped[m
[32m[01:13:32.402630] [I] [SingleNodeWorker] [WorkerThread-6] [] [SequenceShredder.cpp:55] [~SequenceShredder] Successfully validated SequenceShredder[m
[32m[01:13:32.402774] [I] [SingleNodeWorker] [WorkerThread-2] [Task:8-24] [VoidSink.cpp:42] [stop] Void Sink completed.[m
[36m[01:13:32.402932] [D] [SingleNodeWorker] [WorkerThread-2] [] [SourceThread.cpp:226] [tryStop] SourceThread 2: thread is not running[m
[36m[01:13:34.205265] [D] [Not A Worker] [unnamed] [] [BufferManager.cpp:110] [initialize] NES memory allocation requires 1 out of 540577120256 (so 1.8498748143954595e-10%) available bytes[m
[36m[01:13:34.205376] [D] [Not A Worker] [unnamed] [] [BufferManager.cpp:160] [initialize] BufferManager configuration bufferSize=1 numOfBuffers=1[m
[36m[01:13:34.206820] [D] [Not A Worker] [unnamed] [] [PipeliningPhase.cpp:365] [apply] Constructed pipeline plan with 1 root pipelines.
PipelinedQueryPlan for Query: 9
Number of root pipelines: 1
------------------
Root Pipeline 0:
  Pipeline(ID(25), Provider(COMPILER))
  Operator chain:
    PhysicalOperator(NES::SourcePhysicalOperator)
  Successor Pipeline:
    Pipeline(ID(26), Provider(None))
      Operator chain:
        PhysicalOperator(NES::ScanPhysicalOperator)
          PhysicalOperator(NES::MapPhysicalOperator)
            PhysicalOperator(NES::EmitPhysicalOperator)
      Successor Pipeline:
        Pipeline(ID(27), Provider(None))
          Operator chain:
            PhysicalOperator(NES::SinkPhysicalOperator)

[m
[32m[01:13:34.207151] [I] [Not A Worker] [unnamed] [] [NodeEngine.cpp:55] [registerQuery] Register 9[m
[36m[01:13:34.210692] [D] [Not A Worker] [unnamed] [] [SinkProvider.cpp:30] [lower] The sinkDescriptor is: SinkDescriptor: (name: variant("EXTRA_SINK"), type: Void, Config: )[m
[36m[01:13:34.211407] [D] [SingleNodeWorker] [WorkerThread-27] [Task:9-27] [VoidSink.cpp:37] [start] Setting up void sink: VoidSink[m
[36m[01:13:34.324114] [D] [SingleNodeWorker] [WorkerThread-29] [] [SourceThread.cpp:184] [start] Starting source with originId: 2[m
[36m[01:13:34.328947] [D] [SingleNodeWorker] [WorkerThread-42] [Task:9-26] [BufferManager.cpp:65] [~BufferManager] Calling BufferManager::destroy()[m
[36m[01:13:34.329034] [D] [SingleNodeWorker] [WorkerThread-42] [Task:9-26] [BufferManager.cpp:93] [~BufferManager] Shutting down Buffer Manager completed[m
[36m[01:13:34.843339] [D] [SingleNodeWorker] [WorkerThread-34] [Task:9] [SourceThread.cpp:230] [tryStop] SourceThread 2: attempting to stop source[m
[36m[01:13:34.843395] [D] [SingleNodeWorker] [WorkerThread-34] [Task:9] [SourceThread.cpp:248] [tryStop] SourceThread 2: stopped[m
[32m[01:13:34.869162] [I] [SingleNodeWorker] [WorkerThread-12] [Task:9-27] [VoidSink.cpp:42] [stop] Void Sink completed.[m
[36m[01:13:34.869296] [D] [SingleNodeWorker] [WorkerThread-12] [] [SourceThread.cpp:226] [tryStop] SourceThread 2: thread is not running[m
[32m[01:13:34.869422] [I] [SingleNodeWorker] [WorkerThread-11] [] [SequenceShredder.cpp:55] [~SequenceShredder] Successfully validated SequenceShredder[m
[36m[01:13:36.666513] [D] [Not A Worker] [unnamed] [] [BufferManager.cpp:110] [initialize] NES memory allocation requires 1 out of 540577120256 (so 1.8498748143954595e-10%) available bytes[m
[36m[01:13:36.666623] [D] [Not A Worker] [unnamed] [] [BufferManager.cpp:160] [initialize] BufferManager configuration bufferSize=1 numOfBuffers=1[m
[36m[01:13:36.668072] [D] [Not A Worker] [unnamed] [] [PipeliningPhase.cpp:365] [apply] Constructed pipeline plan with 1 root pipelines.
PipelinedQueryPlan for Query: 10
Number of root pipelines: 1
------------------
Root Pipeline 0:
  Pipeline(ID(28), Provider(COMPILER))
  Operator chain:
    PhysicalOperator(NES::SourcePhysicalOperator)
  Successor Pipeline:
    Pipeline(ID(29), Provider(None))
      Operator chain:
        PhysicalOperator(NES::ScanPhysicalOperator)
          PhysicalOperator(NES::MapPhysicalOperator)
            PhysicalOperator(NES::EmitPhysicalOperator)
      Successor Pipeline:
        Pipeline(ID(30), Provider(None))
          Operator chain:
            PhysicalOperator(NES::SinkPhysicalOperator)

[m
[32m[01:13:36.668378] [I] [Not A Worker] [unnamed] [] [NodeEngine.cpp:55] [registerQuery] Register 10[m
[36m[01:13:36.671690] [D] [Not A Worker] [unnamed] [] [SinkProvider.cpp:30] [lower] The sinkDescriptor is: SinkDescriptor: (name: variant("EXTRA_SINK"), type: Void, Config: )[m
[36m[01:13:36.672249] [D] [SingleNodeWorker] [WorkerThread-23] [Task:10-30] [VoidSink.cpp:37] [start] Setting up void sink: VoidSink[m
[36m[01:13:36.788735] [D] [SingleNodeWorker] [WorkerThread-30] [] [SourceThread.cpp:184] [start] Starting source with originId: 2[m
[36m[01:13:36.793514] [D] [SingleNodeWorker] [WorkerThread-16] [Task:10-29] [BufferManager.cpp:65] [~BufferManager] Calling BufferManager::destroy()[m
[36m[01:13:36.793594] [D] [SingleNodeWorker] [WorkerThread-16] [Task:10-29] [BufferManager.cpp:93] [~BufferManager] Shutting down Buffer Manager completed[m
[36m[01:13:37.298270] [D] [SingleNodeWorker] [WorkerThread-0] [Task:10] [SourceThread.cpp:230] [tryStop] SourceThread 2: attempting to stop source[m
[36m[01:13:37.298348] [D] [SingleNodeWorker] [WorkerThread-0] [Task:10] [SourceThread.cpp:248] [tryStop] SourceThread 2: stopped[m
[32m[01:13:37.324462] [I] [SingleNodeWorker] [WorkerThread-4] [] [SequenceShredder.cpp:55] [~SequenceShredder] Successfully validated SequenceShredder[m
[32m[01:13:37.324660] [I] [SingleNodeWorker] [WorkerThread-38] [Task:10-30] [VoidSink.cpp:42] [stop] Void Sink completed.[m
[36m[01:13:37.324788] [D] [SingleNodeWorker] [WorkerThread-38] [] [SourceThread.cpp:226] [tryStop] SourceThread 2: thread is not running[m
[36m[01:13:39.252574] [D] [Not A Worker] [unnamed] [] [BufferManager.cpp:110] [initialize] NES memory allocation requires 1 out of 540577120256 (so 1.8498748143954595e-10%) available bytes[m
[36m[01:13:39.252682] [D] [Not A Worker] [unnamed] [] [BufferManager.cpp:160] [initialize] BufferManager configuration bufferSize=1 numOfBuffers=1[m
[36m[01:13:39.253193] [D] [Not A Worker] [unnamed] [] [PipeliningPhase.cpp:365] [apply] Constructed pipeline plan with 1 root pipelines.
PipelinedQueryPlan for Query: 11
Number of root pipelines: 1
------------------
Root Pipeline 0:
  Pipeline(ID(31), Provider(COMPILER))
  Operator chain:
    PhysicalOperator(NES::SourcePhysicalOperator)
  Successor Pipeline:
    Pipeline(ID(32), Provider(None))
      Operator chain:
        PhysicalOperator(NES::ScanPhysicalOperator)
          PhysicalOperator(NES::SelectionPhysicalOperator)
            PhysicalOperator(NES::MapPhysicalOperator)
              PhysicalOperator(NES::EmitPhysicalOperator)
      Successor Pipeline:
        Pipeline(ID(33), Provider(None))
          Operator chain:
            PhysicalOperator(NES::SinkPhysicalOperator)

[m
[32m[01:13:39.253496] [I] [Not A Worker] [unnamed] [] [NodeEngine.cpp:55] [registerQuery] Register 11[m
[36m[01:13:39.257318] [D] [Not A Worker] [unnamed] [] [SinkProvider.cpp:30] [lower] The sinkDescriptor is: SinkDescriptor: (name: variant("PERSON_ID_SINK"), type: Void, Config: )[m
[36m[01:13:39.257906] [D] [SingleNodeWorker] [WorkerThread-29] [Task:11-33] [VoidSink.cpp:37] [start] Setting up void sink: VoidSink[m
[36m[01:13:39.484582] [D] [SingleNodeWorker] [WorkerThread-34] [] [SourceThread.cpp:184] [start] Starting source with originId: 2[m
[36m[01:13:39.489489] [D] [SingleNodeWorker] [WorkerThread-22] [Task:11-32] [BufferManager.cpp:65] [~BufferManager] Calling BufferManager::destroy()[m
[36m[01:13:39.489564] [D] [SingleNodeWorker] [WorkerThread-22] [Task:11-32] [BufferManager.cpp:93] [~BufferManager] Shutting down Buffer Manager completed[m
[36m[01:13:40.876109] [D] [SingleNodeWorker] [WorkerThread-21] [Task:11] [SourceThread.cpp:230] [tryStop] SourceThread 2: attempting to stop source[m
[36m[01:13:40.876171] [D] [SingleNodeWorker] [WorkerThread-21] [Task:11] [SourceThread.cpp:248] [tryStop] SourceThread 2: stopped[m
[32m[01:13:40.902141] [I] [SingleNodeWorker] [WorkerThread-42] [Task:11-33] [VoidSink.cpp:42] [stop] Void Sink completed.[m
[36m[01:13:40.902271] [D] [SingleNodeWorker] [WorkerThread-42] [] [SourceThread.cpp:226] [tryStop] SourceThread 2: thread is not running[m
[32m[01:13:40.902411] [I] [SingleNodeWorker] [WorkerThread-12] [] [SequenceShredder.cpp:55] [~SequenceShredder] Successfully validated SequenceShredder[m
[36m[01:13:42.728190] [D] [Not A Worker] [unnamed] [] [BufferManager.cpp:110] [initialize] NES memory allocation requires 1 out of 540577120256 (so 1.8498748143954595e-10%) available bytes[m
[36m[01:13:42.728248] [D] [Not A Worker] [unnamed] [] [BufferManager.cpp:160] [initialize] BufferManager configuration bufferSize=1 numOfBuffers=1[m
[36m[01:13:42.728431] [D] [Not A Worker] [unnamed] [] [PipeliningPhase.cpp:365] [apply] Constructed pipeline plan with 1 root pipelines.
PipelinedQueryPlan for Query: 12
Number of root pipelines: 1
------------------
Root Pipeline 0:
  Pipeline(ID(34), Provider(COMPILER))
  Operator chain:
    PhysicalOperator(NES::SourcePhysicalOperator)
  Successor Pipeline:
    Pipeline(ID(35), Provider(None))
      Operator chain:
        PhysicalOperator(NES::ScanPhysicalOperator)
          PhysicalOperator(NES::SelectionPhysicalOperator)
            PhysicalOperator(NES::MapPhysicalOperator)
              PhysicalOperator(NES::EmitPhysicalOperator)
      Successor Pipeline:
        Pipeline(ID(36), Provider(None))
          Operator chain:
            PhysicalOperator(NES::SinkPhysicalOperator)

[m
[32m[01:13:42.728538] [I] [Not A Worker] [unnamed] [] [NodeEngine.cpp:55] [registerQuery] Register 12[m
[36m[01:13:42.731143] [D] [Not A Worker] [unnamed] [] [SinkProvider.cpp:30] [lower] The sinkDescriptor is: SinkDescriptor: (name: variant("PERSON_ID_SINK"), type: Void, Config: )[m
[36m[01:13:42.732294] [D] [SingleNodeWorker] [WorkerThread-22] [Task:12-36] [VoidSink.cpp:37] [start] Setting up void sink: VoidSink[m
[36m[01:13:42.949351] [D] [SingleNodeWorker] [WorkerThread-19] [] [SourceThread.cpp:184] [start] Starting source with originId: 2[m
[36m[01:13:42.955433] [D] [SingleNodeWorker] [WorkerThread-8] [Task:12-35] [BufferManager.cpp:65] [~BufferManager] Calling BufferManager::destroy()[m
[36m[01:13:42.955510] [D] [SingleNodeWorker] [WorkerThread-8] [Task:12-35] [BufferManager.cpp:93] [~BufferManager] Shutting down Buffer Manager completed[m
[36m[01:13:45.120117] [D] [SingleNodeWorker] [WorkerThread-12] [Task:12] [SourceThread.cpp:230] [tryStop] SourceThread 2: attempting to stop source[m
[36m[01:13:45.120233] [D] [SingleNodeWorker] [WorkerThread-12] [Task:12] [SourceThread.cpp:248] [tryStop] SourceThread 2: stopped[m
[32m[01:13:45.145998] [I] [SingleNodeWorker] [WorkerThread-12] [Task:12-36] [VoidSink.cpp:42] [stop] Void Sink completed.[m
[36m[01:13:45.146124] [D] [SingleNodeWorker] [WorkerThread-12] [] [SourceThread.cpp:226] [tryStop] SourceThread 2: thread is not running[m
[32m[01:13:45.146242] [I] [SingleNodeWorker] [WorkerThread-36] [] [SequenceShredder.cpp:55] [~SequenceShredder] Successfully validated SequenceShredder[m
[36m[01:13:46.969251] [D] [Not A Worker] [unnamed] [] [BufferManager.cpp:110] [initialize] NES memory allocation requires 1 out of 540577120256 (so 1.8498748143954595e-10%) available bytes[m
[36m[01:13:46.969352] [D] [Not A Worker] [unnamed] [] [BufferManager.cpp:160] [initialize] BufferManager configuration bufferSize=1 numOfBuffers=1[m
[36m[01:13:46.969847] [D] [Not A Worker] [unnamed] [] [PipeliningPhase.cpp:365] [apply] Constructed pipeline plan with 1 root pipelines.
PipelinedQueryPlan for Query: 13
Number of root pipelines: 1
------------------
Root Pipeline 0:
  Pipeline(ID(37), Provider(COMPILER))
  Operator chain:
    PhysicalOperator(NES::SourcePhysicalOperator)
  Successor Pipeline:
    Pipeline(ID(38), Provider(None))
      Operator chain:
        PhysicalOperator(NES::ScanPhysicalOperator)
          PhysicalOperator(NES::SelectionPhysicalOperator)
            PhysicalOperator(NES::MapPhysicalOperator)
              PhysicalOperator(NES::EmitPhysicalOperator)
      Successor Pipeline:
        Pipeline(ID(39), Provider(None))
          Operator chain:
            PhysicalOperator(NES::SinkPhysicalOperator)

[m
[32m[01:13:46.970146] [I] [Not A Worker] [unnamed] [] [NodeEngine.cpp:55] [registerQuery] Register 13[m
[36m[01:13:46.973947] [D] [Not A Worker] [unnamed] [] [SinkProvider.cpp:30] [lower] The sinkDescriptor is: SinkDescriptor: (name: variant("PERSON_ID_SINK"), type: Void, Config: )[m
[36m[01:13:46.974439] [D] [SingleNodeWorker] [WorkerThread-37] [Task:13-39] [VoidSink.cpp:37] [start] Setting up void sink: VoidSink[m
[36m[01:13:47.203882] [D] [SingleNodeWorker] [WorkerThread-13] [] [SourceThread.cpp:184] [start] Starting source with originId: 2[m
[36m[01:13:47.209782] [D] [SingleNodeWorker] [WorkerThread-44] [Task:13-38] [BufferManager.cpp:65] [~BufferManager] Calling BufferManager::destroy()[m
[36m[01:13:47.209873] [D] [SingleNodeWorker] [WorkerThread-44] [Task:13-38] [BufferManager.cpp:93] [~BufferManager] Shutting down Buffer Manager completed[m
[36m[01:13:48.403377] [D] [SingleNodeWorker] [WorkerThread-20] [Task:13] [SourceThread.cpp:230] [tryStop] SourceThread 2: attempting to stop source[m
[36m[01:13:48.403449] [D] [SingleNodeWorker] [WorkerThread-20] [Task:13] [SourceThread.cpp:248] [tryStop] SourceThread 2: stopped[m
[32m[01:13:48.429591] [I] [SingleNodeWorker] [WorkerThread-20] [Task:13-39] [VoidSink.cpp:42] [stop] Void Sink completed.[m
[36m[01:13:48.429761] [D] [SingleNodeWorker] [WorkerThread-20] [] [SourceThread.cpp:226] [tryStop] SourceThread 2: thread is not running[m
[32m[01:13:48.429965] [I] [SingleNodeWorker] [WorkerThread-25] [] [SequenceShredder.cpp:55] [~SequenceShredder] Successfully validated SequenceShredder[m
[36m[01:13:50.395782] [D] [Not A Worker] [unnamed] [] [BufferManager.cpp:110] [initialize] NES memory allocation requires 1 out of 540577120256 (so 1.8498748143954595e-10%) available bytes[m
[36m[01:13:50.395885] [D] [Not A Worker] [unnamed] [] [BufferManager.cpp:160] [initialize] BufferManager configuration bufferSize=1 numOfBuffers=1[m
[36m[01:13:50.396388] [D] [Not A Worker] [unnamed] [] [PipeliningPhase.cpp:365] [apply] Constructed pipeline plan with 1 root pipelines.
PipelinedQueryPlan for Query: 14
Number of root pipelines: 1
------------------
Root Pipeline 0:
  Pipeline(ID(40), Provider(COMPILER))
  Operator chain:
    PhysicalOperator(NES::SourcePhysicalOperator)
  Successor Pipeline:
    Pipeline(ID(41), Provider(None))
      Operator chain:
        PhysicalOperator(NES::ScanPhysicalOperator)
          PhysicalOperator(NES::SelectionPhysicalOperator)
            PhysicalOperator(NES::MapPhysicalOperator)
              PhysicalOperator(NES::EmitPhysicalOperator)
      Successor Pipeline:
        Pipeline(ID(42), Provider(None))
          Operator chain:
            PhysicalOperator(NES::SinkPhysicalOperator)

[m
[32m[01:13:50.396693] [I] [Not A Worker] [unnamed] [] [NodeEngine.cpp:55] [registerQuery] Register 14[m
[36m[01:13:50.399979] [D] [Not A Worker] [unnamed] [] [SinkProvider.cpp:30] [lower] The sinkDescriptor is: SinkDescriptor: (name: variant("PERSON_ID_SINK"), type: Void, Config: )[m
[36m[01:13:50.400701] [D] [SingleNodeWorker] [WorkerThread-7] [Task:14-42] [VoidSink.cpp:37] [start] Setting up void sink: VoidSink[m
[36m[01:13:50.624999] [D] [SingleNodeWorker] [WorkerThread-7] [] [SourceThread.cpp:184] [start] Starting source with originId: 2[m
[36m[01:13:50.629676] [D] [SingleNodeWorker] [WorkerThread-15] [Task:14-41] [BufferManager.cpp:65] [~BufferManager] Calling BufferManager::destroy()[m
[36m[01:13:50.629755] [D] [SingleNodeWorker] [WorkerThread-15] [Task:14-41] [BufferManager.cpp:93] [~BufferManager] Shutting down Buffer Manager completed[m
[36m[01:13:51.336472] [D] [SingleNodeWorker] [WorkerThread-35] [Task:14] [SourceThread.cpp:230] [tryStop] SourceThread 2: attempting to stop source[m
[36m[01:13:51.336528] [D] [SingleNodeWorker] [WorkerThread-35] [Task:14] [SourceThread.cpp:248] [tryStop] SourceThread 2: stopped[m
[32m[01:13:51.362167] [I] [SingleNodeWorker] [WorkerThread-45] [Task:14-42] [VoidSink.cpp:42] [stop] Void Sink completed.[m
[36m[01:13:51.362308] [D] [SingleNodeWorker] [WorkerThread-45] [] [SourceThread.cpp:226] [tryStop] SourceThread 2: thread is not running[m
[32m[01:13:51.362506] [I] [SingleNodeWorker] [WorkerThread-23] [] [SequenceShredder.cpp:55] [~SequenceShredder] Successfully validated SequenceShredder[m
[36m[01:13:53.242674] [D] [Not A Worker] [unnamed] [] [BufferManager.cpp:110] [initialize] NES memory allocation requires 1 out of 540577120256 (so 1.8498748143954595e-10%) available bytes[m
[36m[01:13:53.242784] [D] [Not A Worker] [unnamed] [] [BufferManager.cpp:160] [initialize] BufferManager configuration bufferSize=1 numOfBuffers=1[m
[36m[01:13:53.243365] [D] [Not A Worker] [unnamed] [] [PipeliningPhase.cpp:365] [apply] Constructed pipeline plan with 1 root pipelines.
PipelinedQueryPlan for Query: 15
Number of root pipelines: 1
------------------
Root Pipeline 0:
  Pipeline(ID(43), Provider(COMPILER))
  Operator chain:
    PhysicalOperator(NES::SourcePhysicalOperator)
  Successor Pipeline:
    Pipeline(ID(44), Provider(None))
      Operator chain:
        PhysicalOperator(NES::ScanPhysicalOperator)
          PhysicalOperator(NES::SelectionPhysicalOperator)
            PhysicalOperator(NES::MapPhysicalOperator)
              PhysicalOperator(NES::EmitPhysicalOperator)
      Successor Pipeline:
        Pipeline(ID(45), Provider(None))
          Operator chain:
            PhysicalOperator(NES::SinkPhysicalOperator)

[m
[32m[01:13:53.243671] [I] [Not A Worker] [unnamed] [] [NodeEngine.cpp:55] [registerQuery] Register 15[m
[36m[01:13:53.247419] [D] [Not A Worker] [unnamed] [] [SinkProvider.cpp:30] [lower] The sinkDescriptor is: SinkDescriptor: (name: variant("PERSON_ID_SINK"), type: Void, Config: )[m
[36m[01:13:53.248030] [D] [SingleNodeWorker] [WorkerThread-23] [Task:15-45] [VoidSink.cpp:37] [start] Setting up void sink: VoidSink[m
[36m[01:13:53.474098] [D] [SingleNodeWorker] [WorkerThread-37] [] [SourceThread.cpp:184] [start] Starting source with originId: 2[m
[36m[01:13:53.478953] [D] [SingleNodeWorker] [WorkerThread-33] [Task:15-44] [BufferManager.cpp:65] [~BufferManager] Calling BufferManager::destroy()[m
[36m[01:13:53.479035] [D] [SingleNodeWorker] [WorkerThread-33] [Task:15-44] [BufferManager.cpp:93] [~BufferManager] Shutting down Buffer Manager completed[m
[36m[01:13:54.173813] [D] [SingleNodeWorker] [WorkerThread-19] [Task:15] [SourceThread.cpp:230] [tryStop] SourceThread 2: attempting to stop source[m
[36m[01:13:54.173868] [D] [SingleNodeWorker] [WorkerThread-19] [Task:15] [SourceThread.cpp:248] [tryStop] SourceThread 2: stopped[m
[32m[01:13:54.200575] [I] [SingleNodeWorker] [WorkerThread-43] [] [SequenceShredder.cpp:55] [~SequenceShredder] Successfully validated SequenceShredder[m
[32m[01:13:54.200679] [I] [SingleNodeWorker] [WorkerThread-1] [Task:15-45] [VoidSink.cpp:42] [stop] Void Sink completed.[m
[36m[01:13:54.200805] [D] [SingleNodeWorker] [WorkerThread-1] [] [SourceThread.cpp:226] [tryStop] SourceThread 2: thread is not running[m
[36m[01:13:55.988930] [D] [Not A Worker] [unnamed] [] [BufferManager.cpp:110] [initialize] NES memory allocation requires 1 out of 540577120256 (so 1.8498748143954595e-10%) available bytes[m
[36m[01:13:55.989006] [D] [Not A Worker] [unnamed] [] [BufferManager.cpp:160] [initialize] BufferManager configuration bufferSize=1 numOfBuffers=1[m
[36m[01:13:55.989317] [D] [Not A Worker] [unnamed] [] [PipeliningPhase.cpp:365] [apply] Constructed pipeline plan with 1 root pipelines.
PipelinedQueryPlan for Query: 16
Number of root pipelines: 1
------------------
Root Pipeline 0:
  Pipeline(ID(46), Provider(COMPILER))
  Operator chain:
    PhysicalOperator(NES::SourcePhysicalOperator)
  Successor Pipeline:
    Pipeline(ID(47), Provider(None))
      Operator chain:
        PhysicalOperator(NES::ScanPhysicalOperator)
          PhysicalOperator(NES::SelectionPhysicalOperator)
            PhysicalOperator(NES::MapPhysicalOperator)
              PhysicalOperator(NES::EmitPhysicalOperator)
      Successor Pipeline:
        Pipeline(ID(48), Provider(None))
          Operator chain:
            PhysicalOperator(NES::SinkPhysicalOperator)

[m
[32m[01:13:55.989498] [I] [Not A Worker] [unnamed] [] [NodeEngine.cpp:55] [registerQuery] Register 16[m
[36m[01:13:55.993229] [D] [Not A Worker] [unnamed] [] [SinkProvider.cpp:30] [lower] The sinkDescriptor is: SinkDescriptor: (name: variant("PERSON_ID_SINK"), type: Void, Config: )[m
[36m[01:13:55.993840] [D] [SingleNodeWorker] [WorkerThread-6] [Task:16-48] [VoidSink.cpp:37] [start] Setting up void sink: VoidSink[m
[36m[01:13:56.221783] [D] [SingleNodeWorker] [WorkerThread-6] [] [SourceThread.cpp:184] [start] Starting source with originId: 2[m
[36m[01:13:56.224230] [D] [SingleNodeWorker] [WorkerThread-6] [Task:16-47] [BufferManager.cpp:65] [~BufferManager] Calling BufferManager::destroy()[m
[36m[01:13:56.224256] [D] [SingleNodeWorker] [WorkerThread-6] [Task:16-47] [BufferManager.cpp:93] [~BufferManager] Shutting down Buffer Manager completed[m
[36m[01:13:57.313251] [D] [SingleNodeWorker] [WorkerThread-27] [Task:16] [SourceThread.cpp:230] [tryStop] SourceThread 2: attempting to stop source[m
[36m[01:13:57.313337] [D] [SingleNodeWorker] [WorkerThread-27] [Task:16] [SourceThread.cpp:248] [tryStop] SourceThread 2: stopped[m
[32m[01:13:57.339779] [I] [SingleNodeWorker] [WorkerThread-29] [Task:16-48] [VoidSink.cpp:42] [stop] Void Sink completed.[m
[36m[01:13:57.339898] [D] [SingleNodeWorker] [WorkerThread-29] [] [SourceThread.cpp:226] [tryStop] SourceThread 2: thread is not running[m
[32m[01:13:57.340045] [I] [SingleNodeWorker] [WorkerThread-46] [] [SequenceShredder.cpp:55] [~SequenceShredder] Successfully validated SequenceShredder[m
[36m[01:13:59.264440] [D] [Not A Worker] [unnamed] [] [BufferManager.cpp:110] [initialize] NES memory allocation requires 1 out of 540577120256 (so 1.8498748143954595e-10%) available bytes[m
[36m[01:13:59.264548] [D] [Not A Worker] [unnamed] [] [BufferManager.cpp:160] [initialize] BufferManager configuration bufferSize=1 numOfBuffers=1[m
[36m[01:13:59.265053] [D] [Not A Worker] [unnamed] [] [PipeliningPhase.cpp:365] [apply] Constructed pipeline plan with 1 root pipelines.
PipelinedQueryPlan for Query: 17
Number of root pipelines: 1
------------------
Root Pipeline 0:
  Pipeline(ID(49), Provider(COMPILER))
  Operator chain:
    PhysicalOperator(NES::SourcePhysicalOperator)
  Successor Pipeline:
    Pipeline(ID(50), Provider(None))
      Operator chain:
        PhysicalOperator(NES::ScanPhysicalOperator)
          PhysicalOperator(NES::SelectionPhysicalOperator)
            PhysicalOperator(NES::MapPhysicalOperator)
              PhysicalOperator(NES::EmitPhysicalOperator)
      Successor Pipeline:
        Pipeline(ID(51), Provider(None))
          Operator chain:
            PhysicalOperator(NES::SinkPhysicalOperator)

[m
[32m[01:13:59.265355] [I] [Not A Worker] [unnamed] [] [NodeEngine.cpp:55] [registerQuery] Register 17[m
[36m[01:13:59.268429] [D] [Not A Worker] [unnamed] [] [SinkProvider.cpp:30] [lower] The sinkDescriptor is: SinkDescriptor: (name: variant("PERSON_ID_SINK"), type: Void, Config: )[m
[36m[01:13:59.269378] [D] [SingleNodeWorker] [WorkerThread-42] [Task:17-51] [VoidSink.cpp:37] [start] Setting up void sink: VoidSink[m
[36m[01:13:59.494041] [D] [SingleNodeWorker] [WorkerThread-4] [] [SourceThread.cpp:184] [start] Starting source with originId: 2[m
[36m[01:13:59.498965] [D] [SingleNodeWorker] [WorkerThread-19] [Task:17-50] [BufferManager.cpp:65] [~BufferManager] Calling BufferManager::destroy()[m
[36m[01:13:59.499053] [D] [SingleNodeWorker] [WorkerThread-19] [Task:17-50] [BufferManager.cpp:93] [~BufferManager] Shutting down Buffer Manager completed[m
[36m[01:14:00.301845] [D] [SingleNodeWorker] [WorkerThread-22] [Task:17] [SourceThread.cpp:230] [tryStop] SourceThread 2: attempting to stop source[m
[36m[01:14:00.301907] [D] [SingleNodeWorker] [WorkerThread-22] [Task:17] [SourceThread.cpp:248] [tryStop] SourceThread 2: stopped[m
[32m[01:14:00.327705] [I] [SingleNodeWorker] [WorkerThread-6] [] [SequenceShredder.cpp:55] [~SequenceShredder] Successfully validated SequenceShredder[m
[32m[01:14:00.328625] [I] [SingleNodeWorker] [WorkerThread-24] [Task:17-51] [VoidSink.cpp:42] [stop] Void Sink completed.[m
[36m[01:14:00.328746] [D] [SingleNodeWorker] [WorkerThread-24] [] [SourceThread.cpp:226] [tryStop] SourceThread 2: thread is not running[m
[36m[01:14:02.143853] [D] [Not A Worker] [unnamed] [] [BufferManager.cpp:110] [initialize] NES memory allocation requires 1 out of 540577120256 (so 1.8498748143954595e-10%) available bytes[m
[36m[01:14:02.143924] [D] [Not A Worker] [unnamed] [] [BufferManager.cpp:160] [initialize] BufferManager configuration bufferSize=1 numOfBuffers=1[m
[36m[01:14:02.144230] [D] [Not A Worker] [unnamed] [] [PipeliningPhase.cpp:365] [apply] Constructed pipeline plan with 1 root pipelines.
PipelinedQueryPlan for Query: 18
Number of root pipelines: 1
------------------
Root Pipeline 0:
  Pipeline(ID(52), Provider(COMPILER))
  Operator chain:
    PhysicalOperator(NES::SourcePhysicalOperator)
  Successor Pipeline:
    Pipeline(ID(53), Provider(None))
      Operator chain:
        PhysicalOperator(NES::ScanPhysicalOperator)
          PhysicalOperator(NES::SelectionPhysicalOperator)
            PhysicalOperator(NES::MapPhysicalOperator)
              PhysicalOperator(NES::EmitPhysicalOperator)
      Successor Pipeline:
        Pipeline(ID(54), Provider(None))
          Operator chain:
            PhysicalOperator(NES::SinkPhysicalOperator)

[m
[32m[01:14:02.144407] [I] [Not A Worker] [unnamed] [] [NodeEngine.cpp:55] [registerQuery] Register 18[m
[36m[01:14:02.147239] [D] [Not A Worker] [unnamed] [] [SinkProvider.cpp:30] [lower] The sinkDescriptor is: SinkDescriptor: (name: variant("PERSON_ID_SINK"), type: Void, Config: )[m
[36m[01:14:02.147732] [D] [SingleNodeWorker] [WorkerThread-22] [Task:18-54] [VoidSink.cpp:37] [start] Setting up void sink: VoidSink[m
[36m[01:14:02.374857] [D] [SingleNodeWorker] [WorkerThread-38] [] [SourceThread.cpp:184] [start] Starting source with originId: 2[m
[36m[01:14:02.377272] [D] [SingleNodeWorker] [WorkerThread-38] [Task:18-53] [BufferManager.cpp:65] [~BufferManager] Calling BufferManager::destroy()[m
[36m[01:14:02.377301] [D] [SingleNodeWorker] [WorkerThread-38] [Task:18-53] [BufferManager.cpp:93] [~BufferManager] Shutting down Buffer Manager completed[m
[36m[01:14:03.227121] [D] [SingleNodeWorker] [WorkerThread-41] [Task:18] [SourceThread.cpp:230] [tryStop] SourceThread 2: attempting to stop source[m
[36m[01:14:03.227185] [D] [SingleNodeWorker] [WorkerThread-41] [Task:18] [SourceThread.cpp:248] [tryStop] SourceThread 2: stopped[m
[32m[01:14:03.253641] [I] [SingleNodeWorker] [WorkerThread-28] [Task:18-54] [VoidSink.cpp:42] [stop] Void Sink completed.[m
[36m[01:14:03.253765] [D] [SingleNodeWorker] [WorkerThread-28] [] [SourceThread.cpp:226] [tryStop] SourceThread 2: thread is not running[m
[32m[01:14:03.253884] [I] [SingleNodeWorker] [WorkerThread-8] [] [SequenceShredder.cpp:55] [~SequenceShredder] Successfully validated SequenceShredder[m
[36m[01:14:05.077782] [D] [Not A Worker] [unnamed] [] [BufferManager.cpp:110] [initialize] NES memory allocation requires 1 out of 540577120256 (so 1.8498748143954595e-10%) available bytes[m
[36m[01:14:05.077884] [D] [Not A Worker] [unnamed] [] [BufferManager.cpp:160] [initialize] BufferManager configuration bufferSize=1 numOfBuffers=1[m
[36m[01:14:05.078393] [D] [Not A Worker] [unnamed] [] [PipeliningPhase.cpp:365] [apply] Constructed pipeline plan with 1 root pipelines.
PipelinedQueryPlan for Query: 19
Number of root pipelines: 1
------------------
Root Pipeline 0:
  Pipeline(ID(55), Provider(COMPILER))
  Operator chain:
    PhysicalOperator(NES::SourcePhysicalOperator)
  Successor Pipeline:
    Pipeline(ID(56), Provider(None))
      Operator chain:
        PhysicalOperator(NES::ScanPhysicalOperator)
          PhysicalOperator(NES::SelectionPhysicalOperator)
            PhysicalOperator(NES::MapPhysicalOperator)
              PhysicalOperator(NES::EmitPhysicalOperator)
      Successor Pipeline:
        Pipeline(ID(57), Provider(None))
          Operator chain:
            PhysicalOperator(NES::SinkPhysicalOperator)

[m
[32m[01:14:05.078672] [I] [Not A Worker] [unnamed] [] [NodeEngine.cpp:55] [registerQuery] Register 19[m
[36m[01:14:05.082090] [D] [Not A Worker] [unnamed] [] [SinkProvider.cpp:30] [lower] The sinkDescriptor is: SinkDescriptor: (name: variant("PERSON_ID_SINK"), type: Void, Config: )[m
[36m[01:14:05.082674] [D] [SingleNodeWorker] [WorkerThread-35] [Task:19-57] [VoidSink.cpp:37] [start] Setting up void sink: VoidSink[m
[36m[01:14:05.323465] [D] [SingleNodeWorker] [WorkerThread-41] [] [SourceThread.cpp:184] [start] Starting source with originId: 2[m
[36m[01:14:05.328345] [D] [SingleNodeWorker] [WorkerThread-14] [Task:19-56] [BufferManager.cpp:65] [~BufferManager] Calling BufferManager::destroy()[m
[36m[01:14:05.328449] [D] [SingleNodeWorker] [WorkerThread-14] [Task:19-56] [BufferManager.cpp:93] [~BufferManager] Shutting down Buffer Manager completed[m
[36m[01:14:06.122123] [D] [SingleNodeWorker] [WorkerThread-14] [Task:19] [SourceThread.cpp:230] [tryStop] SourceThread 2: attempting to stop source[m
[36m[01:14:06.122176] [D] [SingleNodeWorker] [WorkerThread-14] [Task:19] [SourceThread.cpp:248] [tryStop] SourceThread 2: stopped[m
[32m[01:14:06.147882] [I] [SingleNodeWorker] [WorkerThread-37] [] [SequenceShredder.cpp:55] [~SequenceShredder] Successfully validated SequenceShredder[m
[32m[01:14:06.147912] [I] [SingleNodeWorker] [WorkerThread-8] [Task:19-57] [VoidSink.cpp:42] [stop] Void Sink completed.[m
[36m[01:14:06.148079] [D] [SingleNodeWorker] [WorkerThread-8] [] [SourceThread.cpp:226] [tryStop] SourceThread 2: thread is not running[m
[36m[01:14:07.972654] [D] [Not A Worker] [unnamed] [] [BufferManager.cpp:110] [initialize] NES memory allocation requires 1 out of 540577120256 (so 1.8498748143954595e-10%) available bytes[m
[36m[01:14:07.972732] [D] [Not A Worker] [unnamed] [] [BufferManager.cpp:160] [initialize] BufferManager configuration bufferSize=1 numOfBuffers=1[m
[36m[01:14:07.973041] [D] [Not A Worker] [unnamed] [] [PipeliningPhase.cpp:365] [apply] Constructed pipeline plan with 1 root pipelines.
PipelinedQueryPlan for Query: 20
Number of root pipelines: 1
------------------
Root Pipeline 0:
  Pipeline(ID(58), Provider(COMPILER))
  Operator chain:
    PhysicalOperator(NES::SourcePhysicalOperator)
  Successor Pipeline:
    Pipeline(ID(59), Provider(None))
      Operator chain:
        PhysicalOperator(NES::ScanPhysicalOperator)
          PhysicalOperator(NES::SelectionPhysicalOperator)
            PhysicalOperator(NES::MapPhysicalOperator)
              PhysicalOperator(NES::EmitPhysicalOperator)
      Successor Pipeline:
        Pipeline(ID(60), Provider(None))
          Operator chain:
            PhysicalOperator(NES::SinkPhysicalOperator)

[m
[32m[01:14:07.973219] [I] [Not A Worker] [unnamed] [] [NodeEngine.cpp:55] [registerQuery] Register 20[m
[36m[01:14:07.976604] [D] [Not A Worker] [unnamed] [] [SinkProvider.cpp:30] [lower] The sinkDescriptor is: SinkDescriptor: (name: variant("PERSON_ID_SINK"), type: Void, Config: )[m
[36m[01:14:07.977182] [D] [SingleNodeWorker] [WorkerThread-26] [Task:20-60] [VoidSink.cpp:37] [start] Setting up void sink: VoidSink[m
[36m[01:14:08.207867] [D] [SingleNodeWorker] [WorkerThread-26] [] [SourceThread.cpp:184] [start] Starting source with originId: 2[m
[36m[01:14:08.213049] [D] [SingleNodeWorker] [WorkerThread-43] [Task:20-59] [BufferManager.cpp:65] [~BufferManager] Calling BufferManager::destroy()[m
[36m[01:14:08.213141] [D] [SingleNodeWorker] [WorkerThread-43] [Task:20-59] [BufferManager.cpp:93] [~BufferManager] Shutting down Buffer Manager completed[m
[36m[01:14:08.773977] [D] [SingleNodeWorker] [WorkerThread-11] [Task:20] [SourceThread.cpp:230] [tryStop] SourceThread 2: attempting to stop source[m
[36m[01:14:08.774032] [D] [SingleNodeWorker] [WorkerThread-11] [Task:20] [SourceThread.cpp:248] [tryStop] SourceThread 2: stopped[m
[32m[01:14:08.800295] [I] [SingleNodeWorker] [WorkerThread-30] [Task:20-60] [VoidSink.cpp:42] [stop] Void Sink completed.[m
[36m[01:14:08.800425] [D] [SingleNodeWorker] [WorkerThread-30] [] [SourceThread.cpp:226] [tryStop] SourceThread 2: thread is not running[m
[32m[01:14:08.800602] [I] [SingleNodeWorker] [WorkerThread-24] [] [SequenceShredder.cpp:55] [~SequenceShredder] Successfully validated SequenceShredder[m
[33m[1m[01:14:10.589599] [W] [Not A Worker] [unnamed] [] [SinkDescriptor.cpp:64] [getFormatType] Sinks of the type Void do not have an INPUT_FORMAT parameter.[m
[36m[01:14:10.589845] [D] [Not A Worker] [unnamed] [] [BufferManager.cpp:110] [initialize] NES memory allocation requires 1 out of 540577120256 (so 1.8498748143954595e-10%) available bytes[m
[36m[01:14:10.589905] [D] [Not A Worker] [unnamed] [] [BufferManager.cpp:160] [initialize] BufferManager configuration bufferSize=1 numOfBuffers=1[m
[36m[01:14:10.590437] [D] [Not A Worker] [unnamed] [] [PipeliningPhase.cpp:365] [apply] Constructed pipeline plan with 1 root pipelines.
PipelinedQueryPlan for Query: 21
Number of root pipelines: 1
------------------
Root Pipeline 0:
  Pipeline(ID(61), Provider(COMPILER))
  Operator chain:
    PhysicalOperator(NES::SourcePhysicalOperator)
  Successor Pipeline:
    Pipeline(ID(62), Provider(None))
      Operator chain:
        PhysicalOperator(NES::ScanPhysicalOperator)
          PhysicalOperator(NES::EmitPhysicalOperator)
      Successor Pipeline:
        Pipeline(ID(63), Provider(None))
          Operator chain:
            PhysicalOperator(NES::SinkPhysicalOperator)

[m
[32m[01:14:10.590740] [I] [Not A Worker] [unnamed] [] [NodeEngine.cpp:55] [registerQuery] Register 21[m
[36m[01:14:10.593961] [D] [Not A Worker] [unnamed] [] [SinkProvider.cpp:30] [lower] The sinkDescriptor is: SinkDescriptor: (name: variant("PERSON_SINK"), type: Void, Config: )[m
[36m[01:14:10.594579] [D] [SingleNodeWorker] [WorkerThread-23] [Task:21-63] [VoidSink.cpp:37] [start] Setting up void sink: VoidSink[m
[36m[01:14:10.722091] [D] [SingleNodeWorker] [WorkerThread-13] [] [SourceThread.cpp:184] [start] Starting source with originId: 2[m
[36m[01:14:10.724564] [D] [SingleNodeWorker] [WorkerThread-13] [Task:21-62] [BufferManager.cpp:65] [~BufferManager] Calling BufferManager::destroy()[m
[36m[01:14:10.724589] [D] [SingleNodeWorker] [WorkerThread-13] [Task:21-62] [BufferManager.cpp:93] [~BufferManager] Shutting down Buffer Manager completed[m
[36m[01:14:11.400394] [D] [SingleNodeWorker] [WorkerThread-3] [Task:21] [SourceThread.cpp:230] [tryStop] SourceThread 2: attempting to stop source[m
[36m[01:14:11.400451] [D] [SingleNodeWorker] [WorkerThread-3] [Task:21] [SourceThread.cpp:248] [tryStop] SourceThread 2: stopped[m
[32m[01:14:11.426211] [I] [SingleNodeWorker] [WorkerThread-38] [Task:21-63] [VoidSink.cpp:42] [stop] Void Sink completed.[m
[36m[01:14:11.426358] [D] [SingleNodeWorker] [WorkerThread-38] [] [SourceThread.cpp:226] [tryStop] SourceThread 2: thread is not running[m
[32m[01:14:11.426505] [I] [SingleNodeWorker] [WorkerThread-34] [] [SequenceShredder.cpp:55] [~SequenceShredder] Successfully validated SequenceShredder[m
[33m[1m[01:14:13.185708] [W] [Not A Worker] [unnamed] [] [SinkDescriptor.cpp:64] [getFormatType] Sinks of the type Void do not have an INPUT_FORMAT parameter.[m
[36m[01:14:13.185935] [D] [Not A Worker] [unnamed] [] [BufferManager.cpp:110] [initialize] NES memory allocation requires 1 out of 540577120256 (so 1.8498748143954595e-10%) available bytes[m
[36m[01:14:13.185998] [D] [Not A Worker] [unnamed] [] [BufferManager.cpp:160] [initialize] BufferManager configuration bufferSize=1 numOfBuffers=1[m
[36m[01:14:13.186686] [D] [Not A Worker] [unnamed] [] [PipeliningPhase.cpp:365] [apply] Constructed pipeline plan with 1 root pipelines.
PipelinedQueryPlan for Query: 22
Number of root pipelines: 1
------------------
Root Pipeline 0:
  Pipeline(ID(64), Provider(COMPILER))
  Operator chain:
    PhysicalOperator(NES::SourcePhysicalOperator)
  Successor Pipeline:
    Pipeline(ID(65), Provider(None))
      Operator chain:
        PhysicalOperator(NES::ScanPhysicalOperator)
          PhysicalOperator(NES::EmitPhysicalOperator)
      Successor Pipeline:
        Pipeline(ID(66), Provider(None))
          Operator chain:
            PhysicalOperator(NES::SinkPhysicalOperator)

[m
[32m[01:14:13.187032] [I] [Not A Worker] [unnamed] [] [NodeEngine.cpp:55] [registerQuery] Register 22[m
[36m[01:14:13.191142] [D] [Not A Worker] [unnamed] [] [SinkProvider.cpp:30] [lower] The sinkDescriptor is: SinkDescriptor: (name: variant("PERSON_SINK"), type: Void, Config: )[m
[36m[01:14:13.192139] [D] [SingleNodeWorker] [WorkerThread-4] [Task:22-66] [VoidSink.cpp:37] [start] Setting up void sink: VoidSink[m
[36m[01:14:13.319552] [D] [SingleNodeWorker] [WorkerThread-27] [] [SourceThread.cpp:184] [start] Starting source with originId: 2[m
[36m[01:14:13.321956] [D] [SingleNodeWorker] [WorkerThread-27] [Task:22-65] [BufferManager.cpp:65] [~BufferManager] Calling BufferManager::destroy()[m
[36m[01:14:13.321982] [D] [SingleNodeWorker] [WorkerThread-27] [Task:22-65] [BufferManager.cpp:93] [~BufferManager] Shutting down Buffer Manager completed[m
[36m[01:14:14.026032] [D] [SingleNodeWorker] [WorkerThread-35] [Task:22] [SourceThread.cpp:230] [tryStop] SourceThread 2: attempting to stop source[m
[36m[01:14:14.026088] [D] [SingleNodeWorker] [WorkerThread-35] [Task:22] [SourceThread.cpp:248] [tryStop] SourceThread 2: stopped[m
[32m[01:14:14.051632] [I] [SingleNodeWorker] [WorkerThread-27] [Task:22-66] [VoidSink.cpp:42] [stop] Void Sink completed.[m
[36m[01:14:14.051764] [D] [SingleNodeWorker] [WorkerThread-27] [] [SourceThread.cpp:226] [tryStop] SourceThread 2: thread is not running[m
[32m[01:14:14.051917] [I] [SingleNodeWorker] [WorkerThread-38] [] [SequenceShredder.cpp:55] [~SequenceShredder] Successfully validated SequenceShredder[m
[33m[1m[01:14:15.826838] [W] [Not A Worker] [unnamed] [] [SinkDescriptor.cpp:64] [getFormatType] Sinks of the type Void do not have an INPUT_FORMAT parameter.[m
[36m[01:14:15.827076] [D] [Not A Worker] [unnamed] [] [BufferManager.cpp:110] [initialize] NES memory allocation requires 1 out of 540577120256 (so 1.8498748143954595e-10%) available bytes[m
[36m[01:14:15.827138] [D] [Not A Worker] [unnamed] [] [BufferManager.cpp:160] [initialize] BufferManager configuration bufferSize=1 numOfBuffers=1[m
[36m[01:14:15.827586] [D] [Not A Worker] [unnamed] [] [PipeliningPhase.cpp:365] [apply] Constructed pipeline plan with 1 root pipelines.
PipelinedQueryPlan for Query: 23
Number of root pipelines: 1
------------------
Root Pipeline 0:
  Pipeline(ID(67), Provider(COMPILER))
  Operator chain:
    PhysicalOperator(NES::SourcePhysicalOperator)
  Successor Pipeline:
    Pipeline(ID(68), Provider(None))
      Operator chain:
        PhysicalOperator(NES::ScanPhysicalOperator)
          PhysicalOperator(NES::EmitPhysicalOperator)
      Successor Pipeline:
        Pipeline(ID(69), Provider(None))
          Operator chain:
            PhysicalOperator(NES::SinkPhysicalOperator)

[m
[32m[01:14:15.827884] [I] [Not A Worker] [unnamed] [] [NodeEngine.cpp:55] [registerQuery] Register 23[m
[36m[01:14:15.831036] [D] [Not A Worker] [unnamed] [] [SinkProvider.cpp:30] [lower] The sinkDescriptor is: SinkDescriptor: (name: variant("PERSON_SINK"), type: Void, Config: )[m
[36m[01:14:15.831639] [D] [SingleNodeWorker] [WorkerThread-16] [Task:23-69] [VoidSink.cpp:37] [start] Setting up void sink: VoidSink[m
[36m[01:14:15.954250] [D] [SingleNodeWorker] [WorkerThread-18] [] [SourceThread.cpp:184] [start] Starting source with originId: 2[m
[36m[01:14:15.956711] [D] [SingleNodeWorker] [WorkerThread-18] [Task:23-68] [BufferManager.cpp:65] [~BufferManager] Calling BufferManager::destroy()[m
[36m[01:14:15.956738] [D] [SingleNodeWorker] [WorkerThread-18] [Task:23-68] [BufferManager.cpp:93] [~BufferManager] Shutting down Buffer Manager completed[m
[36m[01:14:16.753713] [D] [SingleNodeWorker] [WorkerThread-2] [Task:23] [SourceThread.cpp:230] [tryStop] SourceThread 2: attempting to stop source[m
[36m[01:14:16.753769] [D] [SingleNodeWorker] [WorkerThread-2] [Task:23] [SourceThread.cpp:248] [tryStop] SourceThread 2: stopped[m
[32m[01:14:16.779908] [I] [SingleNodeWorker] [WorkerThread-6] [Task:23-69] [VoidSink.cpp:42] [stop] Void Sink completed.[m
[36m[01:14:16.780031] [D] [SingleNodeWorker] [WorkerThread-6] [] [SourceThread.cpp:226] [tryStop] SourceThread 2: thread is not running[m
[32m[01:14:16.780071] [I] [SingleNodeWorker] [WorkerThread-3] [] [SequenceShredder.cpp:55] [~SequenceShredder] Successfully validated SequenceShredder[m
[33m[1m[01:14:18.673382] [W] [Not A Worker] [unnamed] [] [SinkDescriptor.cpp:64] [getFormatType] Sinks of the type Void do not have an INPUT_FORMAT parameter.[m
[36m[01:14:18.673599] [D] [Not A Worker] [unnamed] [] [BufferManager.cpp:110] [initialize] NES memory allocation requires 1 out of 540577120256 (so 1.8498748143954595e-10%) available bytes[m
[36m[01:14:18.673661] [D] [Not A Worker] [unnamed] [] [BufferManager.cpp:160] [initialize] BufferManager configuration bufferSize=1 numOfBuffers=1[m
[36m[01:14:18.674107] [D] [Not A Worker] [unnamed] [] [PipeliningPhase.cpp:365] [apply] Constructed pipeline plan with 1 root pipelines.
PipelinedQueryPlan for Query: 24
Number of root pipelines: 1
------------------
Root Pipeline 0:
  Pipeline(ID(70), Provider(COMPILER))
  Operator chain:
    PhysicalOperator(NES::SourcePhysicalOperator)
  Successor Pipeline:
    Pipeline(ID(71), Provider(None))
      Operator chain:
        PhysicalOperator(NES::ScanPhysicalOperator)
          PhysicalOperator(NES::EmitPhysicalOperator)
      Successor Pipeline:
        Pipeline(ID(72), Provider(None))
          Operator chain:
            PhysicalOperator(NES::SinkPhysicalOperator)

[m
[32m[01:14:18.674405] [I] [Not A Worker] [unnamed] [] [NodeEngine.cpp:55] [registerQuery] Register 24[m
[36m[01:14:18.677609] [D] [Not A Worker] [unnamed] [] [SinkProvider.cpp:30] [lower] The sinkDescriptor is: SinkDescriptor: (name: variant("PERSON_SINK"), type: Void, Config: )[m
[36m[01:14:18.678757] [D] [SingleNodeWorker] [WorkerThread-47] [Task:24-72] [VoidSink.cpp:37] [start] Setting up void sink: VoidSink[m
[36m[01:14:18.803113] [D] [SingleNodeWorker] [WorkerThread-6] [] [SourceThread.cpp:184] [start] Starting source with originId: 2[m
[36m[01:14:18.806062] [D] [SingleNodeWorker] [WorkerThread-6] [Task:24-71] [BufferManager.cpp:65] [~BufferManager] Calling BufferManager::destroy()[m
[36m[01:14:18.806085] [D] [SingleNodeWorker] [WorkerThread-6] [Task:24-71] [BufferManager.cpp:93] [~BufferManager] Shutting down Buffer Manager completed[m
[36m[01:14:19.369879] [D] [SingleNodeWorker] [WorkerThread-30] [Task:24] [SourceThread.cpp:230] [tryStop] SourceThread 2: attempting to stop source[m
[36m[01:14:19.370013] [D] [SingleNodeWorker] [WorkerThread-30] [Task:24] [SourceThread.cpp:248] [tryStop] SourceThread 2: stopped[m
[32m[01:14:19.395699] [I] [SingleNodeWorker] [WorkerThread-11] [Task:24-72] [VoidSink.cpp:42] [stop] Void Sink completed.[m
[32m[01:14:19.395720] [I] [SingleNodeWorker] [WorkerThread-33] [] [SequenceShredder.cpp:55] [~SequenceShredder] Successfully validated SequenceShredder[m
[36m[01:14:19.395839] [D] [SingleNodeWorker] [WorkerThread-11] [] [SourceThread.cpp:226] [tryStop] SourceThread 2: thread is not running[m
[33m[1m[01:14:21.359671] [W] [Not A Worker] [unnamed] [] [SinkDescriptor.cpp:64] [getFormatType] Sinks of the type Void do not have an INPUT_FORMAT parameter.[m
[36m[01:14:21.359891] [D] [Not A Worker] [unnamed] [] [BufferManager.cpp:110] [initialize] NES memory allocation requires 1 out of 540577120256 (so 1.8498748143954595e-10%) available bytes[m
[36m[01:14:21.359955] [D] [Not A Worker] [unnamed] [] [BufferManager.cpp:160] [initialize] BufferManager configuration bufferSize=1 numOfBuffers=1[m
[36m[01:14:21.360408] [D] [Not A Worker] [unnamed] [] [PipeliningPhase.cpp:365] [apply] Constructed pipeline plan with 1 root pipelines.
PipelinedQueryPlan for Query: 25
Number of root pipelines: 1
------------------
Root Pipeline 0:
  Pipeline(ID(73), Provider(COMPILER))
  Operator chain:
    PhysicalOperator(NES::SourcePhysicalOperator)
  Successor Pipeline:
    Pipeline(ID(74), Provider(None))
      Operator chain:
        PhysicalOperator(NES::ScanPhysicalOperator)
          PhysicalOperator(NES::EmitPhysicalOperator)
      Successor Pipeline:
        Pipeline(ID(75), Provider(None))
          Operator chain:
            PhysicalOperator(NES::SinkPhysicalOperator)

[m
[32m[01:14:21.360704] [I] [Not A Worker] [unnamed] [] [NodeEngine.cpp:55] [registerQuery] Register 25[m
[36m[01:14:21.363750] [D] [Not A Worker] [unnamed] [] [SinkProvider.cpp:30] [lower] The sinkDescriptor is: SinkDescriptor: (name: variant("PERSON_SINK"), type: Void, Config: )[m
[36m[01:14:21.364439] [D] [SingleNodeWorker] [WorkerThread-17] [Task:25-75] [VoidSink.cpp:37] [start] Setting up void sink: VoidSink[m
[36m[01:14:21.485226] [D] [SingleNodeWorker] [WorkerThread-25] [] [SourceThread.cpp:184] [start] Starting source with originId: 2[m
[36m[01:14:21.489943] [D] [SingleNodeWorker] [WorkerThread-22] [Task:25-74] [BufferManager.cpp:65] [~BufferManager] Calling BufferManager::destroy()[m
[36m[01:14:21.490023] [D] [SingleNodeWorker] [WorkerThread-22] [Task:25-74] [BufferManager.cpp:93] [~BufferManager] Shutting down Buffer Manager completed[m
[36m[01:14:22.074684] [D] [SingleNodeWorker] [WorkerThread-12] [Task:25] [SourceThread.cpp:230] [tryStop] SourceThread 2: attempting to stop source[m
[36m[01:14:22.074738] [D] [SingleNodeWorker] [WorkerThread-12] [Task:25] [SourceThread.cpp:248] [tryStop] SourceThread 2: stopped[m
[32m[01:14:22.100804] [I] [SingleNodeWorker] [WorkerThread-1] [] [SequenceShredder.cpp:55] [~SequenceShredder] Successfully validated SequenceShredder[m
[32m[01:14:22.100809] [I] [SingleNodeWorker] [WorkerThread-4] [Task:25-75] [VoidSink.cpp:42] [stop] Void Sink completed.[m
[36m[01:14:22.100994] [D] [SingleNodeWorker] [WorkerThread-4] [] [SourceThread.cpp:226] [tryStop] SourceThread 2: thread is not running[m
[33m[1m[01:14:24.022510] [W] [Not A Worker] [unnamed] [] [SinkDescriptor.cpp:64] [getFormatType] Sinks of the type Void do not have an INPUT_FORMAT parameter.[m
[36m[01:14:24.022731] [D] [Not A Worker] [unnamed] [] [BufferManager.cpp:110] [initialize] NES memory allocation requires 1 out of 540577120256 (so 1.8498748143954595e-10%) available bytes[m
[36m[01:14:24.022794] [D] [Not A Worker] [unnamed] [] [BufferManager.cpp:160] [initialize] BufferManager configuration bufferSize=1 numOfBuffers=1[m
[36m[01:14:24.023285] [D] [Not A Worker] [unnamed] [] [PipeliningPhase.cpp:365] [apply] Constructed pipeline plan with 1 root pipelines.
PipelinedQueryPlan for Query: 26
Number of root pipelines: 1
------------------
Root Pipeline 0:
  Pipeline(ID(76), Provider(COMPILER))
  Operator chain:
    PhysicalOperator(NES::SourcePhysicalOperator)
  Successor Pipeline:
    Pipeline(ID(77), Provider(None))
      Operator chain:
        PhysicalOperator(NES::ScanPhysicalOperator)
          PhysicalOperator(NES::EmitPhysicalOperator)
      Successor Pipeline:
        Pipeline(ID(78), Provider(None))
          Operator chain:
            PhysicalOperator(NES::SinkPhysicalOperator)

[m
[32m[01:14:24.023583] [I] [Not A Worker] [unnamed] [] [NodeEngine.cpp:55] [registerQuery] Register 26[m
[36m[01:14:24.027906] [D] [Not A Worker] [unnamed] [] [SinkProvider.cpp:30] [lower] The sinkDescriptor is: SinkDescriptor: (name: variant("PERSON_SINK"), type: Void, Config: )[m
[36m[01:14:24.028529] [D] [SingleNodeWorker] [WorkerThread-45] [Task:26-78] [VoidSink.cpp:37] [start] Setting up void sink: VoidSink[m
[36m[01:14:24.151639] [D] [SingleNodeWorker] [WorkerThread-44] [] [SourceThread.cpp:184] [start] Starting source with originId: 2[m
[36m[01:14:24.156534] [D] [SingleNodeWorker] [WorkerThread-37] [Task:26-77] [BufferManager.cpp:65] [~BufferManager] Calling BufferManager::destroy()[m
[36m[01:14:24.156611] [D] [SingleNodeWorker] [WorkerThread-37] [Task:26-77] [BufferManager.cpp:93] [~BufferManager] Shutting down Buffer Manager completed[m
[36m[01:14:24.826398] [D] [SingleNodeWorker] [WorkerThread-18] [Task:26] [SourceThread.cpp:230] [tryStop] SourceThread 2: attempting to stop source[m
[36m[01:14:24.826495] [D] [SingleNodeWorker] [WorkerThread-18] [Task:26] [SourceThread.cpp:248] [tryStop] SourceThread 2: stopped[m
[32m[01:14:24.852173] [I] [SingleNodeWorker] [WorkerThread-28] [Task:26-78] [VoidSink.cpp:42] [stop] Void Sink completed.[m
[36m[01:14:24.852313] [D] [SingleNodeWorker] [WorkerThread-28] [] [SourceThread.cpp:226] [tryStop] SourceThread 2: thread is not running[m
[32m[01:14:24.852332] [I] [SingleNodeWorker] [WorkerThread-4] [] [SequenceShredder.cpp:55] [~SequenceShredder] Successfully validated SequenceShredder[m
[33m[1m[01:14:26.632143] [W] [Not A Worker] [unnamed] [] [SinkDescriptor.cpp:64] [getFormatType] Sinks of the type Void do not have an INPUT_FORMAT parameter.[m
[36m[01:14:26.632365] [D] [Not A Worker] [unnamed] [] [BufferManager.cpp:110] [initialize] NES memory allocation requires 1 out of 540577120256 (so 1.8498748143954595e-10%) available bytes[m
[36m[01:14:26.632428] [D] [Not A Worker] [unnamed] [] [BufferManager.cpp:160] [initialize] BufferManager configuration bufferSize=1 numOfBuffers=1[m
[36m[01:14:26.632887] [D] [Not A Worker] [unnamed] [] [PipeliningPhase.cpp:365] [apply] Constructed pipeline plan with 1 root pipelines.
PipelinedQueryPlan for Query: 27
Number of root pipelines: 1
------------------
Root Pipeline 0:
  Pipeline(ID(79), Provider(COMPILER))
  Operator chain:
    PhysicalOperator(NES::SourcePhysicalOperator)
  Successor Pipeline:
    Pipeline(ID(80), Provider(None))
      Operator chain:
        PhysicalOperator(NES::ScanPhysicalOperator)
          PhysicalOperator(NES::EmitPhysicalOperator)
      Successor Pipeline:
        Pipeline(ID(81), Provider(None))
          Operator chain:
            PhysicalOperator(NES::SinkPhysicalOperator)

[m
[32m[01:14:26.633182] [I] [Not A Worker] [unnamed] [] [NodeEngine.cpp:55] [registerQuery] Register 27[m
[36m[01:14:26.636305] [D] [Not A Worker] [unnamed] [] [SinkProvider.cpp:30] [lower] The sinkDescriptor is: SinkDescriptor: (name: variant("PERSON_SINK"), type: Void, Config: )[m
[36m[01:14:26.637025] [D] [SingleNodeWorker] [WorkerThread-29] [Task:27-81] [VoidSink.cpp:37] [start] Setting up void sink: VoidSink[m
[36m[01:14:26.761640] [D] [SingleNodeWorker] [WorkerThread-38] [] [SourceThread.cpp:184] [start] Starting source with originId: 2[m
[36m[01:14:26.766374] [D] [SingleNodeWorker] [WorkerThread-25] [Task:27-80] [BufferManager.cpp:65] [~BufferManager] Calling BufferManager::destroy()[m
[36m[01:14:26.766450] [D] [SingleNodeWorker] [WorkerThread-25] [Task:27-80] [BufferManager.cpp:93] [~BufferManager] Shutting down Buffer Manager completed[m
[36m[01:14:27.509777] [D] [SingleNodeWorker] [WorkerThread-22] [Task:27] [SourceThread.cpp:230] [tryStop] SourceThread 2: attempting to stop source[m
[36m[01:14:27.509851] [D] [SingleNodeWorker] [WorkerThread-22] [Task:27] [SourceThread.cpp:248] [tryStop] SourceThread 2: stopped[m
[32m[01:14:27.535757] [I] [SingleNodeWorker] [WorkerThread-7] [Task:27-81] [VoidSink.cpp:42] [stop] Void Sink completed.[m
[32m[01:14:27.535809] [I] [SingleNodeWorker] [WorkerThread-33] [] [SequenceShredder.cpp:55] [~SequenceShredder] Successfully validated SequenceShredder[m
[36m[01:14:27.535899] [D] [SingleNodeWorker] [WorkerThread-7] [] [SourceThread.cpp:226] [tryStop] SourceThread 2: thread is not running[m
[33m[1m[01:14:29.412347] [W] [Not A Worker] [unnamed] [] [SinkDescriptor.cpp:64] [getFormatType] Sinks of the type Void do not have an INPUT_FORMAT parameter.[m
[36m[01:14:29.412560] [D] [Not A Worker] [unnamed] [] [BufferManager.cpp:110] [initialize] NES memory allocation requires 1 out of 540577120256 (so 1.8498748143954595e-10%) available bytes[m
[36m[01:14:29.412621] [D] [Not A Worker] [unnamed] [] [BufferManager.cpp:160] [initialize] BufferManager configuration bufferSize=1 numOfBuffers=1[m
[36m[01:14:29.413074] [D] [Not A Worker] [unnamed] [] [PipeliningPhase.cpp:365] [apply] Constructed pipeline plan with 1 root pipelines.
PipelinedQueryPlan for Query: 28
Number of root pipelines: 1
------------------
Root Pipeline 0:
  Pipeline(ID(82), Provider(COMPILER))
  Operator chain:
    PhysicalOperator(NES::SourcePhysicalOperator)
  Successor Pipeline:
    Pipeline(ID(83), Provider(None))
      Operator chain:
        PhysicalOperator(NES::ScanPhysicalOperator)
          PhysicalOperator(NES::EmitPhysicalOperator)
      Successor Pipeline:
        Pipeline(ID(84), Provider(None))
          Operator chain:
            PhysicalOperator(NES::SinkPhysicalOperator)

[m
[32m[01:14:29.413364] [I] [Not A Worker] [unnamed] [] [NodeEngine.cpp:55] [registerQuery] Register 28[m
[36m[01:14:29.416779] [D] [Not A Worker] [unnamed] [] [SinkProvider.cpp:30] [lower] The sinkDescriptor is: SinkDescriptor: (name: variant("PERSON_SINK"), type: Void, Config: )[m
[36m[01:14:29.417959] [D] [SingleNodeWorker] [WorkerThread-9] [Task:28-84] [VoidSink.cpp:37] [start] Setting up void sink: VoidSink[m
[36m[01:14:29.543833] [D] [SingleNodeWorker] [WorkerThread-9] [] [SourceThread.cpp:184] [start] Starting source with originId: 2[m
[36m[01:14:29.546198] [D] [SingleNodeWorker] [WorkerThread-9] [Task:28-83] [BufferManager.cpp:65] [~BufferManager] Calling BufferManager::destroy()[m
[36m[01:14:29.546221] [D] [SingleNodeWorker] [WorkerThread-9] [Task:28-83] [BufferManager.cpp:93] [~BufferManager] Shutting down Buffer Manager completed[m
[36m[01:14:30.065701] [D] [SingleNodeWorker] [WorkerThread-18] [Task:28] [SourceThread.cpp:230] [tryStop] SourceThread 2: attempting to stop source[m
[36m[01:14:30.065773] [D] [SingleNodeWorker] [WorkerThread-18] [Task:28] [SourceThread.cpp:248] [tryStop] SourceThread 2: stopped[m
[32m[01:14:30.091431] [I] [SingleNodeWorker] [WorkerThread-41] [Task:28-84] [VoidSink.cpp:42] [stop] Void Sink completed.[m
[36m[01:14:30.091555] [D] [SingleNodeWorker] [WorkerThread-41] [] [SourceThread.cpp:226] [tryStop] SourceThread 2: thread is not running[m
[32m[01:14:30.091601] [I] [SingleNodeWorker] [WorkerThread-47] [] [SequenceShredder.cpp:55] [~SequenceShredder] Successfully validated SequenceShredder[m
[33m[1m[01:14:31.927410] [W] [Not A Worker] [unnamed] [] [SinkDescriptor.cpp:64] [getFormatType] Sinks of the type Void do not have an INPUT_FORMAT parameter.[m
[36m[01:14:31.927657] [D] [Not A Worker] [unnamed] [] [BufferManager.cpp:110] [initialize] NES memory allocation requires 1 out of 540577120256 (so 1.8498748143954595e-10%) available bytes[m
[36m[01:14:31.927734] [D] [Not A Worker] [unnamed] [] [BufferManager.cpp:160] [initialize] BufferManager configuration bufferSize=1 numOfBuffers=1[m
[36m[01:14:31.928204] [D] [Not A Worker] [unnamed] [] [PipeliningPhase.cpp:365] [apply] Constructed pipeline plan with 1 root pipelines.
PipelinedQueryPlan for Query: 29
Number of root pipelines: 1
------------------
Root Pipeline 0:
  Pipeline(ID(85), Provider(COMPILER))
  Operator chain:
    PhysicalOperator(NES::SourcePhysicalOperator)
  Successor Pipeline:
    Pipeline(ID(86), Provider(None))
      Operator chain:
        PhysicalOperator(NES::ScanPhysicalOperator)
          PhysicalOperator(NES::EmitPhysicalOperator)
      Successor Pipeline:
        Pipeline(ID(87), Provider(None))
          Operator chain:
            PhysicalOperator(NES::SinkPhysicalOperator)

[m
[32m[01:14:31.928525] [I] [Not A Worker] [unnamed] [] [NodeEngine.cpp:55] [registerQuery] Register 29[m
[36m[01:14:31.931754] [D] [Not A Worker] [unnamed] [] [SinkProvider.cpp:30] [lower] The sinkDescriptor is: SinkDescriptor: (name: variant("PERSON_SINK"), type: Void, Config: )[m
[36m[01:14:31.932435] [D] [SingleNodeWorker] [WorkerThread-19] [Task:29-87] [VoidSink.cpp:37] [start] Setting up void sink: VoidSink[m
[36m[01:14:32.059716] [D] [SingleNodeWorker] [WorkerThread-19] [] [SourceThread.cpp:184] [start] Starting source with originId: 2[m
[36m[01:14:32.065380] [D] [SingleNodeWorker] [WorkerThread-34] [Task:29-86] [BufferManager.cpp:65] [~BufferManager] Calling BufferManager::destroy()[m
[36m[01:14:32.065496] [D] [SingleNodeWorker] [WorkerThread-34] [Task:29-86] [BufferManager.cpp:93] [~BufferManager] Shutting down Buffer Manager completed[m
[36m[01:14:32.609262] [D] [SingleNodeWorker] [WorkerThread-26] [Task:29] [SourceThread.cpp:230] [tryStop] SourceThread 2: attempting to stop source[m
[36m[01:14:32.609319] [D] [SingleNodeWorker] [WorkerThread-26] [Task:29] [SourceThread.cpp:248] [tryStop] SourceThread 2: stopped[m
[32m[01:14:32.635339] [I] [SingleNodeWorker] [WorkerThread-6] [Task:29-87] [VoidSink.cpp:42] [stop] Void Sink completed.[m
[36m[01:14:32.635470] [D] [SingleNodeWorker] [WorkerThread-6] [] [SourceThread.cpp:226] [tryStop] SourceThread 2: thread is not running[m
[32m[01:14:32.635596] [I] [SingleNodeWorker] [WorkerThread-38] [] [SequenceShredder.cpp:55] [~SequenceShredder] Successfully validated SequenceShredder[m
[33m[1m[01:14:34.642348] [W] [Not A Worker] [unnamed] [] [SinkDescriptor.cpp:64] [getFormatType] Sinks of the type Void do not have an INPUT_FORMAT parameter.[m
[36m[01:14:34.642559] [D] [Not A Worker] [unnamed] [] [BufferManager.cpp:110] [initialize] NES memory allocation requires 1 out of 540577120256 (so 1.8498748143954595e-10%) available bytes[m
[36m[01:14:34.642618] [D] [Not A Worker] [unnamed] [] [BufferManager.cpp:160] [initialize] BufferManager configuration bufferSize=1 numOfBuffers=1[m
[36m[01:14:34.643120] [D] [Not A Worker] [unnamed] [] [PipeliningPhase.cpp:365] [apply] Constructed pipeline plan with 1 root pipelines.
PipelinedQueryPlan for Query: 30
Number of root pipelines: 1
------------------
Root Pipeline 0:
  Pipeline(ID(88), Provider(COMPILER))
  Operator chain:
    PhysicalOperator(NES::SourcePhysicalOperator)
  Successor Pipeline:
    Pipeline(ID(89), Provider(None))
      Operator chain:
        PhysicalOperator(NES::ScanPhysicalOperator)
          PhysicalOperator(NES::EmitPhysicalOperator)
      Successor Pipeline:
        Pipeline(ID(90), Provider(None))
          Operator chain:
            PhysicalOperator(NES::SinkPhysicalOperator)

[m
[32m[01:14:34.643418] [I] [Not A Worker] [unnamed] [] [NodeEngine.cpp:55] [registerQuery] Register 30[m
[36m[01:14:34.646513] [D] [Not A Worker] [unnamed] [] [SinkProvider.cpp:30] [lower] The sinkDescriptor is: SinkDescriptor: (name: variant("PERSON_SINK"), type: Void, Config: )[m
[36m[01:14:34.647129] [D] [SingleNodeWorker] [WorkerThread-5] [Task:30-90] [VoidSink.cpp:37] [start] Setting up void sink: VoidSink[m
[36m[01:14:34.770978] [D] [SingleNodeWorker] [WorkerThread-5] [] [SourceThread.cpp:184] [start] Starting source with originId: 2[m
[36m[01:14:34.773359] [D] [SingleNodeWorker] [WorkerThread-5] [Task:30-89] [BufferManager.cpp:65] [~BufferManager] Calling BufferManager::destroy()[m
[36m[01:14:34.773381] [D] [SingleNodeWorker] [WorkerThread-5] [Task:30-89] [BufferManager.cpp:93] [~BufferManager] Shutting down Buffer Manager completed[m
[36m[01:14:35.317760] [D] [SingleNodeWorker] [WorkerThread-45] [Task:30] [SourceThread.cpp:230] [tryStop] SourceThread 2: attempting to stop source[m
[36m[01:14:35.317824] [D] [SingleNodeWorker] [WorkerThread-45] [Task:30] [SourceThread.cpp:248] [tryStop] SourceThread 2: stopped[m
[32m[01:14:35.344084] [I] [SingleNodeWorker] [WorkerThread-46] [Task:30-90] [VoidSink.cpp:42] [stop] Void Sink completed.[m
[36m[01:14:35.344263] [D] [SingleNodeWorker] [WorkerThread-46] [] [SourceThread.cpp:226] [tryStop] SourceThread 2: thread is not running[m
[32m[01:14:35.344387] [I] [SingleNodeWorker] [WorkerThread-21] [] [SequenceShredder.cpp:55] [~SequenceShredder] Successfully validated SequenceShredder[m
