[32m[12:03:59.789022] [I] [Not A Worker] [unnamed] [] [SingleNodeWorker.cpp:63] [SingleNodeWorker] Starting SingleNodeWorker SingleNodeWorker with configuration:
worker.query_engine.number_of_worker_threads: 4
worker.query_engine.admission_queue_size: 1000 (default)
worker.default_query_execution.execution_mode: COMPILER (default)
worker.default_query_execution.page_size: 1024 (default)
worker.default_query_execution.number_of_partitions: 100 (default)
worker.default_query_execution.number_of_records_per_key: 10 (default)
worker.default_query_execution.max_number_of_buckets: 10000 (default)
worker.default_query_execution.operator_buffer_size: 262144
worker.default_query_optimization.join_strategy: OPTIMIZER_CHOOSES (default)
worker.number_of_buffers_in_global_buffer_manager: 32768 (default)
worker.default_max_inflight_buffers: 64 (default)
worker.dump_compilation_result: NONE (default)
worker.dump_graph: 0 (default)
grpc: [::]:8080 (default)
enable_event_trace: 0 (default)
[m
[36m[12:03:59.790843] [D] [Not A Worker] [unnamed] [] [BufferManager.cpp:110] [initialize] NES memory allocation requires 8589934592 out of 540577120256 (so 1.5890303659045137%) available bytes[m
[36m[12:03:59.881499] [D] [Not A Worker] [unnamed] [] [BufferManager.cpp:160] [initialize] BufferManager configuration bufferSize=262144 numOfBuffers=32768[m
[32m[12:03:59.888399] [I] [Not A Worker] [unnamed] [] [SingleNodeWorkerStarter.cpp:93] [main] Server listening on [::]:8080[m
[36m[12:04:02.309441] [D] [Not A Worker] [unnamed] [queryId:1916059627] [BufferManager.cpp:110] [initialize] NES memory allocation requires 1 out of 540577120256 (so 1.8498748143954595e-10%) available bytes[m
[36m[12:04:02.309487] [D] [Not A Worker] [unnamed] [queryId:1916059627] [BufferManager.cpp:160] [initialize] BufferManager configuration bufferSize=1 numOfBuffers=1[m
[36m[12:04:02.309840] [D] [Not A Worker] [unnamed] [queryId:1916059627] [PipeliningPhase.cpp:365] [apply] Constructed pipeline plan with 1 root pipelines.
PipelinedQueryPlan for Query: 1916059627
Number of root pipelines: 1
------------------
Root Pipeline 0:
  Pipeline(ID(1), Provider(COMPILER))
  Operator chain:
    PhysicalOperator(NES::SourcePhysicalOperator)
  Successor Pipeline:
    Pipeline(ID(2), Provider(None))
      Operator chain:
        PhysicalOperator(NES::ScanPhysicalOperator)
          PhysicalOperator(NES::MapPhysicalOperator)
            PhysicalOperator(NES::EmitPhysicalOperator)
      Successor Pipeline:
        Pipeline(ID(3), Provider(None))
          Operator chain:
            PhysicalOperator(NES::SinkPhysicalOperator)

[m
[36m[12:04:02.313376] [D] [Not A Worker] [unnamed] [] [SinkProvider.cpp:30] [lower] The sinkDescriptor is: SinkDescriptor: (name: variant("NAME_SINK"), type: Void, Config: )[m
[36m[12:04:02.316250] [D] [SingleNodeWorker] [WorkerThread-0] [Task:1916059627-3] [VoidSink.cpp:37] [start] Setting up void sink: VoidSink[m
[36m[12:04:02.374323] [D] [SingleNodeWorker] [WorkerThread-0] [] [SourceThread.cpp:184] [start] Starting source with originId: 2[m
[36m[12:04:02.376012] [D] [SingleNodeWorker] [WorkerThread-0] [Task:1916059627-2] [BufferManager.cpp:65] [~BufferManager] Calling BufferManager::destroy()[m
[36m[12:04:02.376043] [D] [SingleNodeWorker] [WorkerThread-0] [Task:1916059627-2] [BufferManager.cpp:93] [~BufferManager] Shutting down Buffer Manager completed[m
[36m[12:04:08.207000] [D] [SingleNodeWorker] [WorkerThread-1] [Task:1916059627] [SourceThread.cpp:230] [tryStop] SourceThread 2: attempting to stop source[m
[36m[12:04:08.207103] [D] [SingleNodeWorker] [WorkerThread-1] [Task:1916059627] [SourceThread.cpp:248] [tryStop] SourceThread 2: stopped[m
[32m[12:04:08.233388] [I] [SingleNodeWorker] [WorkerThread-1] [] [SequenceShredder.cpp:55] [~SequenceShredder] Successfully validated SequenceShredder[m
[32m[12:04:08.233511] [I] [SingleNodeWorker] [WorkerThread-2] [Task:1916059627-3] [VoidSink.cpp:42] [stop] Void Sink completed.[m
[36m[12:04:08.233666] [D] [SingleNodeWorker] [WorkerThread-2] [] [SourceThread.cpp:226] [tryStop] SourceThread 2: thread is not running[m
[36m[12:04:09.926457] [D] [Not A Worker] [unnamed] [queryId:1211758937] [BufferManager.cpp:110] [initialize] NES memory allocation requires 1 out of 540577120256 (so 1.8498748143954595e-10%) available bytes[m
[36m[12:04:09.926523] [D] [Not A Worker] [unnamed] [queryId:1211758937] [BufferManager.cpp:160] [initialize] BufferManager configuration bufferSize=1 numOfBuffers=1[m
[36m[12:04:09.927011] [D] [Not A Worker] [unnamed] [queryId:1211758937] [PipeliningPhase.cpp:365] [apply] Constructed pipeline plan with 1 root pipelines.
PipelinedQueryPlan for Query: 1211758937
Number of root pipelines: 1
------------------
Root Pipeline 0:
  Pipeline(ID(4), Provider(COMPILER))
  Operator chain:
    PhysicalOperator(NES::SourcePhysicalOperator)
  Successor Pipeline:
    Pipeline(ID(5), Provider(None))
      Operator chain:
        PhysicalOperator(NES::ScanPhysicalOperator)
          PhysicalOperator(NES::MapPhysicalOperator)
            PhysicalOperator(NES::EmitPhysicalOperator)
      Successor Pipeline:
        Pipeline(ID(6), Provider(None))
          Operator chain:
            PhysicalOperator(NES::SinkPhysicalOperator)

[m
[36m[12:04:09.930433] [D] [Not A Worker] [unnamed] [] [SinkProvider.cpp:30] [lower] The sinkDescriptor is: SinkDescriptor: (name: variant("CITY_SINK"), type: Void, Config: )[m
[36m[12:04:09.932001] [D] [SingleNodeWorker] [WorkerThread-2] [Task:1211758937-6] [VoidSink.cpp:37] [start] Setting up void sink: VoidSink[m
[36m[12:04:09.991414] [D] [SingleNodeWorker] [WorkerThread-2] [] [SourceThread.cpp:184] [start] Starting source with originId: 2[m
[36m[12:04:09.993017] [D] [SingleNodeWorker] [WorkerThread-2] [Task:1211758937-5] [BufferManager.cpp:65] [~BufferManager] Calling BufferManager::destroy()[m
[36m[12:04:09.993041] [D] [SingleNodeWorker] [WorkerThread-2] [Task:1211758937-5] [BufferManager.cpp:93] [~BufferManager] Shutting down Buffer Manager completed[m
[36m[12:04:15.838360] [D] [SingleNodeWorker] [WorkerThread-2] [Task:1211758937] [SourceThread.cpp:230] [tryStop] SourceThread 2: attempting to stop source[m
[36m[12:04:15.838407] [D] [SingleNodeWorker] [WorkerThread-2] [Task:1211758937] [SourceThread.cpp:248] [tryStop] SourceThread 2: stopped[m
[32m[12:04:15.864779] [I] [SingleNodeWorker] [WorkerThread-0] [] [SequenceShredder.cpp:55] [~SequenceShredder] Successfully validated SequenceShredder[m
[32m[12:04:15.865017] [I] [SingleNodeWorker] [WorkerThread-1] [Task:1211758937-6] [VoidSink.cpp:42] [stop] Void Sink completed.[m
[36m[12:04:15.865211] [D] [SingleNodeWorker] [WorkerThread-1] [] [SourceThread.cpp:226] [tryStop] SourceThread 2: thread is not running[m
[36m[12:04:17.770153] [D] [Not A Worker] [unnamed] [queryId:1419773859] [BufferManager.cpp:110] [initialize] NES memory allocation requires 1 out of 540577120256 (so 1.8498748143954595e-10%) available bytes[m
[36m[12:04:17.770218] [D] [Not A Worker] [unnamed] [queryId:1419773859] [BufferManager.cpp:160] [initialize] BufferManager configuration bufferSize=1 numOfBuffers=1[m
[36m[12:04:17.770632] [D] [Not A Worker] [unnamed] [queryId:1419773859] [PipeliningPhase.cpp:365] [apply] Constructed pipeline plan with 1 root pipelines.
PipelinedQueryPlan for Query: 1419773859
Number of root pipelines: 1
------------------
Root Pipeline 0:
  Pipeline(ID(7), Provider(COMPILER))
  Operator chain:
    PhysicalOperator(NES::SourcePhysicalOperator)
  Successor Pipeline:
    Pipeline(ID(8), Provider(None))
      Operator chain:
        PhysicalOperator(NES::ScanPhysicalOperator)
          PhysicalOperator(NES::MapPhysicalOperator)
            PhysicalOperator(NES::EmitPhysicalOperator)
      Successor Pipeline:
        Pipeline(ID(9), Provider(None))
          Operator chain:
            PhysicalOperator(NES::SinkPhysicalOperator)

[m
[36m[12:04:17.774378] [D] [Not A Worker] [unnamed] [] [SinkProvider.cpp:30] [lower] The sinkDescriptor is: SinkDescriptor: (name: variant("EXTRA_SINK"), type: Void, Config: )[m
[36m[12:04:17.779368] [D] [SingleNodeWorker] [WorkerThread-0] [Task:1419773859-9] [VoidSink.cpp:37] [start] Setting up void sink: VoidSink[m
[36m[12:04:17.838968] [D] [SingleNodeWorker] [WorkerThread-0] [] [SourceThread.cpp:184] [start] Starting source with originId: 2[m
[36m[12:04:17.841237] [D] [SingleNodeWorker] [WorkerThread-0] [Task:1419773859-8] [BufferManager.cpp:65] [~BufferManager] Calling BufferManager::destroy()[m
[36m[12:04:17.841261] [D] [SingleNodeWorker] [WorkerThread-0] [Task:1419773859-8] [BufferManager.cpp:93] [~BufferManager] Shutting down Buffer Manager completed[m
[36m[12:04:23.936869] [D] [SingleNodeWorker] [WorkerThread-3] [Task:1419773859] [SourceThread.cpp:230] [tryStop] SourceThread 2: attempting to stop source[m
[36m[12:04:23.936932] [D] [SingleNodeWorker] [WorkerThread-3] [Task:1419773859] [SourceThread.cpp:248] [tryStop] SourceThread 2: stopped[m
[32m[12:04:23.964739] [I] [SingleNodeWorker] [WorkerThread-1] [] [SequenceShredder.cpp:55] [~SequenceShredder] Successfully validated SequenceShredder[m
[32m[12:04:23.965703] [I] [SingleNodeWorker] [WorkerThread-2] [Task:1419773859-9] [VoidSink.cpp:42] [stop] Void Sink completed.[m
[36m[12:04:23.965773] [D] [SingleNodeWorker] [WorkerThread-2] [] [SourceThread.cpp:226] [tryStop] SourceThread 2: thread is not running[m
[36m[12:04:25.556439] [D] [Not A Worker] [unnamed] [queryId:1641312523] [BufferManager.cpp:110] [initialize] NES memory allocation requires 1 out of 540577120256 (so 1.8498748143954595e-10%) available bytes[m
[36m[12:04:25.556502] [D] [Not A Worker] [unnamed] [queryId:1641312523] [BufferManager.cpp:160] [initialize] BufferManager configuration bufferSize=1 numOfBuffers=1[m
[36m[12:04:25.556900] [D] [Not A Worker] [unnamed] [queryId:1641312523] [PipeliningPhase.cpp:365] [apply] Constructed pipeline plan with 1 root pipelines.
PipelinedQueryPlan for Query: 1641312523
Number of root pipelines: 1
------------------
Root Pipeline 0:
  Pipeline(ID(10), Provider(COMPILER))
  Operator chain:
    PhysicalOperator(NES::SourcePhysicalOperator)
  Successor Pipeline:
    Pipeline(ID(11), Provider(None))
      Operator chain:
        PhysicalOperator(NES::ScanPhysicalOperator)
          PhysicalOperator(NES::MapPhysicalOperator)
            PhysicalOperator(NES::EmitPhysicalOperator)
      Successor Pipeline:
        Pipeline(ID(12), Provider(None))
          Operator chain:
            PhysicalOperator(NES::SinkPhysicalOperator)

[m
[36m[12:04:25.560300] [D] [Not A Worker] [unnamed] [] [SinkProvider.cpp:30] [lower] The sinkDescriptor is: SinkDescriptor: (name: variant("PERSON_ID_SINK"), type: Void, Config: )[m
[36m[12:04:25.561311] [D] [SingleNodeWorker] [WorkerThread-0] [Task:1641312523-12] [VoidSink.cpp:37] [start] Setting up void sink: VoidSink[m
[36m[12:04:25.620613] [D] [SingleNodeWorker] [WorkerThread-0] [] [SourceThread.cpp:184] [start] Starting source with originId: 2[m
[36m[12:04:25.623095] [D] [SingleNodeWorker] [WorkerThread-0] [Task:1641312523-11] [BufferManager.cpp:65] [~BufferManager] Calling BufferManager::destroy()[m
[36m[12:04:25.623126] [D] [SingleNodeWorker] [WorkerThread-0] [Task:1641312523-11] [BufferManager.cpp:93] [~BufferManager] Shutting down Buffer Manager completed[m
[36m[12:04:31.087583] [D] [SingleNodeWorker] [WorkerThread-1] [Task:1641312523] [SourceThread.cpp:230] [tryStop] SourceThread 2: attempting to stop source[m
[36m[12:04:31.087638] [D] [SingleNodeWorker] [WorkerThread-1] [Task:1641312523] [SourceThread.cpp:248] [tryStop] SourceThread 2: stopped[m
[32m[12:04:31.113790] [I] [SingleNodeWorker] [WorkerThread-3] [] [SequenceShredder.cpp:55] [~SequenceShredder] Successfully validated SequenceShredder[m
[32m[12:04:31.115131] [I] [SingleNodeWorker] [WorkerThread-2] [Task:1641312523-12] [VoidSink.cpp:42] [stop] Void Sink completed.[m
[36m[12:04:31.115295] [D] [SingleNodeWorker] [WorkerThread-2] [] [SourceThread.cpp:226] [tryStop] SourceThread 2: thread is not running[m
[33m[1m[12:04:33.377172] [W] [Not A Worker] [unnamed] [queryId:558497380] [SinkDescriptor.cpp:63] [getFormatType] Sinks of the type Void do not have an INPUT_FORMAT parameter.[m
[36m[12:04:33.377314] [D] [Not A Worker] [unnamed] [queryId:558497380] [BufferManager.cpp:110] [initialize] NES memory allocation requires 1 out of 540577120256 (so 1.8498748143954595e-10%) available bytes[m
[36m[12:04:33.377337] [D] [Not A Worker] [unnamed] [queryId:558497380] [BufferManager.cpp:160] [initialize] BufferManager configuration bufferSize=1 numOfBuffers=1[m
[36m[12:04:33.377558] [D] [Not A Worker] [unnamed] [queryId:558497380] [PipeliningPhase.cpp:365] [apply] Constructed pipeline plan with 1 root pipelines.
PipelinedQueryPlan for Query: 558497380
Number of root pipelines: 1
------------------
Root Pipeline 0:
  Pipeline(ID(13), Provider(COMPILER))
  Operator chain:
    PhysicalOperator(NES::SourcePhysicalOperator)
  Successor Pipeline:
    Pipeline(ID(14), Provider(None))
      Operator chain:
        PhysicalOperator(NES::ScanPhysicalOperator)
          PhysicalOperator(NES::EmitPhysicalOperator)
      Successor Pipeline:
        Pipeline(ID(15), Provider(None))
          Operator chain:
            PhysicalOperator(NES::SinkPhysicalOperator)

[m
[36m[12:04:33.381603] [D] [Not A Worker] [unnamed] [] [SinkProvider.cpp:30] [lower] The sinkDescriptor is: SinkDescriptor: (name: variant("PERSON_SINK"), type: Void, Config: )[m
[36m[12:04:33.382333] [D] [SingleNodeWorker] [WorkerThread-2] [Task:558497380-15] [VoidSink.cpp:37] [start] Setting up void sink: VoidSink[m
[36m[12:04:33.455324] [D] [SingleNodeWorker] [WorkerThread-2] [] [SourceThread.cpp:184] [start] Starting source with originId: 2[m
[36m[12:04:33.457553] [D] [SingleNodeWorker] [WorkerThread-2] [Task:558497380-14] [BufferManager.cpp:65] [~BufferManager] Calling BufferManager::destroy()[m
[36m[12:04:33.457577] [D] [SingleNodeWorker] [WorkerThread-2] [Task:558497380-14] [BufferManager.cpp:93] [~BufferManager] Shutting down Buffer Manager completed[m
[36m[12:04:41.518176] [D] [SingleNodeWorker] [WorkerThread-3] [Task:558497380] [SourceThread.cpp:230] [tryStop] SourceThread 2: attempting to stop source[m
[36m[12:04:41.518223] [D] [SingleNodeWorker] [WorkerThread-3] [Task:558497380] [SourceThread.cpp:248] [tryStop] SourceThread 2: stopped[m
[32m[12:04:41.544850] [I] [SingleNodeWorker] [WorkerThread-1] [] [SequenceShredder.cpp:55] [~SequenceShredder] Successfully validated SequenceShredder[m
[32m[12:04:41.546692] [I] [SingleNodeWorker] [WorkerThread-2] [Task:558497380-15] [VoidSink.cpp:42] [stop] Void Sink completed.[m
[36m[12:04:41.546855] [D] [SingleNodeWorker] [WorkerThread-2] [] [SourceThread.cpp:226] [tryStop] SourceThread 2: thread is not running[m
[36m[12:04:44.015276] [D] [Not A Worker] [unnamed] [queryId:303478955] [BufferManager.cpp:110] [initialize] NES memory allocation requires 1 out of 540577120256 (so 1.8498748143954595e-10%) available bytes[m
[36m[12:04:44.015333] [D] [Not A Worker] [unnamed] [queryId:303478955] [BufferManager.cpp:160] [initialize] BufferManager configuration bufferSize=1 numOfBuffers=1[m
[36m[12:04:44.015715] [D] [Not A Worker] [unnamed] [queryId:303478955] [PipeliningPhase.cpp:365] [apply] Constructed pipeline plan with 1 root pipelines.
PipelinedQueryPlan for Query: 303478955
Number of root pipelines: 1
------------------
Root Pipeline 0:
  Pipeline(ID(16), Provider(COMPILER))
  Operator chain:
    PhysicalOperator(NES::SourcePhysicalOperator)
  Successor Pipeline:
    Pipeline(ID(17), Provider(None))
      Operator chain:
        PhysicalOperator(NES::ScanPhysicalOperator)
          PhysicalOperator(NES::MapPhysicalOperator)
            PhysicalOperator(NES::EmitPhysicalOperator)
      Successor Pipeline:
        Pipeline(ID(18), Provider(None))
          Operator chain:
            PhysicalOperator(NES::SinkPhysicalOperator)

[m
[36m[12:04:44.018711] [D] [Not A Worker] [unnamed] [] [SinkProvider.cpp:30] [lower] The sinkDescriptor is: SinkDescriptor: (name: variant("BID_AUCTION_ID_SINK"), type: Void, Config: )[m
[36m[12:04:44.027191] [D] [SingleNodeWorker] [WorkerThread-2] [Task:303478955-18] [VoidSink.cpp:37] [start] Setting up void sink: VoidSink[m
[36m[12:04:44.079097] [D] [SingleNodeWorker] [WorkerThread-2] [] [SourceThread.cpp:184] [start] Starting source with originId: 2[m
[36m[12:04:44.081703] [D] [SingleNodeWorker] [WorkerThread-2] [Task:303478955-17] [BufferManager.cpp:65] [~BufferManager] Calling BufferManager::destroy()[m
[36m[12:04:44.081733] [D] [SingleNodeWorker] [WorkerThread-2] [Task:303478955-17] [BufferManager.cpp:93] [~BufferManager] Shutting down Buffer Manager completed[m
[36m[12:06:52.144708] [D] [SingleNodeWorker] [WorkerThread-3] [Task:303478955] [SourceThread.cpp:230] [tryStop] SourceThread 2: attempting to stop source[m
[36m[12:06:52.144756] [D] [SingleNodeWorker] [WorkerThread-3] [Task:303478955] [SourceThread.cpp:248] [tryStop] SourceThread 2: stopped[m
[32m[12:06:52.172120] [I] [SingleNodeWorker] [WorkerThread-2] [] [SequenceShredder.cpp:55] [~SequenceShredder] Successfully validated SequenceShredder[m
[32m[12:06:52.172449] [I] [SingleNodeWorker] [WorkerThread-1] [Task:303478955-18] [VoidSink.cpp:42] [stop] Void Sink completed.[m
[36m[12:06:52.172678] [D] [SingleNodeWorker] [WorkerThread-1] [] [SourceThread.cpp:226] [tryStop] SourceThread 2: thread is not running[m
[36m[12:06:53.905984] [D] [Not A Worker] [unnamed] [queryId:2021047455] [BufferManager.cpp:110] [initialize] NES memory allocation requires 1 out of 540577120256 (so 1.8498748143954595e-10%) available bytes[m
[36m[12:06:53.906050] [D] [Not A Worker] [unnamed] [queryId:2021047455] [BufferManager.cpp:160] [initialize] BufferManager configuration bufferSize=1 numOfBuffers=1[m
[36m[12:06:53.906607] [D] [Not A Worker] [unnamed] [queryId:2021047455] [PipeliningPhase.cpp:365] [apply] Constructed pipeline plan with 1 root pipelines.
PipelinedQueryPlan for Query: 2021047455
Number of root pipelines: 1
------------------
Root Pipeline 0:
  Pipeline(ID(19), Provider(COMPILER))
  Operator chain:
    PhysicalOperator(NES::SourcePhysicalOperator)
  Successor Pipeline:
    Pipeline(ID(20), Provider(None))
      Operator chain:
        PhysicalOperator(NES::ScanPhysicalOperator)
          PhysicalOperator(NES::MapPhysicalOperator)
            PhysicalOperator(NES::EmitPhysicalOperator)
      Successor Pipeline:
        Pipeline(ID(21), Provider(None))
          Operator chain:
            PhysicalOperator(NES::SinkPhysicalOperator)

[m
[36m[12:06:53.910167] [D] [Not A Worker] [unnamed] [] [SinkProvider.cpp:30] [lower] The sinkDescriptor is: SinkDescriptor: (name: variant("BID_TIMESTAMP_SINK"), type: Void, Config: )[m
[36m[12:06:53.914088] [D] [SingleNodeWorker] [WorkerThread-1] [Task:2021047455-21] [VoidSink.cpp:37] [start] Setting up void sink: VoidSink[m
[36m[12:06:53.962857] [D] [SingleNodeWorker] [WorkerThread-1] [] [SourceThread.cpp:184] [start] Starting source with originId: 2[m
[36m[12:06:53.970001] [D] [SingleNodeWorker] [WorkerThread-1] [Task:2021047455-20] [BufferManager.cpp:65] [~BufferManager] Calling BufferManager::destroy()[m
[36m[12:06:53.970032] [D] [SingleNodeWorker] [WorkerThread-1] [Task:2021047455-20] [BufferManager.cpp:93] [~BufferManager] Shutting down Buffer Manager completed[m
[36m[12:07:14.230673] [D] [SingleNodeWorker] [WorkerThread-2] [Task:2021047455-20] [InputFormatter.hpp:348] [indexTrailingSpanningTupleProxy] last offset: 262143, first offset: 74[m
[36m[12:08:20.577030] [D] [SingleNodeWorker] [WorkerThread-2] [Task:2021047455-20] [InputFormatter.hpp:348] [indexTrailingSpanningTupleProxy] last offset: 262143, first offset: 76[m
[36m[12:09:01.555866] [D] [SingleNodeWorker] [WorkerThread-3] [Task:2021047455] [SourceThread.cpp:230] [tryStop] SourceThread 2: attempting to stop source[m
[36m[12:09:01.555917] [D] [SingleNodeWorker] [WorkerThread-3] [Task:2021047455] [SourceThread.cpp:248] [tryStop] SourceThread 2: stopped[m
[32m[12:09:01.583763] [I] [SingleNodeWorker] [WorkerThread-0] [] [SequenceShredder.cpp:55] [~SequenceShredder] Successfully validated SequenceShredder[m
[32m[12:09:01.585940] [I] [SingleNodeWorker] [WorkerThread-2] [Task:2021047455-21] [VoidSink.cpp:42] [stop] Void Sink completed.[m
[36m[12:09:01.586085] [D] [SingleNodeWorker] [WorkerThread-2] [] [SourceThread.cpp:226] [tryStop] SourceThread 2: thread is not running[m
[36m[12:09:03.314321] [D] [Not A Worker] [unnamed] [queryId:763839787] [BufferManager.cpp:110] [initialize] NES memory allocation requires 1 out of 540577120256 (so 1.8498748143954595e-10%) available bytes[m
[36m[12:09:03.314379] [D] [Not A Worker] [unnamed] [queryId:763839787] [BufferManager.cpp:160] [initialize] BufferManager configuration bufferSize=1 numOfBuffers=1[m
[36m[12:09:03.314774] [D] [Not A Worker] [unnamed] [queryId:763839787] [PipeliningPhase.cpp:365] [apply] Constructed pipeline plan with 1 root pipelines.
PipelinedQueryPlan for Query: 763839787
Number of root pipelines: 1
------------------
Root Pipeline 0:
  Pipeline(ID(22), Provider(COMPILER))
  Operator chain:
    PhysicalOperator(NES::SourcePhysicalOperator)
  Successor Pipeline:
    Pipeline(ID(23), Provider(None))
      Operator chain:
        PhysicalOperator(NES::ScanPhysicalOperator)
          PhysicalOperator(NES::MapPhysicalOperator)
            PhysicalOperator(NES::EmitPhysicalOperator)
      Successor Pipeline:
        Pipeline(ID(24), Provider(None))
          Operator chain:
            PhysicalOperator(NES::SinkPhysicalOperator)

[m
[36m[12:09:03.318191] [D] [Not A Worker] [unnamed] [] [SinkProvider.cpp:30] [lower] The sinkDescriptor is: SinkDescriptor: (name: variant("BID_PRICE_SINK"), type: Void, Config: )[m
[36m[12:09:03.321152] [D] [SingleNodeWorker] [WorkerThread-2] [Task:763839787-24] [VoidSink.cpp:37] [start] Setting up void sink: VoidSink[m
[36m[12:09:03.371000] [D] [SingleNodeWorker] [WorkerThread-2] [] [SourceThread.cpp:184] [start] Starting source with originId: 2[m
[36m[12:09:03.378003] [D] [SingleNodeWorker] [WorkerThread-2] [Task:763839787-23] [BufferManager.cpp:65] [~BufferManager] Calling BufferManager::destroy()[m
[36m[12:09:03.378035] [D] [SingleNodeWorker] [WorkerThread-2] [Task:763839787-23] [BufferManager.cpp:93] [~BufferManager] Shutting down Buffer Manager completed[m
[36m[12:09:21.857402] [D] [SingleNodeWorker] [WorkerThread-0] [Task:763839787-23] [InputFormatter.hpp:348] [indexTrailingSpanningTupleProxy] last offset: 262143, first offset: 68[m
[36m[12:10:10.689214] [D] [SingleNodeWorker] [WorkerThread-1] [Task:763839787-23] [InputFormatter.hpp:348] [indexTrailingSpanningTupleProxy] last offset: 262143, first offset: 83[m
[36m[12:10:14.068653] [D] [SingleNodeWorker] [WorkerThread-0] [Task:763839787-23] [InputFormatter.hpp:348] [indexTrailingSpanningTupleProxy] last offset: 262143, first offset: 32[m
[36m[12:11:10.980729] [D] [SingleNodeWorker] [WorkerThread-0] [Task:763839787] [SourceThread.cpp:230] [tryStop] SourceThread 2: attempting to stop source[m
[36m[12:11:10.980781] [D] [SingleNodeWorker] [WorkerThread-0] [Task:763839787] [SourceThread.cpp:248] [tryStop] SourceThread 2: stopped[m
[32m[12:11:11.009509] [I] [SingleNodeWorker] [WorkerThread-1] [] [SequenceShredder.cpp:55] [~SequenceShredder] Successfully validated SequenceShredder[m
[32m[12:11:11.015979] [I] [SingleNodeWorker] [WorkerThread-0] [Task:763839787-24] [VoidSink.cpp:42] [stop] Void Sink completed.[m
[36m[12:11:11.016111] [D] [SingleNodeWorker] [WorkerThread-0] [] [SourceThread.cpp:226] [tryStop] SourceThread 2: thread is not running[m
