[32m[12:11:13.226545] [I] [Not A Worker] [unnamed] [] [SingleNodeWorker.cpp:63] [SingleNodeWorker] Starting SingleNodeWorker SingleNodeWorker with configuration:
worker.query_engine.number_of_worker_threads: 8
worker.query_engine.admission_queue_size: 1000 (default)
worker.default_query_execution.execution_mode: COMPILER (default)
worker.default_query_execution.page_size: 1024 (default)
worker.default_query_execution.number_of_partitions: 100 (default)
worker.default_query_execution.number_of_records_per_key: 10 (default)
worker.default_query_execution.max_number_of_buckets: 10000 (default)
worker.default_query_execution.operator_buffer_size: 262144
worker.default_query_optimization.join_strategy: OPTIMIZER_CHOOSES (default)
worker.number_of_buffers_in_global_buffer_manager: 32768 (default)
worker.default_max_inflight_buffers: 64 (default)
worker.dump_compilation_result: NONE (default)
worker.dump_graph: 0 (default)
grpc: [::]:8080 (default)
enable_event_trace: 0 (default)
[m
[36m[12:11:13.228129] [D] [Not A Worker] [unnamed] [] [BufferManager.cpp:110] [initialize] NES memory allocation requires 8589934592 out of 540577120256 (so 1.5890303659045137%) available bytes[m
[36m[12:11:13.321411] [D] [Not A Worker] [unnamed] [] [BufferManager.cpp:160] [initialize] BufferManager configuration bufferSize=262144 numOfBuffers=32768[m
[32m[12:11:13.328984] [I] [Not A Worker] [unnamed] [] [SingleNodeWorkerStarter.cpp:93] [main] Server listening on [::]:8080[m
[36m[12:11:15.744763] [D] [Not A Worker] [unnamed] [queryId:1497358547] [BufferManager.cpp:110] [initialize] NES memory allocation requires 1 out of 540577120256 (so 1.8498748143954595e-10%) available bytes[m
[36m[12:11:15.744821] [D] [Not A Worker] [unnamed] [queryId:1497358547] [BufferManager.cpp:160] [initialize] BufferManager configuration bufferSize=1 numOfBuffers=1[m
[36m[12:11:15.745210] [D] [Not A Worker] [unnamed] [queryId:1497358547] [PipeliningPhase.cpp:365] [apply] Constructed pipeline plan with 1 root pipelines.
PipelinedQueryPlan for Query: 1497358547
Number of root pipelines: 1
------------------
Root Pipeline 0:
  Pipeline(ID(1), Provider(COMPILER))
  Operator chain:
    PhysicalOperator(NES::SourcePhysicalOperator)
  Successor Pipeline:
    Pipeline(ID(2), Provider(None))
      Operator chain:
        PhysicalOperator(NES::ScanPhysicalOperator)
          PhysicalOperator(NES::MapPhysicalOperator)
            PhysicalOperator(NES::EmitPhysicalOperator)
      Successor Pipeline:
        Pipeline(ID(3), Provider(None))
          Operator chain:
            PhysicalOperator(NES::SinkPhysicalOperator)

[m
[36m[12:11:15.748966] [D] [Not A Worker] [unnamed] [] [SinkProvider.cpp:30] [lower] The sinkDescriptor is: SinkDescriptor: (name: variant("NAME_SINK"), type: Void, Config: )[m
[36m[12:11:15.750412] [D] [SingleNodeWorker] [WorkerThread-1] [Task:1497358547-3] [VoidSink.cpp:37] [start] Setting up void sink: VoidSink[m
[36m[12:11:15.809052] [D] [SingleNodeWorker] [WorkerThread-1] [] [SourceThread.cpp:184] [start] Starting source with originId: 2[m
[36m[12:11:15.810799] [D] [SingleNodeWorker] [WorkerThread-1] [Task:1497358547-2] [BufferManager.cpp:65] [~BufferManager] Calling BufferManager::destroy()[m
[36m[12:11:15.810822] [D] [SingleNodeWorker] [WorkerThread-1] [Task:1497358547-2] [BufferManager.cpp:93] [~BufferManager] Shutting down Buffer Manager completed[m
[36m[12:11:18.828127] [D] [SingleNodeWorker] [WorkerThread-1] [Task:1497358547] [SourceThread.cpp:230] [tryStop] SourceThread 2: attempting to stop source[m
[36m[12:11:18.828241] [D] [SingleNodeWorker] [WorkerThread-1] [Task:1497358547] [SourceThread.cpp:248] [tryStop] SourceThread 2: stopped[m
[32m[12:11:18.854155] [I] [SingleNodeWorker] [WorkerThread-2] [Task:1497358547-3] [VoidSink.cpp:42] [stop] Void Sink completed.[m
[36m[12:11:18.854316] [D] [SingleNodeWorker] [WorkerThread-2] [] [SourceThread.cpp:226] [tryStop] SourceThread 2: thread is not running[m
[32m[12:11:18.854366] [I] [SingleNodeWorker] [WorkerThread-3] [] [SequenceShredder.cpp:55] [~SequenceShredder] Successfully validated SequenceShredder[m
[36m[12:11:20.668364] [D] [Not A Worker] [unnamed] [queryId:1563428662] [BufferManager.cpp:110] [initialize] NES memory allocation requires 1 out of 540577120256 (so 1.8498748143954595e-10%) available bytes[m
[36m[12:11:20.668429] [D] [Not A Worker] [unnamed] [queryId:1563428662] [BufferManager.cpp:160] [initialize] BufferManager configuration bufferSize=1 numOfBuffers=1[m
[36m[12:11:20.668916] [D] [Not A Worker] [unnamed] [queryId:1563428662] [PipeliningPhase.cpp:365] [apply] Constructed pipeline plan with 1 root pipelines.
PipelinedQueryPlan for Query: 1563428662
Number of root pipelines: 1
------------------
Root Pipeline 0:
  Pipeline(ID(4), Provider(COMPILER))
  Operator chain:
    PhysicalOperator(NES::SourcePhysicalOperator)
  Successor Pipeline:
    Pipeline(ID(5), Provider(None))
      Operator chain:
        PhysicalOperator(NES::ScanPhysicalOperator)
          PhysicalOperator(NES::MapPhysicalOperator)
            PhysicalOperator(NES::EmitPhysicalOperator)
      Successor Pipeline:
        Pipeline(ID(6), Provider(None))
          Operator chain:
            PhysicalOperator(NES::SinkPhysicalOperator)

[m
[36m[12:11:20.672645] [D] [Not A Worker] [unnamed] [] [SinkProvider.cpp:30] [lower] The sinkDescriptor is: SinkDescriptor: (name: variant("CITY_SINK"), type: Void, Config: )[m
[36m[12:11:20.673925] [D] [SingleNodeWorker] [WorkerThread-6] [Task:1563428662-6] [VoidSink.cpp:37] [start] Setting up void sink: VoidSink[m
[36m[12:11:20.732413] [D] [SingleNodeWorker] [WorkerThread-6] [] [SourceThread.cpp:184] [start] Starting source with originId: 2[m
[36m[12:11:20.735604] [D] [SingleNodeWorker] [WorkerThread-6] [Task:1563428662-5] [BufferManager.cpp:65] [~BufferManager] Calling BufferManager::destroy()[m
[36m[12:11:20.735682] [D] [SingleNodeWorker] [WorkerThread-6] [Task:1563428662-5] [BufferManager.cpp:93] [~BufferManager] Shutting down Buffer Manager completed[m
[36m[12:11:23.786151] [D] [SingleNodeWorker] [WorkerThread-2] [Task:1563428662] [SourceThread.cpp:230] [tryStop] SourceThread 2: attempting to stop source[m
[36m[12:11:23.786204] [D] [SingleNodeWorker] [WorkerThread-2] [Task:1563428662] [SourceThread.cpp:248] [tryStop] SourceThread 2: stopped[m
[32m[12:11:23.812119] [I] [SingleNodeWorker] [WorkerThread-0] [] [SequenceShredder.cpp:55] [~SequenceShredder] Successfully validated SequenceShredder[m
[32m[12:11:23.812595] [I] [SingleNodeWorker] [WorkerThread-1] [Task:1563428662-6] [VoidSink.cpp:42] [stop] Void Sink completed.[m
[36m[12:11:23.812723] [D] [SingleNodeWorker] [WorkerThread-1] [] [SourceThread.cpp:226] [tryStop] SourceThread 2: thread is not running[m
[36m[12:11:25.605527] [D] [Not A Worker] [unnamed] [queryId:706369812] [BufferManager.cpp:110] [initialize] NES memory allocation requires 1 out of 540577120256 (so 1.8498748143954595e-10%) available bytes[m
[36m[12:11:25.605601] [D] [Not A Worker] [unnamed] [queryId:706369812] [BufferManager.cpp:160] [initialize] BufferManager configuration bufferSize=1 numOfBuffers=1[m
[36m[12:11:25.605957] [D] [Not A Worker] [unnamed] [queryId:706369812] [PipeliningPhase.cpp:365] [apply] Constructed pipeline plan with 1 root pipelines.
PipelinedQueryPlan for Query: 706369812
Number of root pipelines: 1
------------------
Root Pipeline 0:
  Pipeline(ID(7), Provider(COMPILER))
  Operator chain:
    PhysicalOperator(NES::SourcePhysicalOperator)
  Successor Pipeline:
    Pipeline(ID(8), Provider(None))
      Operator chain:
        PhysicalOperator(NES::ScanPhysicalOperator)
          PhysicalOperator(NES::MapPhysicalOperator)
            PhysicalOperator(NES::EmitPhysicalOperator)
      Successor Pipeline:
        Pipeline(ID(9), Provider(None))
          Operator chain:
            PhysicalOperator(NES::SinkPhysicalOperator)

[m
[36m[12:11:25.609262] [D] [Not A Worker] [unnamed] [] [SinkProvider.cpp:30] [lower] The sinkDescriptor is: SinkDescriptor: (name: variant("EXTRA_SINK"), type: Void, Config: )[m
[36m[12:11:25.610744] [D] [SingleNodeWorker] [WorkerThread-7] [Task:706369812-9] [VoidSink.cpp:37] [start] Setting up void sink: VoidSink[m
[36m[12:11:25.669451] [D] [SingleNodeWorker] [WorkerThread-7] [] [SourceThread.cpp:184] [start] Starting source with originId: 2[m
[36m[12:11:25.671684] [D] [SingleNodeWorker] [WorkerThread-7] [Task:706369812-8] [BufferManager.cpp:65] [~BufferManager] Calling BufferManager::destroy()[m
[36m[12:11:25.671712] [D] [SingleNodeWorker] [WorkerThread-7] [Task:706369812-8] [BufferManager.cpp:93] [~BufferManager] Shutting down Buffer Manager completed[m
[36m[12:11:28.840154] [D] [SingleNodeWorker] [WorkerThread-4] [Task:706369812] [SourceThread.cpp:230] [tryStop] SourceThread 2: attempting to stop source[m
[36m[12:11:28.840208] [D] [SingleNodeWorker] [WorkerThread-4] [Task:706369812] [SourceThread.cpp:248] [tryStop] SourceThread 2: stopped[m
[32m[12:11:28.866045] [I] [SingleNodeWorker] [WorkerThread-1] [] [SequenceShredder.cpp:55] [~SequenceShredder] Successfully validated SequenceShredder[m
[32m[12:11:28.866578] [I] [SingleNodeWorker] [WorkerThread-3] [Task:706369812-9] [VoidSink.cpp:42] [stop] Void Sink completed.[m
[36m[12:11:28.866662] [D] [SingleNodeWorker] [WorkerThread-3] [] [SourceThread.cpp:226] [tryStop] SourceThread 2: thread is not running[m
[36m[12:11:30.472259] [D] [Not A Worker] [unnamed] [queryId:447838733] [BufferManager.cpp:110] [initialize] NES memory allocation requires 1 out of 540577120256 (so 1.8498748143954595e-10%) available bytes[m
[36m[12:11:30.472327] [D] [Not A Worker] [unnamed] [queryId:447838733] [BufferManager.cpp:160] [initialize] BufferManager configuration bufferSize=1 numOfBuffers=1[m
[36m[12:11:30.472785] [D] [Not A Worker] [unnamed] [queryId:447838733] [PipeliningPhase.cpp:365] [apply] Constructed pipeline plan with 1 root pipelines.
PipelinedQueryPlan for Query: 447838733
Number of root pipelines: 1
------------------
Root Pipeline 0:
  Pipeline(ID(10), Provider(COMPILER))
  Operator chain:
    PhysicalOperator(NES::SourcePhysicalOperator)
  Successor Pipeline:
    Pipeline(ID(11), Provider(None))
      Operator chain:
        PhysicalOperator(NES::ScanPhysicalOperator)
          PhysicalOperator(NES::MapPhysicalOperator)
            PhysicalOperator(NES::EmitPhysicalOperator)
      Successor Pipeline:
        Pipeline(ID(12), Provider(None))
          Operator chain:
            PhysicalOperator(NES::SinkPhysicalOperator)

[m
[36m[12:11:30.476483] [D] [Not A Worker] [unnamed] [] [SinkProvider.cpp:30] [lower] The sinkDescriptor is: SinkDescriptor: (name: variant("PERSON_ID_SINK"), type: Void, Config: )[m
[36m[12:11:30.479151] [D] [SingleNodeWorker] [WorkerThread-3] [Task:447838733-12] [VoidSink.cpp:37] [start] Setting up void sink: VoidSink[m
[36m[12:11:30.536935] [D] [SingleNodeWorker] [WorkerThread-1] [] [SourceThread.cpp:184] [start] Starting source with originId: 2[m
[36m[12:11:30.539239] [D] [SingleNodeWorker] [WorkerThread-1] [Task:447838733-11] [BufferManager.cpp:65] [~BufferManager] Calling BufferManager::destroy()[m
[36m[12:11:30.539276] [D] [SingleNodeWorker] [WorkerThread-1] [Task:447838733-11] [BufferManager.cpp:93] [~BufferManager] Shutting down Buffer Manager completed[m
[36m[12:11:31.189730] [D] [SingleNodeWorker] [WorkerThread-1] [Task:447838733-11] [InputFormatter.hpp:348] [indexTrailingSpanningTupleProxy] last offset: 262143, first offset: 206[m
[36m[12:11:33.356679] [D] [SingleNodeWorker] [WorkerThread-0] [Task:447838733] [SourceThread.cpp:230] [tryStop] SourceThread 2: attempting to stop source[m
[36m[12:11:33.356728] [D] [SingleNodeWorker] [WorkerThread-0] [Task:447838733] [SourceThread.cpp:248] [tryStop] SourceThread 2: stopped[m
[32m[12:11:33.383534] [I] [SingleNodeWorker] [WorkerThread-5] [] [SequenceShredder.cpp:55] [~SequenceShredder] Successfully validated SequenceShredder[m
[32m[12:11:33.384587] [I] [SingleNodeWorker] [WorkerThread-3] [Task:447838733-12] [VoidSink.cpp:42] [stop] Void Sink completed.[m
[36m[12:11:33.384724] [D] [SingleNodeWorker] [WorkerThread-3] [] [SourceThread.cpp:226] [tryStop] SourceThread 2: thread is not running[m
[33m[1m[12:11:35.400165] [W] [Not A Worker] [unnamed] [queryId:1358704106] [SinkDescriptor.cpp:63] [getFormatType] Sinks of the type Void do not have an INPUT_FORMAT parameter.[m
[36m[12:11:35.400289] [D] [Not A Worker] [unnamed] [queryId:1358704106] [BufferManager.cpp:110] [initialize] NES memory allocation requires 1 out of 540577120256 (so 1.8498748143954595e-10%) available bytes[m
[36m[12:11:35.400320] [D] [Not A Worker] [unnamed] [queryId:1358704106] [BufferManager.cpp:160] [initialize] BufferManager configuration bufferSize=1 numOfBuffers=1[m
[36m[12:11:35.400502] [D] [Not A Worker] [unnamed] [queryId:1358704106] [PipeliningPhase.cpp:365] [apply] Constructed pipeline plan with 1 root pipelines.
PipelinedQueryPlan for Query: 1358704106
Number of root pipelines: 1
------------------
Root Pipeline 0:
  Pipeline(ID(13), Provider(COMPILER))
  Operator chain:
    PhysicalOperator(NES::SourcePhysicalOperator)
  Successor Pipeline:
    Pipeline(ID(14), Provider(None))
      Operator chain:
        PhysicalOperator(NES::ScanPhysicalOperator)
          PhysicalOperator(NES::EmitPhysicalOperator)
      Successor Pipeline:
        Pipeline(ID(15), Provider(None))
          Operator chain:
            PhysicalOperator(NES::SinkPhysicalOperator)

[m
[36m[12:11:35.403578] [D] [Not A Worker] [unnamed] [] [SinkProvider.cpp:30] [lower] The sinkDescriptor is: SinkDescriptor: (name: variant("PERSON_SINK"), type: Void, Config: )[m
[36m[12:11:35.410401] [D] [SingleNodeWorker] [WorkerThread-7] [Task:1358704106-15] [VoidSink.cpp:37] [start] Setting up void sink: VoidSink[m
[36m[12:11:35.479501] [D] [SingleNodeWorker] [WorkerThread-3] [] [SourceThread.cpp:184] [start] Starting source with originId: 2[m
[36m[12:11:35.481088] [D] [SingleNodeWorker] [WorkerThread-3] [Task:1358704106-14] [BufferManager.cpp:65] [~BufferManager] Calling BufferManager::destroy()[m
[36m[12:11:35.481114] [D] [SingleNodeWorker] [WorkerThread-3] [Task:1358704106-14] [BufferManager.cpp:93] [~BufferManager] Shutting down Buffer Manager completed[m
[36m[12:11:39.714429] [D] [SingleNodeWorker] [WorkerThread-7] [Task:1358704106] [SourceThread.cpp:230] [tryStop] SourceThread 2: attempting to stop source[m
[36m[12:11:39.714483] [D] [SingleNodeWorker] [WorkerThread-7] [Task:1358704106] [SourceThread.cpp:248] [tryStop] SourceThread 2: stopped[m
[32m[12:11:39.740200] [I] [SingleNodeWorker] [WorkerThread-3] [Task:1358704106-15] [VoidSink.cpp:42] [stop] Void Sink completed.[m
[36m[12:11:39.740343] [D] [SingleNodeWorker] [WorkerThread-3] [] [SourceThread.cpp:226] [tryStop] SourceThread 2: thread is not running[m
[32m[12:11:39.740509] [I] [SingleNodeWorker] [WorkerThread-0] [] [SequenceShredder.cpp:55] [~SequenceShredder] Successfully validated SequenceShredder[m
[36m[12:11:43.095882] [D] [Not A Worker] [unnamed] [queryId:935100004] [BufferManager.cpp:110] [initialize] NES memory allocation requires 1 out of 540577120256 (so 1.8498748143954595e-10%) available bytes[m
[36m[12:11:43.095948] [D] [Not A Worker] [unnamed] [queryId:935100004] [BufferManager.cpp:160] [initialize] BufferManager configuration bufferSize=1 numOfBuffers=1[m
[36m[12:11:43.096397] [D] [Not A Worker] [unnamed] [queryId:935100004] [PipeliningPhase.cpp:365] [apply] Constructed pipeline plan with 1 root pipelines.
PipelinedQueryPlan for Query: 935100004
Number of root pipelines: 1
------------------
Root Pipeline 0:
  Pipeline(ID(16), Provider(COMPILER))
  Operator chain:
    PhysicalOperator(NES::SourcePhysicalOperator)
  Successor Pipeline:
    Pipeline(ID(17), Provider(None))
      Operator chain:
        PhysicalOperator(NES::ScanPhysicalOperator)
          PhysicalOperator(NES::MapPhysicalOperator)
            PhysicalOperator(NES::EmitPhysicalOperator)
      Successor Pipeline:
        Pipeline(ID(18), Provider(None))
          Operator chain:
            PhysicalOperator(NES::SinkPhysicalOperator)

[m
[36m[12:11:43.098953] [D] [Not A Worker] [unnamed] [] [SinkProvider.cpp:30] [lower] The sinkDescriptor is: SinkDescriptor: (name: variant("BID_AUCTION_ID_SINK"), type: Void, Config: )[m
[36m[12:11:43.100225] [D] [SingleNodeWorker] [WorkerThread-1] [Task:935100004-18] [VoidSink.cpp:37] [start] Setting up void sink: VoidSink[m
[36m[12:11:43.148220] [D] [SingleNodeWorker] [WorkerThread-1] [] [SourceThread.cpp:184] [start] Starting source with originId: 2[m
[36m[12:11:43.150684] [D] [SingleNodeWorker] [WorkerThread-7] [Task:935100004-17] [BufferManager.cpp:65] [~BufferManager] Calling BufferManager::destroy()[m
[36m[12:11:43.150756] [D] [SingleNodeWorker] [WorkerThread-7] [Task:935100004-17] [BufferManager.cpp:93] [~BufferManager] Shutting down Buffer Manager completed[m
[36m[12:11:50.984237] [D] [SingleNodeWorker] [WorkerThread-0] [Task:935100004-17] [InputFormatter.hpp:348] [indexTrailingSpanningTupleProxy] last offset: 262143, first offset: 49[m
[36m[12:12:02.574267] [D] [SingleNodeWorker] [WorkerThread-6] [Task:935100004-17] [InputFormatter.hpp:348] [indexTrailingSpanningTupleProxy] last offset: 262143, first offset: 52[m
[36m[12:12:09.001406] [D] [SingleNodeWorker] [WorkerThread-7] [Task:935100004-17] [InputFormatter.hpp:348] [indexTrailingSpanningTupleProxy] last offset: 262143, first offset: 7[m
[36m[12:12:28.089885] [D] [SingleNodeWorker] [WorkerThread-0] [Task:935100004-17] [InputFormatter.hpp:348] [indexTrailingSpanningTupleProxy] last offset: 262143, first offset: 19[m
[36m[12:12:49.841860] [D] [SingleNodeWorker] [WorkerThread-2] [Task:935100004] [SourceThread.cpp:230] [tryStop] SourceThread 2: attempting to stop source[m
[36m[12:12:49.841918] [D] [SingleNodeWorker] [WorkerThread-2] [Task:935100004] [SourceThread.cpp:248] [tryStop] SourceThread 2: stopped[m
[32m[12:12:49.869233] [I] [SingleNodeWorker] [WorkerThread-3] [] [SequenceShredder.cpp:55] [~SequenceShredder] Successfully validated SequenceShredder[m
[32m[12:12:49.870296] [I] [SingleNodeWorker] [WorkerThread-5] [Task:935100004-18] [VoidSink.cpp:42] [stop] Void Sink completed.[m
[36m[12:12:49.870468] [D] [SingleNodeWorker] [WorkerThread-5] [] [SourceThread.cpp:226] [tryStop] SourceThread 2: thread is not running[m
[36m[12:12:51.478674] [D] [Not A Worker] [unnamed] [queryId:269332909] [BufferManager.cpp:110] [initialize] NES memory allocation requires 1 out of 540577120256 (so 1.8498748143954595e-10%) available bytes[m
[36m[12:12:51.478741] [D] [Not A Worker] [unnamed] [queryId:269332909] [BufferManager.cpp:160] [initialize] BufferManager configuration bufferSize=1 numOfBuffers=1[m
[36m[12:12:51.479144] [D] [Not A Worker] [unnamed] [queryId:269332909] [PipeliningPhase.cpp:365] [apply] Constructed pipeline plan with 1 root pipelines.
PipelinedQueryPlan for Query: 269332909
Number of root pipelines: 1
------------------
Root Pipeline 0:
  Pipeline(ID(19), Provider(COMPILER))
  Operator chain:
    PhysicalOperator(NES::SourcePhysicalOperator)
  Successor Pipeline:
    Pipeline(ID(20), Provider(None))
      Operator chain:
        PhysicalOperator(NES::ScanPhysicalOperator)
          PhysicalOperator(NES::MapPhysicalOperator)
            PhysicalOperator(NES::EmitPhysicalOperator)
      Successor Pipeline:
        Pipeline(ID(21), Provider(None))
          Operator chain:
            PhysicalOperator(NES::SinkPhysicalOperator)

[m
[36m[12:12:51.482996] [D] [Not A Worker] [unnamed] [] [SinkProvider.cpp:30] [lower] The sinkDescriptor is: SinkDescriptor: (name: variant("BID_TIMESTAMP_SINK"), type: Void, Config: )[m
[36m[12:12:51.483634] [D] [SingleNodeWorker] [WorkerThread-7] [Task:269332909-21] [VoidSink.cpp:37] [start] Setting up void sink: VoidSink[m
[36m[12:12:51.535708] [D] [SingleNodeWorker] [WorkerThread-7] [] [SourceThread.cpp:184] [start] Starting source with originId: 2[m
[36m[12:12:51.543214] [D] [SingleNodeWorker] [WorkerThread-1] [Task:269332909-20] [BufferManager.cpp:65] [~BufferManager] Calling BufferManager::destroy()[m
[36m[12:12:51.543295] [D] [SingleNodeWorker] [WorkerThread-1] [Task:269332909-20] [BufferManager.cpp:93] [~BufferManager] Shutting down Buffer Manager completed[m
[36m[12:13:03.574352] [D] [SingleNodeWorker] [WorkerThread-6] [Task:269332909-20] [InputFormatter.hpp:348] [indexTrailingSpanningTupleProxy] last offset: 262143, first offset: 63[m
[36m[12:13:13.708441] [D] [SingleNodeWorker] [WorkerThread-7] [Task:269332909-20] [InputFormatter.hpp:348] [indexTrailingSpanningTupleProxy] last offset: 262143, first offset: 82[m
[36m[12:13:57.609707] [D] [SingleNodeWorker] [WorkerThread-7] [Task:269332909] [SourceThread.cpp:230] [tryStop] SourceThread 2: attempting to stop source[m
[36m[12:13:57.609757] [D] [SingleNodeWorker] [WorkerThread-7] [Task:269332909] [SourceThread.cpp:248] [tryStop] SourceThread 2: stopped[m
[32m[12:13:57.636037] [I] [SingleNodeWorker] [WorkerThread-3] [] [SequenceShredder.cpp:55] [~SequenceShredder] Successfully validated SequenceShredder[m
[32m[12:13:57.638231] [I] [SingleNodeWorker] [WorkerThread-6] [Task:269332909-21] [VoidSink.cpp:42] [stop] Void Sink completed.[m
[36m[12:13:57.638401] [D] [SingleNodeWorker] [WorkerThread-6] [] [SourceThread.cpp:226] [tryStop] SourceThread 2: thread is not running[m
[36m[12:13:59.682431] [D] [Not A Worker] [unnamed] [queryId:1333909524] [BufferManager.cpp:110] [initialize] NES memory allocation requires 1 out of 540577120256 (so 1.8498748143954595e-10%) available bytes[m
[36m[12:13:59.682494] [D] [Not A Worker] [unnamed] [queryId:1333909524] [BufferManager.cpp:160] [initialize] BufferManager configuration bufferSize=1 numOfBuffers=1[m
[36m[12:13:59.682889] [D] [Not A Worker] [unnamed] [queryId:1333909524] [PipeliningPhase.cpp:365] [apply] Constructed pipeline plan with 1 root pipelines.
PipelinedQueryPlan for Query: 1333909524
Number of root pipelines: 1
------------------
Root Pipeline 0:
  Pipeline(ID(22), Provider(COMPILER))
  Operator chain:
    PhysicalOperator(NES::SourcePhysicalOperator)
  Successor Pipeline:
    Pipeline(ID(23), Provider(None))
      Operator chain:
        PhysicalOperator(NES::ScanPhysicalOperator)
          PhysicalOperator(NES::MapPhysicalOperator)
            PhysicalOperator(NES::EmitPhysicalOperator)
      Successor Pipeline:
        Pipeline(ID(24), Provider(None))
          Operator chain:
            PhysicalOperator(NES::SinkPhysicalOperator)

[m
[36m[12:13:59.686453] [D] [Not A Worker] [unnamed] [] [SinkProvider.cpp:30] [lower] The sinkDescriptor is: SinkDescriptor: (name: variant("BID_PRICE_SINK"), type: Void, Config: )[m
[36m[12:13:59.687867] [D] [SingleNodeWorker] [WorkerThread-7] [Task:1333909524-24] [VoidSink.cpp:37] [start] Setting up void sink: VoidSink[m
[36m[12:13:59.736518] [D] [SingleNodeWorker] [WorkerThread-7] [] [SourceThread.cpp:184] [start] Starting source with originId: 2[m
[36m[12:13:59.743775] [D] [SingleNodeWorker] [WorkerThread-6] [Task:1333909524-23] [BufferManager.cpp:65] [~BufferManager] Calling BufferManager::destroy()[m
[36m[12:13:59.743855] [D] [SingleNodeWorker] [WorkerThread-6] [Task:1333909524-23] [BufferManager.cpp:93] [~BufferManager] Shutting down Buffer Manager completed[m
[36m[12:14:04.209912] [D] [SingleNodeWorker] [WorkerThread-3] [Task:1333909524-23] [InputFormatter.hpp:348] [indexTrailingSpanningTupleProxy] last offset: 262143, first offset: 27[m
[36m[12:14:04.692663] [D] [SingleNodeWorker] [WorkerThread-5] [Task:1333909524-23] [InputFormatter.hpp:348] [indexTrailingSpanningTupleProxy] last offset: 262143, first offset: 22[m
[36m[12:14:06.313964] [D] [SingleNodeWorker] [WorkerThread-7] [Task:1333909524-23] [InputFormatter.hpp:348] [indexTrailingSpanningTupleProxy] last offset: 262143, first offset: 38[m
[36m[12:14:20.320464] [D] [SingleNodeWorker] [WorkerThread-2] [Task:1333909524-23] [InputFormatter.hpp:348] [indexTrailingSpanningTupleProxy] last offset: 262143, first offset: 22[m
[36m[12:14:27.115291] [D] [SingleNodeWorker] [WorkerThread-3] [Task:1333909524-23] [InputFormatter.hpp:348] [indexTrailingSpanningTupleProxy] last offset: 262143, first offset: 73[m
[36m[12:14:46.826202] [D] [SingleNodeWorker] [WorkerThread-6] [Task:1333909524-23] [InputFormatter.hpp:348] [indexTrailingSpanningTupleProxy] last offset: 262143, first offset: 69[m
[36m[12:15:05.964356] [D] [SingleNodeWorker] [WorkerThread-5] [Task:1333909524] [SourceThread.cpp:230] [tryStop] SourceThread 2: attempting to stop source[m
[36m[12:15:05.964402] [D] [SingleNodeWorker] [WorkerThread-5] [Task:1333909524] [SourceThread.cpp:248] [tryStop] SourceThread 2: stopped[m
[32m[12:15:05.990376] [I] [SingleNodeWorker] [WorkerThread-7] [Task:1333909524-24] [VoidSink.cpp:42] [stop] Void Sink completed.[m
[36m[12:15:05.990513] [D] [SingleNodeWorker] [WorkerThread-7] [] [SourceThread.cpp:226] [tryStop] SourceThread 2: thread is not running[m
[32m[12:15:05.990575] [I] [SingleNodeWorker] [WorkerThread-0] [] [SequenceShredder.cpp:55] [~SequenceShredder] Successfully validated SequenceShredder[m
