B0($1:ptr,$2:ptr,$3:ptr)
	ASSIGN	$4	$1	:ptr
	ASSIGN	$5	$2	:ptr
	ASSIGN	$6	$3	:ptr
	ASSIGN	$7	$4	:ptr
	CALL	$8	0x55d571449cb0($4)	:ui32
	CALL	$9	0x55d571449ce0($4)	:ptr
	ASSIGN	$10	$6	:ptr
	CONST	$11	0	:ui64
	CONST	$12	*	:ptr
	ASSIGN	$13	$9	:ptr
	CONST	$14	0	:ui64
	CONST	$15	0	:ui64
	CONST	$16	0	:ui64
	CONST	$17	0	:ui64
	CONST	$18	0	:ui64
	CONST	$19	true	:bool
	ASSIGN	$20	$5	:ptr
	CALL	$21	0x55d5716d2bb0($20)	:ui64
	ASSIGN	$15	$21	:ui64
	CALL	$22	0x55d5716d2880($20)	:ui64
	ASSIGN	$14	$22	:ui64
	CALL	$23	0x55d5716d2cd0($20)	:ui64
	ASSIGN	$16	$23	:ui64
	CALL	$24	0x55d5716d2ca0($20)	:ui64
	ASSIGN	$17	$24	:ui64
	CALL	$25	0x55d5716d2a50($20)	:ui64
	ASSIGN	$18	$25	:ui64
	CALL	$26	0x55d5716d2b40($20)	:bool
	ASSIGN	$19	$26	:bool
	CONST	$27	*	:ptr
	ASSIGN	$28	$10	:ptr
	CALL	$29	0x55d5716bbfa0($20,$27,$28)	:ptr
	ASSIGN	$30	$29	:ptr
	ASSIGN	$31	$30	:ptr
	CONST	$32	34	:ui64
	ASSIGN	$33	$32	:ui64
	CONST	$34	1	:ui64
	MUL	$35	$33	$34	:ui64
	ADD	$36	$31	$35	:ptr
	ASSIGN	$37	$36	:ptr
	ASSIGN	$38	$37	:ptr
	LOAD	$39	$38	:bool
	CMP	$40	$39	B1()	B2()	:void
B1()
	CONST	$41	false	:bool
	NOT	$42	$41	:bool
	CMP	$43	$42	B3()	B4()	:void
B2()
	CONST	$48	true	:bool
	NOT	$49	$48	:bool
	CMP	$50	$49	B5()	B6()	:void
B3()
	JMP	$0	B7()	:void
B4()
	JMP	$0	B20()	:void
B5()
	JMP	$0	B7()	:void
B6()
	JMP	$0	B20()	:void
B7() ControlFlowMerge
	CALL	$44	0x55d5714624a0($4,$5)	:void
	RETURN	$0	:void
B8()
	ASSIGN	$70	$59	:ptr
	CONST	$71	48	:ui64
	ASSIGN	$72	$71	:ui64
	CONST	$73	1	:ui64
	MUL	$74	$72	$73	:ui64
	ADD	$75	$70	$74	:ptr
	ASSIGN	$76	$59	:ptr
	CONST	$77	0	:ui64
	ASSIGN	$78	$77	:ui64
	CONST	$79	1	:ui64
	MUL	$80	$78	$79	:ui64
	ADD	$81	$76	$80	:ptr
	ASSIGN	$82	$81	:ptr
	ASSIGN	$83	$82	:ptr
	LOAD	$84	$83	:ptr
	CONST	$85	0	:ui64
	ASSIGN	$86	$75	:ptr
	ASSIGN	$87	$86	:ptr
	CONST	$88	0	:ui32
	CONST	$89	*	:ptr
	ASSIGN	$90	$88	:ui32
	ASSIGN	$91	$87	:ptr
	ASSIGN	$92	$89	:ptr
	CALL	$93	0x55d5716c9c60($90,$91,$92)	:i32
	ASSIGN	$94	$93	:i32
	ASSIGN	$95	$94	:i32
	CONST	$96	1	:ui32
	CONST	$97	*	:ptr
	CALL	$98	0x55d5716bf440($96,$87,$97)	:ptr
	ASSIGN	$99	$98	:ptr
	CONST	$100	0	:ui64
	ASSIGN	$101	$100	:ui64
	CONST	$102	1	:ui64
	MUL	$103	$101	$102	:ui64
	ADD	$104	$99	$103	:ptr
	ASSIGN	$105	$104	:ptr
	ASSIGN	$106	$105	:ptr
	LOAD	$107	$106	:ptr
	ASSIGN	$108	$98	:ptr
	CONST	$109	8	:ui64
	ASSIGN	$110	$109	:ui64
	CONST	$111	1	:ui64
	MUL	$112	$110	$111	:ui64
	ADD	$113	$108	$112	:ptr
	ASSIGN	$114	$113	:ptr
	ASSIGN	$115	$114	:ptr
	LOAD	$116	$115	:ui64
	ASSIGN	$117	$116	:ui64
	ASSIGN	$118	$107	:ptr
	ASSIGN	$119	$117	:ui64
	ASSIGN	$120	$118	:ptr
	ASSIGN	$121	$119	:ui64
	ASSIGN	$122	$120	:ptr
	ASSIGN	$123	$122	:ptr
	CONST	$124	2	:ui32
	CONST	$125	*	:ptr
	CALL	$126	0x55d5716bf440($124,$87,$125)	:ptr
	ASSIGN	$127	$126	:ptr
	CONST	$128	0	:ui64
	ASSIGN	$129	$128	:ui64
	CONST	$130	1	:ui64
	MUL	$131	$129	$130	:ui64
	ADD	$132	$127	$131	:ptr
	ASSIGN	$133	$132	:ptr
	ASSIGN	$134	$133	:ptr
	LOAD	$135	$134	:ptr
	ASSIGN	$136	$126	:ptr
	CONST	$137	8	:ui64
	ASSIGN	$138	$137	:ui64
	CONST	$139	1	:ui64
	MUL	$140	$138	$139	:ui64
	ADD	$141	$136	$140	:ptr
	ASSIGN	$142	$141	:ptr
	ASSIGN	$143	$142	:ptr
	LOAD	$144	$143	:ui64
	ASSIGN	$145	$144	:ui64
	ASSIGN	$146	$135	:ptr
	ASSIGN	$147	$145	:ui64
	ASSIGN	$148	$146	:ptr
	ASSIGN	$149	$147	:ui64
	ASSIGN	$150	$148	:ptr
	ASSIGN	$151	$150	:ptr
	CONST	$152	3	:ui32
	CONST	$153	*	:ptr
	CALL	$154	0x55d5716bf440($152,$87,$153)	:ptr
	ASSIGN	$155	$154	:ptr
	CONST	$156	0	:ui64
	ASSIGN	$157	$156	:ui64
	CONST	$158	1	:ui64
	MUL	$159	$157	$158	:ui64
	ADD	$160	$155	$159	:ptr
	ASSIGN	$161	$160	:ptr
	ASSIGN	$162	$161	:ptr
	LOAD	$163	$162	:ptr
	ASSIGN	$164	$154	:ptr
	CONST	$165	8	:ui64
	ASSIGN	$166	$165	:ui64
	CONST	$167	1	:ui64
	MUL	$168	$166	$167	:ui64
	ADD	$169	$164	$168	:ptr
	ASSIGN	$170	$169	:ptr
	ASSIGN	$171	$170	:ptr
	LOAD	$172	$171	:ui64
	ASSIGN	$173	$172	:ui64
	ASSIGN	$174	$163	:ptr
	ASSIGN	$175	$173	:ui64
	ASSIGN	$176	$174	:ptr
	ASSIGN	$177	$175	:ui64
	ASSIGN	$178	$176	:ptr
	ASSIGN	$179	$178	:ptr
	CONST	$180	4	:ui32
	CONST	$181	*	:ptr
	CALL	$182	0x55d5716bf440($180,$87,$181)	:ptr
	ASSIGN	$183	$182	:ptr
	CONST	$184	0	:ui64
	ASSIGN	$185	$184	:ui64
	CONST	$186	1	:ui64
	MUL	$187	$185	$186	:ui64
	ADD	$188	$183	$187	:ptr
	ASSIGN	$189	$188	:ptr
	ASSIGN	$190	$189	:ptr
	LOAD	$191	$190	:ptr
	ASSIGN	$192	$182	:ptr
	CONST	$193	8	:ui64
	ASSIGN	$194	$193	:ui64
	CONST	$195	1	:ui64
	MUL	$196	$194	$195	:ui64
	ADD	$197	$192	$196	:ptr
	ASSIGN	$198	$197	:ptr
	ASSIGN	$199	$198	:ptr
	LOAD	$200	$199	:ui64
	ASSIGN	$201	$200	:ui64
	ASSIGN	$202	$191	:ptr
	ASSIGN	$203	$201	:ui64
	ASSIGN	$204	$202	:ptr
	ASSIGN	$205	$203	:ui64
	ASSIGN	$206	$204	:ptr
	ASSIGN	$207	$206	:ptr
	CONST	$208	5	:ui32
	CONST	$209	*	:ptr
	CALL	$210	0x55d5716bf440($208,$87,$209)	:ptr
	ASSIGN	$211	$210	:ptr
	CONST	$212	0	:ui64
	ASSIGN	$213	$212	:ui64
	CONST	$214	1	:ui64
	MUL	$215	$213	$214	:ui64
	ADD	$216	$211	$215	:ptr
	ASSIGN	$217	$216	:ptr
	ASSIGN	$218	$217	:ptr
	LOAD	$219	$218	:ptr
	ASSIGN	$220	$210	:ptr
	CONST	$221	8	:ui64
	ASSIGN	$222	$221	:ui64
	CONST	$223	1	:ui64
	MUL	$224	$222	$223	:ui64
	ADD	$225	$220	$224	:ptr
	ASSIGN	$226	$225	:ptr
	ASSIGN	$227	$226	:ptr
	LOAD	$228	$227	:ui64
	ASSIGN	$229	$228	:ui64
	ASSIGN	$230	$219	:ptr
	ASSIGN	$231	$229	:ui64
	ASSIGN	$232	$230	:ptr
	ASSIGN	$233	$231	:ui64
	ASSIGN	$234	$232	:ptr
	ASSIGN	$235	$234	:ptr
	CONST	$236	6	:ui32
	CONST	$237	*	:ptr
	ASSIGN	$238	$236	:ui32
	ASSIGN	$239	$87	:ptr
	ASSIGN	$240	$237	:ptr
	CALL	$241	0x55d5716cb5c0($238,$239,$240)	:ui64
	ASSIGN	$242	$241	:ui64
	ASSIGN	$243	$242	:ui64
	CONST	$244	7	:ui32
	CONST	$245	*	:ptr
	CALL	$246	0x55d5716bf440($244,$87,$245)	:ptr
	ASSIGN	$247	$246	:ptr
	CONST	$248	0	:ui64
	ASSIGN	$249	$248	:ui64
	CONST	$250	1	:ui64
	MUL	$251	$249	$250	:ui64
	ADD	$252	$247	$251	:ptr
	ASSIGN	$253	$252	:ptr
	ASSIGN	$254	$253	:ptr
	LOAD	$255	$254	:ptr
	ASSIGN	$256	$246	:ptr
	CONST	$257	8	:ui64
	ASSIGN	$258	$257	:ui64
	CONST	$259	1	:ui64
	MUL	$260	$258	$259	:ui64
	ADD	$261	$256	$260	:ptr
	ASSIGN	$262	$261	:ptr
	ASSIGN	$263	$262	:ptr
	LOAD	$264	$263	:ui64
	ASSIGN	$265	$264	:ui64
	ASSIGN	$266	$255	:ptr
	ASSIGN	$267	$265	:ui64
	ASSIGN	$268	$266	:ptr
	ASSIGN	$269	$267	:ui64
	ASSIGN	$270	$268	:ptr
	ASSIGN	$271	$270	:ptr
	CALL	$272	0x55d5716b9310($87)	:void
	ASSIGN	$273	$233	:ui64
	ASSIGN	$274	$235	:ptr
	CONST	$275	*	:ptr
	CONST	$276	2	:ui64
	ASSIGN	$277	$276	:ui64
	ASSIGN	$278	$275	:ptr
	ASSIGN	$279	$278	:ptr
	ASSIGN	$280	$277	:ui64
	ASSIGN	$281	$279	:ptr
	NEQ	$282	$273	$280	:bool
	CMP	$283	$282	B10()	B11()	:void
B9()
	JMP	$0	B21()	:void
B10()
	CONST	$284	false	:bool
	ASSIGN	$285	$284	:bool
	ASSIGN	$286	$205	:ui64
	ASSIGN	$287	$207	:ptr
	CONST	$288	*	:ptr
	CONST	$289	7	:ui64
	ASSIGN	$290	$289	:ui64
	ASSIGN	$291	$288	:ptr
	ASSIGN	$292	$291	:ptr
	ASSIGN	$293	$290	:ui64
	ASSIGN	$294	$292	:ptr
	NEQ	$295	$286	$293	:bool
	CMP	$296	$295	B12()	B13()	:void
B11()
	ASSIGN	$381	$274	:ptr
	ASSIGN	$382	$281	:ptr
	ASSIGN	$383	$273	:ui64
	CALL	$384	0x7f7de7d53380($381,$382,$383)	:i32
	CONST	$385	0	:i32
	EQ	$386	$384	$385	:bool
	ASSIGN	$387	$386	:bool
	ASSIGN	$388	$387	:bool
	ASSIGN	$389	$205	:ui64
	ASSIGN	$390	$207	:ptr
	CONST	$391	*	:ptr
	CONST	$392	7	:ui64
	ASSIGN	$393	$392	:ui64
	ASSIGN	$394	$391	:ptr
	ASSIGN	$395	$394	:ptr
	ASSIGN	$396	$393	:ui64
	ASSIGN	$397	$395	:ptr
	NEQ	$398	$389	$396	:bool
	CMP	$399	$398	B22()	B23()	:void
B12()
	CONST	$297	false	:bool
	ASSIGN	$298	$297	:bool
	AND	$299	$285	$298	:bool
	ASSIGN	$300	$299	:bool
	CONST	$301	false	:bool
	EQ	$302	$300	$301	:bool
	NOT	$303	$302	:bool
	CMP	$304	$303	B14()	B15()	:void
B13()
	ASSIGN	$411	$287	:ptr
	ASSIGN	$412	$294	:ptr
	ASSIGN	$413	$286	:ui64
	CALL	$414	0x7f7de7d53380($411,$412,$413)	:i32
	CONST	$415	0	:i32
	EQ	$416	$414	$415	:bool
	ASSIGN	$417	$416	:bool
	ASSIGN	$418	$417	:bool
	AND	$419	$285	$418	:bool
	ASSIGN	$420	$419	:bool
	CONST	$421	false	:bool
	EQ	$422	$420	$421	:bool
	NOT	$423	$422	:bool
	CMP	$424	$423	B27()	B28()	:void
B14()
	JMP	$0	B26()	:void
B15()
	JMP	$0	B30()	:void
B16()
	CONST	$311	false	:bool
	CALL	$312	0x55d5716d2780($57,$56)	:void
	CALL	$313	0x55d5716d2c20($57,$15)	:void
	CALL	$314	0x55d5716d28f0($57,$14)	:void
	CALL	$315	0x55d5716d2960($57,$17)	:void
	CALL	$316	0x55d5716d2d00($57,$16)	:void
	CONST	$317	2	:ui64
	CALL	$318	0x55d57144a1d0($7,$317)	:ptr
	CALL	$319	0x55d5714378f0($318,$311,$18,$19,$57)	:void
	CALL	$320	0x55d571449de0($7,$57)	:void
	CALL	$321	0x55d57144a250($7)	:ptr
	ASSIGN	$322	$321	:ptr
	ASSIGN	$57	$322	:ptr
	CALL	$323	0x55d5716d2800($57)	:ptr
	ASSIGN	$58	$323	:ptr
	CONST	$324	0	:ui64
	ASSIGN	$56	$324	:ui64
	JMP	$0	B31()	:void
B17()
	JMP	$0	B31()	:void
B18()
	CONST	$362	true	:bool
	JMP	$0	B58()	:void
B19()
	CONST	$434	0	:ui64
	ASSIGN	$435	$59	:ptr
	CONST	$436	192	:ui64
	ASSIGN	$437	$436	:ui64
	CONST	$438	1	:ui64
	MUL	$439	$437	$438	:ui64
	ADD	$440	$435	$439	:ptr
	JMP	$0	B42()	:void
B20() ControlFlowMerge
	CALL	$54	0x55d57144a250($7)	:ptr
	ASSIGN	$55	$54	:ptr
	CONST	$56	0	:ui64
	ASSIGN	$57	$55	:ptr
	CALL	$58	0x55d5716d2800($55)	:ptr
	CALL	$59	0x55d5716b78c0()	:ptr
	ASSIGN	$60	$59	:ptr
	CONST	$61	32	:ui64
	ASSIGN	$62	$61	:ui64
	CONST	$63	1	:ui64
	MUL	$64	$62	$63	:ui64
	ADD	$65	$60	$64	:ptr
	ASSIGN	$66	$65	:ptr
	ASSIGN	$67	$66	:ptr
	LOAD	$68	$67	:bool
	CMP	$69	$68	B8()	B9()	:void
B21() ControlFlowMerge
	JMP	$0	B30()	:void
B22()
	CONST	$400	false	:bool
	ASSIGN	$401	$400	:bool
	AND	$402	$388	$401	:bool
	ASSIGN	$403	$402	:bool
	CONST	$404	false	:bool
	EQ	$405	$403	$404	:bool
	NOT	$406	$405	:bool
	CMP	$407	$406	B24()	B25()	:void
B23()
	ASSIGN	$725	$390	:ptr
	ASSIGN	$726	$397	:ptr
	ASSIGN	$727	$389	:ui64
	CALL	$728	0x7f7de7d53380($725,$726,$727)	:i32
	CONST	$729	0	:i32
	EQ	$730	$728	$729	:bool
	ASSIGN	$731	$730	:bool
	ASSIGN	$732	$731	:bool
	AND	$733	$388	$732	:bool
	ASSIGN	$734	$733	:bool
	CONST	$735	false	:bool
	EQ	$736	$734	$735	:bool
	NOT	$737	$736	:bool
	CMP	$738	$737	B43()	B44()	:void
B24()
	JMP	$0	B26()	:void
B25()
	JMP	$0	B46()	:void
B26() ControlFlowMerge
	JMP	$0	B29()	:void
B27()
	JMP	$0	B29()	:void
B28()
	JMP	$0	B47()	:void
B29() ControlFlowMerge
	JMP	$0	B45()	:void
B30() ControlFlowMerge
	JMP	$0	B46()	:void
B31() ControlFlowMerge
	CALL	$325	0x55d5716d2800($57)	:ptr
	ASSIGN	$326	$325	:ptr
	CONST	$327	4	:ui64
	MUL	$328	$327	$56	:ui64
	ASSIGN	$329	$328	:ui64
	CONST	$330	1	:ui64
	MUL	$331	$329	$330	:ui64
	ADD	$332	$326	$331	:ptr
	ASSIGN	$333	$332	:ptr
	CONST	$334	0	:ui64
	ASSIGN	$335	$334	:ui64
	CONST	$336	1	:ui64
	MUL	$337	$335	$336	:ui64
	ADD	$338	$333	$337	:ptr
	ASSIGN	$339	$307	:i32
	ASSIGN	$340	$339	:i32
	ASSIGN	$341	$340	:i32
	ASSIGN	$342	$341	:i32
	ASSIGN	$343	$338	:ptr
	ASSIGN	$344	$343	:ptr
	ASSIGN	$345	$342	:i32
	STORE	$346	$344	$345	:void
	ASSIGN	$347	$339	:i32
	CONST	$348	1	:i32
	CAST	$349	$348	:ui64
	ADD	$350	$56	$349	:ui64
	ASSIGN	$56	$350	:ui64
	JMP	$0	B21()	:void
B32()
	CALL	$453	0x55d5716d2800($20)	:ptr
	ASSIGN	$454	$440	:ptr
	ASSIGN	$455	$454	:ptr
	CONST	$456	0	:ui32
	CONST	$457	*	:ptr
	ASSIGN	$458	$456	:ui32
	ASSIGN	$459	$455	:ptr
	ASSIGN	$460	$457	:ptr
	CALL	$461	0x55d5716c9c60($458,$459,$460)	:i32
	ASSIGN	$462	$461	:i32
	ASSIGN	$463	$462	:i32
	CONST	$464	1	:ui32
	CONST	$465	*	:ptr
	CALL	$466	0x55d5716bf440($464,$455,$465)	:ptr
	ASSIGN	$467	$466	:ptr
	CONST	$468	0	:ui64
	ASSIGN	$469	$468	:ui64
	CONST	$470	1	:ui64
	MUL	$471	$469	$470	:ui64
	ADD	$472	$467	$471	:ptr
	ASSIGN	$473	$472	:ptr
	ASSIGN	$474	$473	:ptr
	LOAD	$475	$474	:ptr
	ASSIGN	$476	$466	:ptr
	CONST	$477	8	:ui64
	ASSIGN	$478	$477	:ui64
	CONST	$479	1	:ui64
	MUL	$480	$478	$479	:ui64
	ADD	$481	$476	$480	:ptr
	ASSIGN	$482	$481	:ptr
	ASSIGN	$483	$482	:ptr
	LOAD	$484	$483	:ui64
	ASSIGN	$485	$484	:ui64
	ASSIGN	$486	$475	:ptr
	ASSIGN	$487	$485	:ui64
	ASSIGN	$488	$486	:ptr
	ASSIGN	$489	$487	:ui64
	ASSIGN	$490	$488	:ptr
	ASSIGN	$491	$490	:ptr
	CONST	$492	2	:ui32
	CONST	$493	*	:ptr
	CALL	$494	0x55d5716bf440($492,$455,$493)	:ptr
	ASSIGN	$495	$494	:ptr
	CONST	$496	0	:ui64
	ASSIGN	$497	$496	:ui64
	CONST	$498	1	:ui64
	MUL	$499	$497	$498	:ui64
	ADD	$500	$495	$499	:ptr
	ASSIGN	$501	$500	:ptr
	ASSIGN	$502	$501	:ptr
	LOAD	$503	$502	:ptr
	ASSIGN	$504	$494	:ptr
	CONST	$505	8	:ui64
	ASSIGN	$506	$505	:ui64
	CONST	$507	1	:ui64
	MUL	$508	$506	$507	:ui64
	ADD	$509	$504	$508	:ptr
	ASSIGN	$510	$509	:ptr
	ASSIGN	$511	$510	:ptr
	LOAD	$512	$511	:ui64
	ASSIGN	$513	$512	:ui64
	ASSIGN	$514	$503	:ptr
	ASSIGN	$515	$513	:ui64
	ASSIGN	$516	$514	:ptr
	ASSIGN	$517	$515	:ui64
	ASSIGN	$518	$516	:ptr
	ASSIGN	$519	$518	:ptr
	CONST	$520	3	:ui32
	CONST	$521	*	:ptr
	CALL	$522	0x55d5716bf440($520,$455,$521)	:ptr
	ASSIGN	$523	$522	:ptr
	CONST	$524	0	:ui64
	ASSIGN	$525	$524	:ui64
	CONST	$526	1	:ui64
	MUL	$527	$525	$526	:ui64
	ADD	$528	$523	$527	:ptr
	ASSIGN	$529	$528	:ptr
	ASSIGN	$530	$529	:ptr
	LOAD	$531	$530	:ptr
	ASSIGN	$532	$522	:ptr
	CONST	$533	8	:ui64
	ASSIGN	$534	$533	:ui64
	CONST	$535	1	:ui64
	MUL	$536	$534	$535	:ui64
	ADD	$537	$532	$536	:ptr
	ASSIGN	$538	$537	:ptr
	ASSIGN	$539	$538	:ptr
	LOAD	$540	$539	:ui64
	ASSIGN	$541	$540	:ui64
	ASSIGN	$542	$531	:ptr
	ASSIGN	$543	$541	:ui64
	ASSIGN	$544	$542	:ptr
	ASSIGN	$545	$543	:ui64
	ASSIGN	$546	$544	:ptr
	ASSIGN	$547	$546	:ptr
	CONST	$548	4	:ui32
	CONST	$549	*	:ptr
	CALL	$550	0x55d5716bf440($548,$455,$549)	:ptr
	ASSIGN	$551	$550	:ptr
	CONST	$552	0	:ui64
	ASSIGN	$553	$552	:ui64
	CONST	$554	1	:ui64
	MUL	$555	$553	$554	:ui64
	ADD	$556	$551	$555	:ptr
	ASSIGN	$557	$556	:ptr
	ASSIGN	$558	$557	:ptr
	LOAD	$559	$558	:ptr
	ASSIGN	$560	$550	:ptr
	CONST	$561	8	:ui64
	ASSIGN	$562	$561	:ui64
	CONST	$563	1	:ui64
	MUL	$564	$562	$563	:ui64
	ADD	$565	$560	$564	:ptr
	ASSIGN	$566	$565	:ptr
	ASSIGN	$567	$566	:ptr
	LOAD	$568	$567	:ui64
	ASSIGN	$569	$568	:ui64
	ASSIGN	$570	$559	:ptr
	ASSIGN	$571	$569	:ui64
	ASSIGN	$572	$570	:ptr
	ASSIGN	$573	$571	:ui64
	ASSIGN	$574	$572	:ptr
	ASSIGN	$575	$574	:ptr
	CONST	$576	5	:ui32
	CONST	$577	*	:ptr
	CALL	$578	0x55d5716bf440($576,$455,$577)	:ptr
	ASSIGN	$579	$578	:ptr
	CONST	$580	0	:ui64
	ASSIGN	$581	$580	:ui64
	CONST	$582	1	:ui64
	MUL	$583	$581	$582	:ui64
	ADD	$584	$579	$583	:ptr
	ASSIGN	$585	$584	:ptr
	ASSIGN	$586	$585	:ptr
	LOAD	$587	$586	:ptr
	ASSIGN	$588	$578	:ptr
	CONST	$589	8	:ui64
	ASSIGN	$590	$589	:ui64
	CONST	$591	1	:ui64
	MUL	$592	$590	$591	:ui64
	ADD	$593	$588	$592	:ptr
	ASSIGN	$594	$593	:ptr
	ASSIGN	$595	$594	:ptr
	LOAD	$596	$595	:ui64
	ASSIGN	$597	$596	:ui64
	ASSIGN	$598	$587	:ptr
	ASSIGN	$599	$597	:ui64
	ASSIGN	$600	$598	:ptr
	ASSIGN	$601	$599	:ui64
	ASSIGN	$602	$600	:ptr
	ASSIGN	$603	$602	:ptr
	CONST	$604	6	:ui32
	CONST	$605	*	:ptr
	ASSIGN	$606	$604	:ui32
	ASSIGN	$607	$455	:ptr
	ASSIGN	$608	$605	:ptr
	CALL	$609	0x55d5716cb5c0($606,$607,$608)	:ui64
	ASSIGN	$610	$609	:ui64
	ASSIGN	$611	$610	:ui64
	CONST	$612	7	:ui32
	CONST	$613	*	:ptr
	CALL	$614	0x55d5716bf440($612,$455,$613)	:ptr
	ASSIGN	$615	$614	:ptr
	CONST	$616	0	:ui64
	ASSIGN	$617	$616	:ui64
	CONST	$618	1	:ui64
	MUL	$619	$617	$618	:ui64
	ADD	$620	$615	$619	:ptr
	ASSIGN	$621	$620	:ptr
	ASSIGN	$622	$621	:ptr
	LOAD	$623	$622	:ptr
	ASSIGN	$624	$614	:ptr
	CONST	$625	8	:ui64
	ASSIGN	$626	$625	:ui64
	CONST	$627	1	:ui64
	MUL	$628	$626	$627	:ui64
	ADD	$629	$624	$628	:ptr
	ASSIGN	$630	$629	:ptr
	ASSIGN	$631	$630	:ptr
	LOAD	$632	$631	:ui64
	ASSIGN	$633	$632	:ui64
	ASSIGN	$634	$623	:ptr
	ASSIGN	$635	$633	:ui64
	ASSIGN	$636	$634	:ptr
	ASSIGN	$637	$635	:ui64
	ASSIGN	$638	$636	:ptr
	ASSIGN	$639	$638	:ptr
	CALL	$640	0x55d5716b9310($455)	:void
	ASSIGN	$641	$601	:ui64
	ASSIGN	$642	$603	:ptr
	CONST	$643	*	:ptr
	CONST	$644	2	:ui64
	ASSIGN	$645	$644	:ui64
	ASSIGN	$646	$643	:ptr
	ASSIGN	$647	$646	:ptr
	ASSIGN	$648	$645	:ui64
	ASSIGN	$649	$647	:ptr
	NEQ	$650	$641	$648	:bool
	CMP	$651	$650	B34()	B35()	:void
B33()
	CONST	$748	*	:ptr
	ASSIGN	$749	$10	:ptr
	CALL	$750	0x55d5716bac90($20,$748,$749)	:bool
	CMP	$751	$750	B48()	B49()	:void
B34()
	CONST	$652	false	:bool
	ASSIGN	$653	$652	:bool
	ASSIGN	$654	$573	:ui64
	ASSIGN	$655	$575	:ptr
	CONST	$656	*	:ptr
	CONST	$657	7	:ui64
	ASSIGN	$658	$657	:ui64
	ASSIGN	$659	$656	:ptr
	ASSIGN	$660	$659	:ptr
	ASSIGN	$661	$658	:ui64
	ASSIGN	$662	$660	:ptr
	NEQ	$663	$654	$661	:bool
	CMP	$664	$663	B36()	B37()	:void
B35()
	ASSIGN	$1037	$642	:ptr
	ASSIGN	$1038	$649	:ptr
	ASSIGN	$1039	$641	:ui64
	CALL	$1040	0x7f7de7d53380($1037,$1038,$1039)	:i32
	CONST	$1041	0	:i32
	EQ	$1042	$1040	$1041	:bool
	ASSIGN	$1043	$1042	:bool
	ASSIGN	$1044	$1043	:bool
	ASSIGN	$1045	$573	:ui64
	ASSIGN	$1046	$575	:ptr
	CONST	$1047	*	:ptr
	CONST	$1048	7	:ui64
	ASSIGN	$1049	$1048	:ui64
	ASSIGN	$1050	$1047	:ptr
	ASSIGN	$1051	$1050	:ptr
	ASSIGN	$1052	$1049	:ui64
	ASSIGN	$1053	$1051	:ptr
	NEQ	$1054	$1045	$1052	:bool
	CMP	$1055	$1054	B59()	B60()	:void
B36()
	CONST	$665	false	:bool
	ASSIGN	$666	$665	:bool
	AND	$667	$653	$666	:bool
	ASSIGN	$668	$667	:bool
	CONST	$669	false	:bool
	EQ	$670	$668	$669	:bool
	NOT	$671	$670	:bool
	CMP	$672	$671	B38()	B39()	:void
B37()
	ASSIGN	$1067	$655	:ptr
	ASSIGN	$1068	$662	:ptr
	ASSIGN	$1069	$654	:ui64
	CALL	$1070	0x7f7de7d53380($1067,$1068,$1069)	:i32
	CONST	$1071	0	:i32
	EQ	$1072	$1070	$1071	:bool
	ASSIGN	$1073	$1072	:bool
	ASSIGN	$1074	$1073	:bool
	AND	$1075	$653	$1074	:bool
	ASSIGN	$1076	$1075	:bool
	CONST	$1077	false	:bool
	EQ	$1078	$1076	$1077	:bool
	NOT	$1079	$1078	:bool
	CMP	$1080	$1079	B64()	B65()	:void
B38()
	JMP	$0	B63()	:void
B39()
	CONST	$1084	1	:i32
	JMP	$0	B84()	:void
B40()
	CONST	$679	false	:bool
	CALL	$680	0x55d5716d2780($57,$56)	:void
	CALL	$681	0x55d5716d2c20($57,$15)	:void
	CALL	$682	0x55d5716d28f0($57,$14)	:void
	CALL	$683	0x55d5716d2960($57,$17)	:void
	CALL	$684	0x55d5716d2d00($57,$16)	:void
	CONST	$685	2	:ui64
	CALL	$686	0x55d57144a1d0($7,$685)	:ptr
	CALL	$687	0x55d5714378f0($686,$679,$18,$19,$57)	:void
	CALL	$688	0x55d571449de0($7,$57)	:void
	CALL	$689	0x55d57144a250($7)	:ptr
	ASSIGN	$690	$689	:ptr
	ASSIGN	$57	$690	:ptr
	CALL	$691	0x55d5716d2800($57)	:ptr
	ASSIGN	$58	$691	:ptr
	CONST	$692	0	:ui64
	ASSIGN	$56	$692	:ui64
	JMP	$0	B68()	:void
B41()
	JMP	$0	B68()	:void
B42() ControlFlowMerge
	JMP	$0	B67()	:void
B43()
	JMP	$0	B45()	:void
B44()
	JMP	$0	B69()	:void
B45() ControlFlowMerge
	ASSIGN	$305	$95	:i32
	ASSIGN	$306	$305	:i32
	ASSIGN	$307	$305	:i32
	CONST	$308	65536	:ui64
	GTE	$309	$56	$308	:bool
	CMP	$310	$309	B16()	B17()	:void
B46() ControlFlowMerge
	JMP	$0	B47()	:void
B47() ControlFlowMerge
	JMP	$0	B69()	:void
B48()
	ASSIGN	$752	$59	:ptr
	CONST	$753	120	:ui64
	ASSIGN	$754	$753	:ui64
	CONST	$755	1	:ui64
	MUL	$756	$754	$755	:ui64
	ADD	$757	$752	$756	:ptr
	ASSIGN	$758	$59	:ptr
	CONST	$759	16	:ui64
	ASSIGN	$760	$759	:ui64
	CONST	$761	1	:ui64
	MUL	$762	$760	$761	:ui64
	ADD	$763	$758	$762	:ptr
	ASSIGN	$764	$763	:ptr
	ASSIGN	$765	$764	:ptr
	LOAD	$766	$765	:ptr
	CONST	$767	0	:ui64
	ASSIGN	$768	$757	:ptr
	ASSIGN	$769	$768	:ptr
	CONST	$770	0	:ui32
	CONST	$771	*	:ptr
	ASSIGN	$772	$770	:ui32
	ASSIGN	$773	$769	:ptr
	ASSIGN	$774	$771	:ptr
	CALL	$775	0x55d5716c9c60($772,$773,$774)	:i32
	ASSIGN	$776	$775	:i32
	ASSIGN	$777	$776	:i32
	CONST	$778	1	:ui32
	CONST	$779	*	:ptr
	CALL	$780	0x55d5716bf440($778,$769,$779)	:ptr
	ASSIGN	$781	$780	:ptr
	CONST	$782	0	:ui64
	ASSIGN	$783	$782	:ui64
	CONST	$784	1	:ui64
	MUL	$785	$783	$784	:ui64
	ADD	$786	$781	$785	:ptr
	ASSIGN	$787	$786	:ptr
	ASSIGN	$788	$787	:ptr
	LOAD	$789	$788	:ptr
	ASSIGN	$790	$780	:ptr
	CONST	$791	8	:ui64
	ASSIGN	$792	$791	:ui64
	CONST	$793	1	:ui64
	MUL	$794	$792	$793	:ui64
	ADD	$795	$790	$794	:ptr
	ASSIGN	$796	$795	:ptr
	ASSIGN	$797	$796	:ptr
	LOAD	$798	$797	:ui64
	ASSIGN	$799	$798	:ui64
	ASSIGN	$800	$789	:ptr
	ASSIGN	$801	$799	:ui64
	ASSIGN	$802	$800	:ptr
	ASSIGN	$803	$801	:ui64
	ASSIGN	$804	$802	:ptr
	ASSIGN	$805	$804	:ptr
	CONST	$806	2	:ui32
	CONST	$807	*	:ptr
	CALL	$808	0x55d5716bf440($806,$769,$807)	:ptr
	ASSIGN	$809	$808	:ptr
	CONST	$810	0	:ui64
	ASSIGN	$811	$810	:ui64
	CONST	$812	1	:ui64
	MUL	$813	$811	$812	:ui64
	ADD	$814	$809	$813	:ptr
	ASSIGN	$815	$814	:ptr
	ASSIGN	$816	$815	:ptr
	LOAD	$817	$816	:ptr
	ASSIGN	$818	$808	:ptr
	CONST	$819	8	:ui64
	ASSIGN	$820	$819	:ui64
	CONST	$821	1	:ui64
	MUL	$822	$820	$821	:ui64
	ADD	$823	$818	$822	:ptr
	ASSIGN	$824	$823	:ptr
	ASSIGN	$825	$824	:ptr
	LOAD	$826	$825	:ui64
	ASSIGN	$827	$826	:ui64
	ASSIGN	$828	$817	:ptr
	ASSIGN	$829	$827	:ui64
	ASSIGN	$830	$828	:ptr
	ASSIGN	$831	$829	:ui64
	ASSIGN	$832	$830	:ptr
	ASSIGN	$833	$832	:ptr
	CONST	$834	3	:ui32
	CONST	$835	*	:ptr
	CALL	$836	0x55d5716bf440($834,$769,$835)	:ptr
	ASSIGN	$837	$836	:ptr
	CONST	$838	0	:ui64
	ASSIGN	$839	$838	:ui64
	CONST	$840	1	:ui64
	MUL	$841	$839	$840	:ui64
	ADD	$842	$837	$841	:ptr
	ASSIGN	$843	$842	:ptr
	ASSIGN	$844	$843	:ptr
	LOAD	$845	$844	:ptr
	ASSIGN	$846	$836	:ptr
	CONST	$847	8	:ui64
	ASSIGN	$848	$847	:ui64
	CONST	$849	1	:ui64
	MUL	$850	$848	$849	:ui64
	ADD	$851	$846	$850	:ptr
	ASSIGN	$852	$851	:ptr
	ASSIGN	$853	$852	:ptr
	LOAD	$854	$853	:ui64
	ASSIGN	$855	$854	:ui64
	ASSIGN	$856	$845	:ptr
	ASSIGN	$857	$855	:ui64
	ASSIGN	$858	$856	:ptr
	ASSIGN	$859	$857	:ui64
	ASSIGN	$860	$858	:ptr
	ASSIGN	$861	$860	:ptr
	CONST	$862	4	:ui32
	CONST	$863	*	:ptr
	CALL	$864	0x55d5716bf440($862,$769,$863)	:ptr
	ASSIGN	$865	$864	:ptr
	CONST	$866	0	:ui64
	ASSIGN	$867	$866	:ui64
	CONST	$868	1	:ui64
	MUL	$869	$867	$868	:ui64
	ADD	$870	$865	$869	:ptr
	ASSIGN	$871	$870	:ptr
	ASSIGN	$872	$871	:ptr
	LOAD	$873	$872	:ptr
	ASSIGN	$874	$864	:ptr
	CONST	$875	8	:ui64
	ASSIGN	$876	$875	:ui64
	CONST	$877	1	:ui64
	MUL	$878	$876	$877	:ui64
	ADD	$879	$874	$878	:ptr
	ASSIGN	$880	$879	:ptr
	ASSIGN	$881	$880	:ptr
	LOAD	$882	$881	:ui64
	ASSIGN	$883	$882	:ui64
	ASSIGN	$884	$873	:ptr
	ASSIGN	$885	$883	:ui64
	ASSIGN	$886	$884	:ptr
	ASSIGN	$887	$885	:ui64
	ASSIGN	$888	$886	:ptr
	ASSIGN	$889	$888	:ptr
	CONST	$890	5	:ui32
	CONST	$891	*	:ptr
	CALL	$892	0x55d5716bf440($890,$769,$891)	:ptr
	ASSIGN	$893	$892	:ptr
	CONST	$894	0	:ui64
	ASSIGN	$895	$894	:ui64
	CONST	$896	1	:ui64
	MUL	$897	$895	$896	:ui64
	ADD	$898	$893	$897	:ptr
	ASSIGN	$899	$898	:ptr
	ASSIGN	$900	$899	:ptr
	LOAD	$901	$900	:ptr
	ASSIGN	$902	$892	:ptr
	CONST	$903	8	:ui64
	ASSIGN	$904	$903	:ui64
	CONST	$905	1	:ui64
	MUL	$906	$904	$905	:ui64
	ADD	$907	$902	$906	:ptr
	ASSIGN	$908	$907	:ptr
	ASSIGN	$909	$908	:ptr
	LOAD	$910	$909	:ui64
	ASSIGN	$911	$910	:ui64
	ASSIGN	$912	$901	:ptr
	ASSIGN	$913	$911	:ui64
	ASSIGN	$914	$912	:ptr
	ASSIGN	$915	$913	:ui64
	ASSIGN	$916	$914	:ptr
	ASSIGN	$917	$916	:ptr
	CONST	$918	6	:ui32
	CONST	$919	*	:ptr
	ASSIGN	$920	$918	:ui32
	ASSIGN	$921	$769	:ptr
	ASSIGN	$922	$919	:ptr
	CALL	$923	0x55d5716cb5c0($920,$921,$922)	:ui64
	ASSIGN	$924	$923	:ui64
	ASSIGN	$925	$924	:ui64
	CONST	$926	7	:ui32
	CONST	$927	*	:ptr
	CALL	$928	0x55d5716bf440($926,$769,$927)	:ptr
	ASSIGN	$929	$928	:ptr
	CONST	$930	0	:ui64
	ASSIGN	$931	$930	:ui64
	CONST	$932	1	:ui64
	MUL	$933	$931	$932	:ui64
	ADD	$934	$929	$933	:ptr
	ASSIGN	$935	$934	:ptr
	ASSIGN	$936	$935	:ptr
	LOAD	$937	$936	:ptr
	ASSIGN	$938	$928	:ptr
	CONST	$939	8	:ui64
	ASSIGN	$940	$939	:ui64
	CONST	$941	1	:ui64
	MUL	$942	$940	$941	:ui64
	ADD	$943	$938	$942	:ptr
	ASSIGN	$944	$943	:ptr
	ASSIGN	$945	$944	:ptr
	LOAD	$946	$945	:ui64
	ASSIGN	$947	$946	:ui64
	ASSIGN	$948	$937	:ptr
	ASSIGN	$949	$947	:ui64
	ASSIGN	$950	$948	:ptr
	ASSIGN	$951	$949	:ui64
	ASSIGN	$952	$950	:ptr
	ASSIGN	$953	$952	:ptr
	CALL	$954	0x55d5716b9310($769)	:void
	ASSIGN	$955	$915	:ui64
	ASSIGN	$956	$917	:ptr
	CONST	$957	*	:ptr
	CONST	$958	2	:ui64
	ASSIGN	$959	$958	:ui64
	ASSIGN	$960	$957	:ptr
	ASSIGN	$961	$960	:ptr
	ASSIGN	$962	$959	:ui64
	ASSIGN	$963	$961	:ptr
	NEQ	$964	$955	$962	:bool
	CMP	$965	$964	B50()	B51()	:void
B49()
	CONST	$1096	true	:bool
	ASSIGN	$362	$1096	:bool
	JMP	$0	B70()	:void
B50()
	CONST	$966	false	:bool
	ASSIGN	$967	$966	:bool
	ASSIGN	$968	$887	:ui64
	ASSIGN	$969	$889	:ptr
	CONST	$970	*	:ptr
	CONST	$971	7	:ui64
	ASSIGN	$972	$971	:ui64
	ASSIGN	$973	$970	:ptr
	ASSIGN	$974	$973	:ptr
	ASSIGN	$975	$972	:ui64
	ASSIGN	$976	$974	:ptr
	NEQ	$977	$968	$975	:bool
	CMP	$978	$977	B52()	B53()	:void
B51()
	ASSIGN	$1100	$956	:ptr
	ASSIGN	$1101	$963	:ptr
	ASSIGN	$1102	$955	:ui64
	CALL	$1103	0x7f7de7d53380($1100,$1101,$1102)	:i32
	CONST	$1104	0	:i32
	EQ	$1105	$1103	$1104	:bool
	ASSIGN	$1106	$1105	:bool
	ASSIGN	$1107	$1106	:bool
	ASSIGN	$1108	$887	:ui64
	ASSIGN	$1109	$889	:ptr
	CONST	$1110	*	:ptr
	CONST	$1111	7	:ui64
	ASSIGN	$1112	$1111	:ui64
	ASSIGN	$1113	$1110	:ptr
	ASSIGN	$1114	$1113	:ptr
	ASSIGN	$1115	$1112	:ui64
	ASSIGN	$1116	$1114	:ptr
	NEQ	$1117	$1108	$1115	:bool
	CMP	$1118	$1117	B71()	B72()	:void
B52()
	CONST	$979	false	:bool
	ASSIGN	$980	$979	:bool
	AND	$981	$967	$980	:bool
	ASSIGN	$982	$981	:bool
	CONST	$983	false	:bool
	EQ	$984	$982	$983	:bool
	NOT	$985	$984	:bool
	CMP	$986	$985	B54()	B55()	:void
B53()
	ASSIGN	$1130	$969	:ptr
	ASSIGN	$1131	$976	:ptr
	ASSIGN	$1132	$968	:ui64
	CALL	$1133	0x7f7de7d53380($1130,$1131,$1132)	:i32
	CONST	$1134	0	:i32
	EQ	$1135	$1133	$1134	:bool
	ASSIGN	$1136	$1135	:bool
	ASSIGN	$1137	$1136	:bool
	AND	$1138	$967	$1137	:bool
	ASSIGN	$1139	$1138	:bool
	CONST	$1140	false	:bool
	EQ	$1141	$1139	$1140	:bool
	NOT	$1142	$1141	:bool
	CMP	$1143	$1142	B76()	B77()	:void
B54()
	JMP	$0	B75()	:void
B55()
	CONST	$1147	true	:bool
	ASSIGN	$362	$1147	:bool
	JMP	$0	B79()	:void
B56()
	CONST	$993	false	:bool
	CALL	$994	0x55d5716d2780($57,$56)	:void
	CALL	$995	0x55d5716d2c20($57,$15)	:void
	CALL	$996	0x55d5716d28f0($57,$14)	:void
	CALL	$997	0x55d5716d2960($57,$17)	:void
	CALL	$998	0x55d5716d2d00($57,$16)	:void
	CONST	$999	2	:ui64
	CALL	$1000	0x55d57144a1d0($7,$999)	:ptr
	CALL	$1001	0x55d5714378f0($1000,$993,$18,$19,$57)	:void
	CALL	$1002	0x55d571449de0($7,$57)	:void
	CALL	$1003	0x55d57144a250($7)	:ptr
	ASSIGN	$1004	$1003	:ptr
	ASSIGN	$57	$1004	:ptr
	CALL	$1005	0x55d5716d2800($57)	:ptr
	ASSIGN	$58	$1005	:ptr
	CONST	$1006	0	:ui64
	ASSIGN	$56	$1006	:ui64
	JMP	$0	B80()	:void
B57()
	JMP	$0	B80()	:void
B58() ControlFlowMerge
	JMP	$0	B70()	:void
B59()
	CONST	$1056	false	:bool
	ASSIGN	$1057	$1056	:bool
	AND	$1058	$1044	$1057	:bool
	ASSIGN	$1059	$1058	:bool
	CONST	$1060	false	:bool
	EQ	$1061	$1059	$1060	:bool
	NOT	$1062	$1061	:bool
	CMP	$1063	$1062	B61()	B62()	:void
B60()
	ASSIGN	$1154	$1046	:ptr
	ASSIGN	$1155	$1053	:ptr
	ASSIGN	$1156	$1045	:ui64
	CALL	$1157	0x7f7de7d53380($1154,$1155,$1156)	:i32
	CONST	$1158	0	:i32
	EQ	$1159	$1157	$1158	:bool
	ASSIGN	$1160	$1159	:bool
	ASSIGN	$1161	$1160	:bool
	AND	$1162	$1044	$1161	:bool
	ASSIGN	$1163	$1162	:bool
	CONST	$1164	false	:bool
	EQ	$1165	$1163	$1164	:bool
	NOT	$1166	$1165	:bool
	CMP	$1167	$1166	B81()	B82()	:void
B61()
	JMP	$0	B63()	:void
B62()
	CONST	$1171	1	:i32
	ASSIGN	$1084	$1171	:i32
	JMP	$0	B84()	:void
B63() ControlFlowMerge
	JMP	$0	B66()	:void
B64()
	JMP	$0	B66()	:void
B65()
	CONST	$1175	1	:i32
	ASSIGN	$1084	$1175	:i32
	JMP	$0	B85()	:void
B66() ControlFlowMerge
	JMP	$0	B83()	:void
B67() ControlFlowMerge
	ASSIGN	$441	$440	:ptr
	ASSIGN	$442	$441	:ptr
	CONST	$443	0	:ui64
	ASSIGN	$444	$443	:ui64
	CONST	$445	1	:ui64
	MUL	$446	$444	$445	:ui64
	ADD	$447	$442	$446	:ptr
	ASSIGN	$448	$447	:ptr
	ASSIGN	$449	$448	:ptr
	LOAD	$450	$449	:bool
	NOT	$451	$450	:bool
	CMP	$452	$451	B32()	B33()	:void
B68() ControlFlowMerge
	CALL	$693	0x55d5716d2800($57)	:ptr
	ASSIGN	$694	$693	:ptr
	CONST	$695	4	:ui64
	MUL	$696	$695	$56	:ui64
	ASSIGN	$697	$696	:ui64
	CONST	$698	1	:ui64
	MUL	$699	$697	$698	:ui64
	ADD	$700	$694	$699	:ptr
	ASSIGN	$701	$700	:ptr
	CONST	$702	0	:ui64
	ASSIGN	$703	$702	:ui64
	CONST	$704	1	:ui64
	MUL	$705	$703	$704	:ui64
	ADD	$706	$701	$705	:ptr
	ASSIGN	$707	$675	:i32
	ASSIGN	$708	$707	:i32
	ASSIGN	$709	$708	:i32
	ASSIGN	$710	$709	:i32
	ASSIGN	$711	$706	:ptr
	ASSIGN	$712	$711	:ptr
	ASSIGN	$713	$710	:i32
	STORE	$714	$712	$713	:void
	ASSIGN	$715	$707	:i32
	CONST	$716	1	:i32
	CAST	$717	$716	:ui64
	ADD	$718	$56	$717	:ui64
	ASSIGN	$56	$718	:ui64
	CONST	$719	1	:i32
	CAST	$720	$719	:ui64
	ADD	$721	$434	$720	:ui64
	ASSIGN	$434	$721	:ui64
	JMP	$0	B42()	:void
B69() ControlFlowMerge
	ASSIGN	$351	$59	:ptr
	CONST	$352	33	:ui64
	ASSIGN	$353	$352	:ui64
	CONST	$354	1	:ui64
	MUL	$355	$353	$354	:ui64
	ADD	$356	$351	$355	:ptr
	ASSIGN	$357	$356	:ptr
	ASSIGN	$358	$357	:ptr
	LOAD	$359	$358	:bool
	NOT	$360	$359	:bool
	CMP	$361	$360	B18()	B19()	:void
B70() ControlFlowMerge
	JMP	$0	B79()	:void
B71()
	CONST	$1119	false	:bool
	ASSIGN	$1120	$1119	:bool
	AND	$1121	$1107	$1120	:bool
	ASSIGN	$1122	$1121	:bool
	CONST	$1123	false	:bool
	EQ	$1124	$1122	$1123	:bool
	NOT	$1125	$1124	:bool
	CMP	$1126	$1125	B73()	B74()	:void
B72()
	ASSIGN	$1179	$1109	:ptr
	ASSIGN	$1180	$1116	:ptr
	ASSIGN	$1181	$1108	:ui64
	CALL	$1182	0x7f7de7d53380($1179,$1180,$1181)	:i32
	CONST	$1183	0	:i32
	EQ	$1184	$1182	$1183	:bool
	ASSIGN	$1185	$1184	:bool
	ASSIGN	$1186	$1185	:bool
	AND	$1187	$1107	$1186	:bool
	ASSIGN	$1188	$1187	:bool
	CONST	$1189	false	:bool
	EQ	$1190	$1188	$1189	:bool
	NOT	$1191	$1190	:bool
	CMP	$1192	$1191	B86()	B87()	:void
B73()
	JMP	$0	B75()	:void
B74()
	CONST	$1196	true	:bool
	ASSIGN	$362	$1196	:bool
	JMP	$0	B89()	:void
B75() ControlFlowMerge
	JMP	$0	B78()	:void
B76()
	JMP	$0	B78()	:void
B77()
	CONST	$1200	true	:bool
	ASSIGN	$362	$1200	:bool
	JMP	$0	B90()	:void
B78() ControlFlowMerge
	JMP	$0	B88()	:void
B79() ControlFlowMerge
	JMP	$0	B89()	:void
B80() ControlFlowMerge
	CALL	$1007	0x55d5716d2800($57)	:ptr
	ASSIGN	$1008	$1007	:ptr
	CONST	$1009	4	:ui64
	MUL	$1010	$1009	$56	:ui64
	ASSIGN	$1011	$1010	:ui64
	CONST	$1012	1	:ui64
	MUL	$1013	$1011	$1012	:ui64
	ADD	$1014	$1008	$1013	:ptr
	ASSIGN	$1015	$1014	:ptr
	CONST	$1016	0	:ui64
	ASSIGN	$1017	$1016	:ui64
	CONST	$1018	1	:ui64
	MUL	$1019	$1017	$1018	:ui64
	ADD	$1020	$1015	$1019	:ptr
	ASSIGN	$1021	$989	:i32
	ASSIGN	$1022	$1021	:i32
	ASSIGN	$1023	$1022	:i32
	ASSIGN	$1024	$1023	:i32
	ASSIGN	$1025	$1020	:ptr
	ASSIGN	$1026	$1025	:ptr
	ASSIGN	$1027	$1024	:i32
	STORE	$1028	$1026	$1027	:void
	ASSIGN	$1029	$1021	:i32
	CONST	$1030	1	:i32
	CAST	$1031	$1030	:ui64
	ADD	$1032	$56	$1031	:ui64
	ASSIGN	$56	$1032	:ui64
	CONST	$1033	true	:bool
	ASSIGN	$362	$1033	:bool
	JMP	$0	B58()	:void
B81()
	JMP	$0	B83()	:void
B82()
	CONST	$1204	1	:i32
	ASSIGN	$1084	$1204	:i32
	JMP	$0	B91()	:void
B83() ControlFlowMerge
	ASSIGN	$673	$463	:i32
	ASSIGN	$674	$673	:i32
	ASSIGN	$675	$673	:i32
	CONST	$676	65536	:ui64
	GTE	$677	$56	$676	:bool
	CMP	$678	$677	B40()	B41()	:void
B84() ControlFlowMerge
	JMP	$0	B85()	:void
B85() ControlFlowMerge
	JMP	$0	B91()	:void
B86()
	JMP	$0	B88()	:void
B87()
	CONST	$1208	true	:bool
	ASSIGN	$362	$1208	:bool
	JMP	$0	B92()	:void
B88() ControlFlowMerge
	ASSIGN	$987	$777	:i32
	ASSIGN	$988	$987	:i32
	ASSIGN	$989	$987	:i32
	CONST	$990	65536	:ui64
	GTE	$991	$56	$990	:bool
	CMP	$992	$991	B56()	B57()	:void
B89() ControlFlowMerge
	JMP	$0	B90()	:void
B90() ControlFlowMerge
	JMP	$0	B92()	:void
B91() ControlFlowMerge
	CAST	$1085	$1084	:ui64
	ADD	$1086	$434	$1085	:ui64
	ASSIGN	$434	$1086	:ui64
	JMP	$0	B67()	:void
B92() ControlFlowMerge
	CALL	$363	0x55d5716d2780($57,$56)	:void
	CALL	$364	0x55d5716d2c20($57,$15)	:void
	CALL	$365	0x55d5716d28f0($57,$14)	:void
	CALL	$366	0x55d5716d2960($57,$17)	:void
	CALL	$367	0x55d5716d2d00($57,$16)	:void
	CONST	$368	2	:ui64
	CALL	$369	0x55d57144a1d0($7,$368)	:ptr
	CALL	$370	0x55d5714378f0($369,$362,$18,$19,$57)	:void
	CALL	$371	0x55d571449de0($7,$57)	:void
	RETURN	$0	:void
