[32m[23:34:58.712495] [I] [Not A Worker] [unnamed] [] [SingleNodeWorker.cpp:63] [SingleNodeWorker] Starting SingleNodeWorker SingleNodeWorker with configuration:
worker.query_engine.number_of_worker_threads: 16
worker.query_engine.admission_queue_size: 1000 (default)
worker.default_query_execution.execution_mode: COMPILER (default)
worker.default_query_execution.page_size: 1024 (default)
worker.default_query_execution.number_of_partitions: 100 (default)
worker.default_query_execution.number_of_records_per_key: 10 (default)
worker.default_query_execution.max_number_of_buckets: 10000 (default)
worker.default_query_execution.operator_buffer_size: 262144
worker.default_query_optimization.join_strategy: OPTIMIZER_CHOOSES (default)
worker.number_of_buffers_in_global_buffer_manager: 32768 (default)
worker.default_max_inflight_buffers: 64 (default)
worker.dump_compilation_result: NONE (default)
worker.dump_graph: 0 (default)
grpc: [::]:8080 (default)
enable_event_trace: 0 (default)
[m
[36m[23:34:58.713943] [D] [Not A Worker] [unnamed] [] [BufferManager.cpp:110] [initialize] NES memory allocation requires 8589934592 out of 540577120256 (so 1.5890303659045137%) available bytes[m
[36m[23:34:58.802602] [D] [Not A Worker] [unnamed] [] [BufferManager.cpp:160] [initialize] BufferManager configuration bufferSize=262144 numOfBuffers=32768[m
[32m[23:34:58.812026] [I] [Not A Worker] [unnamed] [] [SingleNodeWorkerStarter.cpp:93] [main] Server listening on [::]:8080[m
[36m[23:35:01.234654] [D] [Not A Worker] [unnamed] [queryId:85519277] [BufferManager.cpp:110] [initialize] NES memory allocation requires 1 out of 540577120256 (so 1.8498748143954595e-10%) available bytes[m
[36m[23:35:01.234721] [D] [Not A Worker] [unnamed] [queryId:85519277] [BufferManager.cpp:160] [initialize] BufferManager configuration bufferSize=1 numOfBuffers=1[m
[36m[23:35:01.234937] [D] [Not A Worker] [unnamed] [queryId:85519277] [PipeliningPhase.cpp:365] [apply] Constructed pipeline plan with 1 root pipelines.
PipelinedQueryPlan for Query: 85519277
Number of root pipelines: 1
------------------
Root Pipeline 0:
  Pipeline(ID(1), Provider(COMPILER))
  Operator chain:
    PhysicalOperator(NES::SourcePhysicalOperator)
  Successor Pipeline:
    Pipeline(ID(2), Provider(None))
      Operator chain:
        PhysicalOperator(NES::ScanPhysicalOperator)
          PhysicalOperator(NES::SelectionPhysicalOperator)
            PhysicalOperator(NES::MapPhysicalOperator)
              PhysicalOperator(NES::EmitPhysicalOperator)
      Successor Pipeline:
        Pipeline(ID(3), Provider(None))
          Operator chain:
            PhysicalOperator(NES::SinkPhysicalOperator)

[m
[36m[23:35:01.238695] [D] [Not A Worker] [unnamed] [] [SinkProvider.cpp:30] [lower] The sinkDescriptor is: SinkDescriptor: (name: variant("NAME_SINK"), type: Void, Config: )[m
[36m[23:35:01.239996] [D] [SingleNodeWorker] [WorkerThread-13] [Task:85519277-3] [VoidSink.cpp:37] [start] Setting up void sink: VoidSink[m
[36m[23:35:01.331031] [D] [SingleNodeWorker] [WorkerThread-13] [] [SourceThread.cpp:184] [start] Starting source with originId: 2[m
[36m[23:35:01.352627] [D] [SingleNodeWorker] [WorkerThread-14] [Task:85519277-2] [BufferManager.cpp:65] [~BufferManager] Calling BufferManager::destroy()[m
[36m[23:35:01.352667] [D] [SingleNodeWorker] [WorkerThread-14] [Task:85519277-2] [BufferManager.cpp:93] [~BufferManager] Shutting down Buffer Manager completed[m
[36m[23:35:03.376983] [D] [SingleNodeWorker] [WorkerThread-3] [Task:85519277] [SourceThread.cpp:230] [tryStop] SourceThread 2: attempting to stop source[m
[36m[23:35:03.377044] [D] [SingleNodeWorker] [WorkerThread-3] [Task:85519277] [SourceThread.cpp:248] [tryStop] SourceThread 2: stopped[m
[32m[23:35:03.404176] [I] [SingleNodeWorker] [WorkerThread-7] [Task:85519277-3] [VoidSink.cpp:42] [stop] Void Sink completed.[m
[36m[23:35:03.404305] [D] [SingleNodeWorker] [WorkerThread-7] [] [SourceThread.cpp:226] [tryStop] SourceThread 2: thread is not running[m
[32m[23:35:03.404348] [I] [SingleNodeWorker] [WorkerThread-6] [] [SequenceShredder.cpp:55] [~SequenceShredder] Successfully validated SequenceShredder[m
[36m[23:35:06.081692] [D] [Not A Worker] [unnamed] [queryId:755111740] [BufferManager.cpp:110] [initialize] NES memory allocation requires 1 out of 540577120256 (so 1.8498748143954595e-10%) available bytes[m
[36m[23:35:06.081752] [D] [Not A Worker] [unnamed] [queryId:755111740] [BufferManager.cpp:160] [initialize] BufferManager configuration bufferSize=1 numOfBuffers=1[m
[36m[23:35:06.081952] [D] [Not A Worker] [unnamed] [queryId:755111740] [PipeliningPhase.cpp:365] [apply] Constructed pipeline plan with 1 root pipelines.
PipelinedQueryPlan for Query: 755111740
Number of root pipelines: 1
------------------
Root Pipeline 0:
  Pipeline(ID(4), Provider(COMPILER))
  Operator chain:
    PhysicalOperator(NES::SourcePhysicalOperator)
  Successor Pipeline:
    Pipeline(ID(5), Provider(None))
      Operator chain:
        PhysicalOperator(NES::ScanPhysicalOperator)
          PhysicalOperator(NES::SelectionPhysicalOperator)
            PhysicalOperator(NES::EmitPhysicalOperator)
      Successor Pipeline:
        Pipeline(ID(6), Provider(None))
          Operator chain:
            PhysicalOperator(NES::SinkPhysicalOperator)

[m
[36m[23:35:06.085657] [D] [Not A Worker] [unnamed] [] [SinkProvider.cpp:30] [lower] The sinkDescriptor is: SinkDescriptor: (name: variant("PERSON_SINK"), type: Void, Config: )[m
[36m[23:35:06.086885] [D] [SingleNodeWorker] [WorkerThread-13] [Task:755111740-6] [VoidSink.cpp:37] [start] Setting up void sink: VoidSink[m
[36m[23:35:06.193913] [D] [SingleNodeWorker] [WorkerThread-6] [] [SourceThread.cpp:184] [start] Starting source with originId: 2[m
[36m[23:35:06.203703] [D] [SingleNodeWorker] [WorkerThread-6] [Task:755111740-5] [BufferManager.cpp:65] [~BufferManager] Calling BufferManager::destroy()[m
[36m[23:35:06.203728] [D] [SingleNodeWorker] [WorkerThread-6] [Task:755111740-5] [BufferManager.cpp:93] [~BufferManager] Shutting down Buffer Manager completed[m
[36m[23:35:08.193300] [D] [SingleNodeWorker] [WorkerThread-0] [Task:755111740] [SourceThread.cpp:230] [tryStop] SourceThread 2: attempting to stop source[m
[36m[23:35:08.193352] [D] [SingleNodeWorker] [WorkerThread-0] [Task:755111740] [SourceThread.cpp:248] [tryStop] SourceThread 2: stopped[m
[32m[23:35:08.220198] [I] [SingleNodeWorker] [WorkerThread-13] [] [SequenceShredder.cpp:55] [~SequenceShredder] Successfully validated SequenceShredder[m
[32m[23:35:08.220499] [I] [SingleNodeWorker] [WorkerThread-2] [Task:755111740-6] [VoidSink.cpp:42] [stop] Void Sink completed.[m
[36m[23:35:08.220644] [D] [SingleNodeWorker] [WorkerThread-2] [] [SourceThread.cpp:226] [tryStop] SourceThread 2: thread is not running[m
[36m[23:35:11.037015] [D] [Not A Worker] [unnamed] [queryId:764920420] [BufferManager.cpp:110] [initialize] NES memory allocation requires 1 out of 540577120256 (so 1.8498748143954595e-10%) available bytes[m
[36m[23:35:11.037070] [D] [Not A Worker] [unnamed] [queryId:764920420] [BufferManager.cpp:160] [initialize] BufferManager configuration bufferSize=1 numOfBuffers=1[m
[36m[23:35:11.037234] [D] [Not A Worker] [unnamed] [queryId:764920420] [PipeliningPhase.cpp:365] [apply] Constructed pipeline plan with 1 root pipelines.
PipelinedQueryPlan for Query: 764920420
Number of root pipelines: 1
------------------
Root Pipeline 0:
  Pipeline(ID(7), Provider(COMPILER))
  Operator chain:
    PhysicalOperator(NES::SourcePhysicalOperator)
  Successor Pipeline:
    Pipeline(ID(8), Provider(None))
      Operator chain:
        PhysicalOperator(NES::ScanPhysicalOperator)
          PhysicalOperator(NES::SelectionPhysicalOperator)
            PhysicalOperator(NES::MapPhysicalOperator)
              PhysicalOperator(NES::EmitPhysicalOperator)
      Successor Pipeline:
        Pipeline(ID(9), Provider(None))
          Operator chain:
            PhysicalOperator(NES::SinkPhysicalOperator)

[m
[36m[23:35:11.040720] [D] [Not A Worker] [unnamed] [] [SinkProvider.cpp:30] [lower] The sinkDescriptor is: SinkDescriptor: (name: variant("PERSON_ID_SINK"), type: Void, Config: )[m
[36m[23:35:11.042041] [D] [SingleNodeWorker] [WorkerThread-13] [Task:764920420-9] [VoidSink.cpp:37] [start] Setting up void sink: VoidSink[m
[36m[23:35:11.131413] [D] [SingleNodeWorker] [WorkerThread-13] [] [SourceThread.cpp:184] [start] Starting source with originId: 2[m
[36m[23:35:11.141381] [D] [SingleNodeWorker] [WorkerThread-13] [Task:764920420-8] [BufferManager.cpp:65] [~BufferManager] Calling BufferManager::destroy()[m
[36m[23:35:11.141409] [D] [SingleNodeWorker] [WorkerThread-13] [Task:764920420-8] [BufferManager.cpp:93] [~BufferManager] Shutting down Buffer Manager completed[m
[36m[23:35:13.085776] [D] [SingleNodeWorker] [WorkerThread-9] [Task:764920420] [SourceThread.cpp:230] [tryStop] SourceThread 2: attempting to stop source[m
[36m[23:35:13.085826] [D] [SingleNodeWorker] [WorkerThread-9] [Task:764920420] [SourceThread.cpp:248] [tryStop] SourceThread 2: stopped[m
[32m[23:35:13.111806] [I] [SingleNodeWorker] [WorkerThread-4] [Task:764920420-9] [VoidSink.cpp:42] [stop] Void Sink completed.[m
[36m[23:35:13.111934] [D] [SingleNodeWorker] [WorkerThread-4] [] [SourceThread.cpp:226] [tryStop] SourceThread 2: thread is not running[m
[32m[23:35:13.112012] [I] [SingleNodeWorker] [WorkerThread-8] [] [SequenceShredder.cpp:55] [~SequenceShredder] Successfully validated SequenceShredder[m
[36m[23:35:15.931377] [D] [Not A Worker] [unnamed] [queryId:1168434325] [BufferManager.cpp:110] [initialize] NES memory allocation requires 1 out of 540577120256 (so 1.8498748143954595e-10%) available bytes[m
[36m[23:35:15.931442] [D] [Not A Worker] [unnamed] [queryId:1168434325] [BufferManager.cpp:160] [initialize] BufferManager configuration bufferSize=1 numOfBuffers=1[m
[36m[23:35:15.931635] [D] [Not A Worker] [unnamed] [queryId:1168434325] [PipeliningPhase.cpp:365] [apply] Constructed pipeline plan with 1 root pipelines.
PipelinedQueryPlan for Query: 1168434325
Number of root pipelines: 1
------------------
Root Pipeline 0:
  Pipeline(ID(10), Provider(COMPILER))
  Operator chain:
    PhysicalOperator(NES::SourcePhysicalOperator)
  Successor Pipeline:
    Pipeline(ID(11), Provider(None))
      Operator chain:
        PhysicalOperator(NES::ScanPhysicalOperator)
          PhysicalOperator(NES::SelectionPhysicalOperator)
            PhysicalOperator(NES::MapPhysicalOperator)
              PhysicalOperator(NES::EmitPhysicalOperator)
      Successor Pipeline:
        Pipeline(ID(12), Provider(None))
          Operator chain:
            PhysicalOperator(NES::SinkPhysicalOperator)

[m
[36m[23:35:15.935749] [D] [Not A Worker] [unnamed] [] [SinkProvider.cpp:30] [lower] The sinkDescriptor is: SinkDescriptor: (name: variant("BID_AUCTION_ID_SINK"), type: Void, Config: )[m
[36m[23:35:15.938159] [D] [SingleNodeWorker] [WorkerThread-6] [Task:1168434325-12] [VoidSink.cpp:37] [start] Setting up void sink: VoidSink[m
[36m[23:35:16.007187] [D] [SingleNodeWorker] [WorkerThread-6] [] [SourceThread.cpp:184] [start] Starting source with originId: 2[m
[36m[23:35:16.020310] [D] [SingleNodeWorker] [WorkerThread-6] [Task:1168434325-11] [BufferManager.cpp:65] [~BufferManager] Calling BufferManager::destroy()[m
[36m[23:35:16.020343] [D] [SingleNodeWorker] [WorkerThread-6] [Task:1168434325-11] [BufferManager.cpp:93] [~BufferManager] Shutting down Buffer Manager completed[m
[36m[23:35:40.780921] [D] [SingleNodeWorker] [WorkerThread-1] [Task:1168434325] [SourceThread.cpp:230] [tryStop] SourceThread 2: attempting to stop source[m
[36m[23:35:40.780976] [D] [SingleNodeWorker] [WorkerThread-1] [Task:1168434325] [SourceThread.cpp:248] [tryStop] SourceThread 2: stopped[m
[32m[23:35:40.806801] [I] [SingleNodeWorker] [WorkerThread-11] [Task:1168434325-12] [VoidSink.cpp:42] [stop] Void Sink completed.[m
[36m[23:35:40.807009] [D] [SingleNodeWorker] [WorkerThread-11] [] [SourceThread.cpp:226] [tryStop] SourceThread 2: thread is not running[m
[32m[23:35:40.807107] [I] [SingleNodeWorker] [WorkerThread-10] [] [SequenceShredder.cpp:55] [~SequenceShredder] Successfully validated SequenceShredder[m
[36m[23:35:43.710865] [D] [Not A Worker] [unnamed] [queryId:1349965333] [BufferManager.cpp:110] [initialize] NES memory allocation requires 1 out of 540577120256 (so 1.8498748143954595e-10%) available bytes[m
[36m[23:35:43.710924] [D] [Not A Worker] [unnamed] [queryId:1349965333] [BufferManager.cpp:160] [initialize] BufferManager configuration bufferSize=1 numOfBuffers=1[m
[36m[23:35:43.711249] [D] [Not A Worker] [unnamed] [queryId:1349965333] [PipeliningPhase.cpp:365] [apply] Constructed pipeline plan with 1 root pipelines.
PipelinedQueryPlan for Query: 1349965333
Number of root pipelines: 1
------------------
Root Pipeline 0:
  Pipeline(ID(13), Provider(COMPILER))
  Operator chain:
    PhysicalOperator(NES::SourcePhysicalOperator)
  Successor Pipeline:
    Pipeline(ID(14), Provider(None))
      Operator chain:
        PhysicalOperator(NES::ScanPhysicalOperator)
          PhysicalOperator(NES::MapPhysicalOperator)
            PhysicalOperator(NES::EmitPhysicalOperator)
      Successor Pipeline:
        Pipeline(ID(15), Provider(None))
          Operator chain:
            PhysicalOperator(NES::SinkPhysicalOperator)

[m
[36m[23:35:43.714467] [D] [Not A Worker] [unnamed] [] [SinkProvider.cpp:30] [lower] The sinkDescriptor is: SinkDescriptor: (name: variant("NAME_SINK"), type: Void, Config: )[m
[36m[23:35:43.714858] [D] [SingleNodeWorker] [WorkerThread-1] [Task:1349965333-15] [VoidSink.cpp:37] [start] Setting up void sink: VoidSink[m
[36m[23:35:43.787848] [D] [SingleNodeWorker] [WorkerThread-1] [] [SourceThread.cpp:184] [start] Starting source with originId: 2[m
[36m[23:35:43.812979] [D] [SingleNodeWorker] [WorkerThread-12] [Task:1349965333-14] [BufferManager.cpp:65] [~BufferManager] Calling BufferManager::destroy()[m
[36m[23:35:43.813035] [D] [SingleNodeWorker] [WorkerThread-12] [Task:1349965333-14] [BufferManager.cpp:93] [~BufferManager] Shutting down Buffer Manager completed[m
[36m[23:35:45.830662] [D] [SingleNodeWorker] [WorkerThread-14] [Task:1349965333] [SourceThread.cpp:230] [tryStop] SourceThread 2: attempting to stop source[m
[36m[23:35:45.830706] [D] [SingleNodeWorker] [WorkerThread-14] [Task:1349965333] [SourceThread.cpp:248] [tryStop] SourceThread 2: stopped[m
[32m[23:35:45.857329] [I] [SingleNodeWorker] [WorkerThread-5] [] [SequenceShredder.cpp:55] [~SequenceShredder] Successfully validated SequenceShredder[m
[32m[23:35:45.857899] [I] [SingleNodeWorker] [WorkerThread-11] [Task:1349965333-15] [VoidSink.cpp:42] [stop] Void Sink completed.[m
[36m[23:35:45.858041] [D] [SingleNodeWorker] [WorkerThread-11] [] [SourceThread.cpp:226] [tryStop] SourceThread 2: thread is not running[m
[33m[1m[23:35:48.477080] [W] [Not A Worker] [unnamed] [queryId:890901877] [SinkDescriptor.cpp:63] [getFormatType] Sinks of the type Void do not have an INPUT_FORMAT parameter.[m
[36m[23:35:48.477178] [D] [Not A Worker] [unnamed] [queryId:890901877] [BufferManager.cpp:110] [initialize] NES memory allocation requires 1 out of 540577120256 (so 1.8498748143954595e-10%) available bytes[m
[36m[23:35:48.477199] [D] [Not A Worker] [unnamed] [queryId:890901877] [BufferManager.cpp:160] [initialize] BufferManager configuration bufferSize=1 numOfBuffers=1[m
[36m[23:35:48.477370] [D] [Not A Worker] [unnamed] [queryId:890901877] [PipeliningPhase.cpp:365] [apply] Constructed pipeline plan with 1 root pipelines.
PipelinedQueryPlan for Query: 890901877
Number of root pipelines: 1
------------------
Root Pipeline 0:
  Pipeline(ID(16), Provider(COMPILER))
  Operator chain:
    PhysicalOperator(NES::SourcePhysicalOperator)
  Successor Pipeline:
    Pipeline(ID(17), Provider(None))
      Operator chain:
        PhysicalOperator(NES::ScanPhysicalOperator)
          PhysicalOperator(NES::EmitPhysicalOperator)
      Successor Pipeline:
        Pipeline(ID(18), Provider(None))
          Operator chain:
            PhysicalOperator(NES::SinkPhysicalOperator)

[m
[36m[23:35:48.480462] [D] [Not A Worker] [unnamed] [] [SinkProvider.cpp:30] [lower] The sinkDescriptor is: SinkDescriptor: (name: variant("PERSON_SINK"), type: Void, Config: )[m
[36m[23:35:48.480985] [D] [SingleNodeWorker] [WorkerThread-1] [Task:890901877-18] [VoidSink.cpp:37] [start] Setting up void sink: VoidSink[m
[36m[23:35:48.565783] [D] [SingleNodeWorker] [WorkerThread-1] [] [SourceThread.cpp:184] [start] Starting source with originId: 2[m
[36m[23:35:48.587629] [D] [SingleNodeWorker] [WorkerThread-13] [Task:890901877-17] [BufferManager.cpp:65] [~BufferManager] Calling BufferManager::destroy()[m
[36m[23:35:48.587680] [D] [SingleNodeWorker] [WorkerThread-13] [Task:890901877-17] [BufferManager.cpp:93] [~BufferManager] Shutting down Buffer Manager completed[m
[36m[23:35:51.230755] [D] [SingleNodeWorker] [WorkerThread-0] [Task:890901877] [SourceThread.cpp:230] [tryStop] SourceThread 2: attempting to stop source[m
[36m[23:35:51.230809] [D] [SingleNodeWorker] [WorkerThread-0] [Task:890901877] [SourceThread.cpp:248] [tryStop] SourceThread 2: stopped[m
[32m[23:35:51.256660] [I] [SingleNodeWorker] [WorkerThread-3] [Task:890901877-18] [VoidSink.cpp:42] [stop] Void Sink completed.[m
[36m[23:35:51.256781] [D] [SingleNodeWorker] [WorkerThread-3] [] [SourceThread.cpp:226] [tryStop] SourceThread 2: thread is not running[m
[32m[23:35:51.256908] [I] [SingleNodeWorker] [WorkerThread-4] [] [SequenceShredder.cpp:55] [~SequenceShredder] Successfully validated SequenceShredder[m
[36m[23:35:53.349561] [D] [Not A Worker] [unnamed] [queryId:1531541879] [BufferManager.cpp:110] [initialize] NES memory allocation requires 1 out of 540577120256 (so 1.8498748143954595e-10%) available bytes[m
[36m[23:35:53.349618] [D] [Not A Worker] [unnamed] [queryId:1531541879] [BufferManager.cpp:160] [initialize] BufferManager configuration bufferSize=1 numOfBuffers=1[m
[36m[23:35:53.349981] [D] [Not A Worker] [unnamed] [queryId:1531541879] [PipeliningPhase.cpp:365] [apply] Constructed pipeline plan with 1 root pipelines.
PipelinedQueryPlan for Query: 1531541879
Number of root pipelines: 1
------------------
Root Pipeline 0:
  Pipeline(ID(19), Provider(COMPILER))
  Operator chain:
    PhysicalOperator(NES::SourcePhysicalOperator)
  Successor Pipeline:
    Pipeline(ID(20), Provider(None))
      Operator chain:
        PhysicalOperator(NES::ScanPhysicalOperator)
          PhysicalOperator(NES::MapPhysicalOperator)
            PhysicalOperator(NES::EmitPhysicalOperator)
      Successor Pipeline:
        Pipeline(ID(21), Provider(None))
          Operator chain:
            PhysicalOperator(NES::SinkPhysicalOperator)

[m
[36m[23:35:53.353047] [D] [Not A Worker] [unnamed] [] [SinkProvider.cpp:30] [lower] The sinkDescriptor is: SinkDescriptor: (name: variant("PERSON_ID_SINK"), type: Void, Config: )[m
[36m[23:35:53.354045] [D] [SingleNodeWorker] [WorkerThread-15] [Task:1531541879-21] [VoidSink.cpp:37] [start] Setting up void sink: VoidSink[m
[36m[23:35:53.425985] [D] [SingleNodeWorker] [WorkerThread-7] [] [SourceThread.cpp:184] [start] Starting source with originId: 2[m
[36m[23:35:53.438507] [D] [SingleNodeWorker] [WorkerThread-7] [Task:1531541879-20] [BufferManager.cpp:65] [~BufferManager] Calling BufferManager::destroy()[m
[36m[23:35:53.438545] [D] [SingleNodeWorker] [WorkerThread-7] [Task:1531541879-20] [BufferManager.cpp:93] [~BufferManager] Shutting down Buffer Manager completed[m
[36m[23:35:55.460036] [D] [SingleNodeWorker] [WorkerThread-15] [Task:1531541879] [SourceThread.cpp:230] [tryStop] SourceThread 2: attempting to stop source[m
[36m[23:35:55.460086] [D] [SingleNodeWorker] [WorkerThread-15] [Task:1531541879] [SourceThread.cpp:248] [tryStop] SourceThread 2: stopped[m
[32m[23:35:55.486421] [I] [SingleNodeWorker] [WorkerThread-8] [] [SequenceShredder.cpp:55] [~SequenceShredder] Successfully validated SequenceShredder[m
[32m[23:35:55.486434] [I] [SingleNodeWorker] [WorkerThread-13] [Task:1531541879-21] [VoidSink.cpp:42] [stop] Void Sink completed.[m
[36m[23:35:55.486631] [D] [SingleNodeWorker] [WorkerThread-13] [] [SourceThread.cpp:226] [tryStop] SourceThread 2: thread is not running[m
[36m[23:35:58.196588] [D] [Not A Worker] [unnamed] [queryId:1144203667] [BufferManager.cpp:110] [initialize] NES memory allocation requires 1 out of 540577120256 (so 1.8498748143954595e-10%) available bytes[m
[36m[23:35:58.196661] [D] [Not A Worker] [unnamed] [queryId:1144203667] [BufferManager.cpp:160] [initialize] BufferManager configuration bufferSize=1 numOfBuffers=1[m
[36m[23:35:58.197209] [D] [Not A Worker] [unnamed] [queryId:1144203667] [PipeliningPhase.cpp:365] [apply] Constructed pipeline plan with 1 root pipelines.
PipelinedQueryPlan for Query: 1144203667
Number of root pipelines: 1
------------------
Root Pipeline 0:
  Pipeline(ID(22), Provider(COMPILER))
  Operator chain:
    PhysicalOperator(NES::SourcePhysicalOperator)
  Successor Pipeline:
    Pipeline(ID(23), Provider(None))
      Operator chain:
        PhysicalOperator(NES::ScanPhysicalOperator)
          PhysicalOperator(NES::MapPhysicalOperator)
            PhysicalOperator(NES::EmitPhysicalOperator)
      Successor Pipeline:
        Pipeline(ID(24), Provider(None))
          Operator chain:
            PhysicalOperator(NES::SinkPhysicalOperator)

[m
[36m[23:35:58.200872] [D] [Not A Worker] [unnamed] [] [SinkProvider.cpp:30] [lower] The sinkDescriptor is: SinkDescriptor: (name: variant("BID_AUCTION_ID_SINK"), type: Void, Config: )[m
[36m[23:35:58.201518] [D] [SingleNodeWorker] [WorkerThread-3] [Task:1144203667-24] [VoidSink.cpp:37] [start] Setting up void sink: VoidSink[m
[36m[23:35:58.266599] [D] [SingleNodeWorker] [WorkerThread-3] [] [SourceThread.cpp:184] [start] Starting source with originId: 2[m
[36m[23:35:58.278854] [D] [SingleNodeWorker] [WorkerThread-3] [Task:1144203667-23] [BufferManager.cpp:65] [~BufferManager] Calling BufferManager::destroy()[m
[36m[23:35:58.278885] [D] [SingleNodeWorker] [WorkerThread-3] [Task:1144203667-23] [BufferManager.cpp:93] [~BufferManager] Shutting down Buffer Manager completed[m
[36m[23:36:23.529705] [D] [SingleNodeWorker] [WorkerThread-7] [Task:1144203667] [SourceThread.cpp:230] [tryStop] SourceThread 2: attempting to stop source[m
[36m[23:36:23.529753] [D] [SingleNodeWorker] [WorkerThread-7] [Task:1144203667] [SourceThread.cpp:248] [tryStop] SourceThread 2: stopped[m
[32m[23:36:23.556384] [I] [SingleNodeWorker] [WorkerThread-8] [Task:1144203667-24] [VoidSink.cpp:42] [stop] Void Sink completed.[m
[32m[23:36:23.556435] [I] [SingleNodeWorker] [WorkerThread-6] [] [SequenceShredder.cpp:55] [~SequenceShredder] Successfully validated SequenceShredder[m
[36m[23:36:23.556526] [D] [SingleNodeWorker] [WorkerThread-8] [] [SourceThread.cpp:226] [tryStop] SourceThread 2: thread is not running[m
