[32m[23:32:27.163509] [I] [Not A Worker] [unnamed] [] [SingleNodeWorker.cpp:63] [SingleNodeWorker] Starting SingleNodeWorker SingleNodeWorker with configuration:
worker.query_engine.number_of_worker_threads: 8
worker.query_engine.admission_queue_size: 1000 (default)
worker.default_query_execution.execution_mode: COMPILER (default)
worker.default_query_execution.page_size: 1024 (default)
worker.default_query_execution.number_of_partitions: 100 (default)
worker.default_query_execution.number_of_records_per_key: 10 (default)
worker.default_query_execution.max_number_of_buckets: 10000 (default)
worker.default_query_execution.operator_buffer_size: 262144
worker.default_query_optimization.join_strategy: OPTIMIZER_CHOOSES (default)
worker.number_of_buffers_in_global_buffer_manager: 32768 (default)
worker.default_max_inflight_buffers: 64 (default)
worker.dump_compilation_result: NONE (default)
worker.dump_graph: 0 (default)
grpc: [::]:8080 (default)
enable_event_trace: 0 (default)
[m
[36m[23:32:27.164889] [D] [Not A Worker] [unnamed] [] [BufferManager.cpp:110] [initialize] NES memory allocation requires 8589934592 out of 540577120256 (so 1.5890303659045137%) available bytes[m
[36m[23:32:27.256274] [D] [Not A Worker] [unnamed] [] [BufferManager.cpp:160] [initialize] BufferManager configuration bufferSize=262144 numOfBuffers=32768[m
[32m[23:32:27.263698] [I] [Not A Worker] [unnamed] [] [SingleNodeWorkerStarter.cpp:93] [main] Server listening on [::]:8080[m
[36m[23:32:29.681739] [D] [Not A Worker] [unnamed] [queryId:805515557] [BufferManager.cpp:110] [initialize] NES memory allocation requires 1 out of 540577120256 (so 1.8498748143954595e-10%) available bytes[m
[36m[23:32:29.681792] [D] [Not A Worker] [unnamed] [queryId:805515557] [BufferManager.cpp:160] [initialize] BufferManager configuration bufferSize=1 numOfBuffers=1[m
[36m[23:32:29.681999] [D] [Not A Worker] [unnamed] [queryId:805515557] [PipeliningPhase.cpp:365] [apply] Constructed pipeline plan with 1 root pipelines.
PipelinedQueryPlan for Query: 805515557
Number of root pipelines: 1
------------------
Root Pipeline 0:
  Pipeline(ID(1), Provider(COMPILER))
  Operator chain:
    PhysicalOperator(NES::SourcePhysicalOperator)
  Successor Pipeline:
    Pipeline(ID(2), Provider(None))
      Operator chain:
        PhysicalOperator(NES::ScanPhysicalOperator)
          PhysicalOperator(NES::SelectionPhysicalOperator)
            PhysicalOperator(NES::MapPhysicalOperator)
              PhysicalOperator(NES::EmitPhysicalOperator)
      Successor Pipeline:
        Pipeline(ID(3), Provider(None))
          Operator chain:
            PhysicalOperator(NES::SinkPhysicalOperator)

[m
[36m[23:32:29.685663] [D] [Not A Worker] [unnamed] [] [SinkProvider.cpp:30] [lower] The sinkDescriptor is: SinkDescriptor: (name: variant("NAME_SINK"), type: Void, Config: )[m
[36m[23:32:29.689767] [D] [SingleNodeWorker] [WorkerThread-5] [Task:805515557-3] [VoidSink.cpp:37] [start] Setting up void sink: VoidSink[m
[36m[23:32:29.781656] [D] [SingleNodeWorker] [WorkerThread-5] [] [SourceThread.cpp:184] [start] Starting source with originId: 2[m
[36m[23:32:29.791874] [D] [SingleNodeWorker] [WorkerThread-5] [Task:805515557-2] [BufferManager.cpp:65] [~BufferManager] Calling BufferManager::destroy()[m
[36m[23:32:29.791906] [D] [SingleNodeWorker] [WorkerThread-5] [Task:805515557-2] [BufferManager.cpp:93] [~BufferManager] Shutting down Buffer Manager completed[m
[36m[23:32:33.597831] [D] [SingleNodeWorker] [WorkerThread-5] [Task:805515557] [SourceThread.cpp:230] [tryStop] SourceThread 2: attempting to stop source[m
[36m[23:32:33.597931] [D] [SingleNodeWorker] [WorkerThread-5] [Task:805515557] [SourceThread.cpp:248] [tryStop] SourceThread 2: stopped[m
[32m[23:32:33.623858] [I] [SingleNodeWorker] [WorkerThread-1] [] [SequenceShredder.cpp:55] [~SequenceShredder] Successfully validated SequenceShredder[m
[32m[23:32:33.624198] [I] [SingleNodeWorker] [WorkerThread-4] [Task:805515557-3] [VoidSink.cpp:42] [stop] Void Sink completed.[m
[36m[23:32:33.624357] [D] [SingleNodeWorker] [WorkerThread-4] [] [SourceThread.cpp:226] [tryStop] SourceThread 2: thread is not running[m
[36m[23:32:37.364766] [D] [Not A Worker] [unnamed] [queryId:1090806182] [BufferManager.cpp:110] [initialize] NES memory allocation requires 1 out of 540577120256 (so 1.8498748143954595e-10%) available bytes[m
[36m[23:32:37.364823] [D] [Not A Worker] [unnamed] [queryId:1090806182] [BufferManager.cpp:160] [initialize] BufferManager configuration bufferSize=1 numOfBuffers=1[m
[36m[23:32:37.365012] [D] [Not A Worker] [unnamed] [queryId:1090806182] [PipeliningPhase.cpp:365] [apply] Constructed pipeline plan with 1 root pipelines.
PipelinedQueryPlan for Query: 1090806182
Number of root pipelines: 1
------------------
Root Pipeline 0:
  Pipeline(ID(4), Provider(COMPILER))
  Operator chain:
    PhysicalOperator(NES::SourcePhysicalOperator)
  Successor Pipeline:
    Pipeline(ID(5), Provider(None))
      Operator chain:
        PhysicalOperator(NES::ScanPhysicalOperator)
          PhysicalOperator(NES::SelectionPhysicalOperator)
            PhysicalOperator(NES::EmitPhysicalOperator)
      Successor Pipeline:
        Pipeline(ID(6), Provider(None))
          Operator chain:
            PhysicalOperator(NES::SinkPhysicalOperator)

[m
[36m[23:32:37.368052] [D] [Not A Worker] [unnamed] [] [SinkProvider.cpp:30] [lower] The sinkDescriptor is: SinkDescriptor: (name: variant("PERSON_SINK"), type: Void, Config: )[m
[36m[23:32:37.371591] [D] [SingleNodeWorker] [WorkerThread-2] [Task:1090806182-6] [VoidSink.cpp:37] [start] Setting up void sink: VoidSink[m
[36m[23:32:37.466376] [D] [SingleNodeWorker] [WorkerThread-2] [] [SourceThread.cpp:184] [start] Starting source with originId: 2[m
[36m[23:32:37.487206] [D] [SingleNodeWorker] [WorkerThread-3] [Task:1090806182-5] [BufferManager.cpp:65] [~BufferManager] Calling BufferManager::destroy()[m
[36m[23:32:37.487263] [D] [SingleNodeWorker] [WorkerThread-3] [Task:1090806182-5] [BufferManager.cpp:93] [~BufferManager] Shutting down Buffer Manager completed[m
[36m[23:32:41.363816] [D] [SingleNodeWorker] [WorkerThread-7] [Task:1090806182] [SourceThread.cpp:230] [tryStop] SourceThread 2: attempting to stop source[m
[36m[23:32:41.363869] [D] [SingleNodeWorker] [WorkerThread-7] [Task:1090806182] [SourceThread.cpp:248] [tryStop] SourceThread 2: stopped[m
[32m[23:32:41.391027] [I] [SingleNodeWorker] [WorkerThread-5] [Task:1090806182-6] [VoidSink.cpp:42] [stop] Void Sink completed.[m
[36m[23:32:41.391168] [D] [SingleNodeWorker] [WorkerThread-5] [] [SourceThread.cpp:226] [tryStop] SourceThread 2: thread is not running[m
[32m[23:32:41.391209] [I] [SingleNodeWorker] [WorkerThread-3] [] [SequenceShredder.cpp:55] [~SequenceShredder] Successfully validated SequenceShredder[m
[36m[23:32:45.116504] [D] [Not A Worker] [unnamed] [queryId:959330473] [BufferManager.cpp:110] [initialize] NES memory allocation requires 1 out of 540577120256 (so 1.8498748143954595e-10%) available bytes[m
[36m[23:32:45.116558] [D] [Not A Worker] [unnamed] [queryId:959330473] [BufferManager.cpp:160] [initialize] BufferManager configuration bufferSize=1 numOfBuffers=1[m
[36m[23:32:45.116747] [D] [Not A Worker] [unnamed] [queryId:959330473] [PipeliningPhase.cpp:365] [apply] Constructed pipeline plan with 1 root pipelines.
PipelinedQueryPlan for Query: 959330473
Number of root pipelines: 1
------------------
Root Pipeline 0:
  Pipeline(ID(7), Provider(COMPILER))
  Operator chain:
    PhysicalOperator(NES::SourcePhysicalOperator)
  Successor Pipeline:
    Pipeline(ID(8), Provider(None))
      Operator chain:
        PhysicalOperator(NES::ScanPhysicalOperator)
          PhysicalOperator(NES::SelectionPhysicalOperator)
            PhysicalOperator(NES::MapPhysicalOperator)
              PhysicalOperator(NES::EmitPhysicalOperator)
      Successor Pipeline:
        Pipeline(ID(9), Provider(None))
          Operator chain:
            PhysicalOperator(NES::SinkPhysicalOperator)

[m
[36m[23:32:45.120713] [D] [Not A Worker] [unnamed] [] [SinkProvider.cpp:30] [lower] The sinkDescriptor is: SinkDescriptor: (name: variant("PERSON_ID_SINK"), type: Void, Config: )[m
[36m[23:32:45.121554] [D] [SingleNodeWorker] [WorkerThread-3] [Task:959330473-9] [VoidSink.cpp:37] [start] Setting up void sink: VoidSink[m
[36m[23:32:45.207389] [D] [SingleNodeWorker] [WorkerThread-3] [] [SourceThread.cpp:184] [start] Starting source with originId: 2[m
[36m[23:32:45.217241] [D] [SingleNodeWorker] [WorkerThread-3] [Task:959330473-8] [BufferManager.cpp:65] [~BufferManager] Calling BufferManager::destroy()[m
[36m[23:32:45.217267] [D] [SingleNodeWorker] [WorkerThread-3] [Task:959330473-8] [BufferManager.cpp:93] [~BufferManager] Shutting down Buffer Manager completed[m
[36m[23:32:49.009528] [D] [SingleNodeWorker] [WorkerThread-4] [Task:959330473] [SourceThread.cpp:230] [tryStop] SourceThread 2: attempting to stop source[m
[36m[23:32:49.009578] [D] [SingleNodeWorker] [WorkerThread-4] [Task:959330473] [SourceThread.cpp:248] [tryStop] SourceThread 2: stopped[m
[32m[23:32:49.035953] [I] [SingleNodeWorker] [WorkerThread-2] [] [SequenceShredder.cpp:55] [~SequenceShredder] Successfully validated SequenceShredder[m
[32m[23:32:49.036213] [I] [SingleNodeWorker] [WorkerThread-6] [Task:959330473-9] [VoidSink.cpp:42] [stop] Void Sink completed.[m
[36m[23:32:49.036306] [D] [SingleNodeWorker] [WorkerThread-6] [] [SourceThread.cpp:226] [tryStop] SourceThread 2: thread is not running[m
[36m[23:32:52.768157] [D] [Not A Worker] [unnamed] [queryId:1983645869] [BufferManager.cpp:110] [initialize] NES memory allocation requires 1 out of 540577120256 (so 1.8498748143954595e-10%) available bytes[m
[36m[23:32:52.768212] [D] [Not A Worker] [unnamed] [queryId:1983645869] [BufferManager.cpp:160] [initialize] BufferManager configuration bufferSize=1 numOfBuffers=1[m
[36m[23:32:52.768398] [D] [Not A Worker] [unnamed] [queryId:1983645869] [PipeliningPhase.cpp:365] [apply] Constructed pipeline plan with 1 root pipelines.
PipelinedQueryPlan for Query: 1983645869
Number of root pipelines: 1
------------------
Root Pipeline 0:
  Pipeline(ID(10), Provider(COMPILER))
  Operator chain:
    PhysicalOperator(NES::SourcePhysicalOperator)
  Successor Pipeline:
    Pipeline(ID(11), Provider(None))
      Operator chain:
        PhysicalOperator(NES::ScanPhysicalOperator)
          PhysicalOperator(NES::SelectionPhysicalOperator)
            PhysicalOperator(NES::MapPhysicalOperator)
              PhysicalOperator(NES::EmitPhysicalOperator)
      Successor Pipeline:
        Pipeline(ID(12), Provider(None))
          Operator chain:
            PhysicalOperator(NES::SinkPhysicalOperator)

[m
[36m[23:32:52.771855] [D] [Not A Worker] [unnamed] [] [SinkProvider.cpp:30] [lower] The sinkDescriptor is: SinkDescriptor: (name: variant("BID_AUCTION_ID_SINK"), type: Void, Config: )[m
[36m[23:32:52.772849] [D] [SingleNodeWorker] [WorkerThread-2] [Task:1983645869-12] [VoidSink.cpp:37] [start] Setting up void sink: VoidSink[m
[36m[23:32:52.841129] [D] [SingleNodeWorker] [WorkerThread-2] [] [SourceThread.cpp:184] [start] Starting source with originId: 2[m
[36m[23:32:52.856623] [D] [SingleNodeWorker] [WorkerThread-2] [Task:1983645869-11] [BufferManager.cpp:65] [~BufferManager] Calling BufferManager::destroy()[m
[36m[23:32:52.856659] [D] [SingleNodeWorker] [WorkerThread-2] [Task:1983645869-11] [BufferManager.cpp:93] [~BufferManager] Shutting down Buffer Manager completed[m
[36m[23:33:41.872872] [D] [SingleNodeWorker] [WorkerThread-0] [Task:1983645869] [SourceThread.cpp:230] [tryStop] SourceThread 2: attempting to stop source[m
[36m[23:33:41.872931] [D] [SingleNodeWorker] [WorkerThread-0] [Task:1983645869] [SourceThread.cpp:248] [tryStop] SourceThread 2: stopped[m
[32m[23:33:41.898782] [I] [SingleNodeWorker] [WorkerThread-1] [] [SequenceShredder.cpp:55] [~SequenceShredder] Successfully validated SequenceShredder[m
[32m[23:33:41.899217] [I] [SingleNodeWorker] [WorkerThread-7] [Task:1983645869-12] [VoidSink.cpp:42] [stop] Void Sink completed.[m
[36m[23:33:41.899307] [D] [SingleNodeWorker] [WorkerThread-7] [] [SourceThread.cpp:226] [tryStop] SourceThread 2: thread is not running[m
[36m[23:33:43.469623] [D] [Not A Worker] [unnamed] [queryId:947211903] [BufferManager.cpp:110] [initialize] NES memory allocation requires 1 out of 540577120256 (so 1.8498748143954595e-10%) available bytes[m
[36m[23:33:43.469678] [D] [Not A Worker] [unnamed] [queryId:947211903] [BufferManager.cpp:160] [initialize] BufferManager configuration bufferSize=1 numOfBuffers=1[m
[36m[23:33:43.470018] [D] [Not A Worker] [unnamed] [queryId:947211903] [PipeliningPhase.cpp:365] [apply] Constructed pipeline plan with 1 root pipelines.
PipelinedQueryPlan for Query: 947211903
Number of root pipelines: 1
------------------
Root Pipeline 0:
  Pipeline(ID(13), Provider(COMPILER))
  Operator chain:
    PhysicalOperator(NES::SourcePhysicalOperator)
  Successor Pipeline:
    Pipeline(ID(14), Provider(None))
      Operator chain:
        PhysicalOperator(NES::ScanPhysicalOperator)
          PhysicalOperator(NES::MapPhysicalOperator)
            PhysicalOperator(NES::EmitPhysicalOperator)
      Successor Pipeline:
        Pipeline(ID(15), Provider(None))
          Operator chain:
            PhysicalOperator(NES::SinkPhysicalOperator)

[m
[36m[23:33:43.472921] [D] [Not A Worker] [unnamed] [] [SinkProvider.cpp:30] [lower] The sinkDescriptor is: SinkDescriptor: (name: variant("NAME_SINK"), type: Void, Config: )[m
[36m[23:33:43.473827] [D] [SingleNodeWorker] [WorkerThread-6] [Task:947211903-15] [VoidSink.cpp:37] [start] Setting up void sink: VoidSink[m
[36m[23:33:43.542648] [D] [SingleNodeWorker] [WorkerThread-6] [] [SourceThread.cpp:184] [start] Starting source with originId: 2[m
[36m[23:33:43.555642] [D] [SingleNodeWorker] [WorkerThread-6] [Task:947211903-14] [BufferManager.cpp:65] [~BufferManager] Calling BufferManager::destroy()[m
[36m[23:33:43.555671] [D] [SingleNodeWorker] [WorkerThread-6] [Task:947211903-14] [BufferManager.cpp:93] [~BufferManager] Shutting down Buffer Manager completed[m
[36m[23:33:47.537737] [D] [SingleNodeWorker] [WorkerThread-0] [Task:947211903] [SourceThread.cpp:230] [tryStop] SourceThread 2: attempting to stop source[m
[36m[23:33:47.537793] [D] [SingleNodeWorker] [WorkerThread-0] [Task:947211903] [SourceThread.cpp:248] [tryStop] SourceThread 2: stopped[m
[32m[23:33:47.564089] [I] [SingleNodeWorker] [WorkerThread-2] [] [SequenceShredder.cpp:55] [~SequenceShredder] Successfully validated SequenceShredder[m
[32m[23:33:47.564227] [I] [SingleNodeWorker] [WorkerThread-5] [Task:947211903-15] [VoidSink.cpp:42] [stop] Void Sink completed.[m
[36m[23:33:47.564373] [D] [SingleNodeWorker] [WorkerThread-5] [] [SourceThread.cpp:226] [tryStop] SourceThread 2: thread is not running[m
[33m[1m[23:33:51.240111] [W] [Not A Worker] [unnamed] [queryId:1950404458] [SinkDescriptor.cpp:63] [getFormatType] Sinks of the type Void do not have an INPUT_FORMAT parameter.[m
[36m[23:33:51.240220] [D] [Not A Worker] [unnamed] [queryId:1950404458] [BufferManager.cpp:110] [initialize] NES memory allocation requires 1 out of 540577120256 (so 1.8498748143954595e-10%) available bytes[m
[36m[23:33:51.240241] [D] [Not A Worker] [unnamed] [queryId:1950404458] [BufferManager.cpp:160] [initialize] BufferManager configuration bufferSize=1 numOfBuffers=1[m
[36m[23:33:51.240425] [D] [Not A Worker] [unnamed] [queryId:1950404458] [PipeliningPhase.cpp:365] [apply] Constructed pipeline plan with 1 root pipelines.
PipelinedQueryPlan for Query: 1950404458
Number of root pipelines: 1
------------------
Root Pipeline 0:
  Pipeline(ID(16), Provider(COMPILER))
  Operator chain:
    PhysicalOperator(NES::SourcePhysicalOperator)
  Successor Pipeline:
    Pipeline(ID(17), Provider(None))
      Operator chain:
        PhysicalOperator(NES::ScanPhysicalOperator)
          PhysicalOperator(NES::EmitPhysicalOperator)
      Successor Pipeline:
        Pipeline(ID(18), Provider(None))
          Operator chain:
            PhysicalOperator(NES::SinkPhysicalOperator)

[m
[36m[23:33:51.243869] [D] [Not A Worker] [unnamed] [] [SinkProvider.cpp:30] [lower] The sinkDescriptor is: SinkDescriptor: (name: variant("PERSON_SINK"), type: Void, Config: )[m
[36m[23:33:51.247192] [D] [SingleNodeWorker] [WorkerThread-6] [Task:1950404458-18] [VoidSink.cpp:37] [start] Setting up void sink: VoidSink[m
[36m[23:33:51.337166] [D] [SingleNodeWorker] [WorkerThread-6] [] [SourceThread.cpp:184] [start] Starting source with originId: 2[m
[36m[23:33:51.347359] [D] [SingleNodeWorker] [WorkerThread-6] [Task:1950404458-17] [BufferManager.cpp:65] [~BufferManager] Calling BufferManager::destroy()[m
[36m[23:33:51.347387] [D] [SingleNodeWorker] [WorkerThread-6] [Task:1950404458-17] [BufferManager.cpp:93] [~BufferManager] Shutting down Buffer Manager completed[m
[36m[23:33:56.398985] [D] [SingleNodeWorker] [WorkerThread-3] [Task:1950404458] [SourceThread.cpp:230] [tryStop] SourceThread 2: attempting to stop source[m
[36m[23:33:56.399038] [D] [SingleNodeWorker] [WorkerThread-3] [Task:1950404458] [SourceThread.cpp:248] [tryStop] SourceThread 2: stopped[m
[32m[23:33:56.425897] [I] [SingleNodeWorker] [WorkerThread-2] [Task:1950404458-18] [VoidSink.cpp:42] [stop] Void Sink completed.[m
[32m[23:33:56.425928] [I] [SingleNodeWorker] [WorkerThread-4] [] [SequenceShredder.cpp:55] [~SequenceShredder] Successfully validated SequenceShredder[m
[36m[23:33:56.426029] [D] [SingleNodeWorker] [WorkerThread-2] [] [SourceThread.cpp:226] [tryStop] SourceThread 2: thread is not running[m
[36m[23:33:59.012571] [D] [Not A Worker] [unnamed] [queryId:203382130] [BufferManager.cpp:110] [initialize] NES memory allocation requires 1 out of 540577120256 (so 1.8498748143954595e-10%) available bytes[m
[36m[23:33:59.012638] [D] [Not A Worker] [unnamed] [queryId:203382130] [BufferManager.cpp:160] [initialize] BufferManager configuration bufferSize=1 numOfBuffers=1[m
[36m[23:33:59.012977] [D] [Not A Worker] [unnamed] [queryId:203382130] [PipeliningPhase.cpp:365] [apply] Constructed pipeline plan with 1 root pipelines.
PipelinedQueryPlan for Query: 203382130
Number of root pipelines: 1
------------------
Root Pipeline 0:
  Pipeline(ID(19), Provider(COMPILER))
  Operator chain:
    PhysicalOperator(NES::SourcePhysicalOperator)
  Successor Pipeline:
    Pipeline(ID(20), Provider(None))
      Operator chain:
        PhysicalOperator(NES::ScanPhysicalOperator)
          PhysicalOperator(NES::MapPhysicalOperator)
            PhysicalOperator(NES::EmitPhysicalOperator)
      Successor Pipeline:
        Pipeline(ID(21), Provider(None))
          Operator chain:
            PhysicalOperator(NES::SinkPhysicalOperator)

[m
[36m[23:33:59.016688] [D] [Not A Worker] [unnamed] [] [SinkProvider.cpp:30] [lower] The sinkDescriptor is: SinkDescriptor: (name: variant("PERSON_ID_SINK"), type: Void, Config: )[m
[36m[23:33:59.018731] [D] [SingleNodeWorker] [WorkerThread-1] [Task:203382130-21] [VoidSink.cpp:37] [start] Setting up void sink: VoidSink[m
[36m[23:33:59.077341] [D] [SingleNodeWorker] [WorkerThread-1] [] [SourceThread.cpp:184] [start] Starting source with originId: 2[m
[36m[23:33:59.087213] [D] [SingleNodeWorker] [WorkerThread-1] [Task:203382130-20] [BufferManager.cpp:65] [~BufferManager] Calling BufferManager::destroy()[m
[36m[23:33:59.087239] [D] [SingleNodeWorker] [WorkerThread-1] [Task:203382130-20] [BufferManager.cpp:93] [~BufferManager] Shutting down Buffer Manager completed[m
[36m[23:34:02.855999] [D] [SingleNodeWorker] [WorkerThread-6] [Task:203382130] [SourceThread.cpp:230] [tryStop] SourceThread 2: attempting to stop source[m
[36m[23:34:02.856054] [D] [SingleNodeWorker] [WorkerThread-6] [Task:203382130] [SourceThread.cpp:248] [tryStop] SourceThread 2: stopped[m
[32m[23:34:02.881928] [I] [SingleNodeWorker] [WorkerThread-2] [] [SequenceShredder.cpp:55] [~SequenceShredder] Successfully validated SequenceShredder[m
[32m[23:34:02.882190] [I] [SingleNodeWorker] [WorkerThread-5] [Task:203382130-21] [VoidSink.cpp:42] [stop] Void Sink completed.[m
[36m[23:34:02.882340] [D] [SingleNodeWorker] [WorkerThread-5] [] [SourceThread.cpp:226] [tryStop] SourceThread 2: thread is not running[m
[36m[23:34:06.904401] [D] [Not A Worker] [unnamed] [queryId:1914603721] [BufferManager.cpp:110] [initialize] NES memory allocation requires 1 out of 540577120256 (so 1.8498748143954595e-10%) available bytes[m
[36m[23:34:06.904489] [D] [Not A Worker] [unnamed] [queryId:1914603721] [BufferManager.cpp:160] [initialize] BufferManager configuration bufferSize=1 numOfBuffers=1[m
[36m[23:34:06.904971] [D] [Not A Worker] [unnamed] [queryId:1914603721] [PipeliningPhase.cpp:365] [apply] Constructed pipeline plan with 1 root pipelines.
PipelinedQueryPlan for Query: 1914603721
Number of root pipelines: 1
------------------
Root Pipeline 0:
  Pipeline(ID(22), Provider(COMPILER))
  Operator chain:
    PhysicalOperator(NES::SourcePhysicalOperator)
  Successor Pipeline:
    Pipeline(ID(23), Provider(None))
      Operator chain:
        PhysicalOperator(NES::ScanPhysicalOperator)
          PhysicalOperator(NES::MapPhysicalOperator)
            PhysicalOperator(NES::EmitPhysicalOperator)
      Successor Pipeline:
        Pipeline(ID(24), Provider(None))
          Operator chain:
            PhysicalOperator(NES::SinkPhysicalOperator)

[m
[36m[23:34:06.908994] [D] [Not A Worker] [unnamed] [] [SinkProvider.cpp:30] [lower] The sinkDescriptor is: SinkDescriptor: (name: variant("BID_AUCTION_ID_SINK"), type: Void, Config: )[m
[36m[23:34:06.909753] [D] [SingleNodeWorker] [WorkerThread-5] [Task:1914603721-24] [VoidSink.cpp:37] [start] Setting up void sink: VoidSink[m
[36m[23:34:06.976224] [D] [SingleNodeWorker] [WorkerThread-5] [] [SourceThread.cpp:184] [start] Starting source with originId: 2[m
[36m[23:34:06.999935] [D] [SingleNodeWorker] [WorkerThread-6] [Task:1914603721-23] [BufferManager.cpp:65] [~BufferManager] Calling BufferManager::destroy()[m
[36m[23:34:06.999966] [D] [SingleNodeWorker] [WorkerThread-6] [Task:1914603721-23] [BufferManager.cpp:93] [~BufferManager] Shutting down Buffer Manager completed[m
[36m[23:34:56.343776] [D] [SingleNodeWorker] [WorkerThread-7] [Task:1914603721] [SourceThread.cpp:230] [tryStop] SourceThread 2: attempting to stop source[m
[36m[23:34:56.343829] [D] [SingleNodeWorker] [WorkerThread-7] [Task:1914603721] [SourceThread.cpp:248] [tryStop] SourceThread 2: stopped[m
[32m[23:34:56.369944] [I] [SingleNodeWorker] [WorkerThread-2] [] [SequenceShredder.cpp:55] [~SequenceShredder] Successfully validated SequenceShredder[m
[32m[23:34:56.370679] [I] [SingleNodeWorker] [WorkerThread-1] [Task:1914603721-24] [VoidSink.cpp:42] [stop] Void Sink completed.[m
[36m[23:34:56.370748] [D] [SingleNodeWorker] [WorkerThread-1] [] [SourceThread.cpp:226] [tryStop] SourceThread 2: thread is not running[m
