[32m[22:18:01.108570] [I] [Not A Worker] [unnamed] [] [SingleNodeWorker.cpp:63] [SingleNodeWorker] Starting SingleNodeWorker SingleNodeWorker with configuration:
worker.query_engine.number_of_worker_threads: 4
worker.query_engine.admission_queue_size: 1000 (default)
worker.default_query_execution.execution_mode: COMPILER (default)
worker.default_query_execution.page_size: 1024 (default)
worker.default_query_execution.number_of_partitions: 100 (default)
worker.default_query_execution.number_of_records_per_key: 10 (default)
worker.default_query_execution.max_number_of_buckets: 10000 (default)
worker.default_query_execution.operator_buffer_size: 262144
worker.default_query_optimization.join_strategy: OPTIMIZER_CHOOSES (default)
worker.number_of_buffers_in_global_buffer_manager: 32768 (default)
worker.default_max_inflight_buffers: 64 (default)
worker.dump_compilation_result: NONE (default)
worker.dump_graph: 0 (default)
grpc: [::]:8080 (default)
enable_event_trace: 0 (default)
[m
[36m[22:18:01.110040] [D] [Not A Worker] [unnamed] [] [BufferManager.cpp:110] [initialize] NES memory allocation requires 8589934592 out of 540577120256 (so 1.5890303659045137%) available bytes[m
[36m[22:18:01.200733] [D] [Not A Worker] [unnamed] [] [BufferManager.cpp:160] [initialize] BufferManager configuration bufferSize=262144 numOfBuffers=32768[m
[32m[22:18:01.207657] [I] [Not A Worker] [unnamed] [] [SingleNodeWorkerStarter.cpp:93] [main] Server listening on [::]:8080[m
[36m[22:18:03.657410] [D] [Not A Worker] [unnamed] [queryId:1081306481] [BufferManager.cpp:110] [initialize] NES memory allocation requires 1 out of 540577120256 (so 1.8498748143954595e-10%) available bytes[m
[36m[22:18:03.657460] [D] [Not A Worker] [unnamed] [queryId:1081306481] [BufferManager.cpp:160] [initialize] BufferManager configuration bufferSize=1 numOfBuffers=1[m
[36m[22:18:03.657628] [D] [Not A Worker] [unnamed] [queryId:1081306481] [PipeliningPhase.cpp:365] [apply] Constructed pipeline plan with 1 root pipelines.
PipelinedQueryPlan for Query: 1081306481
Number of root pipelines: 1
------------------
Root Pipeline 0:
  Pipeline(ID(1), Provider(COMPILER))
  Operator chain:
    PhysicalOperator(NES::SourcePhysicalOperator)
  Successor Pipeline:
    Pipeline(ID(2), Provider(None))
      Operator chain:
        PhysicalOperator(NES::ScanPhysicalOperator)
          PhysicalOperator(NES::SelectionPhysicalOperator)
            PhysicalOperator(NES::MapPhysicalOperator)
              PhysicalOperator(NES::EmitPhysicalOperator)
      Successor Pipeline:
        Pipeline(ID(3), Provider(None))
          Operator chain:
            PhysicalOperator(NES::SinkPhysicalOperator)

[m
[36m[22:18:03.661209] [D] [Not A Worker] [unnamed] [] [SinkProvider.cpp:30] [lower] The sinkDescriptor is: SinkDescriptor: (name: variant("BID_AUCTION_ID_SINK"), type: Void, Config: )[m
[36m[22:18:03.674059] [D] [SingleNodeWorker] [WorkerThread-2] [Task:1081306481-3] [VoidSink.cpp:37] [start] Setting up void sink: VoidSink[m
[36m[22:18:03.731304] [D] [SingleNodeWorker] [WorkerThread-2] [] [SourceThread.cpp:184] [start] Starting source with originId: 2[m
[36m[22:18:03.733074] [D] [SingleNodeWorker] [WorkerThread-2] [Task:1081306481-2] [BufferManager.cpp:65] [~BufferManager] Calling BufferManager::destroy()[m
[36m[22:18:03.733101] [D] [SingleNodeWorker] [WorkerThread-2] [Task:1081306481-2] [BufferManager.cpp:93] [~BufferManager] Shutting down Buffer Manager completed[m
[36m[22:19:22.282932] [D] [SingleNodeWorker] [WorkerThread-2] [Task:1081306481-2] [InputFormatter.hpp:348] [indexTrailingSpanningTupleProxy] last offset: 262143, first offset: 2[m
[36m[22:20:10.491011] [D] [SingleNodeWorker] [WorkerThread-1] [Task:1081306481] [SourceThread.cpp:230] [tryStop] SourceThread 2: attempting to stop source[m
[36m[22:20:10.491099] [D] [SingleNodeWorker] [WorkerThread-1] [Task:1081306481] [SourceThread.cpp:248] [tryStop] SourceThread 2: stopped[m
[32m[22:20:10.520765] [I] [SingleNodeWorker] [WorkerThread-0] [] [SequenceShredder.cpp:55] [~SequenceShredder] Successfully validated SequenceShredder[m
[32m[22:20:10.521830] [I] [SingleNodeWorker] [WorkerThread-2] [Task:1081306481-3] [VoidSink.cpp:42] [stop] Void Sink completed.[m
[36m[22:20:10.521978] [D] [SingleNodeWorker] [WorkerThread-2] [] [SourceThread.cpp:226] [tryStop] SourceThread 2: thread is not running[m
[36m[22:20:12.978927] [D] [Not A Worker] [unnamed] [queryId:693157229] [BufferManager.cpp:110] [initialize] NES memory allocation requires 1 out of 540577120256 (so 1.8498748143954595e-10%) available bytes[m
[36m[22:20:12.978992] [D] [Not A Worker] [unnamed] [queryId:693157229] [BufferManager.cpp:160] [initialize] BufferManager configuration bufferSize=1 numOfBuffers=1[m
[36m[22:20:12.979214] [D] [Not A Worker] [unnamed] [queryId:693157229] [PipeliningPhase.cpp:365] [apply] Constructed pipeline plan with 1 root pipelines.
PipelinedQueryPlan for Query: 693157229
Number of root pipelines: 1
------------------
Root Pipeline 0:
  Pipeline(ID(4), Provider(COMPILER))
  Operator chain:
    PhysicalOperator(NES::SourcePhysicalOperator)
  Successor Pipeline:
    Pipeline(ID(5), Provider(None))
      Operator chain:
        PhysicalOperator(NES::ScanPhysicalOperator)
          PhysicalOperator(NES::SelectionPhysicalOperator)
            PhysicalOperator(NES::MapPhysicalOperator)
              PhysicalOperator(NES::MapPhysicalOperator)
                PhysicalOperator(NES::EmitPhysicalOperator)
      Successor Pipeline:
        Pipeline(ID(6), Provider(None))
          Operator chain:
            PhysicalOperator(NES::SinkPhysicalOperator)

[m
[36m[22:20:12.983228] [D] [Not A Worker] [unnamed] [] [SinkProvider.cpp:30] [lower] The sinkDescriptor is: SinkDescriptor: (name: variant("ID_PRICE_AUCTION_SINK"), type: Void, Config: )[m
[36m[22:20:12.984044] [D] [SingleNodeWorker] [WorkerThread-3] [Task:693157229-6] [VoidSink.cpp:37] [start] Setting up void sink: VoidSink[m
[36m[22:20:13.041772] [D] [SingleNodeWorker] [WorkerThread-3] [] [SourceThread.cpp:184] [start] Starting source with originId: 2[m
[36m[22:20:13.052511] [D] [SingleNodeWorker] [WorkerThread-3] [Task:693157229-5] [BufferManager.cpp:65] [~BufferManager] Calling BufferManager::destroy()[m
[36m[22:20:13.052548] [D] [SingleNodeWorker] [WorkerThread-3] [Task:693157229-5] [BufferManager.cpp:93] [~BufferManager] Shutting down Buffer Manager completed[m
[36m[22:20:27.422564] [D] [SingleNodeWorker] [WorkerThread-1] [Task:693157229-5] [InputFormatter.hpp:348] [indexTrailingSpanningTupleProxy] last offset: 262143, first offset: 56[m
[36m[22:20:38.495671] [D] [SingleNodeWorker] [WorkerThread-3] [Task:693157229-5] [InputFormatter.hpp:348] [indexTrailingSpanningTupleProxy] last offset: 262143, first offset: 7[m
[36m[22:21:12.095342] [D] [SingleNodeWorker] [WorkerThread-2] [Task:693157229-5] [InputFormatter.hpp:348] [indexTrailingSpanningTupleProxy] last offset: 262143, first offset: 7[m
[36m[22:21:34.727636] [D] [SingleNodeWorker] [WorkerThread-2] [Task:693157229-5] [InputFormatter.hpp:348] [indexTrailingSpanningTupleProxy] last offset: 262143, first offset: 54[m
[36m[22:21:48.426014] [D] [SingleNodeWorker] [WorkerThread-2] [Task:693157229-5] [InputFormatter.hpp:348] [indexTrailingSpanningTupleProxy] last offset: 262143, first offset: 80[m
[36m[22:21:50.062808] [D] [SingleNodeWorker] [WorkerThread-2] [Task:693157229-5] [InputFormatter.hpp:348] [indexTrailingSpanningTupleProxy] last offset: 262143, first offset: 5[m
[36m[22:22:04.017218] [D] [SingleNodeWorker] [WorkerThread-1] [Task:693157229-5] [InputFormatter.hpp:348] [indexTrailingSpanningTupleProxy] last offset: 262143, first offset: 17[m
[36m[22:22:19.114825] [D] [SingleNodeWorker] [WorkerThread-0] [Task:693157229] [SourceThread.cpp:230] [tryStop] SourceThread 2: attempting to stop source[m
[36m[22:22:19.114878] [D] [SingleNodeWorker] [WorkerThread-0] [Task:693157229] [SourceThread.cpp:248] [tryStop] SourceThread 2: stopped[m
[32m[22:22:19.142824] [I] [SingleNodeWorker] [WorkerThread-1] [] [SequenceShredder.cpp:55] [~SequenceShredder] Successfully validated SequenceShredder[m
[32m[22:22:19.147550] [I] [SingleNodeWorker] [WorkerThread-3] [Task:693157229-6] [VoidSink.cpp:42] [stop] Void Sink completed.[m
[36m[22:22:19.147686] [D] [SingleNodeWorker] [WorkerThread-3] [] [SourceThread.cpp:226] [tryStop] SourceThread 2: thread is not running[m
[36m[22:22:21.756254] [D] [Not A Worker] [unnamed] [queryId:426102830] [BufferManager.cpp:110] [initialize] NES memory allocation requires 1 out of 540577120256 (so 1.8498748143954595e-10%) available bytes[m
[36m[22:22:21.756325] [D] [Not A Worker] [unnamed] [queryId:426102830] [BufferManager.cpp:160] [initialize] BufferManager configuration bufferSize=1 numOfBuffers=1[m
[36m[22:22:21.756514] [D] [Not A Worker] [unnamed] [queryId:426102830] [PipeliningPhase.cpp:365] [apply] Constructed pipeline plan with 1 root pipelines.
PipelinedQueryPlan for Query: 426102830
Number of root pipelines: 1
------------------
Root Pipeline 0:
  Pipeline(ID(7), Provider(COMPILER))
  Operator chain:
    PhysicalOperator(NES::SourcePhysicalOperator)
  Successor Pipeline:
    Pipeline(ID(8), Provider(None))
      Operator chain:
        PhysicalOperator(NES::ScanPhysicalOperator)
          PhysicalOperator(NES::SelectionPhysicalOperator)
            PhysicalOperator(NES::MapPhysicalOperator)
              PhysicalOperator(NES::EmitPhysicalOperator)
      Successor Pipeline:
        Pipeline(ID(9), Provider(None))
          Operator chain:
            PhysicalOperator(NES::SinkPhysicalOperator)

[m
[36m[22:22:21.760608] [D] [Not A Worker] [unnamed] [] [SinkProvider.cpp:30] [lower] The sinkDescriptor is: SinkDescriptor: (name: variant("BID_AUCTION_ID_SINK"), type: Void, Config: )[m
[36m[22:22:21.763960] [D] [SingleNodeWorker] [WorkerThread-1] [Task:426102830-9] [VoidSink.cpp:37] [start] Setting up void sink: VoidSink[m
[36m[22:22:21.817883] [D] [SingleNodeWorker] [WorkerThread-1] [] [SourceThread.cpp:184] [start] Starting source with originId: 2[m
[36m[22:22:21.824979] [D] [SingleNodeWorker] [WorkerThread-1] [Task:426102830-8] [BufferManager.cpp:65] [~BufferManager] Calling BufferManager::destroy()[m
[36m[22:22:21.825013] [D] [SingleNodeWorker] [WorkerThread-1] [Task:426102830-8] [BufferManager.cpp:93] [~BufferManager] Shutting down Buffer Manager completed[m
[36m[22:22:23.216860] [D] [SingleNodeWorker] [WorkerThread-0] [Task:426102830-8] [InputFormatter.hpp:348] [indexTrailingSpanningTupleProxy] last offset: 262143, first offset: 24[m
[36m[22:23:00.517399] [D] [SingleNodeWorker] [WorkerThread-1] [Task:426102830-8] [InputFormatter.hpp:348] [indexTrailingSpanningTupleProxy] last offset: 262143, first offset: 26[m
[36m[22:23:11.969760] [D] [SingleNodeWorker] [WorkerThread-2] [Task:426102830-8] [InputFormatter.hpp:348] [indexTrailingSpanningTupleProxy] last offset: 262143, first offset: 55[m
[36m[22:23:52.399731] [D] [SingleNodeWorker] [WorkerThread-3] [Task:426102830-8] [InputFormatter.hpp:348] [indexTrailingSpanningTupleProxy] last offset: 262143, first offset: 27[m
[36m[22:24:16.492718] [D] [SingleNodeWorker] [WorkerThread-2] [Task:426102830-8] [InputFormatter.hpp:348] [indexTrailingSpanningTupleProxy] last offset: 262143, first offset: 50[m
[36m[22:24:27.770737] [D] [SingleNodeWorker] [WorkerThread-2] [Task:426102830] [SourceThread.cpp:230] [tryStop] SourceThread 2: attempting to stop source[m
[36m[22:24:27.770781] [D] [SingleNodeWorker] [WorkerThread-2] [Task:426102830] [SourceThread.cpp:248] [tryStop] SourceThread 2: stopped[m
[32m[22:24:27.796974] [I] [SingleNodeWorker] [WorkerThread-3] [] [SequenceShredder.cpp:55] [~SequenceShredder] Successfully validated SequenceShredder[m
[32m[22:24:27.799909] [I] [SingleNodeWorker] [WorkerThread-1] [Task:426102830-9] [VoidSink.cpp:42] [stop] Void Sink completed.[m
[36m[22:24:27.800070] [D] [SingleNodeWorker] [WorkerThread-1] [] [SourceThread.cpp:226] [tryStop] SourceThread 2: thread is not running[m
