[32m[22:27:59.275759] [I] [Not A Worker] [unnamed] [] [SingleNodeWorker.cpp:63] [SingleNodeWorker] Starting SingleNodeWorker SingleNodeWorker with configuration:
worker.query_engine.number_of_worker_threads: 16
worker.query_engine.admission_queue_size: 1000 (default)
worker.default_query_execution.execution_mode: COMPILER (default)
worker.default_query_execution.page_size: 1024 (default)
worker.default_query_execution.number_of_partitions: 100 (default)
worker.default_query_execution.number_of_records_per_key: 10 (default)
worker.default_query_execution.max_number_of_buckets: 10000 (default)
worker.default_query_execution.operator_buffer_size: 262144
worker.default_query_optimization.join_strategy: OPTIMIZER_CHOOSES (default)
worker.number_of_buffers_in_global_buffer_manager: 32768 (default)
worker.default_max_inflight_buffers: 64 (default)
worker.dump_compilation_result: NONE (default)
worker.dump_graph: 0 (default)
grpc: [::]:8080 (default)
enable_event_trace: 0 (default)
[m
[36m[22:27:59.277205] [D] [Not A Worker] [unnamed] [] [BufferManager.cpp:110] [initialize] NES memory allocation requires 8589934592 out of 540577120256 (so 1.5890303659045137%) available bytes[m
[36m[22:27:59.368903] [D] [Not A Worker] [unnamed] [] [BufferManager.cpp:160] [initialize] BufferManager configuration bufferSize=262144 numOfBuffers=32768[m
[32m[22:27:59.377640] [I] [Not A Worker] [unnamed] [] [SingleNodeWorkerStarter.cpp:93] [main] Server listening on [::]:8080[m
[36m[22:28:01.751329] [D] [Not A Worker] [unnamed] [queryId:1038889557] [BufferManager.cpp:110] [initialize] NES memory allocation requires 1 out of 540577120256 (so 1.8498748143954595e-10%) available bytes[m
[36m[22:28:01.751385] [D] [Not A Worker] [unnamed] [queryId:1038889557] [BufferManager.cpp:160] [initialize] BufferManager configuration bufferSize=1 numOfBuffers=1[m
[36m[22:28:01.751580] [D] [Not A Worker] [unnamed] [queryId:1038889557] [PipeliningPhase.cpp:365] [apply] Constructed pipeline plan with 1 root pipelines.
PipelinedQueryPlan for Query: 1038889557
Number of root pipelines: 1
------------------
Root Pipeline 0:
  Pipeline(ID(1), Provider(COMPILER))
  Operator chain:
    PhysicalOperator(NES::SourcePhysicalOperator)
  Successor Pipeline:
    Pipeline(ID(2), Provider(None))
      Operator chain:
        PhysicalOperator(NES::ScanPhysicalOperator)
          PhysicalOperator(NES::SelectionPhysicalOperator)
            PhysicalOperator(NES::MapPhysicalOperator)
              PhysicalOperator(NES::EmitPhysicalOperator)
      Successor Pipeline:
        Pipeline(ID(3), Provider(None))
          Operator chain:
            PhysicalOperator(NES::SinkPhysicalOperator)

[m
[36m[22:28:01.755275] [D] [Not A Worker] [unnamed] [] [SinkProvider.cpp:30] [lower] The sinkDescriptor is: SinkDescriptor: (name: variant("BID_AUCTION_ID_SINK"), type: Void, Config: )[m
[36m[22:28:01.755957] [D] [SingleNodeWorker] [WorkerThread-6] [Task:1038889557-3] [VoidSink.cpp:37] [start] Setting up void sink: VoidSink[m
[36m[22:28:01.811439] [D] [SingleNodeWorker] [WorkerThread-12] [] [SourceThread.cpp:184] [start] Starting source with originId: 2[m
[36m[22:28:01.812763] [D] [SingleNodeWorker] [WorkerThread-12] [Task:1038889557-2] [BufferManager.cpp:65] [~BufferManager] Calling BufferManager::destroy()[m
[36m[22:28:01.812794] [D] [SingleNodeWorker] [WorkerThread-12] [Task:1038889557-2] [BufferManager.cpp:93] [~BufferManager] Shutting down Buffer Manager completed[m
[36m[22:28:11.630080] [D] [SingleNodeWorker] [WorkerThread-5] [Task:1038889557-2] [InputFormatter.hpp:348] [indexTrailingSpanningTupleProxy] last offset: 262143, first offset: 52[m
[36m[22:28:11.655767] [D] [SingleNodeWorker] [WorkerThread-4] [Task:1038889557-2] [InputFormatter.hpp:348] [indexTrailingSpanningTupleProxy] last offset: 262143, first offset: 70[m
[36m[22:28:13.814909] [D] [SingleNodeWorker] [WorkerThread-2] [Task:1038889557-2] [InputFormatter.hpp:348] [indexTrailingSpanningTupleProxy] last offset: 262143, first offset: 81[m
[36m[22:28:15.330229] [D] [SingleNodeWorker] [WorkerThread-8] [Task:1038889557-2] [InputFormatter.hpp:348] [indexTrailingSpanningTupleProxy] last offset: 262143, first offset: 3[m
[36m[22:28:16.488612] [D] [SingleNodeWorker] [WorkerThread-7] [Task:1038889557-2] [InputFormatter.hpp:348] [indexTrailingSpanningTupleProxy] last offset: 262143, first offset: 78[m
[36m[22:28:17.878492] [D] [SingleNodeWorker] [WorkerThread-2] [Task:1038889557-2] [InputFormatter.hpp:348] [indexTrailingSpanningTupleProxy] last offset: 262143, first offset: 29[m
[36m[22:28:19.372355] [D] [SingleNodeWorker] [WorkerThread-9] [Task:1038889557-2] [InputFormatter.hpp:348] [indexTrailingSpanningTupleProxy] last offset: 262143, first offset: 44[m
[36m[22:28:19.478753] [D] [SingleNodeWorker] [WorkerThread-5] [Task:1038889557-2] [InputFormatter.hpp:348] [indexTrailingSpanningTupleProxy] last offset: 262143, first offset: 64[m
[36m[22:28:20.370947] [D] [SingleNodeWorker] [WorkerThread-6] [Task:1038889557-2] [InputFormatter.hpp:348] [indexTrailingSpanningTupleProxy] last offset: 262143, first offset: 83[m
[36m[22:28:23.616860] [D] [SingleNodeWorker] [WorkerThread-0] [Task:1038889557-2] [InputFormatter.hpp:348] [indexTrailingSpanningTupleProxy] last offset: 262143, first offset: 79[m
[36m[22:28:26.365911] [D] [SingleNodeWorker] [WorkerThread-15] [Task:1038889557-2] [InputFormatter.hpp:348] [indexTrailingSpanningTupleProxy] last offset: 262143, first offset: 4[m
[36m[22:28:26.484488] [D] [SingleNodeWorker] [WorkerThread-15] [Task:1038889557-2] [InputFormatter.hpp:348] [indexTrailingSpanningTupleProxy] last offset: 262143, first offset: 50[m
[36m[22:28:32.540905] [D] [SingleNodeWorker] [WorkerThread-2] [Task:1038889557-2] [InputFormatter.hpp:348] [indexTrailingSpanningTupleProxy] last offset: 262143, first offset: 15[m
[36m[22:28:36.704062] [D] [SingleNodeWorker] [WorkerThread-11] [Task:1038889557] [SourceThread.cpp:230] [tryStop] SourceThread 2: attempting to stop source[m
[36m[22:28:36.704165] [D] [SingleNodeWorker] [WorkerThread-11] [Task:1038889557] [SourceThread.cpp:248] [tryStop] SourceThread 2: stopped[m
[32m[22:28:36.730492] [I] [SingleNodeWorker] [WorkerThread-5] [] [SequenceShredder.cpp:55] [~SequenceShredder] Successfully validated SequenceShredder[m
[32m[22:28:36.730743] [I] [SingleNodeWorker] [WorkerThread-9] [Task:1038889557-3] [VoidSink.cpp:42] [stop] Void Sink completed.[m
[36m[22:28:36.730875] [D] [SingleNodeWorker] [WorkerThread-9] [] [SourceThread.cpp:226] [tryStop] SourceThread 2: thread is not running[m
[36m[22:28:38.049123] [D] [Not A Worker] [unnamed] [queryId:437619894] [BufferManager.cpp:110] [initialize] NES memory allocation requires 1 out of 540577120256 (so 1.8498748143954595e-10%) available bytes[m
[36m[22:28:38.049175] [D] [Not A Worker] [unnamed] [queryId:437619894] [BufferManager.cpp:160] [initialize] BufferManager configuration bufferSize=1 numOfBuffers=1[m
[36m[22:28:38.049391] [D] [Not A Worker] [unnamed] [queryId:437619894] [PipeliningPhase.cpp:365] [apply] Constructed pipeline plan with 1 root pipelines.
PipelinedQueryPlan for Query: 437619894
Number of root pipelines: 1
------------------
Root Pipeline 0:
  Pipeline(ID(4), Provider(COMPILER))
  Operator chain:
    PhysicalOperator(NES::SourcePhysicalOperator)
  Successor Pipeline:
    Pipeline(ID(5), Provider(None))
      Operator chain:
        PhysicalOperator(NES::ScanPhysicalOperator)
          PhysicalOperator(NES::SelectionPhysicalOperator)
            PhysicalOperator(NES::MapPhysicalOperator)
              PhysicalOperator(NES::MapPhysicalOperator)
                PhysicalOperator(NES::EmitPhysicalOperator)
      Successor Pipeline:
        Pipeline(ID(6), Provider(None))
          Operator chain:
            PhysicalOperator(NES::SinkPhysicalOperator)

[m
[36m[22:28:38.052686] [D] [Not A Worker] [unnamed] [] [SinkProvider.cpp:30] [lower] The sinkDescriptor is: SinkDescriptor: (name: variant("ID_PRICE_AUCTION_SINK"), type: Void, Config: )[m
[36m[22:28:38.053491] [D] [SingleNodeWorker] [WorkerThread-10] [Task:437619894-6] [VoidSink.cpp:37] [start] Setting up void sink: VoidSink[m
[36m[22:28:38.105284] [D] [SingleNodeWorker] [WorkerThread-10] [] [SourceThread.cpp:184] [start] Starting source with originId: 2[m
[36m[22:28:38.112334] [D] [SingleNodeWorker] [WorkerThread-10] [Task:437619894-5] [BufferManager.cpp:65] [~BufferManager] Calling BufferManager::destroy()[m
[36m[22:28:38.112368] [D] [SingleNodeWorker] [WorkerThread-10] [Task:437619894-5] [BufferManager.cpp:93] [~BufferManager] Shutting down Buffer Manager completed[m
[36m[22:28:55.976142] [D] [SingleNodeWorker] [WorkerThread-8] [Task:437619894-5] [InputFormatter.hpp:348] [indexTrailingSpanningTupleProxy] last offset: 262143, first offset: 68[m
[36m[22:29:00.883460] [D] [SingleNodeWorker] [WorkerThread-14] [Task:437619894-5] [InputFormatter.hpp:348] [indexTrailingSpanningTupleProxy] last offset: 262143, first offset: 78[m
[36m[22:29:02.283672] [D] [SingleNodeWorker] [WorkerThread-12] [Task:437619894-5] [InputFormatter.hpp:348] [indexTrailingSpanningTupleProxy] last offset: 262143, first offset: 73[m
[36m[22:29:06.351419] [D] [SingleNodeWorker] [WorkerThread-4] [Task:437619894-5] [InputFormatter.hpp:348] [indexTrailingSpanningTupleProxy] last offset: 262143, first offset: 14[m
[36m[22:29:11.142482] [D] [SingleNodeWorker] [WorkerThread-0] [Task:437619894] [SourceThread.cpp:230] [tryStop] SourceThread 2: attempting to stop source[m
[36m[22:29:11.142535] [D] [SingleNodeWorker] [WorkerThread-0] [Task:437619894] [SourceThread.cpp:248] [tryStop] SourceThread 2: stopped[m
[32m[22:29:11.168387] [I] [SingleNodeWorker] [WorkerThread-6] [] [SequenceShredder.cpp:55] [~SequenceShredder] Successfully validated SequenceShredder[m
[32m[22:29:11.169315] [I] [SingleNodeWorker] [WorkerThread-10] [Task:437619894-6] [VoidSink.cpp:42] [stop] Void Sink completed.[m
[36m[22:29:11.169477] [D] [SingleNodeWorker] [WorkerThread-10] [] [SourceThread.cpp:226] [tryStop] SourceThread 2: thread is not running[m
[36m[22:29:14.640696] [D] [Not A Worker] [unnamed] [queryId:1853991177] [BufferManager.cpp:110] [initialize] NES memory allocation requires 1 out of 540577120256 (so 1.8498748143954595e-10%) available bytes[m
[36m[22:29:14.640761] [D] [Not A Worker] [unnamed] [queryId:1853991177] [BufferManager.cpp:160] [initialize] BufferManager configuration bufferSize=1 numOfBuffers=1[m
[36m[22:29:14.640967] [D] [Not A Worker] [unnamed] [queryId:1853991177] [PipeliningPhase.cpp:365] [apply] Constructed pipeline plan with 1 root pipelines.
PipelinedQueryPlan for Query: 1853991177
Number of root pipelines: 1
------------------
Root Pipeline 0:
  Pipeline(ID(7), Provider(COMPILER))
  Operator chain:
    PhysicalOperator(NES::SourcePhysicalOperator)
  Successor Pipeline:
    Pipeline(ID(8), Provider(None))
      Operator chain:
        PhysicalOperator(NES::ScanPhysicalOperator)
          PhysicalOperator(NES::SelectionPhysicalOperator)
            PhysicalOperator(NES::MapPhysicalOperator)
              PhysicalOperator(NES::EmitPhysicalOperator)
      Successor Pipeline:
        Pipeline(ID(9), Provider(None))
          Operator chain:
            PhysicalOperator(NES::SinkPhysicalOperator)

[m
[36m[22:29:14.644645] [D] [Not A Worker] [unnamed] [] [SinkProvider.cpp:30] [lower] The sinkDescriptor is: SinkDescriptor: (name: variant("BID_AUCTION_ID_SINK"), type: Void, Config: )[m
[36m[22:29:14.645504] [D] [SingleNodeWorker] [WorkerThread-6] [Task:1853991177-9] [VoidSink.cpp:37] [start] Setting up void sink: VoidSink[m
[36m[22:29:14.698847] [D] [SingleNodeWorker] [WorkerThread-6] [] [SourceThread.cpp:184] [start] Starting source with originId: 2[m
[36m[22:29:14.707031] [D] [SingleNodeWorker] [WorkerThread-0] [Task:1853991177-8] [BufferManager.cpp:65] [~BufferManager] Calling BufferManager::destroy()[m
[36m[22:29:14.707107] [D] [SingleNodeWorker] [WorkerThread-0] [Task:1853991177-8] [BufferManager.cpp:93] [~BufferManager] Shutting down Buffer Manager completed[m
[36m[22:29:17.592012] [D] [SingleNodeWorker] [WorkerThread-12] [Task:1853991177-8] [InputFormatter.hpp:348] [indexTrailingSpanningTupleProxy] last offset: 262143, first offset: 34[m
[36m[22:29:25.414715] [D] [SingleNodeWorker] [WorkerThread-11] [Task:1853991177-8] [InputFormatter.hpp:348] [indexTrailingSpanningTupleProxy] last offset: 262143, first offset: 70[m
[36m[22:29:29.899829] [D] [SingleNodeWorker] [WorkerThread-12] [Task:1853991177-8] [InputFormatter.hpp:348] [indexTrailingSpanningTupleProxy] last offset: 262143, first offset: 79[m
[36m[22:29:37.526068] [D] [SingleNodeWorker] [WorkerThread-2] [Task:1853991177-8] [InputFormatter.hpp:348] [indexTrailingSpanningTupleProxy] last offset: 262143, first offset: 66[m
[36m[22:29:38.516207] [D] [SingleNodeWorker] [WorkerThread-9] [Task:1853991177-8] [InputFormatter.hpp:348] [indexTrailingSpanningTupleProxy] last offset: 262143, first offset: 27[m
[36m[22:29:39.966480] [D] [SingleNodeWorker] [WorkerThread-0] [Task:1853991177-8] [InputFormatter.hpp:348] [indexTrailingSpanningTupleProxy] last offset: 262143, first offset: 20[m
[36m[22:29:45.668007] [D] [SingleNodeWorker] [WorkerThread-11] [Task:1853991177-8] [InputFormatter.hpp:348] [indexTrailingSpanningTupleProxy] last offset: 262143, first offset: 76[m
[36m[22:29:46.756684] [D] [SingleNodeWorker] [WorkerThread-1] [Task:1853991177-8] [InputFormatter.hpp:348] [indexTrailingSpanningTupleProxy] last offset: 262143, first offset: 66[m
[36m[22:29:47.701591] [D] [SingleNodeWorker] [WorkerThread-8] [Task:1853991177] [SourceThread.cpp:230] [tryStop] SourceThread 2: attempting to stop source[m
[36m[22:29:47.701635] [D] [SingleNodeWorker] [WorkerThread-8] [Task:1853991177] [SourceThread.cpp:248] [tryStop] SourceThread 2: stopped[m
[32m[22:29:47.728057] [I] [SingleNodeWorker] [WorkerThread-15] [] [SequenceShredder.cpp:55] [~SequenceShredder] Successfully validated SequenceShredder[m
[32m[22:29:47.728065] [I] [SingleNodeWorker] [WorkerThread-6] [Task:1853991177-9] [VoidSink.cpp:42] [stop] Void Sink completed.[m
[36m[22:29:47.728265] [D] [SingleNodeWorker] [WorkerThread-6] [] [SourceThread.cpp:226] [tryStop] SourceThread 2: thread is not running[m
