[32m[21:33:45.288726] [I] [Not A Worker] [unnamed] [] [SingleNodeWorker.cpp:63] [SingleNodeWorker] Starting SingleNodeWorker SingleNodeWorker with configuration:
worker.query_engine.number_of_worker_threads: 8
worker.query_engine.admission_queue_size: 1000 (default)
worker.default_query_execution.execution_mode: COMPILER (default)
worker.default_query_execution.page_size: 1024 (default)
worker.default_query_execution.number_of_partitions: 100 (default)
worker.default_query_execution.number_of_records_per_key: 10 (default)
worker.default_query_execution.max_number_of_buckets: 10000 (default)
worker.default_query_execution.operator_buffer_size: 262144
worker.default_query_optimization.join_strategy: OPTIMIZER_CHOOSES (default)
worker.number_of_buffers_in_global_buffer_manager: 32768 (default)
worker.default_max_inflight_buffers: 64 (default)
worker.dump_compilation_result: NONE (default)
worker.dump_graph: 0 (default)
grpc: [::]:8080 (default)
enable_event_trace: 0 (default)
[m
[36m[21:33:45.290543] [D] [Not A Worker] [unnamed] [] [BufferManager.cpp:110] [initialize] NES memory allocation requires 8589934592 out of 540577120256 (so 1.5890303659045137%) available bytes[m
[36m[21:33:45.381635] [D] [Not A Worker] [unnamed] [] [BufferManager.cpp:160] [initialize] BufferManager configuration bufferSize=262144 numOfBuffers=32768[m
[32m[21:33:45.389118] [I] [Not A Worker] [unnamed] [] [SingleNodeWorkerStarter.cpp:93] [main] Server listening on [::]:8080[m
[36m[21:33:47.797070] [D] [Not A Worker] [unnamed] [queryId:957852304] [BufferManager.cpp:110] [initialize] NES memory allocation requires 1 out of 540577120256 (so 1.8498748143954595e-10%) available bytes[m
[36m[21:33:47.797123] [D] [Not A Worker] [unnamed] [queryId:957852304] [BufferManager.cpp:160] [initialize] BufferManager configuration bufferSize=1 numOfBuffers=1[m
[36m[21:33:47.797316] [D] [Not A Worker] [unnamed] [queryId:957852304] [PipeliningPhase.cpp:365] [apply] Constructed pipeline plan with 1 root pipelines.
PipelinedQueryPlan for Query: 957852304
Number of root pipelines: 1
------------------
Root Pipeline 0:
  Pipeline(ID(1), Provider(COMPILER))
  Operator chain:
    PhysicalOperator(NES::SourcePhysicalOperator)
  Successor Pipeline:
    Pipeline(ID(2), Provider(None))
      Operator chain:
        PhysicalOperator(NES::ScanPhysicalOperator)
          PhysicalOperator(NES::SelectionPhysicalOperator)
            PhysicalOperator(NES::MapPhysicalOperator)
              PhysicalOperator(NES::EmitPhysicalOperator)
      Successor Pipeline:
        Pipeline(ID(3), Provider(None))
          Operator chain:
            PhysicalOperator(NES::SinkPhysicalOperator)

[m
[36m[21:33:47.800839] [D] [Not A Worker] [unnamed] [] [SinkProvider.cpp:30] [lower] The sinkDescriptor is: SinkDescriptor: (name: variant("BID_AUCTION_ID_SINK"), type: Void, Config: )[m
[36m[21:33:47.806936] [D] [SingleNodeWorker] [WorkerThread-1] [Task:957852304-3] [VoidSink.cpp:37] [start] Setting up void sink: VoidSink[m
[36m[21:33:47.881215] [D] [SingleNodeWorker] [WorkerThread-1] [] [SourceThread.cpp:184] [start] Starting source with originId: 2[m
[36m[21:33:47.910347] [D] [SingleNodeWorker] [WorkerThread-2] [Task:957852304-2] [BufferManager.cpp:65] [~BufferManager] Calling BufferManager::destroy()[m
[36m[21:33:47.910396] [D] [SingleNodeWorker] [WorkerThread-2] [Task:957852304-2] [BufferManager.cpp:93] [~BufferManager] Shutting down Buffer Manager completed[m
[36m[21:34:25.290410] [D] [SingleNodeWorker] [WorkerThread-7] [Task:957852304] [SourceThread.cpp:230] [tryStop] SourceThread 2: attempting to stop source[m
[36m[21:34:25.290487] [D] [SingleNodeWorker] [WorkerThread-7] [Task:957852304] [SourceThread.cpp:248] [tryStop] SourceThread 2: stopped[m
[32m[21:34:25.316974] [I] [SingleNodeWorker] [WorkerThread-6] [Task:957852304-3] [VoidSink.cpp:42] [stop] Void Sink completed.[m
[32m[21:34:25.317014] [I] [SingleNodeWorker] [WorkerThread-2] [] [SequenceShredder.cpp:55] [~SequenceShredder] Successfully validated SequenceShredder[m
[36m[21:34:25.317113] [D] [SingleNodeWorker] [WorkerThread-6] [] [SourceThread.cpp:226] [tryStop] SourceThread 2: thread is not running[m
[36m[21:34:26.810218] [D] [Not A Worker] [unnamed] [queryId:961760532] [BufferManager.cpp:110] [initialize] NES memory allocation requires 1 out of 540577120256 (so 1.8498748143954595e-10%) available bytes[m
[36m[21:34:26.810296] [D] [Not A Worker] [unnamed] [queryId:961760532] [BufferManager.cpp:160] [initialize] BufferManager configuration bufferSize=1 numOfBuffers=1[m
[36m[21:34:26.810526] [D] [Not A Worker] [unnamed] [queryId:961760532] [PipeliningPhase.cpp:365] [apply] Constructed pipeline plan with 1 root pipelines.
PipelinedQueryPlan for Query: 961760532
Number of root pipelines: 1
------------------
Root Pipeline 0:
  Pipeline(ID(4), Provider(COMPILER))
  Operator chain:
    PhysicalOperator(NES::SourcePhysicalOperator)
  Successor Pipeline:
    Pipeline(ID(5), Provider(None))
      Operator chain:
        PhysicalOperator(NES::ScanPhysicalOperator)
          PhysicalOperator(NES::SelectionPhysicalOperator)
            PhysicalOperator(NES::MapPhysicalOperator)
              PhysicalOperator(NES::MapPhysicalOperator)
                PhysicalOperator(NES::EmitPhysicalOperator)
      Successor Pipeline:
        Pipeline(ID(6), Provider(None))
          Operator chain:
            PhysicalOperator(NES::SinkPhysicalOperator)

[m
[36m[21:34:26.813972] [D] [Not A Worker] [unnamed] [] [SinkProvider.cpp:30] [lower] The sinkDescriptor is: SinkDescriptor: (name: variant("ID_PRICE_AUCTION_SINK"), type: Void, Config: )[m
[36m[21:34:26.815862] [D] [SingleNodeWorker] [WorkerThread-4] [Task:961760532-6] [VoidSink.cpp:37] [start] Setting up void sink: VoidSink[m
[36m[21:34:26.895728] [D] [SingleNodeWorker] [WorkerThread-4] [] [SourceThread.cpp:184] [start] Starting source with originId: 2[m
[36m[21:34:26.923554] [D] [SingleNodeWorker] [WorkerThread-2] [Task:961760532-5] [BufferManager.cpp:65] [~BufferManager] Calling BufferManager::destroy()[m
[36m[21:34:26.923621] [D] [SingleNodeWorker] [WorkerThread-2] [Task:961760532-5] [BufferManager.cpp:93] [~BufferManager] Shutting down Buffer Manager completed[m
[36m[21:35:04.365729] [D] [SingleNodeWorker] [WorkerThread-5] [Task:961760532] [SourceThread.cpp:230] [tryStop] SourceThread 2: attempting to stop source[m
[36m[21:35:04.365774] [D] [SingleNodeWorker] [WorkerThread-5] [Task:961760532] [SourceThread.cpp:248] [tryStop] SourceThread 2: stopped[m
[32m[21:35:04.392653] [I] [SingleNodeWorker] [WorkerThread-7] [Task:961760532-6] [VoidSink.cpp:42] [stop] Void Sink completed.[m
[36m[21:35:04.392774] [D] [SingleNodeWorker] [WorkerThread-7] [] [SourceThread.cpp:226] [tryStop] SourceThread 2: thread is not running[m
[32m[21:35:04.392903] [I] [SingleNodeWorker] [WorkerThread-2] [] [SequenceShredder.cpp:55] [~SequenceShredder] Successfully validated SequenceShredder[m
[36m[21:35:06.234534] [D] [Not A Worker] [unnamed] [queryId:401126538] [BufferManager.cpp:110] [initialize] NES memory allocation requires 1 out of 540577120256 (so 1.8498748143954595e-10%) available bytes[m
[36m[21:35:06.234597] [D] [Not A Worker] [unnamed] [queryId:401126538] [BufferManager.cpp:160] [initialize] BufferManager configuration bufferSize=1 numOfBuffers=1[m
[36m[21:35:06.234783] [D] [Not A Worker] [unnamed] [queryId:401126538] [PipeliningPhase.cpp:365] [apply] Constructed pipeline plan with 1 root pipelines.
PipelinedQueryPlan for Query: 401126538
Number of root pipelines: 1
------------------
Root Pipeline 0:
  Pipeline(ID(7), Provider(COMPILER))
  Operator chain:
    PhysicalOperator(NES::SourcePhysicalOperator)
  Successor Pipeline:
    Pipeline(ID(8), Provider(None))
      Operator chain:
        PhysicalOperator(NES::ScanPhysicalOperator)
          PhysicalOperator(NES::SelectionPhysicalOperator)
            PhysicalOperator(NES::MapPhysicalOperator)
              PhysicalOperator(NES::EmitPhysicalOperator)
      Successor Pipeline:
        Pipeline(ID(9), Provider(None))
          Operator chain:
            PhysicalOperator(NES::SinkPhysicalOperator)

[m
[36m[21:35:06.238751] [D] [Not A Worker] [unnamed] [] [SinkProvider.cpp:30] [lower] The sinkDescriptor is: SinkDescriptor: (name: variant("BID_AUCTION_ID_SINK"), type: Void, Config: )[m
[36m[21:35:06.239279] [D] [SingleNodeWorker] [WorkerThread-5] [Task:401126538-9] [VoidSink.cpp:37] [start] Setting up void sink: VoidSink[m
[36m[21:35:06.312724] [D] [SingleNodeWorker] [WorkerThread-5] [] [SourceThread.cpp:184] [start] Starting source with originId: 2[m
[36m[21:35:06.342389] [D] [SingleNodeWorker] [WorkerThread-6] [Task:401126538-8] [BufferManager.cpp:65] [~BufferManager] Calling BufferManager::destroy()[m
[36m[21:35:06.342428] [D] [SingleNodeWorker] [WorkerThread-6] [Task:401126538-8] [BufferManager.cpp:93] [~BufferManager] Shutting down Buffer Manager completed[m
[36m[21:35:46.350004] [D] [SingleNodeWorker] [WorkerThread-6] [Task:401126538] [SourceThread.cpp:230] [tryStop] SourceThread 2: attempting to stop source[m
[36m[21:35:46.350059] [D] [SingleNodeWorker] [WorkerThread-6] [Task:401126538] [SourceThread.cpp:248] [tryStop] SourceThread 2: stopped[m
[32m[21:35:46.376890] [I] [SingleNodeWorker] [WorkerThread-0] [] [SequenceShredder.cpp:55] [~SequenceShredder] Successfully validated SequenceShredder[m
[32m[21:35:46.378962] [I] [SingleNodeWorker] [WorkerThread-7] [Task:401126538-9] [VoidSink.cpp:42] [stop] Void Sink completed.[m
[36m[21:35:46.379113] [D] [SingleNodeWorker] [WorkerThread-7] [] [SourceThread.cpp:226] [tryStop] SourceThread 2: thread is not running[m
