[32m[21:37:43.392426] [I] [Not A Worker] [unnamed] [] [SingleNodeWorker.cpp:63] [SingleNodeWorker] Starting SingleNodeWorker SingleNodeWorker with configuration:
worker.query_engine.number_of_worker_threads: 64
worker.query_engine.admission_queue_size: 1000 (default)
worker.default_query_execution.execution_mode: COMPILER (default)
worker.default_query_execution.page_size: 1024 (default)
worker.default_query_execution.number_of_partitions: 100 (default)
worker.default_query_execution.number_of_records_per_key: 10 (default)
worker.default_query_execution.max_number_of_buckets: 10000 (default)
worker.default_query_execution.operator_buffer_size: 262144
worker.default_query_optimization.join_strategy: OPTIMIZER_CHOOSES (default)
worker.number_of_buffers_in_global_buffer_manager: 32768 (default)
worker.default_max_inflight_buffers: 64 (default)
worker.dump_compilation_result: NONE (default)
worker.dump_graph: 0 (default)
grpc: [::]:8080 (default)
enable_event_trace: 0 (default)
[m
[36m[21:37:43.394242] [D] [Not A Worker] [unnamed] [] [BufferManager.cpp:110] [initialize] NES memory allocation requires 8589934592 out of 540577120256 (so 1.5890303659045137%) available bytes[m
[36m[21:37:43.484720] [D] [Not A Worker] [unnamed] [] [BufferManager.cpp:160] [initialize] BufferManager configuration bufferSize=262144 numOfBuffers=32768[m
[32m[21:37:43.502037] [I] [Not A Worker] [unnamed] [] [SingleNodeWorkerStarter.cpp:93] [main] Server listening on [::]:8080[m
[36m[21:37:45.899462] [D] [Not A Worker] [unnamed] [queryId:22731879] [BufferManager.cpp:110] [initialize] NES memory allocation requires 1 out of 540577120256 (so 1.8498748143954595e-10%) available bytes[m
[36m[21:37:45.899516] [D] [Not A Worker] [unnamed] [queryId:22731879] [BufferManager.cpp:160] [initialize] BufferManager configuration bufferSize=1 numOfBuffers=1[m
[36m[21:37:45.899720] [D] [Not A Worker] [unnamed] [queryId:22731879] [PipeliningPhase.cpp:365] [apply] Constructed pipeline plan with 1 root pipelines.
PipelinedQueryPlan for Query: 22731879
Number of root pipelines: 1
------------------
Root Pipeline 0:
  Pipeline(ID(1), Provider(COMPILER))
  Operator chain:
    PhysicalOperator(NES::SourcePhysicalOperator)
  Successor Pipeline:
    Pipeline(ID(2), Provider(None))
      Operator chain:
        PhysicalOperator(NES::ScanPhysicalOperator)
          PhysicalOperator(NES::SelectionPhysicalOperator)
            PhysicalOperator(NES::MapPhysicalOperator)
              PhysicalOperator(NES::EmitPhysicalOperator)
      Successor Pipeline:
        Pipeline(ID(3), Provider(None))
          Operator chain:
            PhysicalOperator(NES::SinkPhysicalOperator)

[m
[36m[21:37:45.903258] [D] [Not A Worker] [unnamed] [] [SinkProvider.cpp:30] [lower] The sinkDescriptor is: SinkDescriptor: (name: variant("BID_AUCTION_ID_SINK"), type: Void, Config: )[m
[36m[21:37:45.903916] [D] [SingleNodeWorker] [WorkerThread-61] [Task:22731879-3] [VoidSink.cpp:37] [start] Setting up void sink: VoidSink[m
[36m[21:37:45.979738] [D] [SingleNodeWorker] [WorkerThread-61] [] [SourceThread.cpp:184] [start] Starting source with originId: 2[m
[36m[21:37:46.007262] [D] [SingleNodeWorker] [WorkerThread-25] [Task:22731879-2] [BufferManager.cpp:65] [~BufferManager] Calling BufferManager::destroy()[m
[36m[21:37:46.007313] [D] [SingleNodeWorker] [WorkerThread-25] [Task:22731879-2] [BufferManager.cpp:93] [~BufferManager] Shutting down Buffer Manager completed[m
[36m[21:37:55.952363] [D] [SingleNodeWorker] [WorkerThread-34] [Task:22731879] [SourceThread.cpp:230] [tryStop] SourceThread 2: attempting to stop source[m
[36m[21:37:55.952491] [D] [SingleNodeWorker] [WorkerThread-34] [Task:22731879] [SourceThread.cpp:248] [tryStop] SourceThread 2: stopped[m
[32m[21:37:55.978333] [I] [SingleNodeWorker] [WorkerThread-4] [Task:22731879-3] [VoidSink.cpp:42] [stop] Void Sink completed.[m
[32m[21:37:55.978385] [I] [SingleNodeWorker] [WorkerThread-62] [] [SequenceShredder.cpp:55] [~SequenceShredder] Successfully validated SequenceShredder[m
[36m[21:37:55.978416] [D] [SingleNodeWorker] [WorkerThread-4] [] [SourceThread.cpp:226] [tryStop] SourceThread 2: thread is not running[m
[36m[21:37:57.224342] [D] [Not A Worker] [unnamed] [queryId:1983504973] [BufferManager.cpp:110] [initialize] NES memory allocation requires 1 out of 540577120256 (so 1.8498748143954595e-10%) available bytes[m
[36m[21:37:57.224408] [D] [Not A Worker] [unnamed] [queryId:1983504973] [BufferManager.cpp:160] [initialize] BufferManager configuration bufferSize=1 numOfBuffers=1[m
[36m[21:37:57.224614] [D] [Not A Worker] [unnamed] [queryId:1983504973] [PipeliningPhase.cpp:365] [apply] Constructed pipeline plan with 1 root pipelines.
PipelinedQueryPlan for Query: 1983504973
Number of root pipelines: 1
------------------
Root Pipeline 0:
  Pipeline(ID(4), Provider(COMPILER))
  Operator chain:
    PhysicalOperator(NES::SourcePhysicalOperator)
  Successor Pipeline:
    Pipeline(ID(5), Provider(None))
      Operator chain:
        PhysicalOperator(NES::ScanPhysicalOperator)
          PhysicalOperator(NES::SelectionPhysicalOperator)
            PhysicalOperator(NES::MapPhysicalOperator)
              PhysicalOperator(NES::MapPhysicalOperator)
                PhysicalOperator(NES::EmitPhysicalOperator)
      Successor Pipeline:
        Pipeline(ID(6), Provider(None))
          Operator chain:
            PhysicalOperator(NES::SinkPhysicalOperator)

[m
[36m[21:37:57.227294] [D] [Not A Worker] [unnamed] [] [SinkProvider.cpp:30] [lower] The sinkDescriptor is: SinkDescriptor: (name: variant("ID_PRICE_AUCTION_SINK"), type: Void, Config: )[m
[36m[21:37:57.227741] [D] [SingleNodeWorker] [WorkerThread-22] [Task:1983504973-6] [VoidSink.cpp:37] [start] Setting up void sink: VoidSink[m
[36m[21:37:57.308516] [D] [SingleNodeWorker] [WorkerThread-18] [] [SourceThread.cpp:184] [start] Starting source with originId: 2[m
[36m[21:37:57.335450] [D] [SingleNodeWorker] [WorkerThread-57] [Task:1983504973-5] [BufferManager.cpp:65] [~BufferManager] Calling BufferManager::destroy()[m
[36m[21:37:57.335506] [D] [SingleNodeWorker] [WorkerThread-57] [Task:1983504973-5] [BufferManager.cpp:93] [~BufferManager] Shutting down Buffer Manager completed[m
[36m[21:38:09.882753] [D] [SingleNodeWorker] [WorkerThread-28] [Task:1983504973] [SourceThread.cpp:230] [tryStop] SourceThread 2: attempting to stop source[m
[36m[21:38:09.882821] [D] [SingleNodeWorker] [WorkerThread-28] [Task:1983504973] [SourceThread.cpp:248] [tryStop] SourceThread 2: stopped[m
[32m[21:38:09.908623] [I] [SingleNodeWorker] [WorkerThread-40] [Task:1983504973-6] [VoidSink.cpp:42] [stop] Void Sink completed.[m
[36m[21:38:09.908752] [D] [SingleNodeWorker] [WorkerThread-40] [] [SourceThread.cpp:226] [tryStop] SourceThread 2: thread is not running[m
[32m[21:38:09.908952] [I] [SingleNodeWorker] [WorkerThread-34] [] [SequenceShredder.cpp:55] [~SequenceShredder] Successfully validated SequenceShredder[m
[36m[21:38:11.545552] [D] [Not A Worker] [unnamed] [queryId:1915644801] [BufferManager.cpp:110] [initialize] NES memory allocation requires 1 out of 540577120256 (so 1.8498748143954595e-10%) available bytes[m
[36m[21:38:11.545603] [D] [Not A Worker] [unnamed] [queryId:1915644801] [BufferManager.cpp:160] [initialize] BufferManager configuration bufferSize=1 numOfBuffers=1[m
[36m[21:38:11.545787] [D] [Not A Worker] [unnamed] [queryId:1915644801] [PipeliningPhase.cpp:365] [apply] Constructed pipeline plan with 1 root pipelines.
PipelinedQueryPlan for Query: 1915644801
Number of root pipelines: 1
------------------
Root Pipeline 0:
  Pipeline(ID(7), Provider(COMPILER))
  Operator chain:
    PhysicalOperator(NES::SourcePhysicalOperator)
  Successor Pipeline:
    Pipeline(ID(8), Provider(None))
      Operator chain:
        PhysicalOperator(NES::ScanPhysicalOperator)
          PhysicalOperator(NES::SelectionPhysicalOperator)
            PhysicalOperator(NES::MapPhysicalOperator)
              PhysicalOperator(NES::EmitPhysicalOperator)
      Successor Pipeline:
        Pipeline(ID(9), Provider(None))
          Operator chain:
            PhysicalOperator(NES::SinkPhysicalOperator)

[m
[36m[21:38:11.548517] [D] [Not A Worker] [unnamed] [] [SinkProvider.cpp:30] [lower] The sinkDescriptor is: SinkDescriptor: (name: variant("BID_AUCTION_ID_SINK"), type: Void, Config: )[m
[36m[21:38:11.549052] [D] [SingleNodeWorker] [WorkerThread-6] [Task:1915644801-9] [VoidSink.cpp:37] [start] Setting up void sink: VoidSink[m
[36m[21:38:11.623398] [D] [SingleNodeWorker] [WorkerThread-46] [] [SourceThread.cpp:184] [start] Starting source with originId: 2[m
[36m[21:38:11.651848] [D] [SingleNodeWorker] [WorkerThread-41] [Task:1915644801-8] [BufferManager.cpp:65] [~BufferManager] Calling BufferManager::destroy()[m
[36m[21:38:11.651896] [D] [SingleNodeWorker] [WorkerThread-41] [Task:1915644801-8] [BufferManager.cpp:93] [~BufferManager] Shutting down Buffer Manager completed[m
[36m[21:38:22.739244] [D] [SingleNodeWorker] [WorkerThread-9] [Task:1915644801] [SourceThread.cpp:230] [tryStop] SourceThread 2: attempting to stop source[m
[36m[21:38:22.739317] [D] [SingleNodeWorker] [WorkerThread-9] [Task:1915644801] [SourceThread.cpp:248] [tryStop] SourceThread 2: stopped[m
[32m[21:38:22.765223] [I] [SingleNodeWorker] [WorkerThread-36] [Task:1915644801-9] [VoidSink.cpp:42] [stop] Void Sink completed.[m
[36m[21:38:22.765360] [D] [SingleNodeWorker] [WorkerThread-36] [] [SourceThread.cpp:226] [tryStop] SourceThread 2: thread is not running[m
[32m[21:38:22.765536] [I] [SingleNodeWorker] [WorkerThread-23] [] [SequenceShredder.cpp:55] [~SequenceShredder] Successfully validated SequenceShredder[m
