B0($1:ptr,$2:ptr,$3:ptr)
	ASSIGN	$4	$1	:ptr
	ASSIGN	$5	$2	:ptr
	ASSIGN	$6	$3	:ptr
	ASSIGN	$7	$4	:ptr
	CALL	$8	0x560533d92d60($4)	:ui32
	CALL	$9	0x560533d92d90($4)	:ptr
	ASSIGN	$10	$6	:ptr
	CONST	$11	0	:ui64
	CONST	$12	*	:ptr
	ASSIGN	$13	$9	:ptr
	CONST	$14	0	:ui64
	CONST	$15	0	:ui64
	CONST	$16	0	:ui64
	CONST	$17	0	:ui64
	CONST	$18	0	:ui64
	CONST	$19	0	:ui64
	CONST	$20	true	:bool
	ASSIGN	$21	$5	:ptr
	CALL	$22	0x5605340a1de0($21)	:ui64
	ASSIGN	$15	$22	:ui64
	CALL	$23	0x5605340a1ab0($21)	:ui64
	ASSIGN	$14	$23	:ui64
	CALL	$24	0x5605340a1f00($21)	:ui64
	ASSIGN	$16	$24	:ui64
	CALL	$25	0x5605340a1ed0($21)	:ui64
	ASSIGN	$18	$25	:ui64
	CALL	$26	0x5605340a1c80($21)	:ui64
	ASSIGN	$19	$26	:ui64
	CALL	$27	0x5605340a1d70($21)	:bool
	ASSIGN	$20	$27	:bool
	CALL	$28	0x5605340a1f60($21)	:ui64
	ASSIGN	$17	$28	:ui64
	CONST	$29	*	:ptr
	ASSIGN	$30	$10	:ptr
	CALL	$31	0x56053408cf50($21,$29,$30)	:ptr
	ASSIGN	$32	$31	:ptr
	ASSIGN	$33	$32	:ptr
	CONST	$34	34	:ui64
	ASSIGN	$35	$34	:ui64
	CONST	$36	1	:ui64
	MUL	$37	$35	$36	:ui64
	ADD	$38	$33	$37	:ptr
	ASSIGN	$39	$38	:ptr
	ASSIGN	$40	$39	:ptr
	LOAD	$41	$40	:bool
	CMP	$42	$41	B1()	B2()	:void
B1()
	CONST	$43	false	:bool
	NOT	$44	$43	:bool
	CMP	$45	$44	B3()	B4()	:void
B2()
	CONST	$50	true	:bool
	NOT	$51	$50	:bool
	CMP	$52	$51	B5()	B6()	:void
B3()
	JMP	$0	B7()	:void
B4()
	JMP	$0	B16()	:void
B5()
	JMP	$0	B7()	:void
B6()
	JMP	$0	B16()	:void
B7() ControlFlowMerge
	CALL	$46	0x560533daa7e0($4,$5)	:void
	RETURN	$0	:void
B8()
	ASSIGN	$72	$61	:ptr
	CONST	$73	48	:ui64
	ASSIGN	$74	$73	:ui64
	CONST	$75	1	:ui64
	MUL	$76	$74	$75	:ui64
	ADD	$77	$72	$76	:ptr
	ASSIGN	$78	$61	:ptr
	CONST	$79	0	:ui64
	ASSIGN	$80	$79	:ui64
	CONST	$81	1	:ui64
	MUL	$82	$80	$81	:ui64
	ADD	$83	$78	$82	:ptr
	ASSIGN	$84	$83	:ptr
	ASSIGN	$85	$84	:ptr
	LOAD	$86	$85	:ptr
	CONST	$87	0	:ui64
	ASSIGN	$88	$77	:ptr
	ASSIGN	$89	$88	:ptr
	CONST	$90	0	:ui32
	CONST	$91	*	:ptr
	CALL	$92	0x56053408feb0($90,$89,$91)	:ptr
	ASSIGN	$93	$92	:ptr
	CONST	$94	0	:ui64
	ASSIGN	$95	$94	:ui64
	CONST	$96	1	:ui64
	MUL	$97	$95	$96	:ui64
	ADD	$98	$93	$97	:ptr
	ASSIGN	$99	$98	:ptr
	ASSIGN	$100	$99	:ptr
	ASSIGN	$101	$92	:ptr
	CONST	$102	8	:ui64
	ASSIGN	$103	$102	:ui64
	CONST	$104	1	:ui64
	MUL	$105	$103	$104	:ui64
	ADD	$106	$101	$105	:ptr
	ASSIGN	$107	$106	:ptr
	ASSIGN	$108	$107	:ptr
	LOAD	$109	$100	:ptr
	LOAD	$110	$108	:ui64
	ASSIGN	$111	$109	:ptr
	ASSIGN	$112	$110	:ui64
	ASSIGN	$113	$111	:ptr
	ASSIGN	$114	$112	:ui64
	CONST	$115	1	:ui32
	CONST	$116	*	:ptr
	CALL	$117	0x56053408f510($115,$89,$116)	:ptr
	ASSIGN	$118	$117	:ptr
	CONST	$119	0	:ui64
	ASSIGN	$120	$119	:ui64
	CONST	$121	1	:ui64
	MUL	$122	$120	$121	:ui64
	ADD	$123	$118	$122	:ptr
	ASSIGN	$124	$123	:ptr
	ASSIGN	$125	$124	:ptr
	LOAD	$126	$125	:ptr
	ASSIGN	$127	$117	:ptr
	CONST	$128	8	:ui64
	ASSIGN	$129	$128	:ui64
	CONST	$130	1	:ui64
	MUL	$131	$129	$130	:ui64
	ADD	$132	$127	$131	:ptr
	ASSIGN	$133	$132	:ptr
	ASSIGN	$134	$133	:ptr
	LOAD	$135	$134	:ui64
	ASSIGN	$136	$135	:ui64
	ASSIGN	$137	$126	:ptr
	ASSIGN	$138	$136	:ui64
	ASSIGN	$139	$137	:ptr
	ASSIGN	$140	$138	:ui64
	ASSIGN	$141	$139	:ptr
	ASSIGN	$142	$141	:ptr
	CONST	$143	2	:ui32
	CONST	$144	*	:ptr
	CALL	$145	0x56053408f510($143,$89,$144)	:ptr
	ASSIGN	$146	$145	:ptr
	CONST	$147	0	:ui64
	ASSIGN	$148	$147	:ui64
	CONST	$149	1	:ui64
	MUL	$150	$148	$149	:ui64
	ADD	$151	$146	$150	:ptr
	ASSIGN	$152	$151	:ptr
	ASSIGN	$153	$152	:ptr
	LOAD	$154	$153	:ptr
	ASSIGN	$155	$145	:ptr
	CONST	$156	8	:ui64
	ASSIGN	$157	$156	:ui64
	CONST	$158	1	:ui64
	MUL	$159	$157	$158	:ui64
	ADD	$160	$155	$159	:ptr
	ASSIGN	$161	$160	:ptr
	ASSIGN	$162	$161	:ptr
	LOAD	$163	$162	:ui64
	ASSIGN	$164	$163	:ui64
	ASSIGN	$165	$154	:ptr
	ASSIGN	$166	$164	:ui64
	ASSIGN	$167	$165	:ptr
	ASSIGN	$168	$166	:ui64
	ASSIGN	$169	$167	:ptr
	ASSIGN	$170	$169	:ptr
	CONST	$171	3	:ui32
	CONST	$172	*	:ptr
	CALL	$173	0x56053408f510($171,$89,$172)	:ptr
	ASSIGN	$174	$173	:ptr
	CONST	$175	0	:ui64
	ASSIGN	$176	$175	:ui64
	CONST	$177	1	:ui64
	MUL	$178	$176	$177	:ui64
	ADD	$179	$174	$178	:ptr
	ASSIGN	$180	$179	:ptr
	ASSIGN	$181	$180	:ptr
	LOAD	$182	$181	:ptr
	ASSIGN	$183	$173	:ptr
	CONST	$184	8	:ui64
	ASSIGN	$185	$184	:ui64
	CONST	$186	1	:ui64
	MUL	$187	$185	$186	:ui64
	ADD	$188	$183	$187	:ptr
	ASSIGN	$189	$188	:ptr
	ASSIGN	$190	$189	:ptr
	LOAD	$191	$190	:ui64
	ASSIGN	$192	$191	:ui64
	ASSIGN	$193	$182	:ptr
	ASSIGN	$194	$192	:ui64
	ASSIGN	$195	$193	:ptr
	ASSIGN	$196	$194	:ui64
	ASSIGN	$197	$195	:ptr
	ASSIGN	$198	$197	:ptr
	CONST	$199	4	:ui32
	CONST	$200	*	:ptr
	CALL	$201	0x56053408f510($199,$89,$200)	:ptr
	ASSIGN	$202	$201	:ptr
	CONST	$203	0	:ui64
	ASSIGN	$204	$203	:ui64
	CONST	$205	1	:ui64
	MUL	$206	$204	$205	:ui64
	ADD	$207	$202	$206	:ptr
	ASSIGN	$208	$207	:ptr
	ASSIGN	$209	$208	:ptr
	LOAD	$210	$209	:ptr
	ASSIGN	$211	$201	:ptr
	CONST	$212	8	:ui64
	ASSIGN	$213	$212	:ui64
	CONST	$214	1	:ui64
	MUL	$215	$213	$214	:ui64
	ADD	$216	$211	$215	:ptr
	ASSIGN	$217	$216	:ptr
	ASSIGN	$218	$217	:ptr
	LOAD	$219	$218	:ui64
	ASSIGN	$220	$219	:ui64
	ASSIGN	$221	$210	:ptr
	ASSIGN	$222	$220	:ui64
	ASSIGN	$223	$221	:ptr
	ASSIGN	$224	$222	:ui64
	ASSIGN	$225	$223	:ptr
	ASSIGN	$226	$225	:ptr
	CONST	$227	5	:ui32
	CONST	$228	*	:ptr
	CALL	$229	0x56053408f510($227,$89,$228)	:ptr
	ASSIGN	$230	$229	:ptr
	CONST	$231	0	:ui64
	ASSIGN	$232	$231	:ui64
	CONST	$233	1	:ui64
	MUL	$234	$232	$233	:ui64
	ADD	$235	$230	$234	:ptr
	ASSIGN	$236	$235	:ptr
	ASSIGN	$237	$236	:ptr
	LOAD	$238	$237	:ptr
	ASSIGN	$239	$229	:ptr
	CONST	$240	8	:ui64
	ASSIGN	$241	$240	:ui64
	CONST	$242	1	:ui64
	MUL	$243	$241	$242	:ui64
	ADD	$244	$239	$243	:ptr
	ASSIGN	$245	$244	:ptr
	ASSIGN	$246	$245	:ptr
	LOAD	$247	$246	:ui64
	ASSIGN	$248	$247	:ui64
	ASSIGN	$249	$238	:ptr
	ASSIGN	$250	$248	:ui64
	ASSIGN	$251	$249	:ptr
	ASSIGN	$252	$250	:ui64
	ASSIGN	$253	$251	:ptr
	ASSIGN	$254	$253	:ptr
	CONST	$255	6	:ui32
	CONST	$256	*	:ptr
	CALL	$257	0x56053408feb0($255,$89,$256)	:ptr
	ASSIGN	$258	$257	:ptr
	CONST	$259	0	:ui64
	ASSIGN	$260	$259	:ui64
	CONST	$261	1	:ui64
	MUL	$262	$260	$261	:ui64
	ADD	$263	$258	$262	:ptr
	ASSIGN	$264	$263	:ptr
	ASSIGN	$265	$264	:ptr
	ASSIGN	$266	$257	:ptr
	CONST	$267	8	:ui64
	ASSIGN	$268	$267	:ui64
	CONST	$269	1	:ui64
	MUL	$270	$268	$269	:ui64
	ADD	$271	$266	$270	:ptr
	ASSIGN	$272	$271	:ptr
	ASSIGN	$273	$272	:ptr
	LOAD	$274	$265	:ptr
	LOAD	$275	$273	:ui64
	ASSIGN	$276	$274	:ptr
	ASSIGN	$277	$275	:ui64
	ASSIGN	$278	$276	:ptr
	ASSIGN	$279	$277	:ui64
	CONST	$280	7	:ui32
	CONST	$281	*	:ptr
	CALL	$282	0x56053408f510($280,$89,$281)	:ptr
	ASSIGN	$283	$282	:ptr
	CONST	$284	0	:ui64
	ASSIGN	$285	$284	:ui64
	CONST	$286	1	:ui64
	MUL	$287	$285	$286	:ui64
	ADD	$288	$283	$287	:ptr
	ASSIGN	$289	$288	:ptr
	ASSIGN	$290	$289	:ptr
	LOAD	$291	$290	:ptr
	ASSIGN	$292	$282	:ptr
	CONST	$293	8	:ui64
	ASSIGN	$294	$293	:ui64
	CONST	$295	1	:ui64
	MUL	$296	$294	$295	:ui64
	ADD	$297	$292	$296	:ptr
	ASSIGN	$298	$297	:ptr
	ASSIGN	$299	$298	:ptr
	LOAD	$300	$299	:ui64
	ASSIGN	$301	$300	:ui64
	ASSIGN	$302	$291	:ptr
	ASSIGN	$303	$301	:ui64
	ASSIGN	$304	$302	:ptr
	ASSIGN	$305	$303	:ui64
	ASSIGN	$306	$304	:ptr
	ASSIGN	$307	$306	:ptr
	CALL	$308	0x56053408a2c0($89)	:void
	CALL	$309	0x560533ff8c90($113,$114)	:i32
	ASSIGN	$310	$309	:i32
	ASSIGN	$311	$310	:i32
	CONST	$312	1018	:i32
	EQ	$313	$311	$312	:bool
	ASSIGN	$314	$313	:bool
	CONST	$315	false	:bool
	EQ	$316	$314	$315	:bool
	NOT	$317	$316	:bool
	CMP	$318	$317	B10()	B11()	:void
B9()
	JMP	$0	B17()	:void
B10()
	CONST	$319	2427	:ui64
	GTE	$320	$58	$319	:bool
	CMP	$321	$320	B12()	B13()	:void
B11()
	JMP	$0	B18()	:void
B12()
	CONST	$322	false	:bool
	CALL	$323	0x5605340a19b0($59,$58)	:void
	CALL	$324	0x5605340a1e50($59,$15)	:void
	CALL	$325	0x5605340a1b20($59,$14)	:void
	CALL	$326	0x5605340a1b90($59,$18)	:void
	CALL	$327	0x5605340a1f30($59,$16)	:void
	CALL	$328	0x5605340a1f90($59,$17)	:void
	CONST	$329	2	:ui64
	CALL	$330	0x560533d93280($7,$329)	:ptr
	CALL	$331	0x560533d81290($330,$322,$19,$20,$59)	:void
	CALL	$332	0x560533d92e90($7,$59)	:void
	CALL	$333	0x560533d93300($7)	:ptr
	ASSIGN	$334	$333	:ptr
	ASSIGN	$59	$334	:ptr
	CALL	$335	0x5605340a1a30($59)	:ptr
	ASSIGN	$60	$335	:ptr
	CONST	$336	0	:ui64
	ASSIGN	$58	$336	:ui64
	JMP	$0	B19()	:void
B13()
	JMP	$0	B19()	:void
B14()
	CONST	$475	true	:bool
	JMP	$0	B33()	:void
B15()
	CONST	$501	0	:ui64
	ASSIGN	$502	$61	:ptr
	CONST	$503	192	:ui64
	ASSIGN	$504	$503	:ui64
	CONST	$505	1	:ui64
	MUL	$506	$504	$505	:ui64
	ADD	$507	$502	$506	:ptr
	JMP	$0	B26()	:void
B16() ControlFlowMerge
	CALL	$56	0x560533d93300($7)	:ptr
	ASSIGN	$57	$56	:ptr
	CONST	$58	0	:ui64
	ASSIGN	$59	$57	:ptr
	CALL	$60	0x5605340a1a30($57)	:ptr
	CALL	$61	0x560534088820()	:ptr
	ASSIGN	$62	$61	:ptr
	CONST	$63	32	:ui64
	ASSIGN	$64	$63	:ui64
	CONST	$65	1	:ui64
	MUL	$66	$64	$65	:ui64
	ADD	$67	$62	$66	:ptr
	ASSIGN	$68	$67	:ptr
	ASSIGN	$69	$68	:ptr
	LOAD	$70	$69	:bool
	CMP	$71	$70	B8()	B9()	:void
B17() ControlFlowMerge
	JMP	$0	B18()	:void
B18() ControlFlowMerge
	ASSIGN	$464	$61	:ptr
	CONST	$465	33	:ui64
	ASSIGN	$466	$465	:ui64
	CONST	$467	1	:ui64
	MUL	$468	$466	$467	:ui64
	ADD	$469	$464	$468	:ptr
	ASSIGN	$470	$469	:ptr
	ASSIGN	$471	$470	:ptr
	LOAD	$472	$471	:bool
	NOT	$473	$472	:bool
	CMP	$474	$473	B14()	B15()	:void
B19() ControlFlowMerge
	CALL	$337	0x5605340a1a30($59)	:ptr
	ASSIGN	$338	$337	:ptr
	CONST	$339	108	:ui64
	MUL	$340	$339	$58	:ui64
	ASSIGN	$341	$340	:ui64
	CONST	$342	1	:ui64
	MUL	$343	$341	$342	:ui64
	ADD	$344	$338	$343	:ptr
	ASSIGN	$345	$344	:ptr
	CONST	$346	0	:ui64
	ASSIGN	$347	$346	:ui64
	CONST	$348	1	:ui64
	MUL	$349	$347	$348	:ui64
	ADD	$350	$345	$349	:ptr
	ASSIGN	$351	$310	:i32
	ASSIGN	$352	$351	:i32
	ASSIGN	$353	$352	:i32
	ASSIGN	$354	$353	:i32
	ASSIGN	$355	$350	:ptr
	ASSIGN	$356	$355	:ptr
	ASSIGN	$357	$354	:i32
	STORE	$358	$356	$357	:void
	ASSIGN	$359	$351	:i32
	ASSIGN	$360	$344	:ptr
	CONST	$361	4	:ui64
	ASSIGN	$362	$361	:ui64
	CONST	$363	1	:ui64
	MUL	$364	$362	$363	:ui64
	ADD	$365	$360	$364	:ptr
	ASSIGN	$366	$140	:ui64
	ASSIGN	$367	$142	:ptr
	ASSIGN	$368	$366	:ui64
	ASSIGN	$369	$367	:ptr
	ASSIGN	$370	$369	:ptr
	ASSIGN	$371	$368	:ui64
	CALL	$372	0x5605340ab5e0($59,$13,$370,$371,$365)	:void
	ASSIGN	$373	$367	:ptr
	ASSIGN	$374	$344	:ptr
	CONST	$375	20	:ui64
	ASSIGN	$376	$375	:ui64
	CONST	$377	1	:ui64
	MUL	$378	$376	$377	:ui64
	ADD	$379	$374	$378	:ptr
	ASSIGN	$380	$168	:ui64
	ASSIGN	$381	$170	:ptr
	ASSIGN	$382	$380	:ui64
	ASSIGN	$383	$381	:ptr
	ASSIGN	$384	$383	:ptr
	ASSIGN	$385	$382	:ui64
	CALL	$386	0x5605340ab5e0($59,$13,$384,$385,$379)	:void
	ASSIGN	$387	$381	:ptr
	ASSIGN	$388	$344	:ptr
	CONST	$389	36	:ui64
	ASSIGN	$390	$389	:ui64
	CONST	$391	1	:ui64
	MUL	$392	$390	$391	:ui64
	ADD	$393	$388	$392	:ptr
	ASSIGN	$394	$196	:ui64
	ASSIGN	$395	$198	:ptr
	ASSIGN	$396	$394	:ui64
	ASSIGN	$397	$395	:ptr
	ASSIGN	$398	$397	:ptr
	ASSIGN	$399	$396	:ui64
	CALL	$400	0x5605340ab5e0($59,$13,$398,$399,$393)	:void
	ASSIGN	$401	$395	:ptr
	ASSIGN	$402	$344	:ptr
	CONST	$403	52	:ui64
	ASSIGN	$404	$403	:ui64
	CONST	$405	1	:ui64
	MUL	$406	$404	$405	:ui64
	ADD	$407	$402	$406	:ptr
	ASSIGN	$408	$224	:ui64
	ASSIGN	$409	$226	:ptr
	ASSIGN	$410	$408	:ui64
	ASSIGN	$411	$409	:ptr
	ASSIGN	$412	$411	:ptr
	ASSIGN	$413	$410	:ui64
	CALL	$414	0x5605340ab5e0($59,$13,$412,$413,$407)	:void
	ASSIGN	$415	$409	:ptr
	ASSIGN	$416	$344	:ptr
	CONST	$417	68	:ui64
	ASSIGN	$418	$417	:ui64
	CONST	$419	1	:ui64
	MUL	$420	$418	$419	:ui64
	ADD	$421	$416	$420	:ptr
	ASSIGN	$422	$252	:ui64
	ASSIGN	$423	$254	:ptr
	ASSIGN	$424	$422	:ui64
	ASSIGN	$425	$423	:ptr
	ASSIGN	$426	$425	:ptr
	ASSIGN	$427	$424	:ui64
	CALL	$428	0x5605340ab5e0($59,$13,$426,$427,$421)	:void
	ASSIGN	$429	$423	:ptr
	ASSIGN	$430	$344	:ptr
	CONST	$431	84	:ui64
	ASSIGN	$432	$431	:ui64
	CONST	$433	1	:ui64
	MUL	$434	$432	$433	:ui64
	ADD	$435	$430	$434	:ptr
	CALL	$436	0x560533ffa6d0($278,$279)	:ui64
	ASSIGN	$437	$436	:ui64
	ASSIGN	$438	$437	:ui64
	ASSIGN	$439	$438	:ui64
	ASSIGN	$440	$439	:ui64
	ASSIGN	$441	$440	:ui64
	ASSIGN	$442	$435	:ptr
	ASSIGN	$443	$442	:ptr
	ASSIGN	$444	$441	:ui64
	STORE	$445	$443	$444	:void
	ASSIGN	$446	$438	:ui64
	ASSIGN	$447	$344	:ptr
	CONST	$448	92	:ui64
	ASSIGN	$449	$448	:ui64
	CONST	$450	1	:ui64
	MUL	$451	$449	$450	:ui64
	ADD	$452	$447	$451	:ptr
	ASSIGN	$453	$305	:ui64
	ASSIGN	$454	$307	:ptr
	ASSIGN	$455	$453	:ui64
	ASSIGN	$456	$454	:ptr
	ASSIGN	$457	$456	:ptr
	ASSIGN	$458	$455	:ui64
	CALL	$459	0x5605340ab5e0($59,$13,$457,$458,$452)	:void
	ASSIGN	$460	$454	:ptr
	CONST	$461	1	:i32
	CAST	$462	$461	:ui64
	ADD	$463	$58	$462	:ui64
	ASSIGN	$58	$463	:ui64
	JMP	$0	B17()	:void
B20()
	CALL	$520	0x5605340a1a30($21)	:ptr
	ASSIGN	$521	$507	:ptr
	ASSIGN	$522	$521	:ptr
	CONST	$523	0	:ui32
	CONST	$524	*	:ptr
	CALL	$525	0x56053408feb0($523,$522,$524)	:ptr
	ASSIGN	$526	$525	:ptr
	CONST	$527	0	:ui64
	ASSIGN	$528	$527	:ui64
	CONST	$529	1	:ui64
	MUL	$530	$528	$529	:ui64
	ADD	$531	$526	$530	:ptr
	ASSIGN	$532	$531	:ptr
	ASSIGN	$533	$532	:ptr
	ASSIGN	$534	$525	:ptr
	CONST	$535	8	:ui64
	ASSIGN	$536	$535	:ui64
	CONST	$537	1	:ui64
	MUL	$538	$536	$537	:ui64
	ADD	$539	$534	$538	:ptr
	ASSIGN	$540	$539	:ptr
	ASSIGN	$541	$540	:ptr
	LOAD	$542	$533	:ptr
	LOAD	$543	$541	:ui64
	ASSIGN	$544	$542	:ptr
	ASSIGN	$545	$543	:ui64
	ASSIGN	$546	$544	:ptr
	ASSIGN	$547	$545	:ui64
	CONST	$548	1	:ui32
	CONST	$549	*	:ptr
	CALL	$550	0x56053408f510($548,$522,$549)	:ptr
	ASSIGN	$551	$550	:ptr
	CONST	$552	0	:ui64
	ASSIGN	$553	$552	:ui64
	CONST	$554	1	:ui64
	MUL	$555	$553	$554	:ui64
	ADD	$556	$551	$555	:ptr
	ASSIGN	$557	$556	:ptr
	ASSIGN	$558	$557	:ptr
	LOAD	$559	$558	:ptr
	ASSIGN	$560	$550	:ptr
	CONST	$561	8	:ui64
	ASSIGN	$562	$561	:ui64
	CONST	$563	1	:ui64
	MUL	$564	$562	$563	:ui64
	ADD	$565	$560	$564	:ptr
	ASSIGN	$566	$565	:ptr
	ASSIGN	$567	$566	:ptr
	LOAD	$568	$567	:ui64
	ASSIGN	$569	$568	:ui64
	ASSIGN	$570	$559	:ptr
	ASSIGN	$571	$569	:ui64
	ASSIGN	$572	$570	:ptr
	ASSIGN	$573	$571	:ui64
	ASSIGN	$574	$572	:ptr
	ASSIGN	$575	$574	:ptr
	CONST	$576	2	:ui32
	CONST	$577	*	:ptr
	CALL	$578	0x56053408f510($576,$522,$577)	:ptr
	ASSIGN	$579	$578	:ptr
	CONST	$580	0	:ui64
	ASSIGN	$581	$580	:ui64
	CONST	$582	1	:ui64
	MUL	$583	$581	$582	:ui64
	ADD	$584	$579	$583	:ptr
	ASSIGN	$585	$584	:ptr
	ASSIGN	$586	$585	:ptr
	LOAD	$587	$586	:ptr
	ASSIGN	$588	$578	:ptr
	CONST	$589	8	:ui64
	ASSIGN	$590	$589	:ui64
	CONST	$591	1	:ui64
	MUL	$592	$590	$591	:ui64
	ADD	$593	$588	$592	:ptr
	ASSIGN	$594	$593	:ptr
	ASSIGN	$595	$594	:ptr
	LOAD	$596	$595	:ui64
	ASSIGN	$597	$596	:ui64
	ASSIGN	$598	$587	:ptr
	ASSIGN	$599	$597	:ui64
	ASSIGN	$600	$598	:ptr
	ASSIGN	$601	$599	:ui64
	ASSIGN	$602	$600	:ptr
	ASSIGN	$603	$602	:ptr
	CONST	$604	3	:ui32
	CONST	$605	*	:ptr
	CALL	$606	0x56053408f510($604,$522,$605)	:ptr
	ASSIGN	$607	$606	:ptr
	CONST	$608	0	:ui64
	ASSIGN	$609	$608	:ui64
	CONST	$610	1	:ui64
	MUL	$611	$609	$610	:ui64
	ADD	$612	$607	$611	:ptr
	ASSIGN	$613	$612	:ptr
	ASSIGN	$614	$613	:ptr
	LOAD	$615	$614	:ptr
	ASSIGN	$616	$606	:ptr
	CONST	$617	8	:ui64
	ASSIGN	$618	$617	:ui64
	CONST	$619	1	:ui64
	MUL	$620	$618	$619	:ui64
	ADD	$621	$616	$620	:ptr
	ASSIGN	$622	$621	:ptr
	ASSIGN	$623	$622	:ptr
	LOAD	$624	$623	:ui64
	ASSIGN	$625	$624	:ui64
	ASSIGN	$626	$615	:ptr
	ASSIGN	$627	$625	:ui64
	ASSIGN	$628	$626	:ptr
	ASSIGN	$629	$627	:ui64
	ASSIGN	$630	$628	:ptr
	ASSIGN	$631	$630	:ptr
	CONST	$632	4	:ui32
	CONST	$633	*	:ptr
	CALL	$634	0x56053408f510($632,$522,$633)	:ptr
	ASSIGN	$635	$634	:ptr
	CONST	$636	0	:ui64
	ASSIGN	$637	$636	:ui64
	CONST	$638	1	:ui64
	MUL	$639	$637	$638	:ui64
	ADD	$640	$635	$639	:ptr
	ASSIGN	$641	$640	:ptr
	ASSIGN	$642	$641	:ptr
	LOAD	$643	$642	:ptr
	ASSIGN	$644	$634	:ptr
	CONST	$645	8	:ui64
	ASSIGN	$646	$645	:ui64
	CONST	$647	1	:ui64
	MUL	$648	$646	$647	:ui64
	ADD	$649	$644	$648	:ptr
	ASSIGN	$650	$649	:ptr
	ASSIGN	$651	$650	:ptr
	LOAD	$652	$651	:ui64
	ASSIGN	$653	$652	:ui64
	ASSIGN	$654	$643	:ptr
	ASSIGN	$655	$653	:ui64
	ASSIGN	$656	$654	:ptr
	ASSIGN	$657	$655	:ui64
	ASSIGN	$658	$656	:ptr
	ASSIGN	$659	$658	:ptr
	CONST	$660	5	:ui32
	CONST	$661	*	:ptr
	CALL	$662	0x56053408f510($660,$522,$661)	:ptr
	ASSIGN	$663	$662	:ptr
	CONST	$664	0	:ui64
	ASSIGN	$665	$664	:ui64
	CONST	$666	1	:ui64
	MUL	$667	$665	$666	:ui64
	ADD	$668	$663	$667	:ptr
	ASSIGN	$669	$668	:ptr
	ASSIGN	$670	$669	:ptr
	LOAD	$671	$670	:ptr
	ASSIGN	$672	$662	:ptr
	CONST	$673	8	:ui64
	ASSIGN	$674	$673	:ui64
	CONST	$675	1	:ui64
	MUL	$676	$674	$675	:ui64
	ADD	$677	$672	$676	:ptr
	ASSIGN	$678	$677	:ptr
	ASSIGN	$679	$678	:ptr
	LOAD	$680	$679	:ui64
	ASSIGN	$681	$680	:ui64
	ASSIGN	$682	$671	:ptr
	ASSIGN	$683	$681	:ui64
	ASSIGN	$684	$682	:ptr
	ASSIGN	$685	$683	:ui64
	ASSIGN	$686	$684	:ptr
	ASSIGN	$687	$686	:ptr
	CONST	$688	6	:ui32
	CONST	$689	*	:ptr
	CALL	$690	0x56053408feb0($688,$522,$689)	:ptr
	ASSIGN	$691	$690	:ptr
	CONST	$692	0	:ui64
	ASSIGN	$693	$692	:ui64
	CONST	$694	1	:ui64
	MUL	$695	$693	$694	:ui64
	ADD	$696	$691	$695	:ptr
	ASSIGN	$697	$696	:ptr
	ASSIGN	$698	$697	:ptr
	ASSIGN	$699	$690	:ptr
	CONST	$700	8	:ui64
	ASSIGN	$701	$700	:ui64
	CONST	$702	1	:ui64
	MUL	$703	$701	$702	:ui64
	ADD	$704	$699	$703	:ptr
	ASSIGN	$705	$704	:ptr
	ASSIGN	$706	$705	:ptr
	LOAD	$707	$698	:ptr
	LOAD	$708	$706	:ui64
	ASSIGN	$709	$707	:ptr
	ASSIGN	$710	$708	:ui64
	ASSIGN	$711	$709	:ptr
	ASSIGN	$712	$710	:ui64
	CONST	$713	7	:ui32
	CONST	$714	*	:ptr
	CALL	$715	0x56053408f510($713,$522,$714)	:ptr
	ASSIGN	$716	$715	:ptr
	CONST	$717	0	:ui64
	ASSIGN	$718	$717	:ui64
	CONST	$719	1	:ui64
	MUL	$720	$718	$719	:ui64
	ADD	$721	$716	$720	:ptr
	ASSIGN	$722	$721	:ptr
	ASSIGN	$723	$722	:ptr
	LOAD	$724	$723	:ptr
	ASSIGN	$725	$715	:ptr
	CONST	$726	8	:ui64
	ASSIGN	$727	$726	:ui64
	CONST	$728	1	:ui64
	MUL	$729	$727	$728	:ui64
	ADD	$730	$725	$729	:ptr
	ASSIGN	$731	$730	:ptr
	ASSIGN	$732	$731	:ptr
	LOAD	$733	$732	:ui64
	ASSIGN	$734	$733	:ui64
	ASSIGN	$735	$724	:ptr
	ASSIGN	$736	$734	:ui64
	ASSIGN	$737	$735	:ptr
	ASSIGN	$738	$736	:ui64
	ASSIGN	$739	$737	:ptr
	ASSIGN	$740	$739	:ptr
	CALL	$741	0x56053408a2c0($522)	:void
	CALL	$742	0x560533ff8c90($546,$547)	:i32
	ASSIGN	$743	$742	:i32
	ASSIGN	$744	$743	:i32
	CONST	$745	1018	:i32
	EQ	$746	$744	$745	:bool
	ASSIGN	$747	$746	:bool
	CONST	$748	false	:bool
	EQ	$749	$747	$748	:bool
	NOT	$750	$749	:bool
	CMP	$751	$750	B22()	B23()	:void
B21()
	CONST	$903	*	:ptr
	ASSIGN	$904	$10	:ptr
	CALL	$905	0x56053408bc40($21,$903,$904)	:bool
	CMP	$906	$905	B27()	B28()	:void
B22()
	CONST	$752	2427	:ui64
	GTE	$753	$58	$752	:bool
	CMP	$754	$753	B24()	B25()	:void
B23()
	CONST	$1303	1	:i32
	CAST	$1304	$1303	:ui64
	ADD	$1305	$501	$1304	:ui64
	ASSIGN	$501	$1305	:ui64
	JMP	$0	B34()	:void
B24()
	CONST	$755	false	:bool
	CALL	$756	0x5605340a19b0($59,$58)	:void
	CALL	$757	0x5605340a1e50($59,$15)	:void
	CALL	$758	0x5605340a1b20($59,$14)	:void
	CALL	$759	0x5605340a1b90($59,$18)	:void
	CALL	$760	0x5605340a1f30($59,$16)	:void
	CALL	$761	0x5605340a1f90($59,$17)	:void
	CONST	$762	2	:ui64
	CALL	$763	0x560533d93280($7,$762)	:ptr
	CALL	$764	0x560533d81290($763,$755,$19,$20,$59)	:void
	CALL	$765	0x560533d92e90($7,$59)	:void
	CALL	$766	0x560533d93300($7)	:ptr
	ASSIGN	$767	$766	:ptr
	ASSIGN	$59	$767	:ptr
	CALL	$768	0x5605340a1a30($59)	:ptr
	ASSIGN	$60	$768	:ptr
	CONST	$769	0	:ui64
	ASSIGN	$58	$769	:ui64
	JMP	$0	B35()	:void
B25()
	JMP	$0	B35()	:void
B26() ControlFlowMerge
	JMP	$0	B34()	:void
B27()
	ASSIGN	$907	$61	:ptr
	CONST	$908	120	:ui64
	ASSIGN	$909	$908	:ui64
	CONST	$910	1	:ui64
	MUL	$911	$909	$910	:ui64
	ADD	$912	$907	$911	:ptr
	ASSIGN	$913	$61	:ptr
	CONST	$914	16	:ui64
	ASSIGN	$915	$914	:ui64
	CONST	$916	1	:ui64
	MUL	$917	$915	$916	:ui64
	ADD	$918	$913	$917	:ptr
	ASSIGN	$919	$918	:ptr
	ASSIGN	$920	$919	:ptr
	LOAD	$921	$920	:ptr
	CONST	$922	0	:ui64
	ASSIGN	$923	$912	:ptr
	ASSIGN	$924	$923	:ptr
	CONST	$925	0	:ui32
	CONST	$926	*	:ptr
	CALL	$927	0x56053408feb0($925,$924,$926)	:ptr
	ASSIGN	$928	$927	:ptr
	CONST	$929	0	:ui64
	ASSIGN	$930	$929	:ui64
	CONST	$931	1	:ui64
	MUL	$932	$930	$931	:ui64
	ADD	$933	$928	$932	:ptr
	ASSIGN	$934	$933	:ptr
	ASSIGN	$935	$934	:ptr
	ASSIGN	$936	$927	:ptr
	CONST	$937	8	:ui64
	ASSIGN	$938	$937	:ui64
	CONST	$939	1	:ui64
	MUL	$940	$938	$939	:ui64
	ADD	$941	$936	$940	:ptr
	ASSIGN	$942	$941	:ptr
	ASSIGN	$943	$942	:ptr
	LOAD	$944	$935	:ptr
	LOAD	$945	$943	:ui64
	ASSIGN	$946	$944	:ptr
	ASSIGN	$947	$945	:ui64
	ASSIGN	$948	$946	:ptr
	ASSIGN	$949	$947	:ui64
	CONST	$950	1	:ui32
	CONST	$951	*	:ptr
	CALL	$952	0x56053408f510($950,$924,$951)	:ptr
	ASSIGN	$953	$952	:ptr
	CONST	$954	0	:ui64
	ASSIGN	$955	$954	:ui64
	CONST	$956	1	:ui64
	MUL	$957	$955	$956	:ui64
	ADD	$958	$953	$957	:ptr
	ASSIGN	$959	$958	:ptr
	ASSIGN	$960	$959	:ptr
	LOAD	$961	$960	:ptr
	ASSIGN	$962	$952	:ptr
	CONST	$963	8	:ui64
	ASSIGN	$964	$963	:ui64
	CONST	$965	1	:ui64
	MUL	$966	$964	$965	:ui64
	ADD	$967	$962	$966	:ptr
	ASSIGN	$968	$967	:ptr
	ASSIGN	$969	$968	:ptr
	LOAD	$970	$969	:ui64
	ASSIGN	$971	$970	:ui64
	ASSIGN	$972	$961	:ptr
	ASSIGN	$973	$971	:ui64
	ASSIGN	$974	$972	:ptr
	ASSIGN	$975	$973	:ui64
	ASSIGN	$976	$974	:ptr
	ASSIGN	$977	$976	:ptr
	CONST	$978	2	:ui32
	CONST	$979	*	:ptr
	CALL	$980	0x56053408f510($978,$924,$979)	:ptr
	ASSIGN	$981	$980	:ptr
	CONST	$982	0	:ui64
	ASSIGN	$983	$982	:ui64
	CONST	$984	1	:ui64
	MUL	$985	$983	$984	:ui64
	ADD	$986	$981	$985	:ptr
	ASSIGN	$987	$986	:ptr
	ASSIGN	$988	$987	:ptr
	LOAD	$989	$988	:ptr
	ASSIGN	$990	$980	:ptr
	CONST	$991	8	:ui64
	ASSIGN	$992	$991	:ui64
	CONST	$993	1	:ui64
	MUL	$994	$992	$993	:ui64
	ADD	$995	$990	$994	:ptr
	ASSIGN	$996	$995	:ptr
	ASSIGN	$997	$996	:ptr
	LOAD	$998	$997	:ui64
	ASSIGN	$999	$998	:ui64
	ASSIGN	$1000	$989	:ptr
	ASSIGN	$1001	$999	:ui64
	ASSIGN	$1002	$1000	:ptr
	ASSIGN	$1003	$1001	:ui64
	ASSIGN	$1004	$1002	:ptr
	ASSIGN	$1005	$1004	:ptr
	CONST	$1006	3	:ui32
	CONST	$1007	*	:ptr
	CALL	$1008	0x56053408f510($1006,$924,$1007)	:ptr
	ASSIGN	$1009	$1008	:ptr
	CONST	$1010	0	:ui64
	ASSIGN	$1011	$1010	:ui64
	CONST	$1012	1	:ui64
	MUL	$1013	$1011	$1012	:ui64
	ADD	$1014	$1009	$1013	:ptr
	ASSIGN	$1015	$1014	:ptr
	ASSIGN	$1016	$1015	:ptr
	LOAD	$1017	$1016	:ptr
	ASSIGN	$1018	$1008	:ptr
	CONST	$1019	8	:ui64
	ASSIGN	$1020	$1019	:ui64
	CONST	$1021	1	:ui64
	MUL	$1022	$1020	$1021	:ui64
	ADD	$1023	$1018	$1022	:ptr
	ASSIGN	$1024	$1023	:ptr
	ASSIGN	$1025	$1024	:ptr
	LOAD	$1026	$1025	:ui64
	ASSIGN	$1027	$1026	:ui64
	ASSIGN	$1028	$1017	:ptr
	ASSIGN	$1029	$1027	:ui64
	ASSIGN	$1030	$1028	:ptr
	ASSIGN	$1031	$1029	:ui64
	ASSIGN	$1032	$1030	:ptr
	ASSIGN	$1033	$1032	:ptr
	CONST	$1034	4	:ui32
	CONST	$1035	*	:ptr
	CALL	$1036	0x56053408f510($1034,$924,$1035)	:ptr
	ASSIGN	$1037	$1036	:ptr
	CONST	$1038	0	:ui64
	ASSIGN	$1039	$1038	:ui64
	CONST	$1040	1	:ui64
	MUL	$1041	$1039	$1040	:ui64
	ADD	$1042	$1037	$1041	:ptr
	ASSIGN	$1043	$1042	:ptr
	ASSIGN	$1044	$1043	:ptr
	LOAD	$1045	$1044	:ptr
	ASSIGN	$1046	$1036	:ptr
	CONST	$1047	8	:ui64
	ASSIGN	$1048	$1047	:ui64
	CONST	$1049	1	:ui64
	MUL	$1050	$1048	$1049	:ui64
	ADD	$1051	$1046	$1050	:ptr
	ASSIGN	$1052	$1051	:ptr
	ASSIGN	$1053	$1052	:ptr
	LOAD	$1054	$1053	:ui64
	ASSIGN	$1055	$1054	:ui64
	ASSIGN	$1056	$1045	:ptr
	ASSIGN	$1057	$1055	:ui64
	ASSIGN	$1058	$1056	:ptr
	ASSIGN	$1059	$1057	:ui64
	ASSIGN	$1060	$1058	:ptr
	ASSIGN	$1061	$1060	:ptr
	CONST	$1062	5	:ui32
	CONST	$1063	*	:ptr
	CALL	$1064	0x56053408f510($1062,$924,$1063)	:ptr
	ASSIGN	$1065	$1064	:ptr
	CONST	$1066	0	:ui64
	ASSIGN	$1067	$1066	:ui64
	CONST	$1068	1	:ui64
	MUL	$1069	$1067	$1068	:ui64
	ADD	$1070	$1065	$1069	:ptr
	ASSIGN	$1071	$1070	:ptr
	ASSIGN	$1072	$1071	:ptr
	LOAD	$1073	$1072	:ptr
	ASSIGN	$1074	$1064	:ptr
	CONST	$1075	8	:ui64
	ASSIGN	$1076	$1075	:ui64
	CONST	$1077	1	:ui64
	MUL	$1078	$1076	$1077	:ui64
	ADD	$1079	$1074	$1078	:ptr
	ASSIGN	$1080	$1079	:ptr
	ASSIGN	$1081	$1080	:ptr
	LOAD	$1082	$1081	:ui64
	ASSIGN	$1083	$1082	:ui64
	ASSIGN	$1084	$1073	:ptr
	ASSIGN	$1085	$1083	:ui64
	ASSIGN	$1086	$1084	:ptr
	ASSIGN	$1087	$1085	:ui64
	ASSIGN	$1088	$1086	:ptr
	ASSIGN	$1089	$1088	:ptr
	CONST	$1090	6	:ui32
	CONST	$1091	*	:ptr
	CALL	$1092	0x56053408feb0($1090,$924,$1091)	:ptr
	ASSIGN	$1093	$1092	:ptr
	CONST	$1094	0	:ui64
	ASSIGN	$1095	$1094	:ui64
	CONST	$1096	1	:ui64
	MUL	$1097	$1095	$1096	:ui64
	ADD	$1098	$1093	$1097	:ptr
	ASSIGN	$1099	$1098	:ptr
	ASSIGN	$1100	$1099	:ptr
	ASSIGN	$1101	$1092	:ptr
	CONST	$1102	8	:ui64
	ASSIGN	$1103	$1102	:ui64
	CONST	$1104	1	:ui64
	MUL	$1105	$1103	$1104	:ui64
	ADD	$1106	$1101	$1105	:ptr
	ASSIGN	$1107	$1106	:ptr
	ASSIGN	$1108	$1107	:ptr
	LOAD	$1109	$1100	:ptr
	LOAD	$1110	$1108	:ui64
	ASSIGN	$1111	$1109	:ptr
	ASSIGN	$1112	$1110	:ui64
	ASSIGN	$1113	$1111	:ptr
	ASSIGN	$1114	$1112	:ui64
	CONST	$1115	7	:ui32
	CONST	$1116	*	:ptr
	CALL	$1117	0x56053408f510($1115,$924,$1116)	:ptr
	ASSIGN	$1118	$1117	:ptr
	CONST	$1119	0	:ui64
	ASSIGN	$1120	$1119	:ui64
	CONST	$1121	1	:ui64
	MUL	$1122	$1120	$1121	:ui64
	ADD	$1123	$1118	$1122	:ptr
	ASSIGN	$1124	$1123	:ptr
	ASSIGN	$1125	$1124	:ptr
	LOAD	$1126	$1125	:ptr
	ASSIGN	$1127	$1117	:ptr
	CONST	$1128	8	:ui64
	ASSIGN	$1129	$1128	:ui64
	CONST	$1130	1	:ui64
	MUL	$1131	$1129	$1130	:ui64
	ADD	$1132	$1127	$1131	:ptr
	ASSIGN	$1133	$1132	:ptr
	ASSIGN	$1134	$1133	:ptr
	LOAD	$1135	$1134	:ui64
	ASSIGN	$1136	$1135	:ui64
	ASSIGN	$1137	$1126	:ptr
	ASSIGN	$1138	$1136	:ui64
	ASSIGN	$1139	$1137	:ptr
	ASSIGN	$1140	$1138	:ui64
	ASSIGN	$1141	$1139	:ptr
	ASSIGN	$1142	$1141	:ptr
	CALL	$1143	0x56053408a2c0($924)	:void
	CALL	$1144	0x560533ff8c90($948,$949)	:i32
	ASSIGN	$1145	$1144	:i32
	ASSIGN	$1146	$1145	:i32
	CONST	$1147	1018	:i32
	EQ	$1148	$1146	$1147	:bool
	ASSIGN	$1149	$1148	:bool
	CONST	$1150	false	:bool
	EQ	$1151	$1149	$1150	:bool
	NOT	$1152	$1151	:bool
	CMP	$1153	$1152	B29()	B30()	:void
B28()
	CONST	$1312	true	:bool
	ASSIGN	$475	$1312	:bool
	JMP	$0	B36()	:void
B29()
	CONST	$1154	2427	:ui64
	GTE	$1155	$58	$1154	:bool
	CMP	$1156	$1155	B31()	B32()	:void
B30()
	CONST	$1316	true	:bool
	ASSIGN	$475	$1316	:bool
	JMP	$0	B37()	:void
B31()
	CONST	$1157	false	:bool
	CALL	$1158	0x5605340a19b0($59,$58)	:void
	CALL	$1159	0x5605340a1e50($59,$15)	:void
	CALL	$1160	0x5605340a1b20($59,$14)	:void
	CALL	$1161	0x5605340a1b90($59,$18)	:void
	CALL	$1162	0x5605340a1f30($59,$16)	:void
	CALL	$1163	0x5605340a1f90($59,$17)	:void
	CONST	$1164	2	:ui64
	CALL	$1165	0x560533d93280($7,$1164)	:ptr
	CALL	$1166	0x560533d81290($1165,$1157,$19,$20,$59)	:void
	CALL	$1167	0x560533d92e90($7,$59)	:void
	CALL	$1168	0x560533d93300($7)	:ptr
	ASSIGN	$1169	$1168	:ptr
	ASSIGN	$59	$1169	:ptr
	CALL	$1170	0x5605340a1a30($59)	:ptr
	ASSIGN	$60	$1170	:ptr
	CONST	$1171	0	:ui64
	ASSIGN	$58	$1171	:ui64
	JMP	$0	B38()	:void
B32()
	JMP	$0	B38()	:void
B33() ControlFlowMerge
	JMP	$0	B36()	:void
B34() ControlFlowMerge
	ASSIGN	$508	$507	:ptr
	ASSIGN	$509	$508	:ptr
	CONST	$510	0	:ui64
	ASSIGN	$511	$510	:ui64
	CONST	$512	1	:ui64
	MUL	$513	$511	$512	:ui64
	ADD	$514	$509	$513	:ptr
	ASSIGN	$515	$514	:ptr
	ASSIGN	$516	$515	:ptr
	LOAD	$517	$516	:bool
	NOT	$518	$517	:bool
	CMP	$519	$518	B20()	B21()	:void
B35() ControlFlowMerge
	CALL	$770	0x5605340a1a30($59)	:ptr
	ASSIGN	$771	$770	:ptr
	CONST	$772	108	:ui64
	MUL	$773	$772	$58	:ui64
	ASSIGN	$774	$773	:ui64
	CONST	$775	1	:ui64
	MUL	$776	$774	$775	:ui64
	ADD	$777	$771	$776	:ptr
	ASSIGN	$778	$777	:ptr
	CONST	$779	0	:ui64
	ASSIGN	$780	$779	:ui64
	CONST	$781	1	:ui64
	MUL	$782	$780	$781	:ui64
	ADD	$783	$778	$782	:ptr
	ASSIGN	$784	$743	:i32
	ASSIGN	$785	$784	:i32
	ASSIGN	$786	$785	:i32
	ASSIGN	$787	$786	:i32
	ASSIGN	$788	$783	:ptr
	ASSIGN	$789	$788	:ptr
	ASSIGN	$790	$787	:i32
	STORE	$791	$789	$790	:void
	ASSIGN	$792	$784	:i32
	ASSIGN	$793	$777	:ptr
	CONST	$794	4	:ui64
	ASSIGN	$795	$794	:ui64
	CONST	$796	1	:ui64
	MUL	$797	$795	$796	:ui64
	ADD	$798	$793	$797	:ptr
	ASSIGN	$799	$573	:ui64
	ASSIGN	$800	$575	:ptr
	ASSIGN	$801	$799	:ui64
	ASSIGN	$802	$800	:ptr
	ASSIGN	$803	$802	:ptr
	ASSIGN	$804	$801	:ui64
	CALL	$805	0x5605340ab5e0($59,$13,$803,$804,$798)	:void
	ASSIGN	$806	$800	:ptr
	ASSIGN	$807	$777	:ptr
	CONST	$808	20	:ui64
	ASSIGN	$809	$808	:ui64
	CONST	$810	1	:ui64
	MUL	$811	$809	$810	:ui64
	ADD	$812	$807	$811	:ptr
	ASSIGN	$813	$601	:ui64
	ASSIGN	$814	$603	:ptr
	ASSIGN	$815	$813	:ui64
	ASSIGN	$816	$814	:ptr
	ASSIGN	$817	$816	:ptr
	ASSIGN	$818	$815	:ui64
	CALL	$819	0x5605340ab5e0($59,$13,$817,$818,$812)	:void
	ASSIGN	$820	$814	:ptr
	ASSIGN	$821	$777	:ptr
	CONST	$822	36	:ui64
	ASSIGN	$823	$822	:ui64
	CONST	$824	1	:ui64
	MUL	$825	$823	$824	:ui64
	ADD	$826	$821	$825	:ptr
	ASSIGN	$827	$629	:ui64
	ASSIGN	$828	$631	:ptr
	ASSIGN	$829	$827	:ui64
	ASSIGN	$830	$828	:ptr
	ASSIGN	$831	$830	:ptr
	ASSIGN	$832	$829	:ui64
	CALL	$833	0x5605340ab5e0($59,$13,$831,$832,$826)	:void
	ASSIGN	$834	$828	:ptr
	ASSIGN	$835	$777	:ptr
	CONST	$836	52	:ui64
	ASSIGN	$837	$836	:ui64
	CONST	$838	1	:ui64
	MUL	$839	$837	$838	:ui64
	ADD	$840	$835	$839	:ptr
	ASSIGN	$841	$657	:ui64
	ASSIGN	$842	$659	:ptr
	ASSIGN	$843	$841	:ui64
	ASSIGN	$844	$842	:ptr
	ASSIGN	$845	$844	:ptr
	ASSIGN	$846	$843	:ui64
	CALL	$847	0x5605340ab5e0($59,$13,$845,$846,$840)	:void
	ASSIGN	$848	$842	:ptr
	ASSIGN	$849	$777	:ptr
	CONST	$850	68	:ui64
	ASSIGN	$851	$850	:ui64
	CONST	$852	1	:ui64
	MUL	$853	$851	$852	:ui64
	ADD	$854	$849	$853	:ptr
	ASSIGN	$855	$685	:ui64
	ASSIGN	$856	$687	:ptr
	ASSIGN	$857	$855	:ui64
	ASSIGN	$858	$856	:ptr
	ASSIGN	$859	$858	:ptr
	ASSIGN	$860	$857	:ui64
	CALL	$861	0x5605340ab5e0($59,$13,$859,$860,$854)	:void
	ASSIGN	$862	$856	:ptr
	ASSIGN	$863	$777	:ptr
	CONST	$864	84	:ui64
	ASSIGN	$865	$864	:ui64
	CONST	$866	1	:ui64
	MUL	$867	$865	$866	:ui64
	ADD	$868	$863	$867	:ptr
	CALL	$869	0x560533ffa6d0($711,$712)	:ui64
	ASSIGN	$870	$869	:ui64
	ASSIGN	$871	$870	:ui64
	ASSIGN	$872	$871	:ui64
	ASSIGN	$873	$872	:ui64
	ASSIGN	$874	$873	:ui64
	ASSIGN	$875	$868	:ptr
	ASSIGN	$876	$875	:ptr
	ASSIGN	$877	$874	:ui64
	STORE	$878	$876	$877	:void
	ASSIGN	$879	$871	:ui64
	ASSIGN	$880	$777	:ptr
	CONST	$881	92	:ui64
	ASSIGN	$882	$881	:ui64
	CONST	$883	1	:ui64
	MUL	$884	$882	$883	:ui64
	ADD	$885	$880	$884	:ptr
	ASSIGN	$886	$738	:ui64
	ASSIGN	$887	$740	:ptr
	ASSIGN	$888	$886	:ui64
	ASSIGN	$889	$887	:ptr
	ASSIGN	$890	$889	:ptr
	ASSIGN	$891	$888	:ui64
	CALL	$892	0x5605340ab5e0($59,$13,$890,$891,$885)	:void
	ASSIGN	$893	$887	:ptr
	CONST	$894	1	:i32
	CAST	$895	$894	:ui64
	ADD	$896	$58	$895	:ui64
	ASSIGN	$58	$896	:ui64
	CONST	$897	1	:i32
	CAST	$898	$897	:ui64
	ADD	$899	$501	$898	:ui64
	ASSIGN	$501	$899	:ui64
	JMP	$0	B26()	:void
B36() ControlFlowMerge
	JMP	$0	B37()	:void
B37() ControlFlowMerge
	CALL	$476	0x5605340a19b0($59,$58)	:void
	CALL	$477	0x5605340a1e50($59,$15)	:void
	CALL	$478	0x5605340a1b20($59,$14)	:void
	CALL	$479	0x5605340a1b90($59,$18)	:void
	CALL	$480	0x5605340a1f30($59,$16)	:void
	CALL	$481	0x5605340a1f90($59,$17)	:void
	CONST	$482	2	:ui64
	CALL	$483	0x560533d93280($7,$482)	:ptr
	CALL	$484	0x560533d81290($483,$475,$19,$20,$59)	:void
	CALL	$485	0x560533d92e90($7,$59)	:void
	RETURN	$0	:void
B38() ControlFlowMerge
	CALL	$1172	0x5605340a1a30($59)	:ptr
	ASSIGN	$1173	$1172	:ptr
	CONST	$1174	108	:ui64
	MUL	$1175	$1174	$58	:ui64
	ASSIGN	$1176	$1175	:ui64
	CONST	$1177	1	:ui64
	MUL	$1178	$1176	$1177	:ui64
	ADD	$1179	$1173	$1178	:ptr
	ASSIGN	$1180	$1179	:ptr
	CONST	$1181	0	:ui64
	ASSIGN	$1182	$1181	:ui64
	CONST	$1183	1	:ui64
	MUL	$1184	$1182	$1183	:ui64
	ADD	$1185	$1180	$1184	:ptr
	ASSIGN	$1186	$1145	:i32
	ASSIGN	$1187	$1186	:i32
	ASSIGN	$1188	$1187	:i32
	ASSIGN	$1189	$1188	:i32
	ASSIGN	$1190	$1185	:ptr
	ASSIGN	$1191	$1190	:ptr
	ASSIGN	$1192	$1189	:i32
	STORE	$1193	$1191	$1192	:void
	ASSIGN	$1194	$1186	:i32
	ASSIGN	$1195	$1179	:ptr
	CONST	$1196	4	:ui64
	ASSIGN	$1197	$1196	:ui64
	CONST	$1198	1	:ui64
	MUL	$1199	$1197	$1198	:ui64
	ADD	$1200	$1195	$1199	:ptr
	ASSIGN	$1201	$975	:ui64
	ASSIGN	$1202	$977	:ptr
	ASSIGN	$1203	$1201	:ui64
	ASSIGN	$1204	$1202	:ptr
	ASSIGN	$1205	$1204	:ptr
	ASSIGN	$1206	$1203	:ui64
	CALL	$1207	0x5605340ab5e0($59,$13,$1205,$1206,$1200)	:void
	ASSIGN	$1208	$1202	:ptr
	ASSIGN	$1209	$1179	:ptr
	CONST	$1210	20	:ui64
	ASSIGN	$1211	$1210	:ui64
	CONST	$1212	1	:ui64
	MUL	$1213	$1211	$1212	:ui64
	ADD	$1214	$1209	$1213	:ptr
	ASSIGN	$1215	$1003	:ui64
	ASSIGN	$1216	$1005	:ptr
	ASSIGN	$1217	$1215	:ui64
	ASSIGN	$1218	$1216	:ptr
	ASSIGN	$1219	$1218	:ptr
	ASSIGN	$1220	$1217	:ui64
	CALL	$1221	0x5605340ab5e0($59,$13,$1219,$1220,$1214)	:void
	ASSIGN	$1222	$1216	:ptr
	ASSIGN	$1223	$1179	:ptr
	CONST	$1224	36	:ui64
	ASSIGN	$1225	$1224	:ui64
	CONST	$1226	1	:ui64
	MUL	$1227	$1225	$1226	:ui64
	ADD	$1228	$1223	$1227	:ptr
	ASSIGN	$1229	$1031	:ui64
	ASSIGN	$1230	$1033	:ptr
	ASSIGN	$1231	$1229	:ui64
	ASSIGN	$1232	$1230	:ptr
	ASSIGN	$1233	$1232	:ptr
	ASSIGN	$1234	$1231	:ui64
	CALL	$1235	0x5605340ab5e0($59,$13,$1233,$1234,$1228)	:void
	ASSIGN	$1236	$1230	:ptr
	ASSIGN	$1237	$1179	:ptr
	CONST	$1238	52	:ui64
	ASSIGN	$1239	$1238	:ui64
	CONST	$1240	1	:ui64
	MUL	$1241	$1239	$1240	:ui64
	ADD	$1242	$1237	$1241	:ptr
	ASSIGN	$1243	$1059	:ui64
	ASSIGN	$1244	$1061	:ptr
	ASSIGN	$1245	$1243	:ui64
	ASSIGN	$1246	$1244	:ptr
	ASSIGN	$1247	$1246	:ptr
	ASSIGN	$1248	$1245	:ui64
	CALL	$1249	0x5605340ab5e0($59,$13,$1247,$1248,$1242)	:void
	ASSIGN	$1250	$1244	:ptr
	ASSIGN	$1251	$1179	:ptr
	CONST	$1252	68	:ui64
	ASSIGN	$1253	$1252	:ui64
	CONST	$1254	1	:ui64
	MUL	$1255	$1253	$1254	:ui64
	ADD	$1256	$1251	$1255	:ptr
	ASSIGN	$1257	$1087	:ui64
	ASSIGN	$1258	$1089	:ptr
	ASSIGN	$1259	$1257	:ui64
	ASSIGN	$1260	$1258	:ptr
	ASSIGN	$1261	$1260	:ptr
	ASSIGN	$1262	$1259	:ui64
	CALL	$1263	0x5605340ab5e0($59,$13,$1261,$1262,$1256)	:void
	ASSIGN	$1264	$1258	:ptr
	ASSIGN	$1265	$1179	:ptr
	CONST	$1266	84	:ui64
	ASSIGN	$1267	$1266	:ui64
	CONST	$1268	1	:ui64
	MUL	$1269	$1267	$1268	:ui64
	ADD	$1270	$1265	$1269	:ptr
	CALL	$1271	0x560533ffa6d0($1113,$1114)	:ui64
	ASSIGN	$1272	$1271	:ui64
	ASSIGN	$1273	$1272	:ui64
	ASSIGN	$1274	$1273	:ui64
	ASSIGN	$1275	$1274	:ui64
	ASSIGN	$1276	$1275	:ui64
	ASSIGN	$1277	$1270	:ptr
	ASSIGN	$1278	$1277	:ptr
	ASSIGN	$1279	$1276	:ui64
	STORE	$1280	$1278	$1279	:void
	ASSIGN	$1281	$1273	:ui64
	ASSIGN	$1282	$1179	:ptr
	CONST	$1283	92	:ui64
	ASSIGN	$1284	$1283	:ui64
	CONST	$1285	1	:ui64
	MUL	$1286	$1284	$1285	:ui64
	ADD	$1287	$1282	$1286	:ptr
	ASSIGN	$1288	$1140	:ui64
	ASSIGN	$1289	$1142	:ptr
	ASSIGN	$1290	$1288	:ui64
	ASSIGN	$1291	$1289	:ptr
	ASSIGN	$1292	$1291	:ptr
	ASSIGN	$1293	$1290	:ui64
	CALL	$1294	0x5605340ab5e0($59,$13,$1292,$1293,$1287)	:void
	ASSIGN	$1295	$1289	:ptr
	CONST	$1296	1	:i32
	CAST	$1297	$1296	:ui64
	ADD	$1298	$58	$1297	:ui64
	ASSIGN	$58	$1298	:ui64
	CONST	$1299	true	:bool
	ASSIGN	$475	$1299	:bool
	JMP	$0	B33()	:void
