[32m[21:57:38.755573] [I] [Not A Worker] [unnamed] [] [SingleNodeWorker.cpp:63] [SingleNodeWorker] Starting SingleNodeWorker SingleNodeWorker with configuration:
worker.query_engine.number_of_worker_threads: 8
worker.query_engine.admission_queue_size: 1000 (default)
worker.default_query_execution.execution_mode: COMPILER (default)
worker.default_query_execution.page_size: 1024 (default)
worker.default_query_execution.number_of_partitions: 100 (default)
worker.default_query_execution.number_of_records_per_key: 10 (default)
worker.default_query_execution.max_number_of_buckets: 10000 (default)
worker.default_query_execution.operator_buffer_size: 262144
worker.default_query_optimization.join_strategy: OPTIMIZER_CHOOSES (default)
worker.number_of_buffers_in_global_buffer_manager: 32768 (default)
worker.default_max_inflight_buffers: 64 (default)
worker.dump_compilation_result: NONE (default)
worker.dump_graph: 0 (default)
grpc: [::]:8080 (default)
enable_event_trace: 0 (default)
[m
[36m[21:57:38.757415] [D] [Not A Worker] [unnamed] [] [BufferManager.cpp:110] [initialize] NES memory allocation requires 8589934592 out of 540577120256 (so 1.5890303659045137%) available bytes[m
[36m[21:57:38.847846] [D] [Not A Worker] [unnamed] [] [BufferManager.cpp:160] [initialize] BufferManager configuration bufferSize=262144 numOfBuffers=32768[m
[32m[21:57:38.855563] [I] [Not A Worker] [unnamed] [] [SingleNodeWorkerStarter.cpp:93] [main] Server listening on [::]:8080[m
[36m[21:57:41.298067] [D] [Not A Worker] [unnamed] [queryId:1099154730] [BufferManager.cpp:110] [initialize] NES memory allocation requires 1 out of 540577120256 (so 1.8498748143954595e-10%) available bytes[m
[36m[21:57:41.298124] [D] [Not A Worker] [unnamed] [queryId:1099154730] [BufferManager.cpp:160] [initialize] BufferManager configuration bufferSize=1 numOfBuffers=1[m
[36m[21:57:41.298320] [D] [Not A Worker] [unnamed] [queryId:1099154730] [PipeliningPhase.cpp:365] [apply] Constructed pipeline plan with 1 root pipelines.
PipelinedQueryPlan for Query: 1099154730
Number of root pipelines: 1
------------------
Root Pipeline 0:
  Pipeline(ID(1), Provider(COMPILER))
  Operator chain:
    PhysicalOperator(NES::SourcePhysicalOperator)
  Successor Pipeline:
    Pipeline(ID(2), Provider(None))
      Operator chain:
        PhysicalOperator(NES::ScanPhysicalOperator)
          PhysicalOperator(NES::SelectionPhysicalOperator)
            PhysicalOperator(NES::MapPhysicalOperator)
              PhysicalOperator(NES::EmitPhysicalOperator)
      Successor Pipeline:
        Pipeline(ID(3), Provider(None))
          Operator chain:
            PhysicalOperator(NES::SinkPhysicalOperator)

[m
[36m[21:57:41.301548] [D] [Not A Worker] [unnamed] [] [SinkProvider.cpp:30] [lower] The sinkDescriptor is: SinkDescriptor: (name: variant("BID_AUCTION_ID_SINK"), type: Void, Config: )[m
[36m[21:57:41.303697] [D] [SingleNodeWorker] [WorkerThread-5] [Task:1099154730-3] [VoidSink.cpp:37] [start] Setting up void sink: VoidSink[m
[36m[21:57:41.356727] [D] [SingleNodeWorker] [WorkerThread-5] [] [SourceThread.cpp:184] [start] Starting source with originId: 2[m
[36m[21:57:41.358506] [D] [SingleNodeWorker] [WorkerThread-5] [Task:1099154730-2] [BufferManager.cpp:65] [~BufferManager] Calling BufferManager::destroy()[m
[36m[21:57:41.358529] [D] [SingleNodeWorker] [WorkerThread-5] [Task:1099154730-2] [BufferManager.cpp:93] [~BufferManager] Shutting down Buffer Manager completed[m
[36m[21:57:42.743041] [D] [SingleNodeWorker] [WorkerThread-5] [Task:1099154730-2] [InputFormatter.hpp:348] [indexTrailingSpanningTupleProxy] last offset: 262143, first offset: 12[m
[36m[21:57:43.495593] [D] [SingleNodeWorker] [WorkerThread-5] [Task:1099154730-2] [InputFormatter.hpp:348] [indexTrailingSpanningTupleProxy] last offset: 262143, first offset: 54[m
[36m[21:57:53.553437] [D] [SingleNodeWorker] [WorkerThread-1] [Task:1099154730-2] [InputFormatter.hpp:348] [indexTrailingSpanningTupleProxy] last offset: 262143, first offset: 24[m
[36m[21:57:58.840251] [D] [SingleNodeWorker] [WorkerThread-4] [Task:1099154730-2] [InputFormatter.hpp:348] [indexTrailingSpanningTupleProxy] last offset: 262143, first offset: 77[m
[36m[21:58:04.383060] [D] [SingleNodeWorker] [WorkerThread-5] [Task:1099154730-2] [InputFormatter.hpp:348] [indexTrailingSpanningTupleProxy] last offset: 262143, first offset: 45[m
[36m[21:58:05.005022] [D] [SingleNodeWorker] [WorkerThread-6] [Task:1099154730-2] [InputFormatter.hpp:348] [indexTrailingSpanningTupleProxy] last offset: 262143, first offset: 35[m
[36m[21:58:11.564294] [D] [SingleNodeWorker] [WorkerThread-3] [Task:1099154730-2] [InputFormatter.hpp:348] [indexTrailingSpanningTupleProxy] last offset: 262143, first offset: 85[m
[36m[21:58:13.180441] [D] [SingleNodeWorker] [WorkerThread-6] [Task:1099154730-2] [InputFormatter.hpp:348] [indexTrailingSpanningTupleProxy] last offset: 262143, first offset: 62[m
[36m[21:58:18.835039] [D] [SingleNodeWorker] [WorkerThread-6] [Task:1099154730-2] [InputFormatter.hpp:348] [indexTrailingSpanningTupleProxy] last offset: 262143, first offset: 6[m
[36m[21:58:19.103991] [D] [SingleNodeWorker] [WorkerThread-5] [Task:1099154730-2] [InputFormatter.hpp:348] [indexTrailingSpanningTupleProxy] last offset: 262143, first offset: 61[m
[36m[21:58:35.281895] [D] [SingleNodeWorker] [WorkerThread-6] [Task:1099154730-2] [InputFormatter.hpp:348] [indexTrailingSpanningTupleProxy] last offset: 262143, first offset: 65[m
[36m[21:58:35.931040] [D] [SingleNodeWorker] [WorkerThread-6] [Task:1099154730-2] [InputFormatter.hpp:348] [indexTrailingSpanningTupleProxy] last offset: 262143, first offset: 12[m
[36m[21:58:41.821375] [D] [SingleNodeWorker] [WorkerThread-3] [Task:1099154730-2] [InputFormatter.hpp:348] [indexTrailingSpanningTupleProxy] last offset: 262143, first offset: 38[m
[36m[21:58:44.471178] [D] [SingleNodeWorker] [WorkerThread-7] [Task:1099154730-2] [InputFormatter.hpp:348] [indexTrailingSpanningTupleProxy] last offset: 262143, first offset: 50[m
[36m[21:58:50.668843] [D] [SingleNodeWorker] [WorkerThread-5] [Task:1099154730] [SourceThread.cpp:230] [tryStop] SourceThread 2: attempting to stop source[m
[36m[21:58:50.668913] [D] [SingleNodeWorker] [WorkerThread-5] [Task:1099154730] [SourceThread.cpp:248] [tryStop] SourceThread 2: stopped[m
[32m[21:58:50.695377] [I] [SingleNodeWorker] [WorkerThread-3] [Task:1099154730-3] [VoidSink.cpp:42] [stop] Void Sink completed.[m
[32m[21:58:50.695478] [I] [SingleNodeWorker] [WorkerThread-1] [] [SequenceShredder.cpp:55] [~SequenceShredder] Successfully validated SequenceShredder[m
[36m[21:58:50.695529] [D] [SingleNodeWorker] [WorkerThread-3] [] [SourceThread.cpp:226] [tryStop] SourceThread 2: thread is not running[m
[36m[21:58:52.384569] [D] [Not A Worker] [unnamed] [queryId:1188328049] [BufferManager.cpp:110] [initialize] NES memory allocation requires 1 out of 540577120256 (so 1.8498748143954595e-10%) available bytes[m
[36m[21:58:52.384623] [D] [Not A Worker] [unnamed] [queryId:1188328049] [BufferManager.cpp:160] [initialize] BufferManager configuration bufferSize=1 numOfBuffers=1[m
[36m[21:58:52.384812] [D] [Not A Worker] [unnamed] [queryId:1188328049] [PipeliningPhase.cpp:365] [apply] Constructed pipeline plan with 1 root pipelines.
PipelinedQueryPlan for Query: 1188328049
Number of root pipelines: 1
------------------
Root Pipeline 0:
  Pipeline(ID(4), Provider(COMPILER))
  Operator chain:
    PhysicalOperator(NES::SourcePhysicalOperator)
  Successor Pipeline:
    Pipeline(ID(5), Provider(None))
      Operator chain:
        PhysicalOperator(NES::ScanPhysicalOperator)
          PhysicalOperator(NES::SelectionPhysicalOperator)
            PhysicalOperator(NES::MapPhysicalOperator)
              PhysicalOperator(NES::MapPhysicalOperator)
                PhysicalOperator(NES::EmitPhysicalOperator)
      Successor Pipeline:
        Pipeline(ID(6), Provider(None))
          Operator chain:
            PhysicalOperator(NES::SinkPhysicalOperator)

[m
[36m[21:58:52.388588] [D] [Not A Worker] [unnamed] [] [SinkProvider.cpp:30] [lower] The sinkDescriptor is: SinkDescriptor: (name: variant("ID_PRICE_AUCTION_SINK"), type: Void, Config: )[m
[36m[21:58:52.389200] [D] [SingleNodeWorker] [WorkerThread-0] [Task:1188328049-6] [VoidSink.cpp:37] [start] Setting up void sink: VoidSink[m
[36m[21:58:52.441408] [D] [SingleNodeWorker] [WorkerThread-0] [] [SourceThread.cpp:184] [start] Starting source with originId: 2[m
[36m[21:58:52.446839] [D] [SingleNodeWorker] [WorkerThread-1] [Task:1188328049-5] [BufferManager.cpp:65] [~BufferManager] Calling BufferManager::destroy()[m
[36m[21:58:52.447013] [D] [SingleNodeWorker] [WorkerThread-1] [Task:1188328049-5] [BufferManager.cpp:93] [~BufferManager] Shutting down Buffer Manager completed[m
[36m[21:58:57.431839] [D] [SingleNodeWorker] [WorkerThread-0] [Task:1188328049-5] [InputFormatter.hpp:348] [indexTrailingSpanningTupleProxy] last offset: 262143, first offset: 22[m
[36m[21:59:07.444566] [D] [SingleNodeWorker] [WorkerThread-1] [Task:1188328049-5] [InputFormatter.hpp:348] [indexTrailingSpanningTupleProxy] last offset: 262143, first offset: 11[m
[36m[21:59:09.727041] [D] [SingleNodeWorker] [WorkerThread-5] [Task:1188328049-5] [InputFormatter.hpp:348] [indexTrailingSpanningTupleProxy] last offset: 262143, first offset: 67[m
[36m[21:59:19.259798] [D] [SingleNodeWorker] [WorkerThread-5] [Task:1188328049-5] [InputFormatter.hpp:348] [indexTrailingSpanningTupleProxy] last offset: 262143, first offset: 10[m
[36m[21:59:30.291674] [D] [SingleNodeWorker] [WorkerThread-3] [Task:1188328049-5] [InputFormatter.hpp:348] [indexTrailingSpanningTupleProxy] last offset: 262143, first offset: 0[m
[36m[21:59:43.581174] [D] [SingleNodeWorker] [WorkerThread-3] [Task:1188328049-5] [InputFormatter.hpp:348] [indexTrailingSpanningTupleProxy] last offset: 262143, first offset: 78[m
[36m[21:59:51.808426] [D] [SingleNodeWorker] [WorkerThread-3] [Task:1188328049-5] [InputFormatter.hpp:348] [indexTrailingSpanningTupleProxy] last offset: 262143, first offset: 73[m
[36m[21:59:58.391888] [D] [SingleNodeWorker] [WorkerThread-0] [Task:1188328049] [SourceThread.cpp:230] [tryStop] SourceThread 2: attempting to stop source[m
[36m[21:59:58.391939] [D] [SingleNodeWorker] [WorkerThread-0] [Task:1188328049] [SourceThread.cpp:248] [tryStop] SourceThread 2: stopped[m
[32m[21:59:58.418074] [I] [SingleNodeWorker] [WorkerThread-4] [] [SequenceShredder.cpp:55] [~SequenceShredder] Successfully validated SequenceShredder[m
[32m[21:59:58.418222] [I] [SingleNodeWorker] [WorkerThread-2] [Task:1188328049-6] [VoidSink.cpp:42] [stop] Void Sink completed.[m
[36m[21:59:58.418370] [D] [SingleNodeWorker] [WorkerThread-2] [] [SourceThread.cpp:226] [tryStop] SourceThread 2: thread is not running[m
[36m[22:00:00.296026] [D] [Not A Worker] [unnamed] [queryId:654886871] [BufferManager.cpp:110] [initialize] NES memory allocation requires 1 out of 540577120256 (so 1.8498748143954595e-10%) available bytes[m
[36m[22:00:00.296082] [D] [Not A Worker] [unnamed] [queryId:654886871] [BufferManager.cpp:160] [initialize] BufferManager configuration bufferSize=1 numOfBuffers=1[m
[36m[22:00:00.296281] [D] [Not A Worker] [unnamed] [queryId:654886871] [PipeliningPhase.cpp:365] [apply] Constructed pipeline plan with 1 root pipelines.
PipelinedQueryPlan for Query: 654886871
Number of root pipelines: 1
------------------
Root Pipeline 0:
  Pipeline(ID(7), Provider(COMPILER))
  Operator chain:
    PhysicalOperator(NES::SourcePhysicalOperator)
  Successor Pipeline:
    Pipeline(ID(8), Provider(None))
      Operator chain:
        PhysicalOperator(NES::ScanPhysicalOperator)
          PhysicalOperator(NES::SelectionPhysicalOperator)
            PhysicalOperator(NES::MapPhysicalOperator)
              PhysicalOperator(NES::EmitPhysicalOperator)
      Successor Pipeline:
        Pipeline(ID(9), Provider(None))
          Operator chain:
            PhysicalOperator(NES::SinkPhysicalOperator)

[m
[36m[22:00:00.299951] [D] [Not A Worker] [unnamed] [] [SinkProvider.cpp:30] [lower] The sinkDescriptor is: SinkDescriptor: (name: variant("BID_AUCTION_ID_SINK"), type: Void, Config: )[m
[36m[22:00:00.301381] [D] [SingleNodeWorker] [WorkerThread-4] [Task:654886871-9] [VoidSink.cpp:37] [start] Setting up void sink: VoidSink[m
[36m[22:00:00.355162] [D] [SingleNodeWorker] [WorkerThread-4] [] [SourceThread.cpp:184] [start] Starting source with originId: 2[m
[36m[22:00:00.362259] [D] [SingleNodeWorker] [WorkerThread-4] [Task:654886871-8] [BufferManager.cpp:65] [~BufferManager] Calling BufferManager::destroy()[m
[36m[22:00:00.362284] [D] [SingleNodeWorker] [WorkerThread-4] [Task:654886871-8] [BufferManager.cpp:93] [~BufferManager] Shutting down Buffer Manager completed[m
[36m[22:00:47.528995] [D] [SingleNodeWorker] [WorkerThread-7] [Task:654886871-8] [InputFormatter.hpp:348] [indexTrailingSpanningTupleProxy] last offset: 262143, first offset: 77[m
[36m[22:01:06.089247] [D] [SingleNodeWorker] [WorkerThread-7] [Task:654886871] [SourceThread.cpp:230] [tryStop] SourceThread 2: attempting to stop source[m
[36m[22:01:06.089294] [D] [SingleNodeWorker] [WorkerThread-7] [Task:654886871] [SourceThread.cpp:248] [tryStop] SourceThread 2: stopped[m
[32m[22:01:06.115354] [I] [SingleNodeWorker] [WorkerThread-2] [] [SequenceShredder.cpp:55] [~SequenceShredder] Successfully validated SequenceShredder[m
[32m[22:01:06.117367] [I] [SingleNodeWorker] [WorkerThread-6] [Task:654886871-9] [VoidSink.cpp:42] [stop] Void Sink completed.[m
[36m[22:01:06.117503] [D] [SingleNodeWorker] [WorkerThread-6] [] [SourceThread.cpp:226] [tryStop] SourceThread 2: thread is not running[m
