[32m[22:04:17.792684] [I] [Not A Worker] [unnamed] [] [SingleNodeWorker.cpp:63] [SingleNodeWorker] Starting SingleNodeWorker SingleNodeWorker with configuration:
worker.query_engine.number_of_worker_threads: 64
worker.query_engine.admission_queue_size: 1000 (default)
worker.default_query_execution.execution_mode: COMPILER (default)
worker.default_query_execution.page_size: 1024 (default)
worker.default_query_execution.number_of_partitions: 100 (default)
worker.default_query_execution.number_of_records_per_key: 10 (default)
worker.default_query_execution.max_number_of_buckets: 10000 (default)
worker.default_query_execution.operator_buffer_size: 262144
worker.default_query_optimization.join_strategy: OPTIMIZER_CHOOSES (default)
worker.number_of_buffers_in_global_buffer_manager: 32768 (default)
worker.default_max_inflight_buffers: 64 (default)
worker.dump_compilation_result: NONE (default)
worker.dump_graph: 0 (default)
grpc: [::]:8080 (default)
enable_event_trace: 0 (default)
[m
[36m[22:04:17.794534] [D] [Not A Worker] [unnamed] [] [BufferManager.cpp:110] [initialize] NES memory allocation requires 8589934592 out of 540577120256 (so 1.5890303659045137%) available bytes[m
[36m[22:04:17.884642] [D] [Not A Worker] [unnamed] [] [BufferManager.cpp:160] [initialize] BufferManager configuration bufferSize=262144 numOfBuffers=32768[m
[32m[22:04:17.902187] [I] [Not A Worker] [unnamed] [] [SingleNodeWorkerStarter.cpp:93] [main] Server listening on [::]:8080[m
[36m[22:04:20.293867] [D] [Not A Worker] [unnamed] [queryId:1397520887] [BufferManager.cpp:110] [initialize] NES memory allocation requires 1 out of 540577120256 (so 1.8498748143954595e-10%) available bytes[m
[36m[22:04:20.293925] [D] [Not A Worker] [unnamed] [queryId:1397520887] [BufferManager.cpp:160] [initialize] BufferManager configuration bufferSize=1 numOfBuffers=1[m
[36m[22:04:20.294120] [D] [Not A Worker] [unnamed] [queryId:1397520887] [PipeliningPhase.cpp:365] [apply] Constructed pipeline plan with 1 root pipelines.
PipelinedQueryPlan for Query: 1397520887
Number of root pipelines: 1
------------------
Root Pipeline 0:
  Pipeline(ID(1), Provider(COMPILER))
  Operator chain:
    PhysicalOperator(NES::SourcePhysicalOperator)
  Successor Pipeline:
    Pipeline(ID(2), Provider(None))
      Operator chain:
        PhysicalOperator(NES::ScanPhysicalOperator)
          PhysicalOperator(NES::SelectionPhysicalOperator)
            PhysicalOperator(NES::MapPhysicalOperator)
              PhysicalOperator(NES::EmitPhysicalOperator)
      Successor Pipeline:
        Pipeline(ID(3), Provider(None))
          Operator chain:
            PhysicalOperator(NES::SinkPhysicalOperator)

[m
[36m[22:04:20.297846] [D] [Not A Worker] [unnamed] [] [SinkProvider.cpp:30] [lower] The sinkDescriptor is: SinkDescriptor: (name: variant("BID_AUCTION_ID_SINK"), type: Void, Config: )[m
[36m[22:04:20.298988] [D] [SingleNodeWorker] [WorkerThread-28] [Task:1397520887-3] [VoidSink.cpp:37] [start] Setting up void sink: VoidSink[m
[36m[22:04:20.355370] [D] [SingleNodeWorker] [WorkerThread-45] [] [SourceThread.cpp:184] [start] Starting source with originId: 2[m
[36m[22:04:20.357593] [D] [SingleNodeWorker] [WorkerThread-50] [Task:1397520887-2] [BufferManager.cpp:65] [~BufferManager] Calling BufferManager::destroy()[m
[36m[22:04:20.357690] [D] [SingleNodeWorker] [WorkerThread-50] [Task:1397520887-2] [BufferManager.cpp:93] [~BufferManager] Shutting down Buffer Manager completed[m
[36m[22:04:21.255432] [D] [SingleNodeWorker] [WorkerThread-21] [Task:1397520887-2] [InputFormatter.hpp:348] [indexTrailingSpanningTupleProxy] last offset: 262143, first offset: 73[m
[36m[22:04:24.952409] [D] [SingleNodeWorker] [WorkerThread-45] [Task:1397520887-2] [InputFormatter.hpp:348] [indexTrailingSpanningTupleProxy] last offset: 262143, first offset: 72[m
[36m[22:04:26.983222] [D] [SingleNodeWorker] [WorkerThread-45] [Task:1397520887-2] [InputFormatter.hpp:348] [indexTrailingSpanningTupleProxy] last offset: 262143, first offset: 35[m
[36m[22:04:29.334984] [D] [SingleNodeWorker] [WorkerThread-60] [Task:1397520887-2] [InputFormatter.hpp:348] [indexTrailingSpanningTupleProxy] last offset: 262143, first offset: 74[m
[36m[22:04:29.703285] [D] [SingleNodeWorker] [WorkerThread-45] [Task:1397520887-2] [InputFormatter.hpp:348] [indexTrailingSpanningTupleProxy] last offset: 262143, first offset: 54[m
[36m[22:04:32.880293] [D] [SingleNodeWorker] [WorkerThread-33] [Task:1397520887-2] [InputFormatter.hpp:348] [indexTrailingSpanningTupleProxy] last offset: 262143, first offset: 6[m
[36m[22:04:33.466161] [D] [SingleNodeWorker] [WorkerThread-36] [Task:1397520887-2] [InputFormatter.hpp:348] [indexTrailingSpanningTupleProxy] last offset: 262143, first offset: 61[m
[36m[22:04:34.073333] [D] [SingleNodeWorker] [WorkerThread-17] [Task:1397520887-2] [InputFormatter.hpp:348] [indexTrailingSpanningTupleProxy] last offset: 262143, first offset: 36[m
[36m[22:04:35.667257] [D] [SingleNodeWorker] [WorkerThread-47] [Task:1397520887-2] [InputFormatter.hpp:348] [indexTrailingSpanningTupleProxy] last offset: 262143, first offset: 56[m
[36m[22:04:36.598760] [D] [SingleNodeWorker] [WorkerThread-4] [Task:1397520887-2] [InputFormatter.hpp:348] [indexTrailingSpanningTupleProxy] last offset: 262143, first offset: 15[m
[36m[22:04:37.448556] [D] [SingleNodeWorker] [WorkerThread-6] [Task:1397520887-2] [InputFormatter.hpp:348] [indexTrailingSpanningTupleProxy] last offset: 262143, first offset: 20[m
[36m[22:04:37.486531] [D] [SingleNodeWorker] [WorkerThread-27] [Task:1397520887-2] [InputFormatter.hpp:348] [indexTrailingSpanningTupleProxy] last offset: 262143, first offset: 48[m
[36m[22:04:39.849500] [D] [SingleNodeWorker] [WorkerThread-59] [Task:1397520887-2] [InputFormatter.hpp:348] [indexTrailingSpanningTupleProxy] last offset: 262143, first offset: 85[m
[36m[22:04:40.094541] [D] [SingleNodeWorker] [WorkerThread-21] [Task:1397520887-2] [InputFormatter.hpp:348] [indexTrailingSpanningTupleProxy] last offset: 262143, first offset: 17[m
[36m[22:04:40.435939] [D] [SingleNodeWorker] [WorkerThread-60] [Task:1397520887-2] [InputFormatter.hpp:348] [indexTrailingSpanningTupleProxy] last offset: 262143, first offset: 37[m
[36m[22:04:41.043829] [D] [SingleNodeWorker] [WorkerThread-5] [Task:1397520887-2] [InputFormatter.hpp:348] [indexTrailingSpanningTupleProxy] last offset: 262143, first offset: 36[m
[36m[22:04:41.793207] [D] [SingleNodeWorker] [WorkerThread-45] [Task:1397520887-2] [InputFormatter.hpp:348] [indexTrailingSpanningTupleProxy] last offset: 262143, first offset: 47[m
[36m[22:04:42.504373] [D] [SingleNodeWorker] [WorkerThread-58] [Task:1397520887] [SourceThread.cpp:230] [tryStop] SourceThread 2: attempting to stop source[m
[36m[22:04:42.504459] [D] [SingleNodeWorker] [WorkerThread-58] [Task:1397520887] [SourceThread.cpp:248] [tryStop] SourceThread 2: stopped[m
[32m[22:04:42.529977] [I] [SingleNodeWorker] [WorkerThread-29] [Task:1397520887-3] [VoidSink.cpp:42] [stop] Void Sink completed.[m
[36m[22:04:42.530098] [D] [SingleNodeWorker] [WorkerThread-29] [] [SourceThread.cpp:226] [tryStop] SourceThread 2: thread is not running[m
[32m[22:04:42.530320] [I] [SingleNodeWorker] [WorkerThread-46] [] [SequenceShredder.cpp:55] [~SequenceShredder] Successfully validated SequenceShredder[m
[36m[22:04:43.771533] [D] [Not A Worker] [unnamed] [queryId:1983940734] [BufferManager.cpp:110] [initialize] NES memory allocation requires 1 out of 540577120256 (so 1.8498748143954595e-10%) available bytes[m
[36m[22:04:43.771600] [D] [Not A Worker] [unnamed] [queryId:1983940734] [BufferManager.cpp:160] [initialize] BufferManager configuration bufferSize=1 numOfBuffers=1[m
[36m[22:04:43.771821] [D] [Not A Worker] [unnamed] [queryId:1983940734] [PipeliningPhase.cpp:365] [apply] Constructed pipeline plan with 1 root pipelines.
PipelinedQueryPlan for Query: 1983940734
Number of root pipelines: 1
------------------
Root Pipeline 0:
  Pipeline(ID(4), Provider(COMPILER))
  Operator chain:
    PhysicalOperator(NES::SourcePhysicalOperator)
  Successor Pipeline:
    Pipeline(ID(5), Provider(None))
      Operator chain:
        PhysicalOperator(NES::ScanPhysicalOperator)
          PhysicalOperator(NES::SelectionPhysicalOperator)
            PhysicalOperator(NES::MapPhysicalOperator)
              PhysicalOperator(NES::MapPhysicalOperator)
                PhysicalOperator(NES::EmitPhysicalOperator)
      Successor Pipeline:
        Pipeline(ID(6), Provider(None))
          Operator chain:
            PhysicalOperator(NES::SinkPhysicalOperator)

[m
[36m[22:04:43.775448] [D] [Not A Worker] [unnamed] [] [SinkProvider.cpp:30] [lower] The sinkDescriptor is: SinkDescriptor: (name: variant("ID_PRICE_AUCTION_SINK"), type: Void, Config: )[m
[36m[22:04:43.776092] [D] [SingleNodeWorker] [WorkerThread-53] [Task:1983940734-6] [VoidSink.cpp:37] [start] Setting up void sink: VoidSink[m
[36m[22:04:43.835187] [D] [SingleNodeWorker] [WorkerThread-36] [] [SourceThread.cpp:184] [start] Starting source with originId: 2[m
[36m[22:04:43.843505] [D] [SingleNodeWorker] [WorkerThread-31] [Task:1983940734-5] [BufferManager.cpp:65] [~BufferManager] Calling BufferManager::destroy()[m
[36m[22:04:43.843606] [D] [SingleNodeWorker] [WorkerThread-31] [Task:1983940734-5] [BufferManager.cpp:93] [~BufferManager] Shutting down Buffer Manager completed[m
[36m[22:04:44.435326] [D] [SingleNodeWorker] [WorkerThread-22] [Task:1983940734-5] [InputFormatter.hpp:348] [indexTrailingSpanningTupleProxy] last offset: 262143, first offset: 54[m
[36m[22:04:45.863995] [D] [SingleNodeWorker] [WorkerThread-50] [Task:1983940734-5] [InputFormatter.hpp:348] [indexTrailingSpanningTupleProxy] last offset: 262143, first offset: 12[m
[36m[22:04:47.918298] [D] [SingleNodeWorker] [WorkerThread-40] [Task:1983940734-5] [InputFormatter.hpp:348] [indexTrailingSpanningTupleProxy] last offset: 262143, first offset: 63[m
[36m[22:04:48.599711] [D] [SingleNodeWorker] [WorkerThread-22] [Task:1983940734-5] [InputFormatter.hpp:348] [indexTrailingSpanningTupleProxy] last offset: 262143, first offset: 47[m
[36m[22:04:49.107778] [D] [SingleNodeWorker] [WorkerThread-25] [Task:1983940734-5] [InputFormatter.hpp:348] [indexTrailingSpanningTupleProxy] last offset: 262143, first offset: 48[m
[36m[22:04:49.407362] [D] [SingleNodeWorker] [WorkerThread-9] [Task:1983940734-5] [InputFormatter.hpp:348] [indexTrailingSpanningTupleProxy] last offset: 262143, first offset: 13[m
[36m[22:04:51.191425] [D] [SingleNodeWorker] [WorkerThread-49] [Task:1983940734-5] [InputFormatter.hpp:348] [indexTrailingSpanningTupleProxy] last offset: 262143, first offset: 59[m
[36m[22:04:51.709912] [D] [SingleNodeWorker] [WorkerThread-45] [Task:1983940734-5] [InputFormatter.hpp:348] [indexTrailingSpanningTupleProxy] last offset: 262143, first offset: 4[m
[36m[22:04:52.076450] [D] [SingleNodeWorker] [WorkerThread-21] [Task:1983940734-5] [InputFormatter.hpp:348] [indexTrailingSpanningTupleProxy] last offset: 262143, first offset: 31[m
[36m[22:04:53.197478] [D] [SingleNodeWorker] [WorkerThread-43] [Task:1983940734-5] [InputFormatter.hpp:348] [indexTrailingSpanningTupleProxy] last offset: 262143, first offset: 44[m
[36m[22:04:56.771177] [D] [SingleNodeWorker] [WorkerThread-14] [Task:1983940734-5] [InputFormatter.hpp:348] [indexTrailingSpanningTupleProxy] last offset: 262143, first offset: 75[m
[36m[22:04:57.212045] [D] [SingleNodeWorker] [WorkerThread-42] [Task:1983940734-5] [InputFormatter.hpp:348] [indexTrailingSpanningTupleProxy] last offset: 262143, first offset: 56[m
[36m[22:04:57.326144] [D] [SingleNodeWorker] [WorkerThread-35] [Task:1983940734-5] [InputFormatter.hpp:348] [indexTrailingSpanningTupleProxy] last offset: 262143, first offset: 57[m
[36m[22:04:58.475979] [D] [SingleNodeWorker] [WorkerThread-60] [Task:1983940734-5] [InputFormatter.hpp:348] [indexTrailingSpanningTupleProxy] last offset: 262143, first offset: 39[m
[36m[22:05:03.124231] [D] [SingleNodeWorker] [WorkerThread-42] [Task:1983940734-5] [InputFormatter.hpp:348] [indexTrailingSpanningTupleProxy] last offset: 262143, first offset: 80[m
[36m[22:05:04.402305] [D] [SingleNodeWorker] [WorkerThread-35] [Task:1983940734-5] [InputFormatter.hpp:348] [indexTrailingSpanningTupleProxy] last offset: 262143, first offset: 17[m
[36m[22:05:05.085470] [D] [SingleNodeWorker] [WorkerThread-4] [Task:1983940734-5] [InputFormatter.hpp:348] [indexTrailingSpanningTupleProxy] last offset: 262143, first offset: 73[m
[36m[22:05:05.461738] [D] [SingleNodeWorker] [WorkerThread-2] [Task:1983940734-5] [InputFormatter.hpp:348] [indexTrailingSpanningTupleProxy] last offset: 262143, first offset: 50[m
[36m[22:05:06.435434] [D] [SingleNodeWorker] [WorkerThread-52] [Task:1983940734-5] [InputFormatter.hpp:348] [indexTrailingSpanningTupleProxy] last offset: 262143, first offset: 45[m
[36m[22:05:06.576288] [D] [SingleNodeWorker] [WorkerThread-55] [Task:1983940734-5] [InputFormatter.hpp:348] [indexTrailingSpanningTupleProxy] last offset: 262143, first offset: 52[m
[36m[22:05:08.212445] [D] [SingleNodeWorker] [WorkerThread-30] [Task:1983940734-5] [InputFormatter.hpp:348] [indexTrailingSpanningTupleProxy] last offset: 262143, first offset: 3[m
[36m[22:05:09.009956] [D] [SingleNodeWorker] [WorkerThread-30] [Task:1983940734] [SourceThread.cpp:230] [tryStop] SourceThread 2: attempting to stop source[m
[36m[22:05:09.010004] [D] [SingleNodeWorker] [WorkerThread-30] [Task:1983940734] [SourceThread.cpp:248] [tryStop] SourceThread 2: stopped[m
[32m[22:05:09.035508] [I] [SingleNodeWorker] [WorkerThread-62] [Task:1983940734-6] [VoidSink.cpp:42] [stop] Void Sink completed.[m
[32m[22:05:09.035565] [I] [SingleNodeWorker] [WorkerThread-9] [] [SequenceShredder.cpp:55] [~SequenceShredder] Successfully validated SequenceShredder[m
[36m[22:05:09.035674] [D] [SingleNodeWorker] [WorkerThread-62] [] [SourceThread.cpp:226] [tryStop] SourceThread 2: thread is not running[m
[36m[22:05:10.301521] [D] [Not A Worker] [unnamed] [queryId:807700793] [BufferManager.cpp:110] [initialize] NES memory allocation requires 1 out of 540577120256 (so 1.8498748143954595e-10%) available bytes[m
[36m[22:05:10.301581] [D] [Not A Worker] [unnamed] [queryId:807700793] [BufferManager.cpp:160] [initialize] BufferManager configuration bufferSize=1 numOfBuffers=1[m
[36m[22:05:10.301769] [D] [Not A Worker] [unnamed] [queryId:807700793] [PipeliningPhase.cpp:365] [apply] Constructed pipeline plan with 1 root pipelines.
PipelinedQueryPlan for Query: 807700793
Number of root pipelines: 1
------------------
Root Pipeline 0:
  Pipeline(ID(7), Provider(COMPILER))
  Operator chain:
    PhysicalOperator(NES::SourcePhysicalOperator)
  Successor Pipeline:
    Pipeline(ID(8), Provider(None))
      Operator chain:
        PhysicalOperator(NES::ScanPhysicalOperator)
          PhysicalOperator(NES::SelectionPhysicalOperator)
            PhysicalOperator(NES::MapPhysicalOperator)
              PhysicalOperator(NES::EmitPhysicalOperator)
      Successor Pipeline:
        Pipeline(ID(9), Provider(None))
          Operator chain:
            PhysicalOperator(NES::SinkPhysicalOperator)

[m
[36m[22:05:10.305021] [D] [Not A Worker] [unnamed] [] [SinkProvider.cpp:30] [lower] The sinkDescriptor is: SinkDescriptor: (name: variant("BID_AUCTION_ID_SINK"), type: Void, Config: )[m
[36m[22:05:10.305489] [D] [SingleNodeWorker] [WorkerThread-25] [Task:807700793-9] [VoidSink.cpp:37] [start] Setting up void sink: VoidSink[m
[36m[22:05:10.360429] [D] [SingleNodeWorker] [WorkerThread-4] [] [SourceThread.cpp:184] [start] Starting source with originId: 2[m
[36m[22:05:10.368684] [D] [SingleNodeWorker] [WorkerThread-21] [Task:807700793-8] [BufferManager.cpp:65] [~BufferManager] Calling BufferManager::destroy()[m
[36m[22:05:10.368765] [D] [SingleNodeWorker] [WorkerThread-21] [Task:807700793-8] [BufferManager.cpp:93] [~BufferManager] Shutting down Buffer Manager completed[m
[36m[22:05:11.086181] [D] [SingleNodeWorker] [WorkerThread-3] [Task:807700793-8] [InputFormatter.hpp:348] [indexTrailingSpanningTupleProxy] last offset: 262143, first offset: 37[m
[36m[22:05:12.803875] [D] [SingleNodeWorker] [WorkerThread-22] [Task:807700793-8] [InputFormatter.hpp:348] [indexTrailingSpanningTupleProxy] last offset: 262143, first offset: 35[m
[36m[22:05:13.419074] [D] [SingleNodeWorker] [WorkerThread-22] [Task:807700793-8] [InputFormatter.hpp:348] [indexTrailingSpanningTupleProxy] last offset: 262143, first offset: 85[m
[36m[22:05:15.210410] [D] [SingleNodeWorker] [WorkerThread-40] [Task:807700793-8] [InputFormatter.hpp:348] [indexTrailingSpanningTupleProxy] last offset: 262143, first offset: 80[m
[36m[22:05:15.725449] [D] [SingleNodeWorker] [WorkerThread-55] [Task:807700793-8] [InputFormatter.hpp:348] [indexTrailingSpanningTupleProxy] last offset: 262143, first offset: 78[m
[36m[22:05:16.609412] [D] [SingleNodeWorker] [WorkerThread-45] [Task:807700793-8] [InputFormatter.hpp:348] [indexTrailingSpanningTupleProxy] last offset: 262143, first offset: 22[m
[36m[22:05:17.350206] [D] [SingleNodeWorker] [WorkerThread-8] [Task:807700793-8] [InputFormatter.hpp:348] [indexTrailingSpanningTupleProxy] last offset: 262143, first offset: 46[m
[36m[22:05:17.622308] [D] [SingleNodeWorker] [WorkerThread-21] [Task:807700793-8] [InputFormatter.hpp:348] [indexTrailingSpanningTupleProxy] last offset: 262143, first offset: 7[m
[36m[22:05:19.111849] [D] [SingleNodeWorker] [WorkerThread-22] [Task:807700793-8] [InputFormatter.hpp:348] [indexTrailingSpanningTupleProxy] last offset: 262143, first offset: 6[m
[36m[22:05:21.595612] [D] [SingleNodeWorker] [WorkerThread-24] [Task:807700793-8] [InputFormatter.hpp:348] [indexTrailingSpanningTupleProxy] last offset: 262143, first offset: 61[m
[36m[22:05:22.731634] [D] [SingleNodeWorker] [WorkerThread-14] [Task:807700793-8] [InputFormatter.hpp:348] [indexTrailingSpanningTupleProxy] last offset: 262143, first offset: 4[m
[36m[22:05:24.802965] [D] [SingleNodeWorker] [WorkerThread-49] [Task:807700793-8] [InputFormatter.hpp:348] [indexTrailingSpanningTupleProxy] last offset: 262143, first offset: 76[m
[36m[22:05:25.866363] [D] [SingleNodeWorker] [WorkerThread-19] [Task:807700793] [SourceThread.cpp:230] [tryStop] SourceThread 2: attempting to stop source[m
[36m[22:05:25.866720] [D] [SingleNodeWorker] [WorkerThread-19] [Task:807700793] [SourceThread.cpp:248] [tryStop] SourceThread 2: stopped[m
[32m[22:05:25.892295] [I] [SingleNodeWorker] [WorkerThread-10] [] [SequenceShredder.cpp:55] [~SequenceShredder] Successfully validated SequenceShredder[m
[32m[22:05:25.892443] [I] [SingleNodeWorker] [WorkerThread-49] [Task:807700793-9] [VoidSink.cpp:42] [stop] Void Sink completed.[m
[36m[22:05:25.892519] [D] [SingleNodeWorker] [WorkerThread-49] [] [SourceThread.cpp:226] [tryStop] SourceThread 2: thread is not running[m
