B0($1:ptr,$2:ptr,$3:ptr)
	CALL	$8	0x56249af724e0($1)	:ui32
	CALL	$9	0x56249af72510($1)	:ptr
	CONST	$11	0	:ui64
	CONST	$12	*	:ptr
	CONST	$14	0	:ui64
	CONST	$15	0	:ui64
	CONST	$16	0	:ui64
	CONST	$17	0	:ui64
	CONST	$18	0	:ui64
	CONST	$19	true	:bool
	CALL	$21	0x56249b27ad00($2)	:ui64
	CALL	$22	0x56249b27a9d0($2)	:ui64
	CALL	$23	0x56249b27ae20($2)	:ui64
	CALL	$24	0x56249b27adf0($2)	:ui64
	CALL	$25	0x56249b27aba0($2)	:ui64
	CALL	$26	0x56249b27ac90($2)	:bool
	CONST	$27	*	:ptr
	CALL	$29	0x56249b264000($2,$27,$3)	:ptr
	CONST	$32	34	:ui64
	CONST	$34	1	:ui64
	MUL	$35	$32	$34	:ui64
	ADD	$36	$29	$35	:ptr
	LOAD	$39	$36	:bool
	CMP	$40	$39	B1($1,$2,$1,$25,$26,$23,$24,$22,$21,$9,$2,$3)	B2($1,$2,$1,$25,$26,$23,$24,$22,$21,$9,$2,$3)	:void
B1($4:ptr,$5:ptr,$7:ptr,$18:ui64,$19:bool,$16:ui64,$17:ui64,$14:ui64,$15:ui64,$13:ptr,$20:ptr,$10:ptr)
	CONST	$41	false	:bool
	NOT	$42	$41	:bool
	CMP	$43	$42	B3($4,$5)	B4($7,$18,$19,$16,$17,$14,$15,$13,$20,$10)	:void
B2($4:ptr,$5:ptr,$7:ptr,$18:ui64,$19:bool,$16:ui64,$17:ui64,$14:ui64,$15:ui64,$13:ptr,$20:ptr,$10:ptr)
	CONST	$48	true	:bool
	NOT	$49	$48	:bool
	CMP	$50	$49	B5($4,$5)	B6($7,$18,$19,$16,$17,$14,$15,$13,$20,$10)	:void
B3($4:ptr,$5:ptr)
	JMP	$0	B7($4,$5)	:void
B4($7:ptr,$18:ui64,$19:bool,$16:ui64,$17:ui64,$14:ui64,$15:ui64,$13:ptr,$20:ptr,$10:ptr)
	JMP	$0	B16($7,$18,$19,$16,$17,$14,$15,$13,$20,$10)	:void
B5($4:ptr,$5:ptr)
	JMP	$0	B7($4,$5)	:void
B6($7:ptr,$18:ui64,$19:bool,$16:ui64,$17:ui64,$14:ui64,$15:ui64,$13:ptr,$20:ptr,$10:ptr)
	JMP	$0	B16($7,$18,$19,$16,$17,$14,$15,$13,$20,$10)	:void
B7($4:ptr,$5:ptr) ControlFlowMerge
	CALL	$44	0x56249af89f60($4,$5)	:void
	JMP	$0	B39()	:void
B8($7:ptr,$18:ui64,$19:bool,$16:ui64,$17:ui64,$14:ui64,$15:ui64,$59:ptr,$13:ptr,$57:ptr,$56:ui64,$20:ptr,$10:ptr)
	CONST	$71	48	:ui64
	CONST	$73	1	:ui64
	MUL	$74	$71	$73	:ui64
	ADD	$75	$59	$74	:ptr
	CONST	$77	0	:ui64
	CONST	$79	1	:ui64
	MUL	$80	$77	$79	:ui64
	ADD	$81	$59	$80	:ptr
	LOAD	$84	$81	:ptr
	CONST	$85	0	:ui64
	CONST	$88	0	:ui32
	CONST	$89	*	:ptr
	CALL	$93	0x56249b271db0($88,$75,$89)	:i32
	CONST	$96	1	:ui32
	CONST	$97	*	:ptr
	CALL	$98	0x56249b267580($96,$75,$97)	:ptr
	CONST	$100	0	:ui64
	CONST	$102	1	:ui64
	MUL	$103	$100	$102	:ui64
	ADD	$104	$98	$103	:ptr
	LOAD	$107	$104	:ptr
	CONST	$109	8	:ui64
	CONST	$111	1	:ui64
	MUL	$112	$109	$111	:ui64
	ADD	$113	$98	$112	:ptr
	LOAD	$116	$113	:ui64
	CONST	$124	2	:ui32
	CONST	$125	*	:ptr
	CALL	$126	0x56249b267580($124,$75,$125)	:ptr
	CONST	$128	0	:ui64
	CONST	$130	1	:ui64
	MUL	$131	$128	$130	:ui64
	ADD	$132	$126	$131	:ptr
	LOAD	$135	$132	:ptr
	CONST	$137	8	:ui64
	CONST	$139	1	:ui64
	MUL	$140	$137	$139	:ui64
	ADD	$141	$126	$140	:ptr
	LOAD	$144	$141	:ui64
	CONST	$152	3	:ui32
	CONST	$153	*	:ptr
	CALL	$154	0x56249b267580($152,$75,$153)	:ptr
	CONST	$156	0	:ui64
	CONST	$158	1	:ui64
	MUL	$159	$156	$158	:ui64
	ADD	$160	$154	$159	:ptr
	LOAD	$163	$160	:ptr
	CONST	$165	8	:ui64
	CONST	$167	1	:ui64
	MUL	$168	$165	$167	:ui64
	ADD	$169	$154	$168	:ptr
	LOAD	$172	$169	:ui64
	CONST	$180	4	:ui32
	CONST	$181	*	:ptr
	CALL	$182	0x56249b267580($180,$75,$181)	:ptr
	CONST	$184	0	:ui64
	CONST	$186	1	:ui64
	MUL	$187	$184	$186	:ui64
	ADD	$188	$182	$187	:ptr
	LOAD	$191	$188	:ptr
	CONST	$193	8	:ui64
	CONST	$195	1	:ui64
	MUL	$196	$193	$195	:ui64
	ADD	$197	$182	$196	:ptr
	LOAD	$200	$197	:ui64
	CONST	$208	5	:ui32
	CONST	$209	*	:ptr
	CALL	$210	0x56249b267580($208,$75,$209)	:ptr
	CONST	$212	0	:ui64
	CONST	$214	1	:ui64
	MUL	$215	$212	$214	:ui64
	ADD	$216	$210	$215	:ptr
	LOAD	$219	$216	:ptr
	CONST	$221	8	:ui64
	CONST	$223	1	:ui64
	MUL	$224	$221	$223	:ui64
	ADD	$225	$210	$224	:ptr
	LOAD	$228	$225	:ui64
	CONST	$236	6	:ui32
	CONST	$237	*	:ptr
	CALL	$241	0x56249b273710($236,$75,$237)	:ui64
	CONST	$244	7	:ui32
	CONST	$245	*	:ptr
	CALL	$246	0x56249b267580($244,$75,$245)	:ptr
	CONST	$248	0	:ui64
	CONST	$250	1	:ui64
	MUL	$251	$248	$250	:ui64
	ADD	$252	$246	$251	:ptr
	LOAD	$255	$252	:ptr
	CONST	$257	8	:ui64
	CONST	$259	1	:ui64
	MUL	$260	$257	$259	:ui64
	ADD	$261	$246	$260	:ptr
	LOAD	$264	$261	:ui64
	CALL	$272	0x56249b261370($75)	:void
	CONST	$274	1018	:i32
	EQ	$275	$93	$274	:bool
	CONST	$277	false	:bool
	EQ	$278	$275	$277	:bool
	NOT	$279	$278	:bool
	CMP	$280	$279	B10($7,$18,$19,$16,$17,$14,$15,$59,$13,$255,$264,$241,$219,$228,$191,$200,$163,$172,$135,$144,$107,$116,$93,$57,$56,$20,$10)	B11($7,$57,$18,$19,$16,$17,$14,$15,$56,$59,$13,$20,$10)	:void
B9($7:ptr,$57:ptr,$18:ui64,$19:bool,$16:ui64,$17:ui64,$14:ui64,$15:ui64,$56:ui64,$59:ptr,$13:ptr,$20:ptr,$10:ptr)
	JMP	$0	B17($7,$57,$18,$19,$16,$17,$14,$15,$56,$59,$13,$20,$10)	:void
B10($7:ptr,$18:ui64,$19:bool,$16:ui64,$17:ui64,$14:ui64,$15:ui64,$59:ptr,$13:ptr,$271:ptr,$269:ui64,$243:ui64,$235:ptr,$233:ui64,$207:ptr,$205:ui64,$179:ptr,$177:ui64,$151:ptr,$149:ui64,$123:ptr,$121:ui64,$95:i32,$57:ptr,$56:ui64,$20:ptr,$10:ptr)
	CONST	$281	2427	:ui64
	GTE	$282	$56	$281	:bool
	CMP	$283	$282	B12($7,$18,$19,$16,$17,$14,$15,$59,$13,$271,$269,$243,$235,$233,$207,$205,$179,$177,$151,$149,$123,$121,$95,$57,$56,$20,$10)	B13($7,$57,$18,$19,$16,$17,$14,$15,$59,$56,$13,$271,$269,$243,$235,$233,$207,$205,$179,$177,$151,$149,$123,$121,$95,$20,$10)	:void
B11($7:ptr,$57:ptr,$18:ui64,$19:bool,$16:ui64,$17:ui64,$14:ui64,$15:ui64,$56:ui64,$59:ptr,$13:ptr,$20:ptr,$10:ptr)
	JMP	$0	B18($7,$57,$18,$19,$16,$17,$14,$15,$56,$59,$13,$20,$10)	:void
B12($7:ptr,$18:ui64,$19:bool,$16:ui64,$17:ui64,$14:ui64,$15:ui64,$59:ptr,$13:ptr,$271:ptr,$269:ui64,$243:ui64,$235:ptr,$233:ui64,$207:ptr,$205:ui64,$179:ptr,$177:ui64,$151:ptr,$149:ui64,$123:ptr,$121:ui64,$95:i32,$57:ptr,$56:ui64,$20:ptr,$10:ptr)
	CONST	$284	false	:bool
	CALL	$285	0x56249b27a8d0($57,$56)	:void
	CALL	$286	0x56249b27ad70($57,$15)	:void
	CALL	$287	0x56249b27aa40($57,$14)	:void
	CALL	$288	0x56249b27aab0($57,$17)	:void
	CALL	$289	0x56249b27ae50($57,$16)	:void
	CONST	$290	2	:ui64
	CALL	$291	0x56249af72a00($7,$290)	:ptr
	CALL	$292	0x56249af60ac0($291,$284,$18,$19,$57)	:void
	CALL	$293	0x56249af72610($7,$57)	:void
	CALL	$294	0x56249af72a80($7)	:ptr
	CALL	$296	0x56249b27a950($294)	:ptr
	CONST	$297	0	:ui64
	JMP	$0	B19($7,$294,$18,$19,$16,$17,$14,$15,$59,$297,$13,$271,$269,$243,$235,$233,$207,$205,$179,$177,$151,$149,$123,$121,$95,$20,$10)	:void
B13($7:ptr,$57:ptr,$18:ui64,$19:bool,$16:ui64,$17:ui64,$14:ui64,$15:ui64,$59:ptr,$56:ui64,$13:ptr,$271:ptr,$269:ui64,$243:ui64,$235:ptr,$233:ui64,$207:ptr,$205:ui64,$179:ptr,$177:ui64,$151:ptr,$149:ui64,$123:ptr,$121:ui64,$95:i32,$20:ptr,$10:ptr)
	JMP	$0	B19($7,$57,$18,$19,$16,$17,$14,$15,$59,$56,$13,$271,$269,$243,$235,$233,$207,$205,$179,$177,$151,$149,$123,$121,$95,$20,$10)	:void
B14($7:ptr,$57:ptr,$18:ui64,$19:bool,$16:ui64,$17:ui64,$14:ui64,$15:ui64,$56:ui64)
	CONST	$434	true	:bool
	JMP	$0	B33($7,$57,$434,$18,$19,$16,$17,$14,$15,$56)	:void
B15($7:ptr,$18:ui64,$19:bool,$16:ui64,$17:ui64,$14:ui64,$15:ui64,$13:ptr,$57:ptr,$56:ui64,$59:ptr,$20:ptr,$10:ptr)
	CONST	$459	0	:ui64
	CONST	$461	192	:ui64
	CONST	$463	1	:ui64
	MUL	$464	$461	$463	:ui64
	ADD	$465	$59	$464	:ptr
	JMP	$0	B26($7,$18,$19,$16,$17,$14,$15,$13,$57,$56,$59,$20,$10,$465,$459)	:void
B16($7:ptr,$18:ui64,$19:bool,$16:ui64,$17:ui64,$14:ui64,$15:ui64,$13:ptr,$20:ptr,$10:ptr) ControlFlowMerge
	CALL	$54	0x56249af72a80($7)	:ptr
	CONST	$56	0	:ui64
	CALL	$58	0x56249b27a950($54)	:ptr
	CALL	$59	0x56249b25f910()	:ptr
	CONST	$61	32	:ui64
	CONST	$63	1	:ui64
	MUL	$64	$61	$63	:ui64
	ADD	$65	$59	$64	:ptr
	LOAD	$68	$65	:bool
	CMP	$69	$68	B8($7,$18,$19,$16,$17,$14,$15,$59,$13,$54,$56,$20,$10)	B9($7,$54,$18,$19,$16,$17,$14,$15,$56,$59,$13,$20,$10)	:void
B17($7:ptr,$57:ptr,$18:ui64,$19:bool,$16:ui64,$17:ui64,$14:ui64,$15:ui64,$56:ui64,$59:ptr,$13:ptr,$20:ptr,$10:ptr) ControlFlowMerge
	JMP	$0	B18($7,$57,$18,$19,$16,$17,$14,$15,$56,$59,$13,$20,$10)	:void
B18($7:ptr,$57:ptr,$18:ui64,$19:bool,$16:ui64,$17:ui64,$14:ui64,$15:ui64,$56:ui64,$59:ptr,$13:ptr,$20:ptr,$10:ptr) ControlFlowMerge
	CONST	$424	33	:ui64
	CONST	$426	1	:ui64
	MUL	$427	$424	$426	:ui64
	ADD	$428	$59	$427	:ptr
	LOAD	$431	$428	:bool
	NOT	$432	$431	:bool
	CMP	$433	$432	B14($7,$57,$18,$19,$16,$17,$14,$15,$56)	B15($7,$18,$19,$16,$17,$14,$15,$13,$57,$56,$59,$20,$10)	:void
B19($7:ptr,$57:ptr,$18:ui64,$19:bool,$16:ui64,$17:ui64,$14:ui64,$15:ui64,$59:ptr,$56:ui64,$13:ptr,$271:ptr,$269:ui64,$243:ui64,$235:ptr,$233:ui64,$207:ptr,$205:ui64,$179:ptr,$177:ui64,$151:ptr,$149:ui64,$123:ptr,$121:ui64,$95:i32,$20:ptr,$10:ptr) ControlFlowMerge
	CALL	$298	0x56249b27a950($57)	:ptr
	CONST	$300	108	:ui64
	MUL	$301	$300	$56	:ui64
	CONST	$303	1	:ui64
	MUL	$304	$301	$303	:ui64
	ADD	$305	$298	$304	:ptr
	CONST	$307	0	:ui64
	CONST	$309	1	:ui64
	MUL	$310	$307	$309	:ui64
	ADD	$311	$305	$310	:ptr
	STORE	$319	$311	$95	:void
	CONST	$322	4	:ui64
	CONST	$324	1	:ui64
	MUL	$325	$322	$324	:ui64
	ADD	$326	$305	$325	:ptr
	CALL	$333	0x56249b284230($57,$13,$123,$121,$326)	:void
	CONST	$336	20	:ui64
	CONST	$338	1	:ui64
	MUL	$339	$336	$338	:ui64
	ADD	$340	$305	$339	:ptr
	CALL	$347	0x56249b284230($57,$13,$151,$149,$340)	:void
	CONST	$350	36	:ui64
	CONST	$352	1	:ui64
	MUL	$353	$350	$352	:ui64
	ADD	$354	$305	$353	:ptr
	CALL	$361	0x56249b284230($57,$13,$179,$177,$354)	:void
	CONST	$364	52	:ui64
	CONST	$366	1	:ui64
	MUL	$367	$364	$366	:ui64
	ADD	$368	$305	$367	:ptr
	CALL	$375	0x56249b284230($57,$13,$207,$205,$368)	:void
	CONST	$378	68	:ui64
	CONST	$380	1	:ui64
	MUL	$381	$378	$380	:ui64
	ADD	$382	$305	$381	:ptr
	CALL	$389	0x56249b284230($57,$13,$235,$233,$382)	:void
	CONST	$392	84	:ui64
	CONST	$394	1	:ui64
	MUL	$395	$392	$394	:ui64
	ADD	$396	$305	$395	:ptr
	STORE	$404	$396	$243	:void
	CONST	$407	92	:ui64
	CONST	$409	1	:ui64
	MUL	$410	$407	$409	:ui64
	ADD	$411	$305	$410	:ptr
	CALL	$418	0x56249b284230($57,$13,$271,$269,$411)	:void
	CONST	$420	1	:i32
	CAST	$421	$420	:ui64
	ADD	$422	$56	$421	:ui64
	JMP	$0	B17($7,$57,$18,$19,$16,$17,$14,$15,$422,$59,$13,$20,$10)	:void
B20($7:ptr,$18:ui64,$19:bool,$16:ui64,$17:ui64,$14:ui64,$15:ui64,$13:ptr,$59:ptr,$20:ptr,$10:ptr,$465:ptr,$459:ui64,$57:ptr,$56:ui64)
	CALL	$478	0x56249b27a950($20)	:ptr
	CONST	$481	0	:ui32
	CONST	$482	*	:ptr
	CALL	$486	0x56249b271db0($481,$465,$482)	:i32
	CONST	$489	1	:ui32
	CONST	$490	*	:ptr
	CALL	$491	0x56249b267580($489,$465,$490)	:ptr
	CONST	$493	0	:ui64
	CONST	$495	1	:ui64
	MUL	$496	$493	$495	:ui64
	ADD	$497	$491	$496	:ptr
	LOAD	$500	$497	:ptr
	CONST	$502	8	:ui64
	CONST	$504	1	:ui64
	MUL	$505	$502	$504	:ui64
	ADD	$506	$491	$505	:ptr
	LOAD	$509	$506	:ui64
	CONST	$517	2	:ui32
	CONST	$518	*	:ptr
	CALL	$519	0x56249b267580($517,$465,$518)	:ptr
	CONST	$521	0	:ui64
	CONST	$523	1	:ui64
	MUL	$524	$521	$523	:ui64
	ADD	$525	$519	$524	:ptr
	LOAD	$528	$525	:ptr
	CONST	$530	8	:ui64
	CONST	$532	1	:ui64
	MUL	$533	$530	$532	:ui64
	ADD	$534	$519	$533	:ptr
	LOAD	$537	$534	:ui64
	CONST	$545	3	:ui32
	CONST	$546	*	:ptr
	CALL	$547	0x56249b267580($545,$465,$546)	:ptr
	CONST	$549	0	:ui64
	CONST	$551	1	:ui64
	MUL	$552	$549	$551	:ui64
	ADD	$553	$547	$552	:ptr
	LOAD	$556	$553	:ptr
	CONST	$558	8	:ui64
	CONST	$560	1	:ui64
	MUL	$561	$558	$560	:ui64
	ADD	$562	$547	$561	:ptr
	LOAD	$565	$562	:ui64
	CONST	$573	4	:ui32
	CONST	$574	*	:ptr
	CALL	$575	0x56249b267580($573,$465,$574)	:ptr
	CONST	$577	0	:ui64
	CONST	$579	1	:ui64
	MUL	$580	$577	$579	:ui64
	ADD	$581	$575	$580	:ptr
	LOAD	$584	$581	:ptr
	CONST	$586	8	:ui64
	CONST	$588	1	:ui64
	MUL	$589	$586	$588	:ui64
	ADD	$590	$575	$589	:ptr
	LOAD	$593	$590	:ui64
	CONST	$601	5	:ui32
	CONST	$602	*	:ptr
	CALL	$603	0x56249b267580($601,$465,$602)	:ptr
	CONST	$605	0	:ui64
	CONST	$607	1	:ui64
	MUL	$608	$605	$607	:ui64
	ADD	$609	$603	$608	:ptr
	LOAD	$612	$609	:ptr
	CONST	$614	8	:ui64
	CONST	$616	1	:ui64
	MUL	$617	$614	$616	:ui64
	ADD	$618	$603	$617	:ptr
	LOAD	$621	$618	:ui64
	CONST	$629	6	:ui32
	CONST	$630	*	:ptr
	CALL	$634	0x56249b273710($629,$465,$630)	:ui64
	CONST	$637	7	:ui32
	CONST	$638	*	:ptr
	CALL	$639	0x56249b267580($637,$465,$638)	:ptr
	CONST	$641	0	:ui64
	CONST	$643	1	:ui64
	MUL	$644	$641	$643	:ui64
	ADD	$645	$639	$644	:ptr
	LOAD	$648	$645	:ptr
	CONST	$650	8	:ui64
	CONST	$652	1	:ui64
	MUL	$653	$650	$652	:ui64
	ADD	$654	$639	$653	:ptr
	LOAD	$657	$654	:ui64
	CALL	$665	0x56249b261370($465)	:void
	CONST	$667	1018	:i32
	EQ	$668	$486	$667	:bool
	CONST	$670	false	:bool
	EQ	$671	$668	$670	:bool
	NOT	$672	$671	:bool
	CMP	$673	$672	B22($7,$18,$19,$16,$17,$14,$15,$13,$59,$20,$10,$465,$459,$648,$657,$634,$612,$621,$584,$593,$556,$565,$528,$537,$500,$509,$486,$57,$56)	B23($7,$18,$19,$16,$17,$14,$15,$13,$57,$56,$59,$20,$10,$465,$459)	:void
B21($7:ptr,$18:ui64,$19:bool,$16:ui64,$17:ui64,$14:ui64,$15:ui64,$13:ptr,$57:ptr,$56:ui64,$59:ptr,$20:ptr,$10:ptr)
	CONST	$822	*	:ptr
	CALL	$824	0x56249b262cf0($20,$822,$10)	:bool
	CMP	$825	$824	B27($7,$18,$19,$16,$17,$14,$15,$13,$57,$56,$59)	B28($7,$57,$18,$19,$16,$17,$14,$15,$56)	:void
B22($7:ptr,$18:ui64,$19:bool,$16:ui64,$17:ui64,$14:ui64,$15:ui64,$13:ptr,$59:ptr,$20:ptr,$10:ptr,$465:ptr,$459:ui64,$664:ptr,$662:ui64,$636:ui64,$628:ptr,$626:ui64,$600:ptr,$598:ui64,$572:ptr,$570:ui64,$544:ptr,$542:ui64,$516:ptr,$514:ui64,$488:i32,$57:ptr,$56:ui64)
	CONST	$674	2427	:ui64
	GTE	$675	$56	$674	:bool
	CMP	$676	$675	B24($7,$18,$19,$16,$17,$14,$15,$13,$59,$20,$10,$465,$459,$664,$662,$636,$628,$626,$600,$598,$572,$570,$544,$542,$516,$514,$488,$57,$56)	B25($7,$18,$19,$16,$17,$14,$15,$13,$57,$59,$20,$10,$465,$459,$56,$664,$662,$636,$628,$626,$600,$598,$572,$570,$544,$542,$516,$514,$488)	:void
B23($7:ptr,$18:ui64,$19:bool,$16:ui64,$17:ui64,$14:ui64,$15:ui64,$13:ptr,$57:ptr,$56:ui64,$59:ptr,$20:ptr,$10:ptr,$465:ptr,$459:ui64)
	CONST	$1183	1	:i32
	JMP	$0	B34($7,$18,$19,$16,$17,$14,$15,$13,$57,$56,$59,$20,$10,$465,$459,$1183)	:void
B24($7:ptr,$18:ui64,$19:bool,$16:ui64,$17:ui64,$14:ui64,$15:ui64,$13:ptr,$59:ptr,$20:ptr,$10:ptr,$465:ptr,$459:ui64,$664:ptr,$662:ui64,$636:ui64,$628:ptr,$626:ui64,$600:ptr,$598:ui64,$572:ptr,$570:ui64,$544:ptr,$542:ui64,$516:ptr,$514:ui64,$488:i32,$57:ptr,$56:ui64)
	CONST	$677	false	:bool
	CALL	$678	0x56249b27a8d0($57,$56)	:void
	CALL	$679	0x56249b27ad70($57,$15)	:void
	CALL	$680	0x56249b27aa40($57,$14)	:void
	CALL	$681	0x56249b27aab0($57,$17)	:void
	CALL	$682	0x56249b27ae50($57,$16)	:void
	CONST	$683	2	:ui64
	CALL	$684	0x56249af72a00($7,$683)	:ptr
	CALL	$685	0x56249af60ac0($684,$677,$18,$19,$57)	:void
	CALL	$686	0x56249af72610($7,$57)	:void
	CALL	$687	0x56249af72a80($7)	:ptr
	CALL	$689	0x56249b27a950($687)	:ptr
	CONST	$690	0	:ui64
	JMP	$0	B35($7,$18,$19,$16,$17,$14,$15,$13,$687,$59,$20,$10,$465,$459,$690,$664,$662,$636,$628,$626,$600,$598,$572,$570,$544,$542,$516,$514,$488)	:void
B25($7:ptr,$18:ui64,$19:bool,$16:ui64,$17:ui64,$14:ui64,$15:ui64,$13:ptr,$57:ptr,$59:ptr,$20:ptr,$10:ptr,$465:ptr,$459:ui64,$56:ui64,$664:ptr,$662:ui64,$636:ui64,$628:ptr,$626:ui64,$600:ptr,$598:ui64,$572:ptr,$570:ui64,$544:ptr,$542:ui64,$516:ptr,$514:ui64,$488:i32)
	JMP	$0	B35($7,$18,$19,$16,$17,$14,$15,$13,$57,$59,$20,$10,$465,$459,$56,$664,$662,$636,$628,$626,$600,$598,$572,$570,$544,$542,$516,$514,$488)	:void
B26($7:ptr,$18:ui64,$19:bool,$16:ui64,$17:ui64,$14:ui64,$15:ui64,$13:ptr,$57:ptr,$56:ui64,$59:ptr,$20:ptr,$10:ptr,$465:ptr,$459:ui64) ControlFlowMerge
	CONST	$468	0	:ui64
	CONST	$470	1	:ui64
	MUL	$471	$468	$470	:ui64
	ADD	$472	$465	$471	:ptr
	LOAD	$475	$472	:bool
	NOT	$476	$475	:bool
	CMP	$477	$476	B20($7,$18,$19,$16,$17,$14,$15,$13,$59,$20,$10,$465,$459,$57,$56)	B21($7,$18,$19,$16,$17,$14,$15,$13,$57,$56,$59,$20,$10)	:void
B27($7:ptr,$18:ui64,$19:bool,$16:ui64,$17:ui64,$14:ui64,$15:ui64,$13:ptr,$57:ptr,$56:ui64,$59:ptr)
	CONST	$827	120	:ui64
	CONST	$829	1	:ui64
	MUL	$830	$827	$829	:ui64
	ADD	$831	$59	$830	:ptr
	CONST	$833	16	:ui64
	CONST	$835	1	:ui64
	MUL	$836	$833	$835	:ui64
	ADD	$837	$59	$836	:ptr
	LOAD	$840	$837	:ptr
	CONST	$841	0	:ui64
	CONST	$844	0	:ui32
	CONST	$845	*	:ptr
	CALL	$849	0x56249b271db0($844,$831,$845)	:i32
	CONST	$852	1	:ui32
	CONST	$853	*	:ptr
	CALL	$854	0x56249b267580($852,$831,$853)	:ptr
	CONST	$856	0	:ui64
	CONST	$858	1	:ui64
	MUL	$859	$856	$858	:ui64
	ADD	$860	$854	$859	:ptr
	LOAD	$863	$860	:ptr
	CONST	$865	8	:ui64
	CONST	$867	1	:ui64
	MUL	$868	$865	$867	:ui64
	ADD	$869	$854	$868	:ptr
	LOAD	$872	$869	:ui64
	CONST	$880	2	:ui32
	CONST	$881	*	:ptr
	CALL	$882	0x56249b267580($880,$831,$881)	:ptr
	CONST	$884	0	:ui64
	CONST	$886	1	:ui64
	MUL	$887	$884	$886	:ui64
	ADD	$888	$882	$887	:ptr
	LOAD	$891	$888	:ptr
	CONST	$893	8	:ui64
	CONST	$895	1	:ui64
	MUL	$896	$893	$895	:ui64
	ADD	$897	$882	$896	:ptr
	LOAD	$900	$897	:ui64
	CONST	$908	3	:ui32
	CONST	$909	*	:ptr
	CALL	$910	0x56249b267580($908,$831,$909)	:ptr
	CONST	$912	0	:ui64
	CONST	$914	1	:ui64
	MUL	$915	$912	$914	:ui64
	ADD	$916	$910	$915	:ptr
	LOAD	$919	$916	:ptr
	CONST	$921	8	:ui64
	CONST	$923	1	:ui64
	MUL	$924	$921	$923	:ui64
	ADD	$925	$910	$924	:ptr
	LOAD	$928	$925	:ui64
	CONST	$936	4	:ui32
	CONST	$937	*	:ptr
	CALL	$938	0x56249b267580($936,$831,$937)	:ptr
	CONST	$940	0	:ui64
	CONST	$942	1	:ui64
	MUL	$943	$940	$942	:ui64
	ADD	$944	$938	$943	:ptr
	LOAD	$947	$944	:ptr
	CONST	$949	8	:ui64
	CONST	$951	1	:ui64
	MUL	$952	$949	$951	:ui64
	ADD	$953	$938	$952	:ptr
	LOAD	$956	$953	:ui64
	CONST	$964	5	:ui32
	CONST	$965	*	:ptr
	CALL	$966	0x56249b267580($964,$831,$965)	:ptr
	CONST	$968	0	:ui64
	CONST	$970	1	:ui64
	MUL	$971	$968	$970	:ui64
	ADD	$972	$966	$971	:ptr
	LOAD	$975	$972	:ptr
	CONST	$977	8	:ui64
	CONST	$979	1	:ui64
	MUL	$980	$977	$979	:ui64
	ADD	$981	$966	$980	:ptr
	LOAD	$984	$981	:ui64
	CONST	$992	6	:ui32
	CONST	$993	*	:ptr
	CALL	$997	0x56249b273710($992,$831,$993)	:ui64
	CONST	$1000	7	:ui32
	CONST	$1001	*	:ptr
	CALL	$1002	0x56249b267580($1000,$831,$1001)	:ptr
	CONST	$1004	0	:ui64
	CONST	$1006	1	:ui64
	MUL	$1007	$1004	$1006	:ui64
	ADD	$1008	$1002	$1007	:ptr
	LOAD	$1011	$1008	:ptr
	CONST	$1013	8	:ui64
	CONST	$1015	1	:ui64
	MUL	$1016	$1013	$1015	:ui64
	ADD	$1017	$1002	$1016	:ptr
	LOAD	$1020	$1017	:ui64
	CALL	$1028	0x56249b261370($831)	:void
	CONST	$1030	1018	:i32
	EQ	$1031	$849	$1030	:bool
	CONST	$1033	false	:bool
	EQ	$1034	$1031	$1033	:bool
	NOT	$1035	$1034	:bool
	CMP	$1036	$1035	B29($7,$18,$19,$16,$17,$14,$15,$13,$1011,$1020,$997,$975,$984,$947,$956,$919,$928,$891,$900,$863,$872,$849,$57,$56)	B30($7,$57,$18,$19,$16,$17,$14,$15,$56)	:void
B28($7:ptr,$57:ptr,$18:ui64,$19:bool,$16:ui64,$17:ui64,$14:ui64,$15:ui64,$56:ui64)
	CONST	$1190	true	:bool
	JMP	$0	B36($7,$57,$1190,$18,$19,$16,$17,$14,$15,$56)	:void
B29($7:ptr,$18:ui64,$19:bool,$16:ui64,$17:ui64,$14:ui64,$15:ui64,$13:ptr,$1027:ptr,$1025:ui64,$999:ui64,$991:ptr,$989:ui64,$963:ptr,$961:ui64,$935:ptr,$933:ui64,$907:ptr,$905:ui64,$879:ptr,$877:ui64,$851:i32,$57:ptr,$56:ui64)
	CONST	$1037	2427	:ui64
	GTE	$1038	$56	$1037	:bool
	CMP	$1039	$1038	B31($7,$18,$19,$16,$17,$14,$15,$13,$1027,$1025,$999,$991,$989,$963,$961,$935,$933,$907,$905,$879,$877,$851,$57,$56)	B32($7,$57,$18,$19,$16,$17,$14,$15,$56,$13,$1027,$1025,$999,$991,$989,$963,$961,$935,$933,$907,$905,$879,$877,$851)	:void
B30($7:ptr,$57:ptr,$18:ui64,$19:bool,$16:ui64,$17:ui64,$14:ui64,$15:ui64,$56:ui64)
	CONST	$1194	true	:bool
	JMP	$0	B37($7,$57,$1194,$18,$19,$16,$17,$14,$15,$56)	:void
B31($7:ptr,$18:ui64,$19:bool,$16:ui64,$17:ui64,$14:ui64,$15:ui64,$13:ptr,$1027:ptr,$1025:ui64,$999:ui64,$991:ptr,$989:ui64,$963:ptr,$961:ui64,$935:ptr,$933:ui64,$907:ptr,$905:ui64,$879:ptr,$877:ui64,$851:i32,$57:ptr,$56:ui64)
	CONST	$1040	false	:bool
	CALL	$1041	0x56249b27a8d0($57,$56)	:void
	CALL	$1042	0x56249b27ad70($57,$15)	:void
	CALL	$1043	0x56249b27aa40($57,$14)	:void
	CALL	$1044	0x56249b27aab0($57,$17)	:void
	CALL	$1045	0x56249b27ae50($57,$16)	:void
	CONST	$1046	2	:ui64
	CALL	$1047	0x56249af72a00($7,$1046)	:ptr
	CALL	$1048	0x56249af60ac0($1047,$1040,$18,$19,$57)	:void
	CALL	$1049	0x56249af72610($7,$57)	:void
	CALL	$1050	0x56249af72a80($7)	:ptr
	CALL	$1052	0x56249b27a950($1050)	:ptr
	CONST	$1053	0	:ui64
	JMP	$0	B38($7,$1050,$18,$19,$16,$17,$14,$15,$1053,$13,$1027,$1025,$999,$991,$989,$963,$961,$935,$933,$907,$905,$879,$877,$851)	:void
B32($7:ptr,$57:ptr,$18:ui64,$19:bool,$16:ui64,$17:ui64,$14:ui64,$15:ui64,$56:ui64,$13:ptr,$1027:ptr,$1025:ui64,$999:ui64,$991:ptr,$989:ui64,$963:ptr,$961:ui64,$935:ptr,$933:ui64,$907:ptr,$905:ui64,$879:ptr,$877:ui64,$851:i32)
	JMP	$0	B38($7,$57,$18,$19,$16,$17,$14,$15,$56,$13,$1027,$1025,$999,$991,$989,$963,$961,$935,$933,$907,$905,$879,$877,$851)	:void
B33($7:ptr,$57:ptr,$434:bool,$18:ui64,$19:bool,$16:ui64,$17:ui64,$14:ui64,$15:ui64,$56:ui64) ControlFlowMerge
	JMP	$0	B36($7,$57,$434,$18,$19,$16,$17,$14,$15,$56)	:void
B34($7:ptr,$18:ui64,$19:bool,$16:ui64,$17:ui64,$14:ui64,$15:ui64,$13:ptr,$57:ptr,$56:ui64,$59:ptr,$20:ptr,$10:ptr,$465:ptr,$459:ui64,$816:i32) ControlFlowMerge
	CAST	$817	$816	:ui64
	ADD	$818	$459	$817	:ui64
	JMP	$0	B26($7,$18,$19,$16,$17,$14,$15,$13,$57,$56,$59,$20,$10,$465,$818)	:void
B35($7:ptr,$18:ui64,$19:bool,$16:ui64,$17:ui64,$14:ui64,$15:ui64,$13:ptr,$57:ptr,$59:ptr,$20:ptr,$10:ptr,$465:ptr,$459:ui64,$56:ui64,$664:ptr,$662:ui64,$636:ui64,$628:ptr,$626:ui64,$600:ptr,$598:ui64,$572:ptr,$570:ui64,$544:ptr,$542:ui64,$516:ptr,$514:ui64,$488:i32) ControlFlowMerge
	CALL	$691	0x56249b27a950($57)	:ptr
	CONST	$693	108	:ui64
	MUL	$694	$693	$56	:ui64
	CONST	$696	1	:ui64
	MUL	$697	$694	$696	:ui64
	ADD	$698	$691	$697	:ptr
	CONST	$700	0	:ui64
	CONST	$702	1	:ui64
	MUL	$703	$700	$702	:ui64
	ADD	$704	$698	$703	:ptr
	STORE	$712	$704	$488	:void
	CONST	$715	4	:ui64
	CONST	$717	1	:ui64
	MUL	$718	$715	$717	:ui64
	ADD	$719	$698	$718	:ptr
	CALL	$726	0x56249b284230($57,$13,$516,$514,$719)	:void
	CONST	$729	20	:ui64
	CONST	$731	1	:ui64
	MUL	$732	$729	$731	:ui64
	ADD	$733	$698	$732	:ptr
	CALL	$740	0x56249b284230($57,$13,$544,$542,$733)	:void
	CONST	$743	36	:ui64
	CONST	$745	1	:ui64
	MUL	$746	$743	$745	:ui64
	ADD	$747	$698	$746	:ptr
	CALL	$754	0x56249b284230($57,$13,$572,$570,$747)	:void
	CONST	$757	52	:ui64
	CONST	$759	1	:ui64
	MUL	$760	$757	$759	:ui64
	ADD	$761	$698	$760	:ptr
	CALL	$768	0x56249b284230($57,$13,$600,$598,$761)	:void
	CONST	$771	68	:ui64
	CONST	$773	1	:ui64
	MUL	$774	$771	$773	:ui64
	ADD	$775	$698	$774	:ptr
	CALL	$782	0x56249b284230($57,$13,$628,$626,$775)	:void
	CONST	$785	84	:ui64
	CONST	$787	1	:ui64
	MUL	$788	$785	$787	:ui64
	ADD	$789	$698	$788	:ptr
	STORE	$797	$789	$636	:void
	CONST	$800	92	:ui64
	CONST	$802	1	:ui64
	MUL	$803	$800	$802	:ui64
	ADD	$804	$698	$803	:ptr
	CALL	$811	0x56249b284230($57,$13,$664,$662,$804)	:void
	CONST	$813	1	:i32
	CAST	$814	$813	:ui64
	ADD	$815	$56	$814	:ui64
	CONST	$816	1	:i32
	JMP	$0	B34($7,$18,$19,$16,$17,$14,$15,$13,$57,$815,$59,$20,$10,$465,$459,$816)	:void
B36($7:ptr,$57:ptr,$434:bool,$18:ui64,$19:bool,$16:ui64,$17:ui64,$14:ui64,$15:ui64,$56:ui64) ControlFlowMerge
	JMP	$0	B37($7,$57,$434,$18,$19,$16,$17,$14,$15,$56)	:void
B37($7:ptr,$57:ptr,$434:bool,$18:ui64,$19:bool,$16:ui64,$17:ui64,$14:ui64,$15:ui64,$56:ui64) ControlFlowMerge
	CALL	$435	0x56249b27a8d0($57,$56)	:void
	CALL	$436	0x56249b27ad70($57,$15)	:void
	CALL	$437	0x56249b27aa40($57,$14)	:void
	CALL	$438	0x56249b27aab0($57,$17)	:void
	CALL	$439	0x56249b27ae50($57,$16)	:void
	CONST	$440	2	:ui64
	CALL	$441	0x56249af72a00($7,$440)	:ptr
	CALL	$442	0x56249af60ac0($441,$434,$18,$19,$57)	:void
	CALL	$443	0x56249af72610($7,$57)	:void
	JMP	$0	B39()	:void
B38($7:ptr,$57:ptr,$18:ui64,$19:bool,$16:ui64,$17:ui64,$14:ui64,$15:ui64,$56:ui64,$13:ptr,$1027:ptr,$1025:ui64,$999:ui64,$991:ptr,$989:ui64,$963:ptr,$961:ui64,$935:ptr,$933:ui64,$907:ptr,$905:ui64,$879:ptr,$877:ui64,$851:i32) ControlFlowMerge
	CALL	$1054	0x56249b27a950($57)	:ptr
	CONST	$1056	108	:ui64
	MUL	$1057	$1056	$56	:ui64
	CONST	$1059	1	:ui64
	MUL	$1060	$1057	$1059	:ui64
	ADD	$1061	$1054	$1060	:ptr
	CONST	$1063	0	:ui64
	CONST	$1065	1	:ui64
	MUL	$1066	$1063	$1065	:ui64
	ADD	$1067	$1061	$1066	:ptr
	STORE	$1075	$1067	$851	:void
	CONST	$1078	4	:ui64
	CONST	$1080	1	:ui64
	MUL	$1081	$1078	$1080	:ui64
	ADD	$1082	$1061	$1081	:ptr
	CALL	$1089	0x56249b284230($57,$13,$879,$877,$1082)	:void
	CONST	$1092	20	:ui64
	CONST	$1094	1	:ui64
	MUL	$1095	$1092	$1094	:ui64
	ADD	$1096	$1061	$1095	:ptr
	CALL	$1103	0x56249b284230($57,$13,$907,$905,$1096)	:void
	CONST	$1106	36	:ui64
	CONST	$1108	1	:ui64
	MUL	$1109	$1106	$1108	:ui64
	ADD	$1110	$1061	$1109	:ptr
	CALL	$1117	0x56249b284230($57,$13,$935,$933,$1110)	:void
	CONST	$1120	52	:ui64
	CONST	$1122	1	:ui64
	MUL	$1123	$1120	$1122	:ui64
	ADD	$1124	$1061	$1123	:ptr
	CALL	$1131	0x56249b284230($57,$13,$963,$961,$1124)	:void
	CONST	$1134	68	:ui64
	CONST	$1136	1	:ui64
	MUL	$1137	$1134	$1136	:ui64
	ADD	$1138	$1061	$1137	:ptr
	CALL	$1145	0x56249b284230($57,$13,$991,$989,$1138)	:void
	CONST	$1148	84	:ui64
	CONST	$1150	1	:ui64
	MUL	$1151	$1148	$1150	:ui64
	ADD	$1152	$1061	$1151	:ptr
	STORE	$1160	$1152	$999	:void
	CONST	$1163	92	:ui64
	CONST	$1165	1	:ui64
	MUL	$1166	$1163	$1165	:ui64
	ADD	$1167	$1061	$1166	:ptr
	CALL	$1174	0x56249b284230($57,$13,$1027,$1025,$1167)	:void
	CONST	$1176	1	:i32
	CAST	$1177	$1176	:ui64
	ADD	$1178	$56	$1177	:ui64
	CONST	$1179	true	:bool
	JMP	$0	B33($7,$57,$1179,$18,$19,$16,$17,$14,$15,$1178)	:void
B39()
	RETURN	$0	:void
