B0($1:ptr,$2:ptr,$3:ptr)
	ASSIGN	$4	$1	:ptr
	ASSIGN	$5	$2	:ptr
	ASSIGN	$6	$3	:ptr
	ASSIGN	$7	$4	:ptr
	CALL	$8	0x56249af724e0($4)	:ui32
	CALL	$9	0x56249af72510($4)	:ptr
	ASSIGN	$10	$6	:ptr
	CONST	$11	0	:ui64
	CONST	$12	*	:ptr
	ASSIGN	$13	$9	:ptr
	CONST	$14	0	:ui64
	CONST	$15	0	:ui64
	CONST	$16	0	:ui64
	CONST	$17	0	:ui64
	CONST	$18	0	:ui64
	CONST	$19	true	:bool
	ASSIGN	$20	$5	:ptr
	CALL	$21	0x56249b27ad00($20)	:ui64
	ASSIGN	$15	$21	:ui64
	CALL	$22	0x56249b27a9d0($20)	:ui64
	ASSIGN	$14	$22	:ui64
	CALL	$23	0x56249b27ae20($20)	:ui64
	ASSIGN	$16	$23	:ui64
	CALL	$24	0x56249b27adf0($20)	:ui64
	ASSIGN	$17	$24	:ui64
	CALL	$25	0x56249b27aba0($20)	:ui64
	ASSIGN	$18	$25	:ui64
	CALL	$26	0x56249b27ac90($20)	:bool
	ASSIGN	$19	$26	:bool
	CONST	$27	*	:ptr
	ASSIGN	$28	$10	:ptr
	CALL	$29	0x56249b264000($20,$27,$28)	:ptr
	ASSIGN	$30	$29	:ptr
	ASSIGN	$31	$30	:ptr
	CONST	$32	34	:ui64
	ASSIGN	$33	$32	:ui64
	CONST	$34	1	:ui64
	MUL	$35	$33	$34	:ui64
	ADD	$36	$31	$35	:ptr
	ASSIGN	$37	$36	:ptr
	ASSIGN	$38	$37	:ptr
	LOAD	$39	$38	:bool
	CMP	$40	$39	B1()	B2()	:void
B1()
	CONST	$41	false	:bool
	NOT	$42	$41	:bool
	CMP	$43	$42	B3()	B4()	:void
B2()
	CONST	$48	true	:bool
	NOT	$49	$48	:bool
	CMP	$50	$49	B5()	B6()	:void
B3()
	JMP	$0	B7()	:void
B4()
	JMP	$0	B16()	:void
B5()
	JMP	$0	B7()	:void
B6()
	JMP	$0	B16()	:void
B7() ControlFlowMerge
	CALL	$44	0x56249af89f60($4,$5)	:void
	RETURN	$0	:void
B8()
	ASSIGN	$70	$59	:ptr
	CONST	$71	48	:ui64
	ASSIGN	$72	$71	:ui64
	CONST	$73	1	:ui64
	MUL	$74	$72	$73	:ui64
	ADD	$75	$70	$74	:ptr
	ASSIGN	$76	$59	:ptr
	CONST	$77	0	:ui64
	ASSIGN	$78	$77	:ui64
	CONST	$79	1	:ui64
	MUL	$80	$78	$79	:ui64
	ADD	$81	$76	$80	:ptr
	ASSIGN	$82	$81	:ptr
	ASSIGN	$83	$82	:ptr
	LOAD	$84	$83	:ptr
	CONST	$85	0	:ui64
	ASSIGN	$86	$75	:ptr
	ASSIGN	$87	$86	:ptr
	CONST	$88	0	:ui32
	CONST	$89	*	:ptr
	ASSIGN	$90	$88	:ui32
	ASSIGN	$91	$87	:ptr
	ASSIGN	$92	$89	:ptr
	CALL	$93	0x56249b271db0($90,$91,$92)	:i32
	ASSIGN	$94	$93	:i32
	ASSIGN	$95	$94	:i32
	CONST	$96	1	:ui32
	CONST	$97	*	:ptr
	CALL	$98	0x56249b267580($96,$87,$97)	:ptr
	ASSIGN	$99	$98	:ptr
	CONST	$100	0	:ui64
	ASSIGN	$101	$100	:ui64
	CONST	$102	1	:ui64
	MUL	$103	$101	$102	:ui64
	ADD	$104	$99	$103	:ptr
	ASSIGN	$105	$104	:ptr
	ASSIGN	$106	$105	:ptr
	LOAD	$107	$106	:ptr
	ASSIGN	$108	$98	:ptr
	CONST	$109	8	:ui64
	ASSIGN	$110	$109	:ui64
	CONST	$111	1	:ui64
	MUL	$112	$110	$111	:ui64
	ADD	$113	$108	$112	:ptr
	ASSIGN	$114	$113	:ptr
	ASSIGN	$115	$114	:ptr
	LOAD	$116	$115	:ui64
	ASSIGN	$117	$116	:ui64
	ASSIGN	$118	$107	:ptr
	ASSIGN	$119	$117	:ui64
	ASSIGN	$120	$118	:ptr
	ASSIGN	$121	$119	:ui64
	ASSIGN	$122	$120	:ptr
	ASSIGN	$123	$122	:ptr
	CONST	$124	2	:ui32
	CONST	$125	*	:ptr
	CALL	$126	0x56249b267580($124,$87,$125)	:ptr
	ASSIGN	$127	$126	:ptr
	CONST	$128	0	:ui64
	ASSIGN	$129	$128	:ui64
	CONST	$130	1	:ui64
	MUL	$131	$129	$130	:ui64
	ADD	$132	$127	$131	:ptr
	ASSIGN	$133	$132	:ptr
	ASSIGN	$134	$133	:ptr
	LOAD	$135	$134	:ptr
	ASSIGN	$136	$126	:ptr
	CONST	$137	8	:ui64
	ASSIGN	$138	$137	:ui64
	CONST	$139	1	:ui64
	MUL	$140	$138	$139	:ui64
	ADD	$141	$136	$140	:ptr
	ASSIGN	$142	$141	:ptr
	ASSIGN	$143	$142	:ptr
	LOAD	$144	$143	:ui64
	ASSIGN	$145	$144	:ui64
	ASSIGN	$146	$135	:ptr
	ASSIGN	$147	$145	:ui64
	ASSIGN	$148	$146	:ptr
	ASSIGN	$149	$147	:ui64
	ASSIGN	$150	$148	:ptr
	ASSIGN	$151	$150	:ptr
	CONST	$152	3	:ui32
	CONST	$153	*	:ptr
	CALL	$154	0x56249b267580($152,$87,$153)	:ptr
	ASSIGN	$155	$154	:ptr
	CONST	$156	0	:ui64
	ASSIGN	$157	$156	:ui64
	CONST	$158	1	:ui64
	MUL	$159	$157	$158	:ui64
	ADD	$160	$155	$159	:ptr
	ASSIGN	$161	$160	:ptr
	ASSIGN	$162	$161	:ptr
	LOAD	$163	$162	:ptr
	ASSIGN	$164	$154	:ptr
	CONST	$165	8	:ui64
	ASSIGN	$166	$165	:ui64
	CONST	$167	1	:ui64
	MUL	$168	$166	$167	:ui64
	ADD	$169	$164	$168	:ptr
	ASSIGN	$170	$169	:ptr
	ASSIGN	$171	$170	:ptr
	LOAD	$172	$171	:ui64
	ASSIGN	$173	$172	:ui64
	ASSIGN	$174	$163	:ptr
	ASSIGN	$175	$173	:ui64
	ASSIGN	$176	$174	:ptr
	ASSIGN	$177	$175	:ui64
	ASSIGN	$178	$176	:ptr
	ASSIGN	$179	$178	:ptr
	CONST	$180	4	:ui32
	CONST	$181	*	:ptr
	CALL	$182	0x56249b267580($180,$87,$181)	:ptr
	ASSIGN	$183	$182	:ptr
	CONST	$184	0	:ui64
	ASSIGN	$185	$184	:ui64
	CONST	$186	1	:ui64
	MUL	$187	$185	$186	:ui64
	ADD	$188	$183	$187	:ptr
	ASSIGN	$189	$188	:ptr
	ASSIGN	$190	$189	:ptr
	LOAD	$191	$190	:ptr
	ASSIGN	$192	$182	:ptr
	CONST	$193	8	:ui64
	ASSIGN	$194	$193	:ui64
	CONST	$195	1	:ui64
	MUL	$196	$194	$195	:ui64
	ADD	$197	$192	$196	:ptr
	ASSIGN	$198	$197	:ptr
	ASSIGN	$199	$198	:ptr
	LOAD	$200	$199	:ui64
	ASSIGN	$201	$200	:ui64
	ASSIGN	$202	$191	:ptr
	ASSIGN	$203	$201	:ui64
	ASSIGN	$204	$202	:ptr
	ASSIGN	$205	$203	:ui64
	ASSIGN	$206	$204	:ptr
	ASSIGN	$207	$206	:ptr
	CONST	$208	5	:ui32
	CONST	$209	*	:ptr
	CALL	$210	0x56249b267580($208,$87,$209)	:ptr
	ASSIGN	$211	$210	:ptr
	CONST	$212	0	:ui64
	ASSIGN	$213	$212	:ui64
	CONST	$214	1	:ui64
	MUL	$215	$213	$214	:ui64
	ADD	$216	$211	$215	:ptr
	ASSIGN	$217	$216	:ptr
	ASSIGN	$218	$217	:ptr
	LOAD	$219	$218	:ptr
	ASSIGN	$220	$210	:ptr
	CONST	$221	8	:ui64
	ASSIGN	$222	$221	:ui64
	CONST	$223	1	:ui64
	MUL	$224	$222	$223	:ui64
	ADD	$225	$220	$224	:ptr
	ASSIGN	$226	$225	:ptr
	ASSIGN	$227	$226	:ptr
	LOAD	$228	$227	:ui64
	ASSIGN	$229	$228	:ui64
	ASSIGN	$230	$219	:ptr
	ASSIGN	$231	$229	:ui64
	ASSIGN	$232	$230	:ptr
	ASSIGN	$233	$231	:ui64
	ASSIGN	$234	$232	:ptr
	ASSIGN	$235	$234	:ptr
	CONST	$236	6	:ui32
	CONST	$237	*	:ptr
	ASSIGN	$238	$236	:ui32
	ASSIGN	$239	$87	:ptr
	ASSIGN	$240	$237	:ptr
	CALL	$241	0x56249b273710($238,$239,$240)	:ui64
	ASSIGN	$242	$241	:ui64
	ASSIGN	$243	$242	:ui64
	CONST	$244	7	:ui32
	CONST	$245	*	:ptr
	CALL	$246	0x56249b267580($244,$87,$245)	:ptr
	ASSIGN	$247	$246	:ptr
	CONST	$248	0	:ui64
	ASSIGN	$249	$248	:ui64
	CONST	$250	1	:ui64
	MUL	$251	$249	$250	:ui64
	ADD	$252	$247	$251	:ptr
	ASSIGN	$253	$252	:ptr
	ASSIGN	$254	$253	:ptr
	LOAD	$255	$254	:ptr
	ASSIGN	$256	$246	:ptr
	CONST	$257	8	:ui64
	ASSIGN	$258	$257	:ui64
	CONST	$259	1	:ui64
	MUL	$260	$258	$259	:ui64
	ADD	$261	$256	$260	:ptr
	ASSIGN	$262	$261	:ptr
	ASSIGN	$263	$262	:ptr
	LOAD	$264	$263	:ui64
	ASSIGN	$265	$264	:ui64
	ASSIGN	$266	$255	:ptr
	ASSIGN	$267	$265	:ui64
	ASSIGN	$268	$266	:ptr
	ASSIGN	$269	$267	:ui64
	ASSIGN	$270	$268	:ptr
	ASSIGN	$271	$270	:ptr
	CALL	$272	0x56249b261370($87)	:void
	ASSIGN	$273	$95	:i32
	CONST	$274	1018	:i32
	EQ	$275	$273	$274	:bool
	ASSIGN	$276	$275	:bool
	CONST	$277	false	:bool
	EQ	$278	$276	$277	:bool
	NOT	$279	$278	:bool
	CMP	$280	$279	B10()	B11()	:void
B9()
	JMP	$0	B17()	:void
B10()
	CONST	$281	2427	:ui64
	GTE	$282	$56	$281	:bool
	CMP	$283	$282	B12()	B13()	:void
B11()
	JMP	$0	B18()	:void
B12()
	CONST	$284	false	:bool
	CALL	$285	0x56249b27a8d0($57,$56)	:void
	CALL	$286	0x56249b27ad70($57,$15)	:void
	CALL	$287	0x56249b27aa40($57,$14)	:void
	CALL	$288	0x56249b27aab0($57,$17)	:void
	CALL	$289	0x56249b27ae50($57,$16)	:void
	CONST	$290	2	:ui64
	CALL	$291	0x56249af72a00($7,$290)	:ptr
	CALL	$292	0x56249af60ac0($291,$284,$18,$19,$57)	:void
	CALL	$293	0x56249af72610($7,$57)	:void
	CALL	$294	0x56249af72a80($7)	:ptr
	ASSIGN	$295	$294	:ptr
	ASSIGN	$57	$295	:ptr
	CALL	$296	0x56249b27a950($57)	:ptr
	ASSIGN	$58	$296	:ptr
	CONST	$297	0	:ui64
	ASSIGN	$56	$297	:ui64
	JMP	$0	B19()	:void
B13()
	JMP	$0	B19()	:void
B14()
	CONST	$434	true	:bool
	JMP	$0	B33()	:void
B15()
	CONST	$459	0	:ui64
	ASSIGN	$460	$59	:ptr
	CONST	$461	192	:ui64
	ASSIGN	$462	$461	:ui64
	CONST	$463	1	:ui64
	MUL	$464	$462	$463	:ui64
	ADD	$465	$460	$464	:ptr
	JMP	$0	B26()	:void
B16() ControlFlowMerge
	CALL	$54	0x56249af72a80($7)	:ptr
	ASSIGN	$55	$54	:ptr
	CONST	$56	0	:ui64
	ASSIGN	$57	$55	:ptr
	CALL	$58	0x56249b27a950($55)	:ptr
	CALL	$59	0x56249b25f910()	:ptr
	ASSIGN	$60	$59	:ptr
	CONST	$61	32	:ui64
	ASSIGN	$62	$61	:ui64
	CONST	$63	1	:ui64
	MUL	$64	$62	$63	:ui64
	ADD	$65	$60	$64	:ptr
	ASSIGN	$66	$65	:ptr
	ASSIGN	$67	$66	:ptr
	LOAD	$68	$67	:bool
	CMP	$69	$68	B8()	B9()	:void
B17() ControlFlowMerge
	JMP	$0	B18()	:void
B18() ControlFlowMerge
	ASSIGN	$423	$59	:ptr
	CONST	$424	33	:ui64
	ASSIGN	$425	$424	:ui64
	CONST	$426	1	:ui64
	MUL	$427	$425	$426	:ui64
	ADD	$428	$423	$427	:ptr
	ASSIGN	$429	$428	:ptr
	ASSIGN	$430	$429	:ptr
	LOAD	$431	$430	:bool
	NOT	$432	$431	:bool
	CMP	$433	$432	B14()	B15()	:void
B19() ControlFlowMerge
	CALL	$298	0x56249b27a950($57)	:ptr
	ASSIGN	$299	$298	:ptr
	CONST	$300	108	:ui64
	MUL	$301	$300	$56	:ui64
	ASSIGN	$302	$301	:ui64
	CONST	$303	1	:ui64
	MUL	$304	$302	$303	:ui64
	ADD	$305	$299	$304	:ptr
	ASSIGN	$306	$305	:ptr
	CONST	$307	0	:ui64
	ASSIGN	$308	$307	:ui64
	CONST	$309	1	:ui64
	MUL	$310	$308	$309	:ui64
	ADD	$311	$306	$310	:ptr
	ASSIGN	$312	$95	:i32
	ASSIGN	$313	$312	:i32
	ASSIGN	$314	$313	:i32
	ASSIGN	$315	$314	:i32
	ASSIGN	$316	$311	:ptr
	ASSIGN	$317	$316	:ptr
	ASSIGN	$318	$315	:i32
	STORE	$319	$317	$318	:void
	ASSIGN	$320	$312	:i32
	ASSIGN	$321	$305	:ptr
	CONST	$322	4	:ui64
	ASSIGN	$323	$322	:ui64
	CONST	$324	1	:ui64
	MUL	$325	$323	$324	:ui64
	ADD	$326	$321	$325	:ptr
	ASSIGN	$327	$121	:ui64
	ASSIGN	$328	$123	:ptr
	ASSIGN	$329	$327	:ui64
	ASSIGN	$330	$328	:ptr
	ASSIGN	$331	$330	:ptr
	ASSIGN	$332	$329	:ui64
	CALL	$333	0x56249b284230($57,$13,$331,$332,$326)	:void
	ASSIGN	$334	$328	:ptr
	ASSIGN	$335	$305	:ptr
	CONST	$336	20	:ui64
	ASSIGN	$337	$336	:ui64
	CONST	$338	1	:ui64
	MUL	$339	$337	$338	:ui64
	ADD	$340	$335	$339	:ptr
	ASSIGN	$341	$149	:ui64
	ASSIGN	$342	$151	:ptr
	ASSIGN	$343	$341	:ui64
	ASSIGN	$344	$342	:ptr
	ASSIGN	$345	$344	:ptr
	ASSIGN	$346	$343	:ui64
	CALL	$347	0x56249b284230($57,$13,$345,$346,$340)	:void
	ASSIGN	$348	$342	:ptr
	ASSIGN	$349	$305	:ptr
	CONST	$350	36	:ui64
	ASSIGN	$351	$350	:ui64
	CONST	$352	1	:ui64
	MUL	$353	$351	$352	:ui64
	ADD	$354	$349	$353	:ptr
	ASSIGN	$355	$177	:ui64
	ASSIGN	$356	$179	:ptr
	ASSIGN	$357	$355	:ui64
	ASSIGN	$358	$356	:ptr
	ASSIGN	$359	$358	:ptr
	ASSIGN	$360	$357	:ui64
	CALL	$361	0x56249b284230($57,$13,$359,$360,$354)	:void
	ASSIGN	$362	$356	:ptr
	ASSIGN	$363	$305	:ptr
	CONST	$364	52	:ui64
	ASSIGN	$365	$364	:ui64
	CONST	$366	1	:ui64
	MUL	$367	$365	$366	:ui64
	ADD	$368	$363	$367	:ptr
	ASSIGN	$369	$205	:ui64
	ASSIGN	$370	$207	:ptr
	ASSIGN	$371	$369	:ui64
	ASSIGN	$372	$370	:ptr
	ASSIGN	$373	$372	:ptr
	ASSIGN	$374	$371	:ui64
	CALL	$375	0x56249b284230($57,$13,$373,$374,$368)	:void
	ASSIGN	$376	$370	:ptr
	ASSIGN	$377	$305	:ptr
	CONST	$378	68	:ui64
	ASSIGN	$379	$378	:ui64
	CONST	$380	1	:ui64
	MUL	$381	$379	$380	:ui64
	ADD	$382	$377	$381	:ptr
	ASSIGN	$383	$233	:ui64
	ASSIGN	$384	$235	:ptr
	ASSIGN	$385	$383	:ui64
	ASSIGN	$386	$384	:ptr
	ASSIGN	$387	$386	:ptr
	ASSIGN	$388	$385	:ui64
	CALL	$389	0x56249b284230($57,$13,$387,$388,$382)	:void
	ASSIGN	$390	$384	:ptr
	ASSIGN	$391	$305	:ptr
	CONST	$392	84	:ui64
	ASSIGN	$393	$392	:ui64
	CONST	$394	1	:ui64
	MUL	$395	$393	$394	:ui64
	ADD	$396	$391	$395	:ptr
	ASSIGN	$397	$243	:ui64
	ASSIGN	$398	$397	:ui64
	ASSIGN	$399	$398	:ui64
	ASSIGN	$400	$399	:ui64
	ASSIGN	$401	$396	:ptr
	ASSIGN	$402	$401	:ptr
	ASSIGN	$403	$400	:ui64
	STORE	$404	$402	$403	:void
	ASSIGN	$405	$397	:ui64
	ASSIGN	$406	$305	:ptr
	CONST	$407	92	:ui64
	ASSIGN	$408	$407	:ui64
	CONST	$409	1	:ui64
	MUL	$410	$408	$409	:ui64
	ADD	$411	$406	$410	:ptr
	ASSIGN	$412	$269	:ui64
	ASSIGN	$413	$271	:ptr
	ASSIGN	$414	$412	:ui64
	ASSIGN	$415	$413	:ptr
	ASSIGN	$416	$415	:ptr
	ASSIGN	$417	$414	:ui64
	CALL	$418	0x56249b284230($57,$13,$416,$417,$411)	:void
	ASSIGN	$419	$413	:ptr
	CONST	$420	1	:i32
	CAST	$421	$420	:ui64
	ADD	$422	$56	$421	:ui64
	ASSIGN	$56	$422	:ui64
	JMP	$0	B17()	:void
B20()
	CALL	$478	0x56249b27a950($20)	:ptr
	ASSIGN	$479	$465	:ptr
	ASSIGN	$480	$479	:ptr
	CONST	$481	0	:ui32
	CONST	$482	*	:ptr
	ASSIGN	$483	$481	:ui32
	ASSIGN	$484	$480	:ptr
	ASSIGN	$485	$482	:ptr
	CALL	$486	0x56249b271db0($483,$484,$485)	:i32
	ASSIGN	$487	$486	:i32
	ASSIGN	$488	$487	:i32
	CONST	$489	1	:ui32
	CONST	$490	*	:ptr
	CALL	$491	0x56249b267580($489,$480,$490)	:ptr
	ASSIGN	$492	$491	:ptr
	CONST	$493	0	:ui64
	ASSIGN	$494	$493	:ui64
	CONST	$495	1	:ui64
	MUL	$496	$494	$495	:ui64
	ADD	$497	$492	$496	:ptr
	ASSIGN	$498	$497	:ptr
	ASSIGN	$499	$498	:ptr
	LOAD	$500	$499	:ptr
	ASSIGN	$501	$491	:ptr
	CONST	$502	8	:ui64
	ASSIGN	$503	$502	:ui64
	CONST	$504	1	:ui64
	MUL	$505	$503	$504	:ui64
	ADD	$506	$501	$505	:ptr
	ASSIGN	$507	$506	:ptr
	ASSIGN	$508	$507	:ptr
	LOAD	$509	$508	:ui64
	ASSIGN	$510	$509	:ui64
	ASSIGN	$511	$500	:ptr
	ASSIGN	$512	$510	:ui64
	ASSIGN	$513	$511	:ptr
	ASSIGN	$514	$512	:ui64
	ASSIGN	$515	$513	:ptr
	ASSIGN	$516	$515	:ptr
	CONST	$517	2	:ui32
	CONST	$518	*	:ptr
	CALL	$519	0x56249b267580($517,$480,$518)	:ptr
	ASSIGN	$520	$519	:ptr
	CONST	$521	0	:ui64
	ASSIGN	$522	$521	:ui64
	CONST	$523	1	:ui64
	MUL	$524	$522	$523	:ui64
	ADD	$525	$520	$524	:ptr
	ASSIGN	$526	$525	:ptr
	ASSIGN	$527	$526	:ptr
	LOAD	$528	$527	:ptr
	ASSIGN	$529	$519	:ptr
	CONST	$530	8	:ui64
	ASSIGN	$531	$530	:ui64
	CONST	$532	1	:ui64
	MUL	$533	$531	$532	:ui64
	ADD	$534	$529	$533	:ptr
	ASSIGN	$535	$534	:ptr
	ASSIGN	$536	$535	:ptr
	LOAD	$537	$536	:ui64
	ASSIGN	$538	$537	:ui64
	ASSIGN	$539	$528	:ptr
	ASSIGN	$540	$538	:ui64
	ASSIGN	$541	$539	:ptr
	ASSIGN	$542	$540	:ui64
	ASSIGN	$543	$541	:ptr
	ASSIGN	$544	$543	:ptr
	CONST	$545	3	:ui32
	CONST	$546	*	:ptr
	CALL	$547	0x56249b267580($545,$480,$546)	:ptr
	ASSIGN	$548	$547	:ptr
	CONST	$549	0	:ui64
	ASSIGN	$550	$549	:ui64
	CONST	$551	1	:ui64
	MUL	$552	$550	$551	:ui64
	ADD	$553	$548	$552	:ptr
	ASSIGN	$554	$553	:ptr
	ASSIGN	$555	$554	:ptr
	LOAD	$556	$555	:ptr
	ASSIGN	$557	$547	:ptr
	CONST	$558	8	:ui64
	ASSIGN	$559	$558	:ui64
	CONST	$560	1	:ui64
	MUL	$561	$559	$560	:ui64
	ADD	$562	$557	$561	:ptr
	ASSIGN	$563	$562	:ptr
	ASSIGN	$564	$563	:ptr
	LOAD	$565	$564	:ui64
	ASSIGN	$566	$565	:ui64
	ASSIGN	$567	$556	:ptr
	ASSIGN	$568	$566	:ui64
	ASSIGN	$569	$567	:ptr
	ASSIGN	$570	$568	:ui64
	ASSIGN	$571	$569	:ptr
	ASSIGN	$572	$571	:ptr
	CONST	$573	4	:ui32
	CONST	$574	*	:ptr
	CALL	$575	0x56249b267580($573,$480,$574)	:ptr
	ASSIGN	$576	$575	:ptr
	CONST	$577	0	:ui64
	ASSIGN	$578	$577	:ui64
	CONST	$579	1	:ui64
	MUL	$580	$578	$579	:ui64
	ADD	$581	$576	$580	:ptr
	ASSIGN	$582	$581	:ptr
	ASSIGN	$583	$582	:ptr
	LOAD	$584	$583	:ptr
	ASSIGN	$585	$575	:ptr
	CONST	$586	8	:ui64
	ASSIGN	$587	$586	:ui64
	CONST	$588	1	:ui64
	MUL	$589	$587	$588	:ui64
	ADD	$590	$585	$589	:ptr
	ASSIGN	$591	$590	:ptr
	ASSIGN	$592	$591	:ptr
	LOAD	$593	$592	:ui64
	ASSIGN	$594	$593	:ui64
	ASSIGN	$595	$584	:ptr
	ASSIGN	$596	$594	:ui64
	ASSIGN	$597	$595	:ptr
	ASSIGN	$598	$596	:ui64
	ASSIGN	$599	$597	:ptr
	ASSIGN	$600	$599	:ptr
	CONST	$601	5	:ui32
	CONST	$602	*	:ptr
	CALL	$603	0x56249b267580($601,$480,$602)	:ptr
	ASSIGN	$604	$603	:ptr
	CONST	$605	0	:ui64
	ASSIGN	$606	$605	:ui64
	CONST	$607	1	:ui64
	MUL	$608	$606	$607	:ui64
	ADD	$609	$604	$608	:ptr
	ASSIGN	$610	$609	:ptr
	ASSIGN	$611	$610	:ptr
	LOAD	$612	$611	:ptr
	ASSIGN	$613	$603	:ptr
	CONST	$614	8	:ui64
	ASSIGN	$615	$614	:ui64
	CONST	$616	1	:ui64
	MUL	$617	$615	$616	:ui64
	ADD	$618	$613	$617	:ptr
	ASSIGN	$619	$618	:ptr
	ASSIGN	$620	$619	:ptr
	LOAD	$621	$620	:ui64
	ASSIGN	$622	$621	:ui64
	ASSIGN	$623	$612	:ptr
	ASSIGN	$624	$622	:ui64
	ASSIGN	$625	$623	:ptr
	ASSIGN	$626	$624	:ui64
	ASSIGN	$627	$625	:ptr
	ASSIGN	$628	$627	:ptr
	CONST	$629	6	:ui32
	CONST	$630	*	:ptr
	ASSIGN	$631	$629	:ui32
	ASSIGN	$632	$480	:ptr
	ASSIGN	$633	$630	:ptr
	CALL	$634	0x56249b273710($631,$632,$633)	:ui64
	ASSIGN	$635	$634	:ui64
	ASSIGN	$636	$635	:ui64
	CONST	$637	7	:ui32
	CONST	$638	*	:ptr
	CALL	$639	0x56249b267580($637,$480,$638)	:ptr
	ASSIGN	$640	$639	:ptr
	CONST	$641	0	:ui64
	ASSIGN	$642	$641	:ui64
	CONST	$643	1	:ui64
	MUL	$644	$642	$643	:ui64
	ADD	$645	$640	$644	:ptr
	ASSIGN	$646	$645	:ptr
	ASSIGN	$647	$646	:ptr
	LOAD	$648	$647	:ptr
	ASSIGN	$649	$639	:ptr
	CONST	$650	8	:ui64
	ASSIGN	$651	$650	:ui64
	CONST	$652	1	:ui64
	MUL	$653	$651	$652	:ui64
	ADD	$654	$649	$653	:ptr
	ASSIGN	$655	$654	:ptr
	ASSIGN	$656	$655	:ptr
	LOAD	$657	$656	:ui64
	ASSIGN	$658	$657	:ui64
	ASSIGN	$659	$648	:ptr
	ASSIGN	$660	$658	:ui64
	ASSIGN	$661	$659	:ptr
	ASSIGN	$662	$660	:ui64
	ASSIGN	$663	$661	:ptr
	ASSIGN	$664	$663	:ptr
	CALL	$665	0x56249b261370($480)	:void
	ASSIGN	$666	$488	:i32
	CONST	$667	1018	:i32
	EQ	$668	$666	$667	:bool
	ASSIGN	$669	$668	:bool
	CONST	$670	false	:bool
	EQ	$671	$669	$670	:bool
	NOT	$672	$671	:bool
	CMP	$673	$672	B22()	B23()	:void
B21()
	CONST	$822	*	:ptr
	ASSIGN	$823	$10	:ptr
	CALL	$824	0x56249b262cf0($20,$822,$823)	:bool
	CMP	$825	$824	B27()	B28()	:void
B22()
	CONST	$674	2427	:ui64
	GTE	$675	$56	$674	:bool
	CMP	$676	$675	B24()	B25()	:void
B23()
	CONST	$1183	1	:i32
	ASSIGN	$816	$1183	:i32
	JMP	$0	B34()	:void
B24()
	CONST	$677	false	:bool
	CALL	$678	0x56249b27a8d0($57,$56)	:void
	CALL	$679	0x56249b27ad70($57,$15)	:void
	CALL	$680	0x56249b27aa40($57,$14)	:void
	CALL	$681	0x56249b27aab0($57,$17)	:void
	CALL	$682	0x56249b27ae50($57,$16)	:void
	CONST	$683	2	:ui64
	CALL	$684	0x56249af72a00($7,$683)	:ptr
	CALL	$685	0x56249af60ac0($684,$677,$18,$19,$57)	:void
	CALL	$686	0x56249af72610($7,$57)	:void
	CALL	$687	0x56249af72a80($7)	:ptr
	ASSIGN	$688	$687	:ptr
	ASSIGN	$57	$688	:ptr
	CALL	$689	0x56249b27a950($57)	:ptr
	ASSIGN	$58	$689	:ptr
	CONST	$690	0	:ui64
	ASSIGN	$56	$690	:ui64
	JMP	$0	B35()	:void
B25()
	JMP	$0	B35()	:void
B26() ControlFlowMerge
	ASSIGN	$466	$465	:ptr
	ASSIGN	$467	$466	:ptr
	CONST	$468	0	:ui64
	ASSIGN	$469	$468	:ui64
	CONST	$470	1	:ui64
	MUL	$471	$469	$470	:ui64
	ADD	$472	$467	$471	:ptr
	ASSIGN	$473	$472	:ptr
	ASSIGN	$474	$473	:ptr
	LOAD	$475	$474	:bool
	NOT	$476	$475	:bool
	CMP	$477	$476	B20()	B21()	:void
B27()
	ASSIGN	$826	$59	:ptr
	CONST	$827	120	:ui64
	ASSIGN	$828	$827	:ui64
	CONST	$829	1	:ui64
	MUL	$830	$828	$829	:ui64
	ADD	$831	$826	$830	:ptr
	ASSIGN	$832	$59	:ptr
	CONST	$833	16	:ui64
	ASSIGN	$834	$833	:ui64
	CONST	$835	1	:ui64
	MUL	$836	$834	$835	:ui64
	ADD	$837	$832	$836	:ptr
	ASSIGN	$838	$837	:ptr
	ASSIGN	$839	$838	:ptr
	LOAD	$840	$839	:ptr
	CONST	$841	0	:ui64
	ASSIGN	$842	$831	:ptr
	ASSIGN	$843	$842	:ptr
	CONST	$844	0	:ui32
	CONST	$845	*	:ptr
	ASSIGN	$846	$844	:ui32
	ASSIGN	$847	$843	:ptr
	ASSIGN	$848	$845	:ptr
	CALL	$849	0x56249b271db0($846,$847,$848)	:i32
	ASSIGN	$850	$849	:i32
	ASSIGN	$851	$850	:i32
	CONST	$852	1	:ui32
	CONST	$853	*	:ptr
	CALL	$854	0x56249b267580($852,$843,$853)	:ptr
	ASSIGN	$855	$854	:ptr
	CONST	$856	0	:ui64
	ASSIGN	$857	$856	:ui64
	CONST	$858	1	:ui64
	MUL	$859	$857	$858	:ui64
	ADD	$860	$855	$859	:ptr
	ASSIGN	$861	$860	:ptr
	ASSIGN	$862	$861	:ptr
	LOAD	$863	$862	:ptr
	ASSIGN	$864	$854	:ptr
	CONST	$865	8	:ui64
	ASSIGN	$866	$865	:ui64
	CONST	$867	1	:ui64
	MUL	$868	$866	$867	:ui64
	ADD	$869	$864	$868	:ptr
	ASSIGN	$870	$869	:ptr
	ASSIGN	$871	$870	:ptr
	LOAD	$872	$871	:ui64
	ASSIGN	$873	$872	:ui64
	ASSIGN	$874	$863	:ptr
	ASSIGN	$875	$873	:ui64
	ASSIGN	$876	$874	:ptr
	ASSIGN	$877	$875	:ui64
	ASSIGN	$878	$876	:ptr
	ASSIGN	$879	$878	:ptr
	CONST	$880	2	:ui32
	CONST	$881	*	:ptr
	CALL	$882	0x56249b267580($880,$843,$881)	:ptr
	ASSIGN	$883	$882	:ptr
	CONST	$884	0	:ui64
	ASSIGN	$885	$884	:ui64
	CONST	$886	1	:ui64
	MUL	$887	$885	$886	:ui64
	ADD	$888	$883	$887	:ptr
	ASSIGN	$889	$888	:ptr
	ASSIGN	$890	$889	:ptr
	LOAD	$891	$890	:ptr
	ASSIGN	$892	$882	:ptr
	CONST	$893	8	:ui64
	ASSIGN	$894	$893	:ui64
	CONST	$895	1	:ui64
	MUL	$896	$894	$895	:ui64
	ADD	$897	$892	$896	:ptr
	ASSIGN	$898	$897	:ptr
	ASSIGN	$899	$898	:ptr
	LOAD	$900	$899	:ui64
	ASSIGN	$901	$900	:ui64
	ASSIGN	$902	$891	:ptr
	ASSIGN	$903	$901	:ui64
	ASSIGN	$904	$902	:ptr
	ASSIGN	$905	$903	:ui64
	ASSIGN	$906	$904	:ptr
	ASSIGN	$907	$906	:ptr
	CONST	$908	3	:ui32
	CONST	$909	*	:ptr
	CALL	$910	0x56249b267580($908,$843,$909)	:ptr
	ASSIGN	$911	$910	:ptr
	CONST	$912	0	:ui64
	ASSIGN	$913	$912	:ui64
	CONST	$914	1	:ui64
	MUL	$915	$913	$914	:ui64
	ADD	$916	$911	$915	:ptr
	ASSIGN	$917	$916	:ptr
	ASSIGN	$918	$917	:ptr
	LOAD	$919	$918	:ptr
	ASSIGN	$920	$910	:ptr
	CONST	$921	8	:ui64
	ASSIGN	$922	$921	:ui64
	CONST	$923	1	:ui64
	MUL	$924	$922	$923	:ui64
	ADD	$925	$920	$924	:ptr
	ASSIGN	$926	$925	:ptr
	ASSIGN	$927	$926	:ptr
	LOAD	$928	$927	:ui64
	ASSIGN	$929	$928	:ui64
	ASSIGN	$930	$919	:ptr
	ASSIGN	$931	$929	:ui64
	ASSIGN	$932	$930	:ptr
	ASSIGN	$933	$931	:ui64
	ASSIGN	$934	$932	:ptr
	ASSIGN	$935	$934	:ptr
	CONST	$936	4	:ui32
	CONST	$937	*	:ptr
	CALL	$938	0x56249b267580($936,$843,$937)	:ptr
	ASSIGN	$939	$938	:ptr
	CONST	$940	0	:ui64
	ASSIGN	$941	$940	:ui64
	CONST	$942	1	:ui64
	MUL	$943	$941	$942	:ui64
	ADD	$944	$939	$943	:ptr
	ASSIGN	$945	$944	:ptr
	ASSIGN	$946	$945	:ptr
	LOAD	$947	$946	:ptr
	ASSIGN	$948	$938	:ptr
	CONST	$949	8	:ui64
	ASSIGN	$950	$949	:ui64
	CONST	$951	1	:ui64
	MUL	$952	$950	$951	:ui64
	ADD	$953	$948	$952	:ptr
	ASSIGN	$954	$953	:ptr
	ASSIGN	$955	$954	:ptr
	LOAD	$956	$955	:ui64
	ASSIGN	$957	$956	:ui64
	ASSIGN	$958	$947	:ptr
	ASSIGN	$959	$957	:ui64
	ASSIGN	$960	$958	:ptr
	ASSIGN	$961	$959	:ui64
	ASSIGN	$962	$960	:ptr
	ASSIGN	$963	$962	:ptr
	CONST	$964	5	:ui32
	CONST	$965	*	:ptr
	CALL	$966	0x56249b267580($964,$843,$965)	:ptr
	ASSIGN	$967	$966	:ptr
	CONST	$968	0	:ui64
	ASSIGN	$969	$968	:ui64
	CONST	$970	1	:ui64
	MUL	$971	$969	$970	:ui64
	ADD	$972	$967	$971	:ptr
	ASSIGN	$973	$972	:ptr
	ASSIGN	$974	$973	:ptr
	LOAD	$975	$974	:ptr
	ASSIGN	$976	$966	:ptr
	CONST	$977	8	:ui64
	ASSIGN	$978	$977	:ui64
	CONST	$979	1	:ui64
	MUL	$980	$978	$979	:ui64
	ADD	$981	$976	$980	:ptr
	ASSIGN	$982	$981	:ptr
	ASSIGN	$983	$982	:ptr
	LOAD	$984	$983	:ui64
	ASSIGN	$985	$984	:ui64
	ASSIGN	$986	$975	:ptr
	ASSIGN	$987	$985	:ui64
	ASSIGN	$988	$986	:ptr
	ASSIGN	$989	$987	:ui64
	ASSIGN	$990	$988	:ptr
	ASSIGN	$991	$990	:ptr
	CONST	$992	6	:ui32
	CONST	$993	*	:ptr
	ASSIGN	$994	$992	:ui32
	ASSIGN	$995	$843	:ptr
	ASSIGN	$996	$993	:ptr
	CALL	$997	0x56249b273710($994,$995,$996)	:ui64
	ASSIGN	$998	$997	:ui64
	ASSIGN	$999	$998	:ui64
	CONST	$1000	7	:ui32
	CONST	$1001	*	:ptr
	CALL	$1002	0x56249b267580($1000,$843,$1001)	:ptr
	ASSIGN	$1003	$1002	:ptr
	CONST	$1004	0	:ui64
	ASSIGN	$1005	$1004	:ui64
	CONST	$1006	1	:ui64
	MUL	$1007	$1005	$1006	:ui64
	ADD	$1008	$1003	$1007	:ptr
	ASSIGN	$1009	$1008	:ptr
	ASSIGN	$1010	$1009	:ptr
	LOAD	$1011	$1010	:ptr
	ASSIGN	$1012	$1002	:ptr
	CONST	$1013	8	:ui64
	ASSIGN	$1014	$1013	:ui64
	CONST	$1015	1	:ui64
	MUL	$1016	$1014	$1015	:ui64
	ADD	$1017	$1012	$1016	:ptr
	ASSIGN	$1018	$1017	:ptr
	ASSIGN	$1019	$1018	:ptr
	LOAD	$1020	$1019	:ui64
	ASSIGN	$1021	$1020	:ui64
	ASSIGN	$1022	$1011	:ptr
	ASSIGN	$1023	$1021	:ui64
	ASSIGN	$1024	$1022	:ptr
	ASSIGN	$1025	$1023	:ui64
	ASSIGN	$1026	$1024	:ptr
	ASSIGN	$1027	$1026	:ptr
	CALL	$1028	0x56249b261370($843)	:void
	ASSIGN	$1029	$851	:i32
	CONST	$1030	1018	:i32
	EQ	$1031	$1029	$1030	:bool
	ASSIGN	$1032	$1031	:bool
	CONST	$1033	false	:bool
	EQ	$1034	$1032	$1033	:bool
	NOT	$1035	$1034	:bool
	CMP	$1036	$1035	B29()	B30()	:void
B28()
	CONST	$1190	true	:bool
	ASSIGN	$434	$1190	:bool
	JMP	$0	B36()	:void
B29()
	CONST	$1037	2427	:ui64
	GTE	$1038	$56	$1037	:bool
	CMP	$1039	$1038	B31()	B32()	:void
B30()
	CONST	$1194	true	:bool
	ASSIGN	$434	$1194	:bool
	JMP	$0	B37()	:void
B31()
	CONST	$1040	false	:bool
	CALL	$1041	0x56249b27a8d0($57,$56)	:void
	CALL	$1042	0x56249b27ad70($57,$15)	:void
	CALL	$1043	0x56249b27aa40($57,$14)	:void
	CALL	$1044	0x56249b27aab0($57,$17)	:void
	CALL	$1045	0x56249b27ae50($57,$16)	:void
	CONST	$1046	2	:ui64
	CALL	$1047	0x56249af72a00($7,$1046)	:ptr
	CALL	$1048	0x56249af60ac0($1047,$1040,$18,$19,$57)	:void
	CALL	$1049	0x56249af72610($7,$57)	:void
	CALL	$1050	0x56249af72a80($7)	:ptr
	ASSIGN	$1051	$1050	:ptr
	ASSIGN	$57	$1051	:ptr
	CALL	$1052	0x56249b27a950($57)	:ptr
	ASSIGN	$58	$1052	:ptr
	CONST	$1053	0	:ui64
	ASSIGN	$56	$1053	:ui64
	JMP	$0	B38()	:void
B32()
	JMP	$0	B38()	:void
B33() ControlFlowMerge
	JMP	$0	B36()	:void
B34() ControlFlowMerge
	CAST	$817	$816	:ui64
	ADD	$818	$459	$817	:ui64
	ASSIGN	$459	$818	:ui64
	JMP	$0	B26()	:void
B35() ControlFlowMerge
	CALL	$691	0x56249b27a950($57)	:ptr
	ASSIGN	$692	$691	:ptr
	CONST	$693	108	:ui64
	MUL	$694	$693	$56	:ui64
	ASSIGN	$695	$694	:ui64
	CONST	$696	1	:ui64
	MUL	$697	$695	$696	:ui64
	ADD	$698	$692	$697	:ptr
	ASSIGN	$699	$698	:ptr
	CONST	$700	0	:ui64
	ASSIGN	$701	$700	:ui64
	CONST	$702	1	:ui64
	MUL	$703	$701	$702	:ui64
	ADD	$704	$699	$703	:ptr
	ASSIGN	$705	$488	:i32
	ASSIGN	$706	$705	:i32
	ASSIGN	$707	$706	:i32
	ASSIGN	$708	$707	:i32
	ASSIGN	$709	$704	:ptr
	ASSIGN	$710	$709	:ptr
	ASSIGN	$711	$708	:i32
	STORE	$712	$710	$711	:void
	ASSIGN	$713	$705	:i32
	ASSIGN	$714	$698	:ptr
	CONST	$715	4	:ui64
	ASSIGN	$716	$715	:ui64
	CONST	$717	1	:ui64
	MUL	$718	$716	$717	:ui64
	ADD	$719	$714	$718	:ptr
	ASSIGN	$720	$514	:ui64
	ASSIGN	$721	$516	:ptr
	ASSIGN	$722	$720	:ui64
	ASSIGN	$723	$721	:ptr
	ASSIGN	$724	$723	:ptr
	ASSIGN	$725	$722	:ui64
	CALL	$726	0x56249b284230($57,$13,$724,$725,$719)	:void
	ASSIGN	$727	$721	:ptr
	ASSIGN	$728	$698	:ptr
	CONST	$729	20	:ui64
	ASSIGN	$730	$729	:ui64
	CONST	$731	1	:ui64
	MUL	$732	$730	$731	:ui64
	ADD	$733	$728	$732	:ptr
	ASSIGN	$734	$542	:ui64
	ASSIGN	$735	$544	:ptr
	ASSIGN	$736	$734	:ui64
	ASSIGN	$737	$735	:ptr
	ASSIGN	$738	$737	:ptr
	ASSIGN	$739	$736	:ui64
	CALL	$740	0x56249b284230($57,$13,$738,$739,$733)	:void
	ASSIGN	$741	$735	:ptr
	ASSIGN	$742	$698	:ptr
	CONST	$743	36	:ui64
	ASSIGN	$744	$743	:ui64
	CONST	$745	1	:ui64
	MUL	$746	$744	$745	:ui64
	ADD	$747	$742	$746	:ptr
	ASSIGN	$748	$570	:ui64
	ASSIGN	$749	$572	:ptr
	ASSIGN	$750	$748	:ui64
	ASSIGN	$751	$749	:ptr
	ASSIGN	$752	$751	:ptr
	ASSIGN	$753	$750	:ui64
	CALL	$754	0x56249b284230($57,$13,$752,$753,$747)	:void
	ASSIGN	$755	$749	:ptr
	ASSIGN	$756	$698	:ptr
	CONST	$757	52	:ui64
	ASSIGN	$758	$757	:ui64
	CONST	$759	1	:ui64
	MUL	$760	$758	$759	:ui64
	ADD	$761	$756	$760	:ptr
	ASSIGN	$762	$598	:ui64
	ASSIGN	$763	$600	:ptr
	ASSIGN	$764	$762	:ui64
	ASSIGN	$765	$763	:ptr
	ASSIGN	$766	$765	:ptr
	ASSIGN	$767	$764	:ui64
	CALL	$768	0x56249b284230($57,$13,$766,$767,$761)	:void
	ASSIGN	$769	$763	:ptr
	ASSIGN	$770	$698	:ptr
	CONST	$771	68	:ui64
	ASSIGN	$772	$771	:ui64
	CONST	$773	1	:ui64
	MUL	$774	$772	$773	:ui64
	ADD	$775	$770	$774	:ptr
	ASSIGN	$776	$626	:ui64
	ASSIGN	$777	$628	:ptr
	ASSIGN	$778	$776	:ui64
	ASSIGN	$779	$777	:ptr
	ASSIGN	$780	$779	:ptr
	ASSIGN	$781	$778	:ui64
	CALL	$782	0x56249b284230($57,$13,$780,$781,$775)	:void
	ASSIGN	$783	$777	:ptr
	ASSIGN	$784	$698	:ptr
	CONST	$785	84	:ui64
	ASSIGN	$786	$785	:ui64
	CONST	$787	1	:ui64
	MUL	$788	$786	$787	:ui64
	ADD	$789	$784	$788	:ptr
	ASSIGN	$790	$636	:ui64
	ASSIGN	$791	$790	:ui64
	ASSIGN	$792	$791	:ui64
	ASSIGN	$793	$792	:ui64
	ASSIGN	$794	$789	:ptr
	ASSIGN	$795	$794	:ptr
	ASSIGN	$796	$793	:ui64
	STORE	$797	$795	$796	:void
	ASSIGN	$798	$790	:ui64
	ASSIGN	$799	$698	:ptr
	CONST	$800	92	:ui64
	ASSIGN	$801	$800	:ui64
	CONST	$802	1	:ui64
	MUL	$803	$801	$802	:ui64
	ADD	$804	$799	$803	:ptr
	ASSIGN	$805	$662	:ui64
	ASSIGN	$806	$664	:ptr
	ASSIGN	$807	$805	:ui64
	ASSIGN	$808	$806	:ptr
	ASSIGN	$809	$808	:ptr
	ASSIGN	$810	$807	:ui64
	CALL	$811	0x56249b284230($57,$13,$809,$810,$804)	:void
	ASSIGN	$812	$806	:ptr
	CONST	$813	1	:i32
	CAST	$814	$813	:ui64
	ADD	$815	$56	$814	:ui64
	ASSIGN	$56	$815	:ui64
	CONST	$816	1	:i32
	JMP	$0	B34()	:void
B36() ControlFlowMerge
	JMP	$0	B37()	:void
B37() ControlFlowMerge
	CALL	$435	0x56249b27a8d0($57,$56)	:void
	CALL	$436	0x56249b27ad70($57,$15)	:void
	CALL	$437	0x56249b27aa40($57,$14)	:void
	CALL	$438	0x56249b27aab0($57,$17)	:void
	CALL	$439	0x56249b27ae50($57,$16)	:void
	CONST	$440	2	:ui64
	CALL	$441	0x56249af72a00($7,$440)	:ptr
	CALL	$442	0x56249af60ac0($441,$434,$18,$19,$57)	:void
	CALL	$443	0x56249af72610($7,$57)	:void
	RETURN	$0	:void
B38() ControlFlowMerge
	CALL	$1054	0x56249b27a950($57)	:ptr
	ASSIGN	$1055	$1054	:ptr
	CONST	$1056	108	:ui64
	MUL	$1057	$1056	$56	:ui64
	ASSIGN	$1058	$1057	:ui64
	CONST	$1059	1	:ui64
	MUL	$1060	$1058	$1059	:ui64
	ADD	$1061	$1055	$1060	:ptr
	ASSIGN	$1062	$1061	:ptr
	CONST	$1063	0	:ui64
	ASSIGN	$1064	$1063	:ui64
	CONST	$1065	1	:ui64
	MUL	$1066	$1064	$1065	:ui64
	ADD	$1067	$1062	$1066	:ptr
	ASSIGN	$1068	$851	:i32
	ASSIGN	$1069	$1068	:i32
	ASSIGN	$1070	$1069	:i32
	ASSIGN	$1071	$1070	:i32
	ASSIGN	$1072	$1067	:ptr
	ASSIGN	$1073	$1072	:ptr
	ASSIGN	$1074	$1071	:i32
	STORE	$1075	$1073	$1074	:void
	ASSIGN	$1076	$1068	:i32
	ASSIGN	$1077	$1061	:ptr
	CONST	$1078	4	:ui64
	ASSIGN	$1079	$1078	:ui64
	CONST	$1080	1	:ui64
	MUL	$1081	$1079	$1080	:ui64
	ADD	$1082	$1077	$1081	:ptr
	ASSIGN	$1083	$877	:ui64
	ASSIGN	$1084	$879	:ptr
	ASSIGN	$1085	$1083	:ui64
	ASSIGN	$1086	$1084	:ptr
	ASSIGN	$1087	$1086	:ptr
	ASSIGN	$1088	$1085	:ui64
	CALL	$1089	0x56249b284230($57,$13,$1087,$1088,$1082)	:void
	ASSIGN	$1090	$1084	:ptr
	ASSIGN	$1091	$1061	:ptr
	CONST	$1092	20	:ui64
	ASSIGN	$1093	$1092	:ui64
	CONST	$1094	1	:ui64
	MUL	$1095	$1093	$1094	:ui64
	ADD	$1096	$1091	$1095	:ptr
	ASSIGN	$1097	$905	:ui64
	ASSIGN	$1098	$907	:ptr
	ASSIGN	$1099	$1097	:ui64
	ASSIGN	$1100	$1098	:ptr
	ASSIGN	$1101	$1100	:ptr
	ASSIGN	$1102	$1099	:ui64
	CALL	$1103	0x56249b284230($57,$13,$1101,$1102,$1096)	:void
	ASSIGN	$1104	$1098	:ptr
	ASSIGN	$1105	$1061	:ptr
	CONST	$1106	36	:ui64
	ASSIGN	$1107	$1106	:ui64
	CONST	$1108	1	:ui64
	MUL	$1109	$1107	$1108	:ui64
	ADD	$1110	$1105	$1109	:ptr
	ASSIGN	$1111	$933	:ui64
	ASSIGN	$1112	$935	:ptr
	ASSIGN	$1113	$1111	:ui64
	ASSIGN	$1114	$1112	:ptr
	ASSIGN	$1115	$1114	:ptr
	ASSIGN	$1116	$1113	:ui64
	CALL	$1117	0x56249b284230($57,$13,$1115,$1116,$1110)	:void
	ASSIGN	$1118	$1112	:ptr
	ASSIGN	$1119	$1061	:ptr
	CONST	$1120	52	:ui64
	ASSIGN	$1121	$1120	:ui64
	CONST	$1122	1	:ui64
	MUL	$1123	$1121	$1122	:ui64
	ADD	$1124	$1119	$1123	:ptr
	ASSIGN	$1125	$961	:ui64
	ASSIGN	$1126	$963	:ptr
	ASSIGN	$1127	$1125	:ui64
	ASSIGN	$1128	$1126	:ptr
	ASSIGN	$1129	$1128	:ptr
	ASSIGN	$1130	$1127	:ui64
	CALL	$1131	0x56249b284230($57,$13,$1129,$1130,$1124)	:void
	ASSIGN	$1132	$1126	:ptr
	ASSIGN	$1133	$1061	:ptr
	CONST	$1134	68	:ui64
	ASSIGN	$1135	$1134	:ui64
	CONST	$1136	1	:ui64
	MUL	$1137	$1135	$1136	:ui64
	ADD	$1138	$1133	$1137	:ptr
	ASSIGN	$1139	$989	:ui64
	ASSIGN	$1140	$991	:ptr
	ASSIGN	$1141	$1139	:ui64
	ASSIGN	$1142	$1140	:ptr
	ASSIGN	$1143	$1142	:ptr
	ASSIGN	$1144	$1141	:ui64
	CALL	$1145	0x56249b284230($57,$13,$1143,$1144,$1138)	:void
	ASSIGN	$1146	$1140	:ptr
	ASSIGN	$1147	$1061	:ptr
	CONST	$1148	84	:ui64
	ASSIGN	$1149	$1148	:ui64
	CONST	$1150	1	:ui64
	MUL	$1151	$1149	$1150	:ui64
	ADD	$1152	$1147	$1151	:ptr
	ASSIGN	$1153	$999	:ui64
	ASSIGN	$1154	$1153	:ui64
	ASSIGN	$1155	$1154	:ui64
	ASSIGN	$1156	$1155	:ui64
	ASSIGN	$1157	$1152	:ptr
	ASSIGN	$1158	$1157	:ptr
	ASSIGN	$1159	$1156	:ui64
	STORE	$1160	$1158	$1159	:void
	ASSIGN	$1161	$1153	:ui64
	ASSIGN	$1162	$1061	:ptr
	CONST	$1163	92	:ui64
	ASSIGN	$1164	$1163	:ui64
	CONST	$1165	1	:ui64
	MUL	$1166	$1164	$1165	:ui64
	ADD	$1167	$1162	$1166	:ptr
	ASSIGN	$1168	$1025	:ui64
	ASSIGN	$1169	$1027	:ptr
	ASSIGN	$1170	$1168	:ui64
	ASSIGN	$1171	$1169	:ptr
	ASSIGN	$1172	$1171	:ptr
	ASSIGN	$1173	$1170	:ui64
	CALL	$1174	0x56249b284230($57,$13,$1172,$1173,$1167)	:void
	ASSIGN	$1175	$1169	:ptr
	CONST	$1176	1	:i32
	CAST	$1177	$1176	:ui64
	ADD	$1178	$56	$1177	:ui64
	ASSIGN	$56	$1178	:ui64
	CONST	$1179	true	:bool
	ASSIGN	$434	$1179	:bool
	JMP	$0	B33()	:void
