[32m[11:47:36.304766] [I] [Not A Worker] [unnamed] [] [SingleNodeWorker.cpp:63] [SingleNodeWorker] Starting SingleNodeWorker SingleNodeWorker with configuration:
worker.query_engine.number_of_worker_threads: 32
worker.query_engine.admission_queue_size: 1000 (default)
worker.default_query_execution.execution_mode: COMPILER (default)
worker.default_query_execution.page_size: 1024 (default)
worker.default_query_execution.number_of_partitions: 100 (default)
worker.default_query_execution.number_of_records_per_key: 10 (default)
worker.default_query_execution.max_number_of_buckets: 10000 (default)
worker.default_query_execution.operator_buffer_size: 262144
worker.default_query_optimization.join_strategy: OPTIMIZER_CHOOSES (default)
worker.number_of_buffers_in_global_buffer_manager: 32768 (default)
worker.default_max_inflight_buffers: 64 (default)
worker.dump_compilation_result: NONE (default)
worker.dump_graph: 0 (default)
grpc: [::]:8080 (default)
enable_event_trace: 0 (default)
[m
[36m[11:47:36.306138] [D] [Not A Worker] [unnamed] [] [BufferManager.cpp:110] [initialize] NES memory allocation requires 8589934592 out of 540577120256 (so 1.5890303659045137%) available bytes[m
[36m[11:47:36.398289] [D] [Not A Worker] [unnamed] [] [BufferManager.cpp:160] [initialize] BufferManager configuration bufferSize=262144 numOfBuffers=32768[m
[32m[11:47:36.411144] [I] [Not A Worker] [unnamed] [] [SingleNodeWorkerStarter.cpp:93] [main] Server listening on [::]:8080[m
[36m[11:47:38.856265] [D] [Not A Worker] [unnamed] [queryId:466444882] [BufferManager.cpp:110] [initialize] NES memory allocation requires 1 out of 540577120256 (so 1.8498748143954595e-10%) available bytes[m
[36m[11:47:38.856340] [D] [Not A Worker] [unnamed] [queryId:466444882] [BufferManager.cpp:160] [initialize] BufferManager configuration bufferSize=1 numOfBuffers=1[m
[36m[11:47:38.856849] [D] [Not A Worker] [unnamed] [queryId:466444882] [PipeliningPhase.cpp:365] [apply] Constructed pipeline plan with 1 root pipelines.
PipelinedQueryPlan for Query: 466444882
Number of root pipelines: 1
------------------
Root Pipeline 0:
  Pipeline(ID(1), Provider(COMPILER))
  Operator chain:
    PhysicalOperator(NES::SourcePhysicalOperator)
  Successor Pipeline:
    Pipeline(ID(2), Provider(None))
      Operator chain:
        PhysicalOperator(NES::ScanPhysicalOperator)
          PhysicalOperator(NES::MapPhysicalOperator)
            PhysicalOperator(NES::EmitPhysicalOperator)
      Successor Pipeline:
        Pipeline(ID(3), Provider(None))
          Operator chain:
            PhysicalOperator(NES::SinkPhysicalOperator)

[m
[36m[11:47:38.860965] [D] [Not A Worker] [unnamed] [] [SinkProvider.cpp:30] [lower] The sinkDescriptor is: SinkDescriptor: (name: variant("NAME_SINK"), type: Void, Config: )[m
[36m[11:47:38.862022] [D] [SingleNodeWorker] [WorkerThread-29] [Task:466444882-3] [VoidSink.cpp:37] [start] Setting up void sink: VoidSink[m
[36m[11:47:38.938320] [D] [SingleNodeWorker] [WorkerThread-22] [] [SourceThread.cpp:184] [start] Starting source with originId: 2[m
[36m[11:47:38.952143] [D] [SingleNodeWorker] [WorkerThread-8] [Task:466444882-2] [BufferManager.cpp:65] [~BufferManager] Calling BufferManager::destroy()[m
[36m[11:47:38.952182] [D] [SingleNodeWorker] [WorkerThread-8] [Task:466444882-2] [BufferManager.cpp:93] [~BufferManager] Shutting down Buffer Manager completed[m
[36m[11:47:40.515917] [D] [SingleNodeWorker] [WorkerThread-0] [Task:466444882] [SourceThread.cpp:230] [tryStop] SourceThread 2: attempting to stop source[m
[36m[11:47:40.515996] [D] [SingleNodeWorker] [WorkerThread-0] [Task:466444882] [SourceThread.cpp:248] [tryStop] SourceThread 2: stopped[m
[32m[11:47:40.542571] [I] [SingleNodeWorker] [WorkerThread-1] [Task:466444882-3] [VoidSink.cpp:42] [stop] Void Sink completed.[m
[32m[11:47:40.542630] [I] [SingleNodeWorker] [WorkerThread-6] [] [SequenceShredder.cpp:55] [~SequenceShredder] Successfully validated SequenceShredder[m
[36m[11:47:40.542702] [D] [SingleNodeWorker] [WorkerThread-1] [] [SourceThread.cpp:226] [tryStop] SourceThread 2: thread is not running[m
[36m[11:47:43.757573] [D] [Not A Worker] [unnamed] [queryId:428718008] [BufferManager.cpp:110] [initialize] NES memory allocation requires 1 out of 540577120256 (so 1.8498748143954595e-10%) available bytes[m
[36m[11:47:43.757635] [D] [Not A Worker] [unnamed] [queryId:428718008] [BufferManager.cpp:160] [initialize] BufferManager configuration bufferSize=1 numOfBuffers=1[m
[36m[11:47:43.758138] [D] [Not A Worker] [unnamed] [queryId:428718008] [PipeliningPhase.cpp:365] [apply] Constructed pipeline plan with 1 root pipelines.
PipelinedQueryPlan for Query: 428718008
Number of root pipelines: 1
------------------
Root Pipeline 0:
  Pipeline(ID(4), Provider(COMPILER))
  Operator chain:
    PhysicalOperator(NES::SourcePhysicalOperator)
  Successor Pipeline:
    Pipeline(ID(5), Provider(None))
      Operator chain:
        PhysicalOperator(NES::ScanPhysicalOperator)
          PhysicalOperator(NES::MapPhysicalOperator)
            PhysicalOperator(NES::EmitPhysicalOperator)
      Successor Pipeline:
        Pipeline(ID(6), Provider(None))
          Operator chain:
            PhysicalOperator(NES::SinkPhysicalOperator)

[m
[36m[11:47:43.761795] [D] [Not A Worker] [unnamed] [] [SinkProvider.cpp:30] [lower] The sinkDescriptor is: SinkDescriptor: (name: variant("CITY_SINK"), type: Void, Config: )[m
[36m[11:47:43.762151] [D] [SingleNodeWorker] [WorkerThread-23] [Task:428718008-6] [VoidSink.cpp:37] [start] Setting up void sink: VoidSink[m
[36m[11:47:43.835090] [D] [SingleNodeWorker] [WorkerThread-23] [] [SourceThread.cpp:184] [start] Starting source with originId: 2[m
[36m[11:47:43.849174] [D] [SingleNodeWorker] [WorkerThread-23] [Task:428718008-5] [BufferManager.cpp:65] [~BufferManager] Calling BufferManager::destroy()[m
[36m[11:47:43.849206] [D] [SingleNodeWorker] [WorkerThread-23] [Task:428718008-5] [BufferManager.cpp:93] [~BufferManager] Shutting down Buffer Manager completed[m
[36m[11:47:45.219153] [D] [SingleNodeWorker] [WorkerThread-24] [Task:428718008] [SourceThread.cpp:230] [tryStop] SourceThread 2: attempting to stop source[m
[36m[11:47:45.219214] [D] [SingleNodeWorker] [WorkerThread-24] [Task:428718008] [SourceThread.cpp:248] [tryStop] SourceThread 2: stopped[m
[32m[11:47:45.245343] [I] [SingleNodeWorker] [WorkerThread-26] [Task:428718008-6] [VoidSink.cpp:42] [stop] Void Sink completed.[m
[36m[11:47:45.245477] [D] [SingleNodeWorker] [WorkerThread-26] [] [SourceThread.cpp:226] [tryStop] SourceThread 2: thread is not running[m
[32m[11:47:45.245551] [I] [SingleNodeWorker] [WorkerThread-0] [] [SequenceShredder.cpp:55] [~SequenceShredder] Successfully validated SequenceShredder[m
[36m[11:47:48.607255] [D] [Not A Worker] [unnamed] [queryId:1709510897] [BufferManager.cpp:110] [initialize] NES memory allocation requires 1 out of 540577120256 (so 1.8498748143954595e-10%) available bytes[m
[36m[11:47:48.607332] [D] [Not A Worker] [unnamed] [queryId:1709510897] [BufferManager.cpp:160] [initialize] BufferManager configuration bufferSize=1 numOfBuffers=1[m
[36m[11:47:48.607823] [D] [Not A Worker] [unnamed] [queryId:1709510897] [PipeliningPhase.cpp:365] [apply] Constructed pipeline plan with 1 root pipelines.
PipelinedQueryPlan for Query: 1709510897
Number of root pipelines: 1
------------------
Root Pipeline 0:
  Pipeline(ID(7), Provider(COMPILER))
  Operator chain:
    PhysicalOperator(NES::SourcePhysicalOperator)
  Successor Pipeline:
    Pipeline(ID(8), Provider(None))
      Operator chain:
        PhysicalOperator(NES::ScanPhysicalOperator)
          PhysicalOperator(NES::MapPhysicalOperator)
            PhysicalOperator(NES::EmitPhysicalOperator)
      Successor Pipeline:
        Pipeline(ID(9), Provider(None))
          Operator chain:
            PhysicalOperator(NES::SinkPhysicalOperator)

[m
[36m[11:47:48.612002] [D] [Not A Worker] [unnamed] [] [SinkProvider.cpp:30] [lower] The sinkDescriptor is: SinkDescriptor: (name: variant("EXTRA_SINK"), type: Void, Config: )[m
[36m[11:47:48.613618] [D] [SingleNodeWorker] [WorkerThread-9] [Task:1709510897-9] [VoidSink.cpp:37] [start] Setting up void sink: VoidSink[m
[36m[11:47:48.691736] [D] [SingleNodeWorker] [WorkerThread-19] [] [SourceThread.cpp:184] [start] Starting source with originId: 2[m
[36m[11:47:48.701578] [D] [SingleNodeWorker] [WorkerThread-19] [Task:1709510897-8] [BufferManager.cpp:65] [~BufferManager] Calling BufferManager::destroy()[m
[36m[11:47:48.701606] [D] [SingleNodeWorker] [WorkerThread-19] [Task:1709510897-8] [BufferManager.cpp:93] [~BufferManager] Shutting down Buffer Manager completed[m
[36m[11:47:50.094294] [D] [SingleNodeWorker] [WorkerThread-30] [Task:1709510897] [SourceThread.cpp:230] [tryStop] SourceThread 2: attempting to stop source[m
[36m[11:47:50.094353] [D] [SingleNodeWorker] [WorkerThread-30] [Task:1709510897] [SourceThread.cpp:248] [tryStop] SourceThread 2: stopped[m
[32m[11:47:50.120239] [I] [SingleNodeWorker] [WorkerThread-6] [Task:1709510897-9] [VoidSink.cpp:42] [stop] Void Sink completed.[m
[36m[11:47:50.120323] [D] [SingleNodeWorker] [WorkerThread-6] [] [SourceThread.cpp:226] [tryStop] SourceThread 2: thread is not running[m
[32m[11:47:50.120569] [I] [SingleNodeWorker] [WorkerThread-17] [] [SequenceShredder.cpp:55] [~SequenceShredder] Successfully validated SequenceShredder[m
[36m[11:47:53.508297] [D] [Not A Worker] [unnamed] [queryId:333654372] [BufferManager.cpp:110] [initialize] NES memory allocation requires 1 out of 540577120256 (so 1.8498748143954595e-10%) available bytes[m
[36m[11:47:53.508361] [D] [Not A Worker] [unnamed] [queryId:333654372] [BufferManager.cpp:160] [initialize] BufferManager configuration bufferSize=1 numOfBuffers=1[m
[36m[11:47:53.508815] [D] [Not A Worker] [unnamed] [queryId:333654372] [PipeliningPhase.cpp:365] [apply] Constructed pipeline plan with 1 root pipelines.
PipelinedQueryPlan for Query: 333654372
Number of root pipelines: 1
------------------
Root Pipeline 0:
  Pipeline(ID(10), Provider(COMPILER))
  Operator chain:
    PhysicalOperator(NES::SourcePhysicalOperator)
  Successor Pipeline:
    Pipeline(ID(11), Provider(None))
      Operator chain:
        PhysicalOperator(NES::ScanPhysicalOperator)
          PhysicalOperator(NES::MapPhysicalOperator)
            PhysicalOperator(NES::EmitPhysicalOperator)
      Successor Pipeline:
        Pipeline(ID(12), Provider(None))
          Operator chain:
            PhysicalOperator(NES::SinkPhysicalOperator)

[m
[36m[11:47:53.513070] [D] [Not A Worker] [unnamed] [] [SinkProvider.cpp:30] [lower] The sinkDescriptor is: SinkDescriptor: (name: variant("PERSON_ID_SINK"), type: Void, Config: )[m
[36m[11:47:53.513336] [D] [SingleNodeWorker] [WorkerThread-24] [Task:333654372-12] [VoidSink.cpp:37] [start] Setting up void sink: VoidSink[m
[36m[11:47:53.573393] [D] [SingleNodeWorker] [WorkerThread-24] [] [SourceThread.cpp:184] [start] Starting source with originId: 2[m
[36m[11:47:53.584191] [D] [SingleNodeWorker] [WorkerThread-24] [Task:333654372-11] [BufferManager.cpp:65] [~BufferManager] Calling BufferManager::destroy()[m
[36m[11:47:53.584218] [D] [SingleNodeWorker] [WorkerThread-24] [Task:333654372-11] [BufferManager.cpp:93] [~BufferManager] Shutting down Buffer Manager completed[m
[36m[11:47:55.048483] [D] [SingleNodeWorker] [WorkerThread-9] [Task:333654372] [SourceThread.cpp:230] [tryStop] SourceThread 2: attempting to stop source[m
[36m[11:47:55.048531] [D] [SingleNodeWorker] [WorkerThread-9] [Task:333654372] [SourceThread.cpp:248] [tryStop] SourceThread 2: stopped[m
[32m[11:47:55.074730] [I] [SingleNodeWorker] [WorkerThread-18] [] [SequenceShredder.cpp:55] [~SequenceShredder] Successfully validated SequenceShredder[m
[32m[11:47:55.074935] [I] [SingleNodeWorker] [WorkerThread-4] [Task:333654372-12] [VoidSink.cpp:42] [stop] Void Sink completed.[m
[36m[11:47:55.075066] [D] [SingleNodeWorker] [WorkerThread-4] [] [SourceThread.cpp:226] [tryStop] SourceThread 2: thread is not running[m
[33m[1m[11:47:58.800050] [W] [Not A Worker] [unnamed] [queryId:1826070408] [SinkDescriptor.cpp:63] [getFormatType] Sinks of the type Void do not have an INPUT_FORMAT parameter.[m
[36m[11:47:58.800179] [D] [Not A Worker] [unnamed] [queryId:1826070408] [BufferManager.cpp:110] [initialize] NES memory allocation requires 1 out of 540577120256 (so 1.8498748143954595e-10%) available bytes[m
[36m[11:47:58.800204] [D] [Not A Worker] [unnamed] [queryId:1826070408] [BufferManager.cpp:160] [initialize] BufferManager configuration bufferSize=1 numOfBuffers=1[m
[36m[11:47:58.800396] [D] [Not A Worker] [unnamed] [queryId:1826070408] [PipeliningPhase.cpp:365] [apply] Constructed pipeline plan with 1 root pipelines.
PipelinedQueryPlan for Query: 1826070408
Number of root pipelines: 1
------------------
Root Pipeline 0:
  Pipeline(ID(13), Provider(COMPILER))
  Operator chain:
    PhysicalOperator(NES::SourcePhysicalOperator)
  Successor Pipeline:
    Pipeline(ID(14), Provider(None))
      Operator chain:
        PhysicalOperator(NES::ScanPhysicalOperator)
          PhysicalOperator(NES::EmitPhysicalOperator)
      Successor Pipeline:
        Pipeline(ID(15), Provider(None))
          Operator chain:
            PhysicalOperator(NES::SinkPhysicalOperator)

[m
[36m[11:47:58.804324] [D] [Not A Worker] [unnamed] [] [SinkProvider.cpp:30] [lower] The sinkDescriptor is: SinkDescriptor: (name: variant("PERSON_SINK"), type: Void, Config: )[m
[36m[11:47:58.804662] [D] [SingleNodeWorker] [WorkerThread-10] [Task:1826070408-15] [VoidSink.cpp:37] [start] Setting up void sink: VoidSink[m
[36m[11:47:58.895431] [D] [SingleNodeWorker] [WorkerThread-31] [] [SourceThread.cpp:184] [start] Starting source with originId: 2[m
[36m[11:47:58.909023] [D] [SingleNodeWorker] [WorkerThread-31] [Task:1826070408-14] [BufferManager.cpp:65] [~BufferManager] Calling BufferManager::destroy()[m
[36m[11:47:58.909061] [D] [SingleNodeWorker] [WorkerThread-31] [Task:1826070408-14] [BufferManager.cpp:93] [~BufferManager] Shutting down Buffer Manager completed[m
[36m[11:48:00.600954] [D] [SingleNodeWorker] [WorkerThread-1] [Task:1826070408] [SourceThread.cpp:230] [tryStop] SourceThread 2: attempting to stop source[m
[36m[11:48:00.601015] [D] [SingleNodeWorker] [WorkerThread-1] [Task:1826070408] [SourceThread.cpp:248] [tryStop] SourceThread 2: stopped[m
[32m[11:48:00.626712] [I] [SingleNodeWorker] [WorkerThread-31] [] [SequenceShredder.cpp:55] [~SequenceShredder] Successfully validated SequenceShredder[m
[32m[11:48:00.626750] [I] [SingleNodeWorker] [WorkerThread-30] [Task:1826070408-15] [VoidSink.cpp:42] [stop] Void Sink completed.[m
[36m[11:48:00.626874] [D] [SingleNodeWorker] [WorkerThread-30] [] [SourceThread.cpp:226] [tryStop] SourceThread 2: thread is not running[m
[36m[11:48:03.868041] [D] [Not A Worker] [unnamed] [queryId:852959438] [BufferManager.cpp:110] [initialize] NES memory allocation requires 1 out of 540577120256 (so 1.8498748143954595e-10%) available bytes[m
[36m[11:48:03.868114] [D] [Not A Worker] [unnamed] [queryId:852959438] [BufferManager.cpp:160] [initialize] BufferManager configuration bufferSize=1 numOfBuffers=1[m
[36m[11:48:03.868450] [D] [Not A Worker] [unnamed] [queryId:852959438] [PipeliningPhase.cpp:365] [apply] Constructed pipeline plan with 1 root pipelines.
PipelinedQueryPlan for Query: 852959438
Number of root pipelines: 1
------------------
Root Pipeline 0:
  Pipeline(ID(16), Provider(COMPILER))
  Operator chain:
    PhysicalOperator(NES::SourcePhysicalOperator)
  Successor Pipeline:
    Pipeline(ID(17), Provider(None))
      Operator chain:
        PhysicalOperator(NES::ScanPhysicalOperator)
          PhysicalOperator(NES::MapPhysicalOperator)
            PhysicalOperator(NES::EmitPhysicalOperator)
      Successor Pipeline:
        Pipeline(ID(18), Provider(None))
          Operator chain:
            PhysicalOperator(NES::SinkPhysicalOperator)

[m
[36m[11:48:03.871758] [D] [Not A Worker] [unnamed] [] [SinkProvider.cpp:30] [lower] The sinkDescriptor is: SinkDescriptor: (name: variant("BID_AUCTION_ID_SINK"), type: Void, Config: )[m
[36m[11:48:03.872395] [D] [SingleNodeWorker] [WorkerThread-7] [Task:852959438-18] [VoidSink.cpp:37] [start] Setting up void sink: VoidSink[m
[36m[11:48:03.936648] [D] [SingleNodeWorker] [WorkerThread-7] [] [SourceThread.cpp:184] [start] Starting source with originId: 2[m
[36m[11:48:03.966746] [D] [SingleNodeWorker] [WorkerThread-27] [Task:852959438-17] [BufferManager.cpp:65] [~BufferManager] Calling BufferManager::destroy()[m
[36m[11:48:03.966798] [D] [SingleNodeWorker] [WorkerThread-27] [Task:852959438-17] [BufferManager.cpp:93] [~BufferManager] Shutting down Buffer Manager completed[m
[36m[11:48:18.140899] [D] [SingleNodeWorker] [WorkerThread-10] [Task:852959438] [SourceThread.cpp:230] [tryStop] SourceThread 2: attempting to stop source[m
[36m[11:48:18.140951] [D] [SingleNodeWorker] [WorkerThread-10] [Task:852959438] [SourceThread.cpp:248] [tryStop] SourceThread 2: stopped[m
[32m[11:48:18.167779] [I] [SingleNodeWorker] [WorkerThread-31] [Task:852959438-18] [VoidSink.cpp:42] [stop] Void Sink completed.[m
[36m[11:48:18.167903] [D] [SingleNodeWorker] [WorkerThread-31] [] [SourceThread.cpp:226] [tryStop] SourceThread 2: thread is not running[m
[32m[11:48:18.167934] [I] [SingleNodeWorker] [WorkerThread-26] [] [SequenceShredder.cpp:55] [~SequenceShredder] Successfully validated SequenceShredder[m
[36m[11:48:20.064812] [D] [Not A Worker] [unnamed] [queryId:655341259] [BufferManager.cpp:110] [initialize] NES memory allocation requires 1 out of 540577120256 (so 1.8498748143954595e-10%) available bytes[m
[36m[11:48:20.064905] [D] [Not A Worker] [unnamed] [queryId:655341259] [BufferManager.cpp:160] [initialize] BufferManager configuration bufferSize=1 numOfBuffers=1[m
[36m[11:48:20.065460] [D] [Not A Worker] [unnamed] [queryId:655341259] [PipeliningPhase.cpp:365] [apply] Constructed pipeline plan with 1 root pipelines.
PipelinedQueryPlan for Query: 655341259
Number of root pipelines: 1
------------------
Root Pipeline 0:
  Pipeline(ID(19), Provider(COMPILER))
  Operator chain:
    PhysicalOperator(NES::SourcePhysicalOperator)
  Successor Pipeline:
    Pipeline(ID(20), Provider(None))
      Operator chain:
        PhysicalOperator(NES::ScanPhysicalOperator)
          PhysicalOperator(NES::MapPhysicalOperator)
            PhysicalOperator(NES::EmitPhysicalOperator)
      Successor Pipeline:
        Pipeline(ID(21), Provider(None))
          Operator chain:
            PhysicalOperator(NES::SinkPhysicalOperator)

[m
[36m[11:48:20.068856] [D] [Not A Worker] [unnamed] [] [SinkProvider.cpp:30] [lower] The sinkDescriptor is: SinkDescriptor: (name: variant("BID_TIMESTAMP_SINK"), type: Void, Config: )[m
[36m[11:48:20.070545] [D] [SingleNodeWorker] [WorkerThread-2] [Task:655341259-21] [VoidSink.cpp:37] [start] Setting up void sink: VoidSink[m
[36m[11:48:20.134208] [D] [SingleNodeWorker] [WorkerThread-2] [] [SourceThread.cpp:184] [start] Starting source with originId: 2[m
[36m[11:48:20.164260] [D] [SingleNodeWorker] [WorkerThread-9] [Task:655341259-20] [BufferManager.cpp:65] [~BufferManager] Calling BufferManager::destroy()[m
[36m[11:48:20.164309] [D] [SingleNodeWorker] [WorkerThread-9] [Task:655341259-20] [BufferManager.cpp:93] [~BufferManager] Shutting down Buffer Manager completed[m
[36m[11:48:34.589291] [D] [SingleNodeWorker] [WorkerThread-22] [Task:655341259] [SourceThread.cpp:230] [tryStop] SourceThread 2: attempting to stop source[m
[36m[11:48:34.589344] [D] [SingleNodeWorker] [WorkerThread-22] [Task:655341259] [SourceThread.cpp:248] [tryStop] SourceThread 2: stopped[m
[32m[11:48:34.615461] [I] [SingleNodeWorker] [WorkerThread-29] [] [SequenceShredder.cpp:55] [~SequenceShredder] Successfully validated SequenceShredder[m
[32m[11:48:34.615630] [I] [SingleNodeWorker] [WorkerThread-31] [Task:655341259-21] [VoidSink.cpp:42] [stop] Void Sink completed.[m
[36m[11:48:34.615774] [D] [SingleNodeWorker] [WorkerThread-31] [] [SourceThread.cpp:226] [tryStop] SourceThread 2: thread is not running[m
[36m[11:48:36.516176] [D] [Not A Worker] [unnamed] [queryId:975229535] [BufferManager.cpp:110] [initialize] NES memory allocation requires 1 out of 540577120256 (so 1.8498748143954595e-10%) available bytes[m
[36m[11:48:36.516250] [D] [Not A Worker] [unnamed] [queryId:975229535] [BufferManager.cpp:160] [initialize] BufferManager configuration bufferSize=1 numOfBuffers=1[m
[36m[11:48:36.516577] [D] [Not A Worker] [unnamed] [queryId:975229535] [PipeliningPhase.cpp:365] [apply] Constructed pipeline plan with 1 root pipelines.
PipelinedQueryPlan for Query: 975229535
Number of root pipelines: 1
------------------
Root Pipeline 0:
  Pipeline(ID(22), Provider(COMPILER))
  Operator chain:
    PhysicalOperator(NES::SourcePhysicalOperator)
  Successor Pipeline:
    Pipeline(ID(23), Provider(None))
      Operator chain:
        PhysicalOperator(NES::ScanPhysicalOperator)
          PhysicalOperator(NES::MapPhysicalOperator)
            PhysicalOperator(NES::EmitPhysicalOperator)
      Successor Pipeline:
        Pipeline(ID(24), Provider(None))
          Operator chain:
            PhysicalOperator(NES::SinkPhysicalOperator)

[m
[36m[11:48:36.519675] [D] [Not A Worker] [unnamed] [] [SinkProvider.cpp:30] [lower] The sinkDescriptor is: SinkDescriptor: (name: variant("BID_PRICE_SINK"), type: Void, Config: )[m
[36m[11:48:36.520516] [D] [SingleNodeWorker] [WorkerThread-13] [Task:975229535-24] [VoidSink.cpp:37] [start] Setting up void sink: VoidSink[m
[36m[11:48:36.582752] [D] [SingleNodeWorker] [WorkerThread-13] [] [SourceThread.cpp:184] [start] Starting source with originId: 2[m
[36m[11:48:36.609811] [D] [SingleNodeWorker] [WorkerThread-27] [Task:975229535-23] [BufferManager.cpp:65] [~BufferManager] Calling BufferManager::destroy()[m
[36m[11:48:36.609850] [D] [SingleNodeWorker] [WorkerThread-27] [Task:975229535-23] [BufferManager.cpp:93] [~BufferManager] Shutting down Buffer Manager completed[m
[36m[11:48:50.375544] [D] [SingleNodeWorker] [WorkerThread-22] [Task:975229535] [SourceThread.cpp:230] [tryStop] SourceThread 2: attempting to stop source[m
[36m[11:48:50.375599] [D] [SingleNodeWorker] [WorkerThread-22] [Task:975229535] [SourceThread.cpp:248] [tryStop] SourceThread 2: stopped[m
[32m[11:48:50.401943] [I] [SingleNodeWorker] [WorkerThread-11] [] [SequenceShredder.cpp:55] [~SequenceShredder] Successfully validated SequenceShredder[m
[32m[11:48:50.402038] [I] [SingleNodeWorker] [WorkerThread-2] [Task:975229535-24] [VoidSink.cpp:42] [stop] Void Sink completed.[m
[36m[11:48:50.402155] [D] [SingleNodeWorker] [WorkerThread-2] [] [SourceThread.cpp:226] [tryStop] SourceThread 2: thread is not running[m
