[32m[11:45:45.002887] [I] [Not A Worker] [unnamed] [] [SingleNodeWorker.cpp:63] [SingleNodeWorker] Starting SingleNodeWorker SingleNodeWorker with configuration:
worker.query_engine.number_of_worker_threads: 16
worker.query_engine.admission_queue_size: 1000 (default)
worker.default_query_execution.execution_mode: COMPILER (default)
worker.default_query_execution.page_size: 1024 (default)
worker.default_query_execution.number_of_partitions: 100 (default)
worker.default_query_execution.number_of_records_per_key: 10 (default)
worker.default_query_execution.max_number_of_buckets: 10000 (default)
worker.default_query_execution.operator_buffer_size: 262144
worker.default_query_optimization.join_strategy: OPTIMIZER_CHOOSES (default)
worker.number_of_buffers_in_global_buffer_manager: 32768 (default)
worker.default_max_inflight_buffers: 64 (default)
worker.dump_compilation_result: NONE (default)
worker.dump_graph: 0 (default)
grpc: [::]:8080 (default)
enable_event_trace: 0 (default)
[m
[36m[11:45:45.004320] [D] [Not A Worker] [unnamed] [] [BufferManager.cpp:110] [initialize] NES memory allocation requires 8589934592 out of 540577120256 (so 1.5890303659045137%) available bytes[m
[36m[11:45:45.096274] [D] [Not A Worker] [unnamed] [] [BufferManager.cpp:160] [initialize] BufferManager configuration bufferSize=262144 numOfBuffers=32768[m
[32m[11:45:45.105408] [I] [Not A Worker] [unnamed] [] [SingleNodeWorkerStarter.cpp:93] [main] Server listening on [::]:8080[m
[36m[11:45:47.511861] [D] [Not A Worker] [unnamed] [queryId:1541665871] [BufferManager.cpp:110] [initialize] NES memory allocation requires 1 out of 540577120256 (so 1.8498748143954595e-10%) available bytes[m
[36m[11:45:47.511918] [D] [Not A Worker] [unnamed] [queryId:1541665871] [BufferManager.cpp:160] [initialize] BufferManager configuration bufferSize=1 numOfBuffers=1[m
[36m[11:45:47.512293] [D] [Not A Worker] [unnamed] [queryId:1541665871] [PipeliningPhase.cpp:365] [apply] Constructed pipeline plan with 1 root pipelines.
PipelinedQueryPlan for Query: 1541665871
Number of root pipelines: 1
------------------
Root Pipeline 0:
  Pipeline(ID(1), Provider(COMPILER))
  Operator chain:
    PhysicalOperator(NES::SourcePhysicalOperator)
  Successor Pipeline:
    Pipeline(ID(2), Provider(None))
      Operator chain:
        PhysicalOperator(NES::ScanPhysicalOperator)
          PhysicalOperator(NES::MapPhysicalOperator)
            PhysicalOperator(NES::EmitPhysicalOperator)
      Successor Pipeline:
        Pipeline(ID(3), Provider(None))
          Operator chain:
            PhysicalOperator(NES::SinkPhysicalOperator)

[m
[36m[11:45:47.515153] [D] [Not A Worker] [unnamed] [] [SinkProvider.cpp:30] [lower] The sinkDescriptor is: SinkDescriptor: (name: variant("NAME_SINK"), type: Void, Config: )[m
[36m[11:45:47.515764] [D] [SingleNodeWorker] [WorkerThread-6] [Task:1541665871-3] [VoidSink.cpp:37] [start] Setting up void sink: VoidSink[m
[36m[11:45:47.588876] [D] [SingleNodeWorker] [WorkerThread-6] [] [SourceThread.cpp:184] [start] Starting source with originId: 2[m
[36m[11:45:47.598953] [D] [SingleNodeWorker] [WorkerThread-6] [Task:1541665871-2] [BufferManager.cpp:65] [~BufferManager] Calling BufferManager::destroy()[m
[36m[11:45:47.598985] [D] [SingleNodeWorker] [WorkerThread-6] [Task:1541665871-2] [BufferManager.cpp:93] [~BufferManager] Shutting down Buffer Manager completed[m
[36m[11:45:49.756088] [D] [SingleNodeWorker] [WorkerThread-3] [Task:1541665871] [SourceThread.cpp:230] [tryStop] SourceThread 2: attempting to stop source[m
[36m[11:45:49.756147] [D] [SingleNodeWorker] [WorkerThread-3] [Task:1541665871] [SourceThread.cpp:248] [tryStop] SourceThread 2: stopped[m
[32m[11:45:49.782502] [I] [SingleNodeWorker] [WorkerThread-7] [] [SequenceShredder.cpp:55] [~SequenceShredder] Successfully validated SequenceShredder[m
[32m[11:45:49.783022] [I] [SingleNodeWorker] [WorkerThread-2] [Task:1541665871-3] [VoidSink.cpp:42] [stop] Void Sink completed.[m
[36m[11:45:49.783147] [D] [SingleNodeWorker] [WorkerThread-2] [] [SourceThread.cpp:226] [tryStop] SourceThread 2: thread is not running[m
[36m[11:45:52.397266] [D] [Not A Worker] [unnamed] [queryId:664234059] [BufferManager.cpp:110] [initialize] NES memory allocation requires 1 out of 540577120256 (so 1.8498748143954595e-10%) available bytes[m
[36m[11:45:52.397312] [D] [Not A Worker] [unnamed] [queryId:664234059] [BufferManager.cpp:160] [initialize] BufferManager configuration bufferSize=1 numOfBuffers=1[m
[36m[11:45:52.397686] [D] [Not A Worker] [unnamed] [queryId:664234059] [PipeliningPhase.cpp:365] [apply] Constructed pipeline plan with 1 root pipelines.
PipelinedQueryPlan for Query: 664234059
Number of root pipelines: 1
------------------
Root Pipeline 0:
  Pipeline(ID(4), Provider(COMPILER))
  Operator chain:
    PhysicalOperator(NES::SourcePhysicalOperator)
  Successor Pipeline:
    Pipeline(ID(5), Provider(None))
      Operator chain:
        PhysicalOperator(NES::ScanPhysicalOperator)
          PhysicalOperator(NES::MapPhysicalOperator)
            PhysicalOperator(NES::EmitPhysicalOperator)
      Successor Pipeline:
        Pipeline(ID(6), Provider(None))
          Operator chain:
            PhysicalOperator(NES::SinkPhysicalOperator)

[m
[36m[11:45:52.400401] [D] [Not A Worker] [unnamed] [] [SinkProvider.cpp:30] [lower] The sinkDescriptor is: SinkDescriptor: (name: variant("CITY_SINK"), type: Void, Config: )[m
[36m[11:45:52.400936] [D] [SingleNodeWorker] [WorkerThread-4] [Task:664234059-6] [VoidSink.cpp:37] [start] Setting up void sink: VoidSink[m
[36m[11:45:52.473085] [D] [SingleNodeWorker] [WorkerThread-4] [] [SourceThread.cpp:184] [start] Starting source with originId: 2[m
[36m[11:45:52.485347] [D] [SingleNodeWorker] [WorkerThread-4] [Task:664234059-5] [BufferManager.cpp:65] [~BufferManager] Calling BufferManager::destroy()[m
[36m[11:45:52.485380] [D] [SingleNodeWorker] [WorkerThread-4] [Task:664234059-5] [BufferManager.cpp:93] [~BufferManager] Shutting down Buffer Manager completed[m
[36m[11:45:54.545710] [D] [SingleNodeWorker] [WorkerThread-7] [Task:664234059] [SourceThread.cpp:230] [tryStop] SourceThread 2: attempting to stop source[m
[36m[11:45:54.545765] [D] [SingleNodeWorker] [WorkerThread-7] [Task:664234059] [SourceThread.cpp:248] [tryStop] SourceThread 2: stopped[m
[32m[11:45:54.571758] [I] [SingleNodeWorker] [WorkerThread-0] [Task:664234059-6] [VoidSink.cpp:42] [stop] Void Sink completed.[m
[36m[11:45:54.571898] [D] [SingleNodeWorker] [WorkerThread-0] [] [SourceThread.cpp:226] [tryStop] SourceThread 2: thread is not running[m
[32m[11:45:54.572049] [I] [SingleNodeWorker] [WorkerThread-6] [] [SequenceShredder.cpp:55] [~SequenceShredder] Successfully validated SequenceShredder[m
[36m[11:45:57.236574] [D] [Not A Worker] [unnamed] [queryId:1735060715] [BufferManager.cpp:110] [initialize] NES memory allocation requires 1 out of 540577120256 (so 1.8498748143954595e-10%) available bytes[m
[36m[11:45:57.236624] [D] [Not A Worker] [unnamed] [queryId:1735060715] [BufferManager.cpp:160] [initialize] BufferManager configuration bufferSize=1 numOfBuffers=1[m
[36m[11:45:57.237008] [D] [Not A Worker] [unnamed] [queryId:1735060715] [PipeliningPhase.cpp:365] [apply] Constructed pipeline plan with 1 root pipelines.
PipelinedQueryPlan for Query: 1735060715
Number of root pipelines: 1
------------------
Root Pipeline 0:
  Pipeline(ID(7), Provider(COMPILER))
  Operator chain:
    PhysicalOperator(NES::SourcePhysicalOperator)
  Successor Pipeline:
    Pipeline(ID(8), Provider(None))
      Operator chain:
        PhysicalOperator(NES::ScanPhysicalOperator)
          PhysicalOperator(NES::MapPhysicalOperator)
            PhysicalOperator(NES::EmitPhysicalOperator)
      Successor Pipeline:
        Pipeline(ID(9), Provider(None))
          Operator chain:
            PhysicalOperator(NES::SinkPhysicalOperator)

[m
[36m[11:45:57.240257] [D] [Not A Worker] [unnamed] [] [SinkProvider.cpp:30] [lower] The sinkDescriptor is: SinkDescriptor: (name: variant("EXTRA_SINK"), type: Void, Config: )[m
[36m[11:45:57.243505] [D] [SingleNodeWorker] [WorkerThread-12] [Task:1735060715-9] [VoidSink.cpp:37] [start] Setting up void sink: VoidSink[m
[36m[11:45:57.318136] [D] [SingleNodeWorker] [WorkerThread-12] [] [SourceThread.cpp:184] [start] Starting source with originId: 2[m
[36m[11:45:57.327784] [D] [SingleNodeWorker] [WorkerThread-12] [Task:1735060715-8] [BufferManager.cpp:65] [~BufferManager] Calling BufferManager::destroy()[m
[36m[11:45:57.327812] [D] [SingleNodeWorker] [WorkerThread-12] [Task:1735060715-8] [BufferManager.cpp:93] [~BufferManager] Shutting down Buffer Manager completed[m
[36m[11:45:59.481032] [D] [SingleNodeWorker] [WorkerThread-4] [Task:1735060715] [SourceThread.cpp:230] [tryStop] SourceThread 2: attempting to stop source[m
[36m[11:45:59.481090] [D] [SingleNodeWorker] [WorkerThread-4] [Task:1735060715] [SourceThread.cpp:248] [tryStop] SourceThread 2: stopped[m
[32m[11:45:59.506954] [I] [SingleNodeWorker] [WorkerThread-7] [] [SequenceShredder.cpp:55] [~SequenceShredder] Successfully validated SequenceShredder[m
[32m[11:45:59.508152] [I] [SingleNodeWorker] [WorkerThread-1] [Task:1735060715-9] [VoidSink.cpp:42] [stop] Void Sink completed.[m
[36m[11:45:59.508292] [D] [SingleNodeWorker] [WorkerThread-1] [] [SourceThread.cpp:226] [tryStop] SourceThread 2: thread is not running[m
[36m[11:46:02.046714] [D] [Not A Worker] [unnamed] [queryId:246288168] [BufferManager.cpp:110] [initialize] NES memory allocation requires 1 out of 540577120256 (so 1.8498748143954595e-10%) available bytes[m
[36m[11:46:02.046766] [D] [Not A Worker] [unnamed] [queryId:246288168] [BufferManager.cpp:160] [initialize] BufferManager configuration bufferSize=1 numOfBuffers=1[m
[36m[11:46:02.047189] [D] [Not A Worker] [unnamed] [queryId:246288168] [PipeliningPhase.cpp:365] [apply] Constructed pipeline plan with 1 root pipelines.
PipelinedQueryPlan for Query: 246288168
Number of root pipelines: 1
------------------
Root Pipeline 0:
  Pipeline(ID(10), Provider(COMPILER))
  Operator chain:
    PhysicalOperator(NES::SourcePhysicalOperator)
  Successor Pipeline:
    Pipeline(ID(11), Provider(None))
      Operator chain:
        PhysicalOperator(NES::ScanPhysicalOperator)
          PhysicalOperator(NES::MapPhysicalOperator)
            PhysicalOperator(NES::EmitPhysicalOperator)
      Successor Pipeline:
        Pipeline(ID(12), Provider(None))
          Operator chain:
            PhysicalOperator(NES::SinkPhysicalOperator)

[m
[36m[11:46:02.050591] [D] [Not A Worker] [unnamed] [] [SinkProvider.cpp:30] [lower] The sinkDescriptor is: SinkDescriptor: (name: variant("PERSON_ID_SINK"), type: Void, Config: )[m
[36m[11:46:02.052242] [D] [SingleNodeWorker] [WorkerThread-3] [Task:246288168-12] [VoidSink.cpp:37] [start] Setting up void sink: VoidSink[m
[36m[11:46:02.124835] [D] [SingleNodeWorker] [WorkerThread-3] [] [SourceThread.cpp:184] [start] Starting source with originId: 2[m
[36m[11:46:02.134911] [D] [SingleNodeWorker] [WorkerThread-3] [Task:246288168-11] [BufferManager.cpp:65] [~BufferManager] Calling BufferManager::destroy()[m
[36m[11:46:02.134960] [D] [SingleNodeWorker] [WorkerThread-3] [Task:246288168-11] [BufferManager.cpp:93] [~BufferManager] Shutting down Buffer Manager completed[m
[36m[11:46:04.129882] [D] [SingleNodeWorker] [WorkerThread-12] [Task:246288168] [SourceThread.cpp:230] [tryStop] SourceThread 2: attempting to stop source[m
[36m[11:46:04.129932] [D] [SingleNodeWorker] [WorkerThread-12] [Task:246288168] [SourceThread.cpp:248] [tryStop] SourceThread 2: stopped[m
[32m[11:46:04.156661] [I] [SingleNodeWorker] [WorkerThread-15] [] [SequenceShredder.cpp:55] [~SequenceShredder] Successfully validated SequenceShredder[m
[32m[11:46:04.157291] [I] [SingleNodeWorker] [WorkerThread-1] [Task:246288168-12] [VoidSink.cpp:42] [stop] Void Sink completed.[m
[36m[11:46:04.157419] [D] [SingleNodeWorker] [WorkerThread-1] [] [SourceThread.cpp:226] [tryStop] SourceThread 2: thread is not running[m
[33m[1m[11:46:06.868975] [W] [Not A Worker] [unnamed] [queryId:1180202692] [SinkDescriptor.cpp:63] [getFormatType] Sinks of the type Void do not have an INPUT_FORMAT parameter.[m
[36m[11:46:06.869068] [D] [Not A Worker] [unnamed] [queryId:1180202692] [BufferManager.cpp:110] [initialize] NES memory allocation requires 1 out of 540577120256 (so 1.8498748143954595e-10%) available bytes[m
[36m[11:46:06.869087] [D] [Not A Worker] [unnamed] [queryId:1180202692] [BufferManager.cpp:160] [initialize] BufferManager configuration bufferSize=1 numOfBuffers=1[m
[36m[11:46:06.869288] [D] [Not A Worker] [unnamed] [queryId:1180202692] [PipeliningPhase.cpp:365] [apply] Constructed pipeline plan with 1 root pipelines.
PipelinedQueryPlan for Query: 1180202692
Number of root pipelines: 1
------------------
Root Pipeline 0:
  Pipeline(ID(13), Provider(COMPILER))
  Operator chain:
    PhysicalOperator(NES::SourcePhysicalOperator)
  Successor Pipeline:
    Pipeline(ID(14), Provider(None))
      Operator chain:
        PhysicalOperator(NES::ScanPhysicalOperator)
          PhysicalOperator(NES::EmitPhysicalOperator)
      Successor Pipeline:
        Pipeline(ID(15), Provider(None))
          Operator chain:
            PhysicalOperator(NES::SinkPhysicalOperator)

[m
[36m[11:46:06.872651] [D] [Not A Worker] [unnamed] [] [SinkProvider.cpp:30] [lower] The sinkDescriptor is: SinkDescriptor: (name: variant("PERSON_SINK"), type: Void, Config: )[m
[36m[11:46:06.874458] [D] [SingleNodeWorker] [WorkerThread-8] [Task:1180202692-15] [VoidSink.cpp:37] [start] Setting up void sink: VoidSink[m
[36m[11:46:06.964173] [D] [SingleNodeWorker] [WorkerThread-8] [] [SourceThread.cpp:184] [start] Starting source with originId: 2[m
[36m[11:46:06.985222] [D] [SingleNodeWorker] [WorkerThread-8] [Task:1180202692-14] [BufferManager.cpp:65] [~BufferManager] Calling BufferManager::destroy()[m
[36m[11:46:06.985269] [D] [SingleNodeWorker] [WorkerThread-8] [Task:1180202692-14] [BufferManager.cpp:93] [~BufferManager] Shutting down Buffer Manager completed[m
[36m[11:46:09.667206] [D] [SingleNodeWorker] [WorkerThread-6] [Task:1180202692] [SourceThread.cpp:230] [tryStop] SourceThread 2: attempting to stop source[m
[36m[11:46:09.667270] [D] [SingleNodeWorker] [WorkerThread-6] [Task:1180202692] [SourceThread.cpp:248] [tryStop] SourceThread 2: stopped[m
[32m[11:46:09.695484] [I] [SingleNodeWorker] [WorkerThread-0] [] [SequenceShredder.cpp:55] [~SequenceShredder] Successfully validated SequenceShredder[m
[32m[11:46:09.695539] [I] [SingleNodeWorker] [WorkerThread-2] [Task:1180202692-15] [VoidSink.cpp:42] [stop] Void Sink completed.[m
[36m[11:46:09.695698] [D] [SingleNodeWorker] [WorkerThread-2] [] [SourceThread.cpp:226] [tryStop] SourceThread 2: thread is not running[m
[36m[11:46:11.709071] [D] [Not A Worker] [unnamed] [queryId:1026745559] [BufferManager.cpp:110] [initialize] NES memory allocation requires 1 out of 540577120256 (so 1.8498748143954595e-10%) available bytes[m
[36m[11:46:11.709129] [D] [Not A Worker] [unnamed] [queryId:1026745559] [BufferManager.cpp:160] [initialize] BufferManager configuration bufferSize=1 numOfBuffers=1[m
[36m[11:46:11.709512] [D] [Not A Worker] [unnamed] [queryId:1026745559] [PipeliningPhase.cpp:365] [apply] Constructed pipeline plan with 1 root pipelines.
PipelinedQueryPlan for Query: 1026745559
Number of root pipelines: 1
------------------
Root Pipeline 0:
  Pipeline(ID(16), Provider(COMPILER))
  Operator chain:
    PhysicalOperator(NES::SourcePhysicalOperator)
  Successor Pipeline:
    Pipeline(ID(17), Provider(None))
      Operator chain:
        PhysicalOperator(NES::ScanPhysicalOperator)
          PhysicalOperator(NES::MapPhysicalOperator)
            PhysicalOperator(NES::EmitPhysicalOperator)
      Successor Pipeline:
        Pipeline(ID(18), Provider(None))
          Operator chain:
            PhysicalOperator(NES::SinkPhysicalOperator)

[m
[36m[11:46:11.712749] [D] [Not A Worker] [unnamed] [] [SinkProvider.cpp:30] [lower] The sinkDescriptor is: SinkDescriptor: (name: variant("BID_AUCTION_ID_SINK"), type: Void, Config: )[m
[36m[11:46:11.713558] [D] [SingleNodeWorker] [WorkerThread-8] [Task:1026745559-18] [VoidSink.cpp:37] [start] Setting up void sink: VoidSink[m
[36m[11:46:11.765291] [D] [SingleNodeWorker] [WorkerThread-8] [] [SourceThread.cpp:184] [start] Starting source with originId: 2[m
[36m[11:46:11.790362] [D] [SingleNodeWorker] [WorkerThread-6] [Task:1026745559-17] [BufferManager.cpp:65] [~BufferManager] Calling BufferManager::destroy()[m
[36m[11:46:11.790416] [D] [SingleNodeWorker] [WorkerThread-6] [Task:1026745559-17] [BufferManager.cpp:93] [~BufferManager] Shutting down Buffer Manager completed[m
[36m[11:46:38.044844] [D] [SingleNodeWorker] [WorkerThread-12] [Task:1026745559] [SourceThread.cpp:230] [tryStop] SourceThread 2: attempting to stop source[m
[36m[11:46:38.044907] [D] [SingleNodeWorker] [WorkerThread-12] [Task:1026745559] [SourceThread.cpp:248] [tryStop] SourceThread 2: stopped[m
[32m[11:46:38.071043] [I] [SingleNodeWorker] [WorkerThread-15] [] [SequenceShredder.cpp:55] [~SequenceShredder] Successfully validated SequenceShredder[m
[32m[11:46:38.071169] [I] [SingleNodeWorker] [WorkerThread-4] [Task:1026745559-18] [VoidSink.cpp:42] [stop] Void Sink completed.[m
[36m[11:46:38.071309] [D] [SingleNodeWorker] [WorkerThread-4] [] [SourceThread.cpp:226] [tryStop] SourceThread 2: thread is not running[m
[36m[11:46:39.438830] [D] [Not A Worker] [unnamed] [queryId:1690335581] [BufferManager.cpp:110] [initialize] NES memory allocation requires 1 out of 540577120256 (so 1.8498748143954595e-10%) available bytes[m
[36m[11:46:39.438887] [D] [Not A Worker] [unnamed] [queryId:1690335581] [BufferManager.cpp:160] [initialize] BufferManager configuration bufferSize=1 numOfBuffers=1[m
[36m[11:46:39.439361] [D] [Not A Worker] [unnamed] [queryId:1690335581] [PipeliningPhase.cpp:365] [apply] Constructed pipeline plan with 1 root pipelines.
PipelinedQueryPlan for Query: 1690335581
Number of root pipelines: 1
------------------
Root Pipeline 0:
  Pipeline(ID(19), Provider(COMPILER))
  Operator chain:
    PhysicalOperator(NES::SourcePhysicalOperator)
  Successor Pipeline:
    Pipeline(ID(20), Provider(None))
      Operator chain:
        PhysicalOperator(NES::ScanPhysicalOperator)
          PhysicalOperator(NES::MapPhysicalOperator)
            PhysicalOperator(NES::EmitPhysicalOperator)
      Successor Pipeline:
        Pipeline(ID(21), Provider(None))
          Operator chain:
            PhysicalOperator(NES::SinkPhysicalOperator)

[m
[36m[11:46:39.442351] [D] [Not A Worker] [unnamed] [] [SinkProvider.cpp:30] [lower] The sinkDescriptor is: SinkDescriptor: (name: variant("BID_TIMESTAMP_SINK"), type: Void, Config: )[m
[36m[11:46:39.444426] [D] [SingleNodeWorker] [WorkerThread-13] [Task:1690335581-21] [VoidSink.cpp:37] [start] Setting up void sink: VoidSink[m
[36m[11:46:39.504422] [D] [SingleNodeWorker] [WorkerThread-13] [] [SourceThread.cpp:184] [start] Starting source with originId: 2[m
[36m[11:46:39.532515] [D] [SingleNodeWorker] [WorkerThread-3] [Task:1690335581-20] [BufferManager.cpp:65] [~BufferManager] Calling BufferManager::destroy()[m
[36m[11:46:39.532560] [D] [SingleNodeWorker] [WorkerThread-3] [Task:1690335581-20] [BufferManager.cpp:93] [~BufferManager] Shutting down Buffer Manager completed[m
[36m[11:47:05.429395] [D] [SingleNodeWorker] [WorkerThread-11] [Task:1690335581] [SourceThread.cpp:230] [tryStop] SourceThread 2: attempting to stop source[m
[36m[11:47:05.429443] [D] [SingleNodeWorker] [WorkerThread-11] [Task:1690335581] [SourceThread.cpp:248] [tryStop] SourceThread 2: stopped[m
[32m[11:47:05.455476] [I] [SingleNodeWorker] [WorkerThread-12] [] [SequenceShredder.cpp:55] [~SequenceShredder] Successfully validated SequenceShredder[m
[32m[11:47:05.456374] [I] [SingleNodeWorker] [WorkerThread-3] [Task:1690335581-21] [VoidSink.cpp:42] [stop] Void Sink completed.[m
[36m[11:47:05.456529] [D] [SingleNodeWorker] [WorkerThread-3] [] [SourceThread.cpp:226] [tryStop] SourceThread 2: thread is not running[m
[36m[11:47:07.471312] [D] [Not A Worker] [unnamed] [queryId:1643575330] [BufferManager.cpp:110] [initialize] NES memory allocation requires 1 out of 540577120256 (so 1.8498748143954595e-10%) available bytes[m
[36m[11:47:07.471374] [D] [Not A Worker] [unnamed] [queryId:1643575330] [BufferManager.cpp:160] [initialize] BufferManager configuration bufferSize=1 numOfBuffers=1[m
[36m[11:47:07.471826] [D] [Not A Worker] [unnamed] [queryId:1643575330] [PipeliningPhase.cpp:365] [apply] Constructed pipeline plan with 1 root pipelines.
PipelinedQueryPlan for Query: 1643575330
Number of root pipelines: 1
------------------
Root Pipeline 0:
  Pipeline(ID(22), Provider(COMPILER))
  Operator chain:
    PhysicalOperator(NES::SourcePhysicalOperator)
  Successor Pipeline:
    Pipeline(ID(23), Provider(None))
      Operator chain:
        PhysicalOperator(NES::ScanPhysicalOperator)
          PhysicalOperator(NES::MapPhysicalOperator)
            PhysicalOperator(NES::EmitPhysicalOperator)
      Successor Pipeline:
        Pipeline(ID(24), Provider(None))
          Operator chain:
            PhysicalOperator(NES::SinkPhysicalOperator)

[m
[36m[11:47:07.474743] [D] [Not A Worker] [unnamed] [] [SinkProvider.cpp:30] [lower] The sinkDescriptor is: SinkDescriptor: (name: variant("BID_PRICE_SINK"), type: Void, Config: )[m
[36m[11:47:07.475845] [D] [SingleNodeWorker] [WorkerThread-8] [Task:1643575330-24] [VoidSink.cpp:37] [start] Setting up void sink: VoidSink[m
[36m[11:47:07.538064] [D] [SingleNodeWorker] [WorkerThread-8] [] [SourceThread.cpp:184] [start] Starting source with originId: 2[m
[36m[11:47:07.566687] [D] [SingleNodeWorker] [WorkerThread-6] [Task:1643575330-23] [BufferManager.cpp:65] [~BufferManager] Calling BufferManager::destroy()[m
[36m[11:47:07.566726] [D] [SingleNodeWorker] [WorkerThread-6] [Task:1643575330-23] [BufferManager.cpp:93] [~BufferManager] Shutting down Buffer Manager completed[m
[36m[11:47:33.505798] [D] [SingleNodeWorker] [WorkerThread-12] [Task:1643575330] [SourceThread.cpp:230] [tryStop] SourceThread 2: attempting to stop source[m
[36m[11:47:33.505846] [D] [SingleNodeWorker] [WorkerThread-12] [Task:1643575330] [SourceThread.cpp:248] [tryStop] SourceThread 2: stopped[m
[32m[11:47:33.531812] [I] [SingleNodeWorker] [WorkerThread-3] [] [SequenceShredder.cpp:55] [~SequenceShredder] Successfully validated SequenceShredder[m
[32m[11:47:33.532700] [I] [SingleNodeWorker] [WorkerThread-6] [Task:1643575330-24] [VoidSink.cpp:42] [stop] Void Sink completed.[m
[36m[11:47:33.532851] [D] [SingleNodeWorker] [WorkerThread-6] [] [SourceThread.cpp:226] [tryStop] SourceThread 2: thread is not running[m
