B0($1:ptr,$2:ptr,$3:ptr)
	CALL	$8	0x560766447cb0($1)	:ui32
	CALL	$9	0x560766447ce0($1)	:ptr
	CONST	$11	0	:ui64
	CONST	$12	*	:ptr
	CONST	$14	0	:ui64
	CONST	$15	0	:ui64
	CONST	$16	0	:ui64
	CONST	$17	0	:ui64
	CONST	$18	0	:ui64
	CONST	$19	true	:bool
	CALL	$21	0x5607666d0bb0($2)	:ui64
	CALL	$22	0x5607666d0880($2)	:ui64
	CALL	$23	0x5607666d0cd0($2)	:ui64
	CALL	$24	0x5607666d0ca0($2)	:ui64
	CALL	$25	0x5607666d0a50($2)	:ui64
	CALL	$26	0x5607666d0b40($2)	:bool
	CONST	$27	*	:ptr
	CALL	$29	0x56076661d8f0($2,$27,$3)	:ptr
	CONST	$32	34	:ui64
	CONST	$34	1	:ui64
	MUL	$35	$32	$34	:ui64
	ADD	$36	$29	$35	:ptr
	LOAD	$39	$36	:bool
	CMP	$40	$39	B1($1,$2,$1,$25,$26,$23,$24,$22,$21,$9,$2,$3)	B2($1,$2,$1,$25,$26,$23,$24,$22,$21,$9,$2,$3)	:void
B1($4:ptr,$5:ptr,$7:ptr,$18:ui64,$19:bool,$16:ui64,$17:ui64,$14:ui64,$15:ui64,$13:ptr,$20:ptr,$10:ptr)
	CONST	$41	false	:bool
	NOT	$42	$41	:bool
	CMP	$43	$42	B3($4,$5)	B4($7,$18,$19,$16,$17,$14,$15,$13,$20,$10)	:void
B2($4:ptr,$5:ptr,$7:ptr,$18:ui64,$19:bool,$16:ui64,$17:ui64,$14:ui64,$15:ui64,$13:ptr,$20:ptr,$10:ptr)
	CONST	$48	true	:bool
	NOT	$49	$48	:bool
	CMP	$50	$49	B5($4,$5)	B6($7,$18,$19,$16,$17,$14,$15,$13,$20,$10)	:void
B3($4:ptr,$5:ptr)
	JMP	$0	B7($4,$5)	:void
B4($7:ptr,$18:ui64,$19:bool,$16:ui64,$17:ui64,$14:ui64,$15:ui64,$13:ptr,$20:ptr,$10:ptr)
	JMP	$0	B14($7,$18,$19,$16,$17,$14,$15,$13,$20,$10)	:void
B5($4:ptr,$5:ptr)
	JMP	$0	B7($4,$5)	:void
B6($7:ptr,$18:ui64,$19:bool,$16:ui64,$17:ui64,$14:ui64,$15:ui64,$13:ptr,$20:ptr,$10:ptr)
	JMP	$0	B14($7,$18,$19,$16,$17,$14,$15,$13,$20,$10)	:void
B7($4:ptr,$5:ptr) ControlFlowMerge
	CALL	$44	0x5607664604a0($4,$5)	:void
	JMP	$0	B30()	:void
B8($7:ptr,$18:ui64,$19:bool,$16:ui64,$17:ui64,$14:ui64,$15:ui64,$59:ptr,$13:ptr,$57:ptr,$56:ui64,$20:ptr,$10:ptr)
	CONST	$71	48	:ui64
	CONST	$73	1	:ui64
	MUL	$74	$71	$73	:ui64
	ADD	$75	$59	$74	:ptr
	CONST	$77	0	:ui64
	CONST	$79	1	:ui64
	MUL	$80	$77	$79	:ui64
	ADD	$81	$59	$80	:ptr
	LOAD	$84	$81	:ptr
	CONST	$85	0	:ui64
	CALL	$88	0x560766617880($75)	:ptr
	CONST	$89	9	:i32
	CAST	$90	$89	:ui64
	MUL	$91	$85	$90	:ui64
	CONST	$93	0	:i32
	CAST	$94	$93	:ui64
	ADD	$95	$91	$94	:ui64
	CONST	$97	4	:ui64
	MUL	$98	$95	$97	:ui64
	ADD	$99	$88	$98	:ptr
	CONST	$101	0	:i32
	CAST	$102	$101	:ui64
	ADD	$103	$91	$102	:ui64
	CONST	$104	1	:i32
	CAST	$105	$104	:ui64
	ADD	$106	$103	$105	:ui64
	CONST	$108	4	:ui64
	MUL	$109	$106	$108	:ui64
	ADD	$110	$88	$109	:ptr
	LOAD	$113	$99	:ui32
	LOAD	$116	$110	:ui32
	SUB	$117	$116	$113	:ui32
	CONST	$118	1	:ui64
	CAST	$119	$117	:ui64
	SUB	$120	$119	$118	:ui64
	CONST	$124	1	:ui64
	CAST	$125	$113	:ui64
	MUL	$126	$125	$124	:ui64
	ADD	$127	$84	$126	:ptr
	CALL	$128	0x56076662d870($127,$120)	:i32
	CONST	$131	9	:i32
	CAST	$132	$131	:ui64
	MUL	$133	$85	$132	:ui64
	CONST	$135	1	:i32
	CAST	$136	$135	:ui64
	ADD	$137	$133	$136	:ui64
	CONST	$139	4	:ui64
	MUL	$140	$137	$139	:ui64
	ADD	$141	$88	$140	:ptr
	CONST	$143	1	:i32
	CAST	$144	$143	:ui64
	ADD	$145	$133	$144	:ui64
	CONST	$146	1	:i32
	CAST	$147	$146	:ui64
	ADD	$148	$145	$147	:ui64
	CONST	$150	4	:ui64
	MUL	$151	$148	$150	:ui64
	ADD	$152	$88	$151	:ptr
	LOAD	$155	$141	:ui32
	LOAD	$158	$152	:ui32
	SUB	$159	$158	$155	:ui32
	CONST	$160	1	:ui64
	CAST	$161	$159	:ui64
	SUB	$162	$161	$160	:ui64
	CONST	$166	1	:ui64
	CAST	$167	$155	:ui64
	MUL	$168	$167	$166	:ui64
	ADD	$169	$84	$168	:ptr
	CONST	$179	9	:i32
	CAST	$180	$179	:ui64
	MUL	$181	$85	$180	:ui64
	CONST	$183	2	:i32
	CAST	$184	$183	:ui64
	ADD	$185	$181	$184	:ui64
	CONST	$187	4	:ui64
	MUL	$188	$185	$187	:ui64
	ADD	$189	$88	$188	:ptr
	CONST	$191	2	:i32
	CAST	$192	$191	:ui64
	ADD	$193	$181	$192	:ui64
	CONST	$194	1	:i32
	CAST	$195	$194	:ui64
	ADD	$196	$193	$195	:ui64
	CONST	$198	4	:ui64
	MUL	$199	$196	$198	:ui64
	ADD	$200	$88	$199	:ptr
	LOAD	$203	$189	:ui32
	LOAD	$206	$200	:ui32
	SUB	$207	$206	$203	:ui32
	CONST	$208	1	:ui64
	CAST	$209	$207	:ui64
	SUB	$210	$209	$208	:ui64
	CONST	$214	1	:ui64
	CAST	$215	$203	:ui64
	MUL	$216	$215	$214	:ui64
	ADD	$217	$84	$216	:ptr
	CONST	$227	9	:i32
	CAST	$228	$227	:ui64
	MUL	$229	$85	$228	:ui64
	CONST	$231	3	:i32
	CAST	$232	$231	:ui64
	ADD	$233	$229	$232	:ui64
	CONST	$235	4	:ui64
	MUL	$236	$233	$235	:ui64
	ADD	$237	$88	$236	:ptr
	CONST	$239	3	:i32
	CAST	$240	$239	:ui64
	ADD	$241	$229	$240	:ui64
	CONST	$242	1	:i32
	CAST	$243	$242	:ui64
	ADD	$244	$241	$243	:ui64
	CONST	$246	4	:ui64
	MUL	$247	$244	$246	:ui64
	ADD	$248	$88	$247	:ptr
	LOAD	$251	$237	:ui32
	LOAD	$254	$248	:ui32
	SUB	$255	$254	$251	:ui32
	CONST	$256	1	:ui64
	CAST	$257	$255	:ui64
	SUB	$258	$257	$256	:ui64
	CONST	$262	1	:ui64
	CAST	$263	$251	:ui64
	MUL	$264	$263	$262	:ui64
	ADD	$265	$84	$264	:ptr
	CONST	$275	9	:i32
	CAST	$276	$275	:ui64
	MUL	$277	$85	$276	:ui64
	CONST	$279	4	:i32
	CAST	$280	$279	:ui64
	ADD	$281	$277	$280	:ui64
	CONST	$283	4	:ui64
	MUL	$284	$281	$283	:ui64
	ADD	$285	$88	$284	:ptr
	CONST	$287	4	:i32
	CAST	$288	$287	:ui64
	ADD	$289	$277	$288	:ui64
	CONST	$290	1	:i32
	CAST	$291	$290	:ui64
	ADD	$292	$289	$291	:ui64
	CONST	$294	4	:ui64
	MUL	$295	$292	$294	:ui64
	ADD	$296	$88	$295	:ptr
	LOAD	$299	$285	:ui32
	LOAD	$302	$296	:ui32
	SUB	$303	$302	$299	:ui32
	CONST	$304	1	:ui64
	CAST	$305	$303	:ui64
	SUB	$306	$305	$304	:ui64
	CONST	$310	1	:ui64
	CAST	$311	$299	:ui64
	MUL	$312	$311	$310	:ui64
	ADD	$313	$84	$312	:ptr
	CONST	$323	9	:i32
	CAST	$324	$323	:ui64
	MUL	$325	$85	$324	:ui64
	CONST	$327	5	:i32
	CAST	$328	$327	:ui64
	ADD	$329	$325	$328	:ui64
	CONST	$331	4	:ui64
	MUL	$332	$329	$331	:ui64
	ADD	$333	$88	$332	:ptr
	CONST	$335	5	:i32
	CAST	$336	$335	:ui64
	ADD	$337	$325	$336	:ui64
	CONST	$338	1	:i32
	CAST	$339	$338	:ui64
	ADD	$340	$337	$339	:ui64
	CONST	$342	4	:ui64
	MUL	$343	$340	$342	:ui64
	ADD	$344	$88	$343	:ptr
	LOAD	$347	$333	:ui32
	LOAD	$350	$344	:ui32
	SUB	$351	$350	$347	:ui32
	CONST	$352	1	:ui64
	CAST	$353	$351	:ui64
	SUB	$354	$353	$352	:ui64
	CONST	$358	1	:ui64
	CAST	$359	$347	:ui64
	MUL	$360	$359	$358	:ui64
	ADD	$361	$84	$360	:ptr
	CONST	$371	9	:i32
	CAST	$372	$371	:ui64
	MUL	$373	$85	$372	:ui64
	CONST	$375	6	:i32
	CAST	$376	$375	:ui64
	ADD	$377	$373	$376	:ui64
	CONST	$379	4	:ui64
	MUL	$380	$377	$379	:ui64
	ADD	$381	$88	$380	:ptr
	CONST	$383	6	:i32
	CAST	$384	$383	:ui64
	ADD	$385	$373	$384	:ui64
	CONST	$386	1	:i32
	CAST	$387	$386	:ui64
	ADD	$388	$385	$387	:ui64
	CONST	$390	4	:ui64
	MUL	$391	$388	$390	:ui64
	ADD	$392	$88	$391	:ptr
	LOAD	$395	$381	:ui32
	LOAD	$398	$392	:ui32
	SUB	$399	$398	$395	:ui32
	CONST	$400	1	:ui64
	CAST	$401	$399	:ui64
	SUB	$402	$401	$400	:ui64
	CONST	$406	1	:ui64
	CAST	$407	$395	:ui64
	MUL	$408	$407	$406	:ui64
	ADD	$409	$84	$408	:ptr
	CALL	$410	0x56076662f290($409,$402)	:ui64
	CONST	$413	9	:i32
	CAST	$414	$413	:ui64
	MUL	$415	$85	$414	:ui64
	CONST	$417	7	:i32
	CAST	$418	$417	:ui64
	ADD	$419	$415	$418	:ui64
	CONST	$421	4	:ui64
	MUL	$422	$419	$421	:ui64
	ADD	$423	$88	$422	:ptr
	CONST	$425	7	:i32
	CAST	$426	$425	:ui64
	ADD	$427	$415	$426	:ui64
	CONST	$428	1	:i32
	CAST	$429	$428	:ui64
	ADD	$430	$427	$429	:ui64
	CONST	$432	4	:ui64
	MUL	$433	$430	$432	:ui64
	ADD	$434	$88	$433	:ptr
	LOAD	$437	$423	:ui32
	LOAD	$440	$434	:ui32
	SUB	$441	$440	$437	:ui32
	CONST	$442	0	:ui64
	CAST	$443	$441	:ui64
	SUB	$444	$443	$442	:ui64
	CONST	$448	1	:ui64
	CAST	$449	$437	:ui64
	MUL	$450	$449	$448	:ui64
	ADD	$451	$84	$450	:ptr
	CONST	$467	16384	:ui64
	GTE	$468	$56	$467	:bool
	CMP	$469	$468	B10($7,$18,$19,$16,$17,$14,$15,$59,$13,$265,$258,$57,$56,$20,$10)	B11($7,$57,$18,$19,$16,$17,$14,$15,$59,$56,$13,$265,$258,$20,$10)	:void
B9($7:ptr,$57:ptr,$18:ui64,$19:bool,$16:ui64,$17:ui64,$14:ui64,$15:ui64,$56:ui64,$59:ptr,$13:ptr,$20:ptr,$10:ptr)
	JMP	$0	B15($7,$57,$18,$19,$16,$17,$14,$15,$56,$59,$13,$20,$10)	:void
B10($7:ptr,$18:ui64,$19:bool,$16:ui64,$17:ui64,$14:ui64,$15:ui64,$59:ptr,$13:ptr,$466:ptr,$465:ui64,$57:ptr,$56:ui64,$20:ptr,$10:ptr)
	CONST	$470	false	:bool
	CALL	$471	0x5607666d0780($57,$56)	:void
	CALL	$472	0x5607666d0c20($57,$15)	:void
	CALL	$473	0x5607666d08f0($57,$14)	:void
	CALL	$474	0x5607666d0960($57,$17)	:void
	CALL	$475	0x5607666d0d00($57,$16)	:void
	CONST	$476	1	:ui64
	CALL	$477	0x5607664481d0($7,$476)	:ptr
	CALL	$478	0x5607664358f0($477,$470,$18,$19,$57)	:void
	CALL	$479	0x560766447de0($7,$57)	:void
	CALL	$480	0x560766448250($7)	:ptr
	CALL	$482	0x5607666d0800($480)	:ptr
	CONST	$483	0	:ui64
	JMP	$0	B16($7,$480,$18,$19,$16,$17,$14,$15,$59,$483,$13,$466,$465,$20,$10)	:void
B11($7:ptr,$57:ptr,$18:ui64,$19:bool,$16:ui64,$17:ui64,$14:ui64,$15:ui64,$59:ptr,$56:ui64,$13:ptr,$466:ptr,$465:ui64,$20:ptr,$10:ptr)
	JMP	$0	B16($7,$57,$18,$19,$16,$17,$14,$15,$59,$56,$13,$466,$465,$20,$10)	:void
B12($7:ptr,$57:ptr,$18:ui64,$19:bool,$16:ui64,$17:ui64,$14:ui64,$15:ui64,$56:ui64)
	CONST	$520	true	:bool
	JMP	$0	B26($7,$57,$520,$18,$19,$16,$17,$14,$15,$56)	:void
B13($7:ptr,$18:ui64,$19:bool,$16:ui64,$17:ui64,$14:ui64,$15:ui64,$13:ptr,$57:ptr,$56:ui64,$59:ptr,$20:ptr,$10:ptr)
	CONST	$542	0	:ui64
	CONST	$544	176	:ui64
	CONST	$546	1	:ui64
	MUL	$547	$544	$546	:ui64
	ADD	$548	$59	$547	:ptr
	JMP	$0	B21($7,$18,$19,$16,$17,$14,$15,$13,$57,$56,$59,$20,$10,$542,$548)	:void
B14($7:ptr,$18:ui64,$19:bool,$16:ui64,$17:ui64,$14:ui64,$15:ui64,$13:ptr,$20:ptr,$10:ptr) ControlFlowMerge
	CALL	$54	0x560766448250($7)	:ptr
	CONST	$56	0	:ui64
	CALL	$58	0x5607666d0800($54)	:ptr
	CALL	$59	0x560766615780()	:ptr
	CONST	$61	32	:ui64
	CONST	$63	1	:ui64
	MUL	$64	$61	$63	:ui64
	ADD	$65	$59	$64	:ptr
	LOAD	$68	$65	:bool
	CMP	$69	$68	B8($7,$18,$19,$16,$17,$14,$15,$59,$13,$54,$56,$20,$10)	B9($7,$54,$18,$19,$16,$17,$14,$15,$56,$59,$13,$20,$10)	:void
B15($7:ptr,$57:ptr,$18:ui64,$19:bool,$16:ui64,$17:ui64,$14:ui64,$15:ui64,$56:ui64,$59:ptr,$13:ptr,$20:ptr,$10:ptr) ControlFlowMerge
	CONST	$510	33	:ui64
	CONST	$512	1	:ui64
	MUL	$513	$510	$512	:ui64
	ADD	$514	$59	$513	:ptr
	LOAD	$517	$514	:bool
	NOT	$518	$517	:bool
	CMP	$519	$518	B12($7,$57,$18,$19,$16,$17,$14,$15,$56)	B13($7,$18,$19,$16,$17,$14,$15,$13,$57,$56,$59,$20,$10)	:void
B16($7:ptr,$57:ptr,$18:ui64,$19:bool,$16:ui64,$17:ui64,$14:ui64,$15:ui64,$59:ptr,$56:ui64,$13:ptr,$466:ptr,$465:ui64,$20:ptr,$10:ptr) ControlFlowMerge
	CALL	$484	0x5607666d0800($57)	:ptr
	CONST	$486	16	:ui64
	MUL	$487	$486	$56	:ui64
	CONST	$489	1	:ui64
	MUL	$490	$487	$489	:ui64
	ADD	$491	$484	$490	:ptr
	CONST	$493	0	:ui64
	CONST	$495	1	:ui64
	MUL	$496	$493	$495	:ui64
	ADD	$497	$491	$496	:ptr
	CALL	$504	0x5607666da080($57,$13,$466,$465,$497)	:void
	CONST	$506	1	:i32
	CAST	$507	$506	:ui64
	ADD	$508	$56	$507	:ui64
	JMP	$0	B15($7,$57,$18,$19,$16,$17,$14,$15,$508,$59,$13,$20,$10)	:void
B17($7:ptr,$18:ui64,$19:bool,$16:ui64,$17:ui64,$14:ui64,$15:ui64,$13:ptr,$59:ptr,$20:ptr,$10:ptr,$548:ptr,$542:ui64,$57:ptr,$56:ui64)
	CALL	$562	0x5607666d0800($20)	:ptr
	CALL	$565	0x560766617880($548)	:ptr
	CONST	$566	9	:i32
	CAST	$567	$566	:ui64
	MUL	$568	$542	$567	:ui64
	CONST	$570	0	:i32
	CAST	$571	$570	:ui64
	ADD	$572	$568	$571	:ui64
	CONST	$574	4	:ui64
	MUL	$575	$572	$574	:ui64
	ADD	$576	$565	$575	:ptr
	CONST	$578	0	:i32
	CAST	$579	$578	:ui64
	ADD	$580	$568	$579	:ui64
	CONST	$581	1	:i32
	CAST	$582	$581	:ui64
	ADD	$583	$580	$582	:ui64
	CONST	$585	4	:ui64
	MUL	$586	$583	$585	:ui64
	ADD	$587	$565	$586	:ptr
	LOAD	$590	$576	:ui32
	LOAD	$593	$587	:ui32
	SUB	$594	$593	$590	:ui32
	CONST	$595	1	:ui64
	CAST	$596	$594	:ui64
	SUB	$597	$596	$595	:ui64
	CONST	$601	1	:ui64
	CAST	$602	$590	:ui64
	MUL	$603	$602	$601	:ui64
	ADD	$604	$562	$603	:ptr
	CALL	$605	0x56076662d870($604,$597)	:i32
	CONST	$608	9	:i32
	CAST	$609	$608	:ui64
	MUL	$610	$542	$609	:ui64
	CONST	$612	1	:i32
	CAST	$613	$612	:ui64
	ADD	$614	$610	$613	:ui64
	CONST	$616	4	:ui64
	MUL	$617	$614	$616	:ui64
	ADD	$618	$565	$617	:ptr
	CONST	$620	1	:i32
	CAST	$621	$620	:ui64
	ADD	$622	$610	$621	:ui64
	CONST	$623	1	:i32
	CAST	$624	$623	:ui64
	ADD	$625	$622	$624	:ui64
	CONST	$627	4	:ui64
	MUL	$628	$625	$627	:ui64
	ADD	$629	$565	$628	:ptr
	LOAD	$632	$618	:ui32
	LOAD	$635	$629	:ui32
	SUB	$636	$635	$632	:ui32
	CONST	$637	1	:ui64
	CAST	$638	$636	:ui64
	SUB	$639	$638	$637	:ui64
	CONST	$643	1	:ui64
	CAST	$644	$632	:ui64
	MUL	$645	$644	$643	:ui64
	ADD	$646	$562	$645	:ptr
	CONST	$656	9	:i32
	CAST	$657	$656	:ui64
	MUL	$658	$542	$657	:ui64
	CONST	$660	2	:i32
	CAST	$661	$660	:ui64
	ADD	$662	$658	$661	:ui64
	CONST	$664	4	:ui64
	MUL	$665	$662	$664	:ui64
	ADD	$666	$565	$665	:ptr
	CONST	$668	2	:i32
	CAST	$669	$668	:ui64
	ADD	$670	$658	$669	:ui64
	CONST	$671	1	:i32
	CAST	$672	$671	:ui64
	ADD	$673	$670	$672	:ui64
	CONST	$675	4	:ui64
	MUL	$676	$673	$675	:ui64
	ADD	$677	$565	$676	:ptr
	LOAD	$680	$666	:ui32
	LOAD	$683	$677	:ui32
	SUB	$684	$683	$680	:ui32
	CONST	$685	1	:ui64
	CAST	$686	$684	:ui64
	SUB	$687	$686	$685	:ui64
	CONST	$691	1	:ui64
	CAST	$692	$680	:ui64
	MUL	$693	$692	$691	:ui64
	ADD	$694	$562	$693	:ptr
	CONST	$704	9	:i32
	CAST	$705	$704	:ui64
	MUL	$706	$542	$705	:ui64
	CONST	$708	3	:i32
	CAST	$709	$708	:ui64
	ADD	$710	$706	$709	:ui64
	CONST	$712	4	:ui64
	MUL	$713	$710	$712	:ui64
	ADD	$714	$565	$713	:ptr
	CONST	$716	3	:i32
	CAST	$717	$716	:ui64
	ADD	$718	$706	$717	:ui64
	CONST	$719	1	:i32
	CAST	$720	$719	:ui64
	ADD	$721	$718	$720	:ui64
	CONST	$723	4	:ui64
	MUL	$724	$721	$723	:ui64
	ADD	$725	$565	$724	:ptr
	LOAD	$728	$714	:ui32
	LOAD	$731	$725	:ui32
	SUB	$732	$731	$728	:ui32
	CONST	$733	1	:ui64
	CAST	$734	$732	:ui64
	SUB	$735	$734	$733	:ui64
	CONST	$739	1	:ui64
	CAST	$740	$728	:ui64
	MUL	$741	$740	$739	:ui64
	ADD	$742	$562	$741	:ptr
	CONST	$752	9	:i32
	CAST	$753	$752	:ui64
	MUL	$754	$542	$753	:ui64
	CONST	$756	4	:i32
	CAST	$757	$756	:ui64
	ADD	$758	$754	$757	:ui64
	CONST	$760	4	:ui64
	MUL	$761	$758	$760	:ui64
	ADD	$762	$565	$761	:ptr
	CONST	$764	4	:i32
	CAST	$765	$764	:ui64
	ADD	$766	$754	$765	:ui64
	CONST	$767	1	:i32
	CAST	$768	$767	:ui64
	ADD	$769	$766	$768	:ui64
	CONST	$771	4	:ui64
	MUL	$772	$769	$771	:ui64
	ADD	$773	$565	$772	:ptr
	LOAD	$776	$762	:ui32
	LOAD	$779	$773	:ui32
	SUB	$780	$779	$776	:ui32
	CONST	$781	1	:ui64
	CAST	$782	$780	:ui64
	SUB	$783	$782	$781	:ui64
	CONST	$787	1	:ui64
	CAST	$788	$776	:ui64
	MUL	$789	$788	$787	:ui64
	ADD	$790	$562	$789	:ptr
	CONST	$800	9	:i32
	CAST	$801	$800	:ui64
	MUL	$802	$542	$801	:ui64
	CONST	$804	5	:i32
	CAST	$805	$804	:ui64
	ADD	$806	$802	$805	:ui64
	CONST	$808	4	:ui64
	MUL	$809	$806	$808	:ui64
	ADD	$810	$565	$809	:ptr
	CONST	$812	5	:i32
	CAST	$813	$812	:ui64
	ADD	$814	$802	$813	:ui64
	CONST	$815	1	:i32
	CAST	$816	$815	:ui64
	ADD	$817	$814	$816	:ui64
	CONST	$819	4	:ui64
	MUL	$820	$817	$819	:ui64
	ADD	$821	$565	$820	:ptr
	LOAD	$824	$810	:ui32
	LOAD	$827	$821	:ui32
	SUB	$828	$827	$824	:ui32
	CONST	$829	1	:ui64
	CAST	$830	$828	:ui64
	SUB	$831	$830	$829	:ui64
	CONST	$835	1	:ui64
	CAST	$836	$824	:ui64
	MUL	$837	$836	$835	:ui64
	ADD	$838	$562	$837	:ptr
	CONST	$848	9	:i32
	CAST	$849	$848	:ui64
	MUL	$850	$542	$849	:ui64
	CONST	$852	6	:i32
	CAST	$853	$852	:ui64
	ADD	$854	$850	$853	:ui64
	CONST	$856	4	:ui64
	MUL	$857	$854	$856	:ui64
	ADD	$858	$565	$857	:ptr
	CONST	$860	6	:i32
	CAST	$861	$860	:ui64
	ADD	$862	$850	$861	:ui64
	CONST	$863	1	:i32
	CAST	$864	$863	:ui64
	ADD	$865	$862	$864	:ui64
	CONST	$867	4	:ui64
	MUL	$868	$865	$867	:ui64
	ADD	$869	$565	$868	:ptr
	LOAD	$872	$858	:ui32
	LOAD	$875	$869	:ui32
	SUB	$876	$875	$872	:ui32
	CONST	$877	1	:ui64
	CAST	$878	$876	:ui64
	SUB	$879	$878	$877	:ui64
	CONST	$883	1	:ui64
	CAST	$884	$872	:ui64
	MUL	$885	$884	$883	:ui64
	ADD	$886	$562	$885	:ptr
	CALL	$887	0x56076662f290($886,$879)	:ui64
	CONST	$890	9	:i32
	CAST	$891	$890	:ui64
	MUL	$892	$542	$891	:ui64
	CONST	$894	7	:i32
	CAST	$895	$894	:ui64
	ADD	$896	$892	$895	:ui64
	CONST	$898	4	:ui64
	MUL	$899	$896	$898	:ui64
	ADD	$900	$565	$899	:ptr
	CONST	$902	7	:i32
	CAST	$903	$902	:ui64
	ADD	$904	$892	$903	:ui64
	CONST	$905	1	:i32
	CAST	$906	$905	:ui64
	ADD	$907	$904	$906	:ui64
	CONST	$909	4	:ui64
	MUL	$910	$907	$909	:ui64
	ADD	$911	$565	$910	:ptr
	LOAD	$914	$900	:ui32
	LOAD	$917	$911	:ui32
	SUB	$918	$917	$914	:ui32
	CONST	$919	0	:ui64
	CAST	$920	$918	:ui64
	SUB	$921	$920	$919	:ui64
	CONST	$925	1	:ui64
	CAST	$926	$914	:ui64
	MUL	$927	$926	$925	:ui64
	ADD	$928	$562	$927	:ptr
	CONST	$944	16384	:ui64
	GTE	$945	$56	$944	:bool
	CMP	$946	$945	B19($7,$18,$19,$16,$17,$14,$15,$13,$59,$20,$10,$548,$542,$742,$735,$57,$56)	B20($7,$18,$19,$16,$17,$14,$15,$13,$57,$59,$20,$10,$548,$542,$56,$742,$735)	:void
B18($7:ptr,$18:ui64,$19:bool,$16:ui64,$17:ui64,$14:ui64,$15:ui64,$13:ptr,$57:ptr,$56:ui64,$59:ptr,$20:ptr,$10:ptr)
	CONST	$992	*	:ptr
	CALL	$994	0x56076661a110($20,$992,$10)	:bool
	CMP	$995	$994	B22($7,$18,$19,$16,$17,$14,$15,$13,$57,$56,$59)	B23($7,$57,$18,$19,$16,$17,$14,$15,$56)	:void
B19($7:ptr,$18:ui64,$19:bool,$16:ui64,$17:ui64,$14:ui64,$15:ui64,$13:ptr,$59:ptr,$20:ptr,$10:ptr,$548:ptr,$542:ui64,$943:ptr,$942:ui64,$57:ptr,$56:ui64)
	CONST	$947	false	:bool
	CALL	$948	0x5607666d0780($57,$56)	:void
	CALL	$949	0x5607666d0c20($57,$15)	:void
	CALL	$950	0x5607666d08f0($57,$14)	:void
	CALL	$951	0x5607666d0960($57,$17)	:void
	CALL	$952	0x5607666d0d00($57,$16)	:void
	CONST	$953	1	:ui64
	CALL	$954	0x5607664481d0($7,$953)	:ptr
	CALL	$955	0x5607664358f0($954,$947,$18,$19,$57)	:void
	CALL	$956	0x560766447de0($7,$57)	:void
	CALL	$957	0x560766448250($7)	:ptr
	CALL	$959	0x5607666d0800($957)	:ptr
	CONST	$960	0	:ui64
	JMP	$0	B27($7,$18,$19,$16,$17,$14,$15,$13,$957,$59,$20,$10,$548,$542,$960,$943,$942)	:void
B20($7:ptr,$18:ui64,$19:bool,$16:ui64,$17:ui64,$14:ui64,$15:ui64,$13:ptr,$57:ptr,$59:ptr,$20:ptr,$10:ptr,$548:ptr,$542:ui64,$56:ui64,$943:ptr,$942:ui64)
	JMP	$0	B27($7,$18,$19,$16,$17,$14,$15,$13,$57,$59,$20,$10,$548,$542,$56,$943,$942)	:void
B21($7:ptr,$18:ui64,$19:bool,$16:ui64,$17:ui64,$14:ui64,$15:ui64,$13:ptr,$57:ptr,$56:ui64,$59:ptr,$20:ptr,$10:ptr,$542:ui64,$548:ptr) ControlFlowMerge
	CONST	$552	24	:ui64
	CONST	$554	1	:ui64
	MUL	$555	$552	$554	:ui64
	ADD	$556	$548	$555	:ptr
	LOAD	$559	$556	:ui64
	LT	$560	$542	$559	:bool
	CMP	$561	$560	B17($7,$18,$19,$16,$17,$14,$15,$13,$59,$20,$10,$548,$542,$57,$56)	B18($7,$18,$19,$16,$17,$14,$15,$13,$57,$56,$59,$20,$10)	:void
B22($7:ptr,$18:ui64,$19:bool,$16:ui64,$17:ui64,$14:ui64,$15:ui64,$13:ptr,$57:ptr,$56:ui64,$59:ptr)
	CONST	$997	112	:ui64
	CONST	$999	1	:ui64
	MUL	$1000	$997	$999	:ui64
	ADD	$1001	$59	$1000	:ptr
	CONST	$1003	16	:ui64
	CONST	$1005	1	:ui64
	MUL	$1006	$1003	$1005	:ui64
	ADD	$1007	$59	$1006	:ptr
	LOAD	$1010	$1007	:ptr
	CONST	$1011	0	:ui64
	CALL	$1014	0x560766617880($1001)	:ptr
	CONST	$1015	9	:i32
	CAST	$1016	$1015	:ui64
	MUL	$1017	$1011	$1016	:ui64
	CONST	$1019	0	:i32
	CAST	$1020	$1019	:ui64
	ADD	$1021	$1017	$1020	:ui64
	CONST	$1023	4	:ui64
	MUL	$1024	$1021	$1023	:ui64
	ADD	$1025	$1014	$1024	:ptr
	CONST	$1027	0	:i32
	CAST	$1028	$1027	:ui64
	ADD	$1029	$1017	$1028	:ui64
	CONST	$1030	1	:i32
	CAST	$1031	$1030	:ui64
	ADD	$1032	$1029	$1031	:ui64
	CONST	$1034	4	:ui64
	MUL	$1035	$1032	$1034	:ui64
	ADD	$1036	$1014	$1035	:ptr
	LOAD	$1039	$1025	:ui32
	LOAD	$1042	$1036	:ui32
	SUB	$1043	$1042	$1039	:ui32
	CONST	$1044	1	:ui64
	CAST	$1045	$1043	:ui64
	SUB	$1046	$1045	$1044	:ui64
	CONST	$1050	1	:ui64
	CAST	$1051	$1039	:ui64
	MUL	$1052	$1051	$1050	:ui64
	ADD	$1053	$1010	$1052	:ptr
	CALL	$1054	0x56076662d870($1053,$1046)	:i32
	CONST	$1057	9	:i32
	CAST	$1058	$1057	:ui64
	MUL	$1059	$1011	$1058	:ui64
	CONST	$1061	1	:i32
	CAST	$1062	$1061	:ui64
	ADD	$1063	$1059	$1062	:ui64
	CONST	$1065	4	:ui64
	MUL	$1066	$1063	$1065	:ui64
	ADD	$1067	$1014	$1066	:ptr
	CONST	$1069	1	:i32
	CAST	$1070	$1069	:ui64
	ADD	$1071	$1059	$1070	:ui64
	CONST	$1072	1	:i32
	CAST	$1073	$1072	:ui64
	ADD	$1074	$1071	$1073	:ui64
	CONST	$1076	4	:ui64
	MUL	$1077	$1074	$1076	:ui64
	ADD	$1078	$1014	$1077	:ptr
	LOAD	$1081	$1067	:ui32
	LOAD	$1084	$1078	:ui32
	SUB	$1085	$1084	$1081	:ui32
	CONST	$1086	1	:ui64
	CAST	$1087	$1085	:ui64
	SUB	$1088	$1087	$1086	:ui64
	CONST	$1092	1	:ui64
	CAST	$1093	$1081	:ui64
	MUL	$1094	$1093	$1092	:ui64
	ADD	$1095	$1010	$1094	:ptr
	CONST	$1105	9	:i32
	CAST	$1106	$1105	:ui64
	MUL	$1107	$1011	$1106	:ui64
	CONST	$1109	2	:i32
	CAST	$1110	$1109	:ui64
	ADD	$1111	$1107	$1110	:ui64
	CONST	$1113	4	:ui64
	MUL	$1114	$1111	$1113	:ui64
	ADD	$1115	$1014	$1114	:ptr
	CONST	$1117	2	:i32
	CAST	$1118	$1117	:ui64
	ADD	$1119	$1107	$1118	:ui64
	CONST	$1120	1	:i32
	CAST	$1121	$1120	:ui64
	ADD	$1122	$1119	$1121	:ui64
	CONST	$1124	4	:ui64
	MUL	$1125	$1122	$1124	:ui64
	ADD	$1126	$1014	$1125	:ptr
	LOAD	$1129	$1115	:ui32
	LOAD	$1132	$1126	:ui32
	SUB	$1133	$1132	$1129	:ui32
	CONST	$1134	1	:ui64
	CAST	$1135	$1133	:ui64
	SUB	$1136	$1135	$1134	:ui64
	CONST	$1140	1	:ui64
	CAST	$1141	$1129	:ui64
	MUL	$1142	$1141	$1140	:ui64
	ADD	$1143	$1010	$1142	:ptr
	CONST	$1153	9	:i32
	CAST	$1154	$1153	:ui64
	MUL	$1155	$1011	$1154	:ui64
	CONST	$1157	3	:i32
	CAST	$1158	$1157	:ui64
	ADD	$1159	$1155	$1158	:ui64
	CONST	$1161	4	:ui64
	MUL	$1162	$1159	$1161	:ui64
	ADD	$1163	$1014	$1162	:ptr
	CONST	$1165	3	:i32
	CAST	$1166	$1165	:ui64
	ADD	$1167	$1155	$1166	:ui64
	CONST	$1168	1	:i32
	CAST	$1169	$1168	:ui64
	ADD	$1170	$1167	$1169	:ui64
	CONST	$1172	4	:ui64
	MUL	$1173	$1170	$1172	:ui64
	ADD	$1174	$1014	$1173	:ptr
	LOAD	$1177	$1163	:ui32
	LOAD	$1180	$1174	:ui32
	SUB	$1181	$1180	$1177	:ui32
	CONST	$1182	1	:ui64
	CAST	$1183	$1181	:ui64
	SUB	$1184	$1183	$1182	:ui64
	CONST	$1188	1	:ui64
	CAST	$1189	$1177	:ui64
	MUL	$1190	$1189	$1188	:ui64
	ADD	$1191	$1010	$1190	:ptr
	CONST	$1201	9	:i32
	CAST	$1202	$1201	:ui64
	MUL	$1203	$1011	$1202	:ui64
	CONST	$1205	4	:i32
	CAST	$1206	$1205	:ui64
	ADD	$1207	$1203	$1206	:ui64
	CONST	$1209	4	:ui64
	MUL	$1210	$1207	$1209	:ui64
	ADD	$1211	$1014	$1210	:ptr
	CONST	$1213	4	:i32
	CAST	$1214	$1213	:ui64
	ADD	$1215	$1203	$1214	:ui64
	CONST	$1216	1	:i32
	CAST	$1217	$1216	:ui64
	ADD	$1218	$1215	$1217	:ui64
	CONST	$1220	4	:ui64
	MUL	$1221	$1218	$1220	:ui64
	ADD	$1222	$1014	$1221	:ptr
	LOAD	$1225	$1211	:ui32
	LOAD	$1228	$1222	:ui32
	SUB	$1229	$1228	$1225	:ui32
	CONST	$1230	1	:ui64
	CAST	$1231	$1229	:ui64
	SUB	$1232	$1231	$1230	:ui64
	CONST	$1236	1	:ui64
	CAST	$1237	$1225	:ui64
	MUL	$1238	$1237	$1236	:ui64
	ADD	$1239	$1010	$1238	:ptr
	CONST	$1249	9	:i32
	CAST	$1250	$1249	:ui64
	MUL	$1251	$1011	$1250	:ui64
	CONST	$1253	5	:i32
	CAST	$1254	$1253	:ui64
	ADD	$1255	$1251	$1254	:ui64
	CONST	$1257	4	:ui64
	MUL	$1258	$1255	$1257	:ui64
	ADD	$1259	$1014	$1258	:ptr
	CONST	$1261	5	:i32
	CAST	$1262	$1261	:ui64
	ADD	$1263	$1251	$1262	:ui64
	CONST	$1264	1	:i32
	CAST	$1265	$1264	:ui64
	ADD	$1266	$1263	$1265	:ui64
	CONST	$1268	4	:ui64
	MUL	$1269	$1266	$1268	:ui64
	ADD	$1270	$1014	$1269	:ptr
	LOAD	$1273	$1259	:ui32
	LOAD	$1276	$1270	:ui32
	SUB	$1277	$1276	$1273	:ui32
	CONST	$1278	1	:ui64
	CAST	$1279	$1277	:ui64
	SUB	$1280	$1279	$1278	:ui64
	CONST	$1284	1	:ui64
	CAST	$1285	$1273	:ui64
	MUL	$1286	$1285	$1284	:ui64
	ADD	$1287	$1010	$1286	:ptr
	CONST	$1297	9	:i32
	CAST	$1298	$1297	:ui64
	MUL	$1299	$1011	$1298	:ui64
	CONST	$1301	6	:i32
	CAST	$1302	$1301	:ui64
	ADD	$1303	$1299	$1302	:ui64
	CONST	$1305	4	:ui64
	MUL	$1306	$1303	$1305	:ui64
	ADD	$1307	$1014	$1306	:ptr
	CONST	$1309	6	:i32
	CAST	$1310	$1309	:ui64
	ADD	$1311	$1299	$1310	:ui64
	CONST	$1312	1	:i32
	CAST	$1313	$1312	:ui64
	ADD	$1314	$1311	$1313	:ui64
	CONST	$1316	4	:ui64
	MUL	$1317	$1314	$1316	:ui64
	ADD	$1318	$1014	$1317	:ptr
	LOAD	$1321	$1307	:ui32
	LOAD	$1324	$1318	:ui32
	SUB	$1325	$1324	$1321	:ui32
	CONST	$1326	1	:ui64
	CAST	$1327	$1325	:ui64
	SUB	$1328	$1327	$1326	:ui64
	CONST	$1332	1	:ui64
	CAST	$1333	$1321	:ui64
	MUL	$1334	$1333	$1332	:ui64
	ADD	$1335	$1010	$1334	:ptr
	CALL	$1336	0x56076662f290($1335,$1328)	:ui64
	CONST	$1339	9	:i32
	CAST	$1340	$1339	:ui64
	MUL	$1341	$1011	$1340	:ui64
	CONST	$1343	7	:i32
	CAST	$1344	$1343	:ui64
	ADD	$1345	$1341	$1344	:ui64
	CONST	$1347	4	:ui64
	MUL	$1348	$1345	$1347	:ui64
	ADD	$1349	$1014	$1348	:ptr
	CONST	$1351	7	:i32
	CAST	$1352	$1351	:ui64
	ADD	$1353	$1341	$1352	:ui64
	CONST	$1354	1	:i32
	CAST	$1355	$1354	:ui64
	ADD	$1356	$1353	$1355	:ui64
	CONST	$1358	4	:ui64
	MUL	$1359	$1356	$1358	:ui64
	ADD	$1360	$1014	$1359	:ptr
	LOAD	$1363	$1349	:ui32
	LOAD	$1366	$1360	:ui32
	SUB	$1367	$1366	$1363	:ui32
	CONST	$1368	0	:ui64
	CAST	$1369	$1367	:ui64
	SUB	$1370	$1369	$1368	:ui64
	CONST	$1374	1	:ui64
	CAST	$1375	$1363	:ui64
	MUL	$1376	$1375	$1374	:ui64
	ADD	$1377	$1010	$1376	:ptr
	CONST	$1393	16384	:ui64
	GTE	$1394	$56	$1393	:bool
	CMP	$1395	$1394	B24($7,$18,$19,$16,$17,$14,$15,$13,$1191,$1184,$57,$56)	B25($7,$57,$18,$19,$16,$17,$14,$15,$56,$13,$1191,$1184)	:void
B23($7:ptr,$57:ptr,$18:ui64,$19:bool,$16:ui64,$17:ui64,$14:ui64,$15:ui64,$56:ui64)
	CONST	$1442	true	:bool
	JMP	$0	B28($7,$57,$1442,$18,$19,$16,$17,$14,$15,$56)	:void
B24($7:ptr,$18:ui64,$19:bool,$16:ui64,$17:ui64,$14:ui64,$15:ui64,$13:ptr,$1392:ptr,$1391:ui64,$57:ptr,$56:ui64)
	CONST	$1396	false	:bool
	CALL	$1397	0x5607666d0780($57,$56)	:void
	CALL	$1398	0x5607666d0c20($57,$15)	:void
	CALL	$1399	0x5607666d08f0($57,$14)	:void
	CALL	$1400	0x5607666d0960($57,$17)	:void
	CALL	$1401	0x5607666d0d00($57,$16)	:void
	CONST	$1402	1	:ui64
	CALL	$1403	0x5607664481d0($7,$1402)	:ptr
	CALL	$1404	0x5607664358f0($1403,$1396,$18,$19,$57)	:void
	CALL	$1405	0x560766447de0($7,$57)	:void
	CALL	$1406	0x560766448250($7)	:ptr
	CALL	$1408	0x5607666d0800($1406)	:ptr
	CONST	$1409	0	:ui64
	JMP	$0	B29($7,$1406,$18,$19,$16,$17,$14,$15,$1409,$13,$1392,$1391)	:void
B25($7:ptr,$57:ptr,$18:ui64,$19:bool,$16:ui64,$17:ui64,$14:ui64,$15:ui64,$56:ui64,$13:ptr,$1392:ptr,$1391:ui64)
	JMP	$0	B29($7,$57,$18,$19,$16,$17,$14,$15,$56,$13,$1392,$1391)	:void
B26($7:ptr,$57:ptr,$520:bool,$18:ui64,$19:bool,$16:ui64,$17:ui64,$14:ui64,$15:ui64,$56:ui64) ControlFlowMerge
	JMP	$0	B28($7,$57,$520,$18,$19,$16,$17,$14,$15,$56)	:void
B27($7:ptr,$18:ui64,$19:bool,$16:ui64,$17:ui64,$14:ui64,$15:ui64,$13:ptr,$57:ptr,$59:ptr,$20:ptr,$10:ptr,$548:ptr,$542:ui64,$56:ui64,$943:ptr,$942:ui64) ControlFlowMerge
	CALL	$961	0x5607666d0800($57)	:ptr
	CONST	$963	16	:ui64
	MUL	$964	$963	$56	:ui64
	CONST	$966	1	:ui64
	MUL	$967	$964	$966	:ui64
	ADD	$968	$961	$967	:ptr
	CONST	$970	0	:ui64
	CONST	$972	1	:ui64
	MUL	$973	$970	$972	:ui64
	ADD	$974	$968	$973	:ptr
	CALL	$981	0x5607666da080($57,$13,$943,$942,$974)	:void
	CONST	$983	1	:i32
	CAST	$984	$983	:ui64
	ADD	$985	$56	$984	:ui64
	CONST	$986	1	:i32
	CAST	$987	$986	:ui64
	ADD	$988	$542	$987	:ui64
	JMP	$0	B21($7,$18,$19,$16,$17,$14,$15,$13,$57,$985,$59,$20,$10,$988,$548)	:void
B28($7:ptr,$57:ptr,$520:bool,$18:ui64,$19:bool,$16:ui64,$17:ui64,$14:ui64,$15:ui64,$56:ui64) ControlFlowMerge
	CALL	$521	0x5607666d0780($57,$56)	:void
	CALL	$522	0x5607666d0c20($57,$15)	:void
	CALL	$523	0x5607666d08f0($57,$14)	:void
	CALL	$524	0x5607666d0960($57,$17)	:void
	CALL	$525	0x5607666d0d00($57,$16)	:void
	CONST	$526	1	:ui64
	CALL	$527	0x5607664481d0($7,$526)	:ptr
	CALL	$528	0x5607664358f0($527,$520,$18,$19,$57)	:void
	CALL	$529	0x560766447de0($7,$57)	:void
	JMP	$0	B30()	:void
B29($7:ptr,$57:ptr,$18:ui64,$19:bool,$16:ui64,$17:ui64,$14:ui64,$15:ui64,$56:ui64,$13:ptr,$1392:ptr,$1391:ui64) ControlFlowMerge
	CALL	$1410	0x5607666d0800($57)	:ptr
	CONST	$1412	16	:ui64
	MUL	$1413	$1412	$56	:ui64
	CONST	$1415	1	:ui64
	MUL	$1416	$1413	$1415	:ui64
	ADD	$1417	$1410	$1416	:ptr
	CONST	$1419	0	:ui64
	CONST	$1421	1	:ui64
	MUL	$1422	$1419	$1421	:ui64
	ADD	$1423	$1417	$1422	:ptr
	CALL	$1430	0x5607666da080($57,$13,$1392,$1391,$1423)	:void
	CONST	$1432	1	:i32
	CAST	$1433	$1432	:ui64
	ADD	$1434	$56	$1433	:ui64
	CONST	$1435	true	:bool
	JMP	$0	B26($7,$57,$1435,$18,$19,$16,$17,$14,$15,$1434)	:void
B30()
	RETURN	$0	:void
