B0($1:ptr,$2:ptr,$3:ptr)
	ASSIGN	$4	$1	:ptr
	ASSIGN	$5	$2	:ptr
	ASSIGN	$6	$3	:ptr
	ASSIGN	$7	$4	:ptr
	CALL	$8	0x55eb41eae4e0($4)	:ui32
	CALL	$9	0x55eb41eae510($4)	:ptr
	ASSIGN	$10	$6	:ptr
	CONST	$11	0	:ui64
	CONST	$12	*	:ptr
	ASSIGN	$13	$9	:ptr
	CONST	$14	0	:ui64
	CONST	$15	0	:ui64
	CONST	$16	0	:ui64
	CONST	$17	0	:ui64
	CONST	$18	0	:ui64
	CONST	$19	true	:bool
	ASSIGN	$20	$5	:ptr
	CALL	$21	0x55eb421b6d00($20)	:ui64
	ASSIGN	$15	$21	:ui64
	CALL	$22	0x55eb421b69d0($20)	:ui64
	ASSIGN	$14	$22	:ui64
	CALL	$23	0x55eb421b6e20($20)	:ui64
	ASSIGN	$16	$23	:ui64
	CALL	$24	0x55eb421b6df0($20)	:ui64
	ASSIGN	$17	$24	:ui64
	CALL	$25	0x55eb421b6ba0($20)	:ui64
	ASSIGN	$18	$25	:ui64
	CALL	$26	0x55eb421b6c90($20)	:bool
	ASSIGN	$19	$26	:bool
	CONST	$27	*	:ptr
	ASSIGN	$28	$10	:ptr
	CALL	$29	0x55eb421a0000($20,$27,$28)	:ptr
	ASSIGN	$30	$29	:ptr
	ASSIGN	$31	$30	:ptr
	CONST	$32	34	:ui64
	ASSIGN	$33	$32	:ui64
	CONST	$34	1	:ui64
	MUL	$35	$33	$34	:ui64
	ADD	$36	$31	$35	:ptr
	ASSIGN	$37	$36	:ptr
	ASSIGN	$38	$37	:ptr
	LOAD	$39	$38	:bool
	CMP	$40	$39	B1()	B2()	:void
B1()
	CONST	$41	false	:bool
	NOT	$42	$41	:bool
	CMP	$43	$42	B3()	B4()	:void
B2()
	CONST	$48	true	:bool
	NOT	$49	$48	:bool
	CMP	$50	$49	B5()	B6()	:void
B3()
	JMP	$0	B7()	:void
B4()
	JMP	$0	B16()	:void
B5()
	JMP	$0	B7()	:void
B6()
	JMP	$0	B16()	:void
B7() ControlFlowMerge
	CALL	$44	0x55eb41ec5f60($4,$5)	:void
	RETURN	$0	:void
B8()
	ASSIGN	$70	$59	:ptr
	CONST	$71	48	:ui64
	ASSIGN	$72	$71	:ui64
	CONST	$73	1	:ui64
	MUL	$74	$72	$73	:ui64
	ADD	$75	$70	$74	:ptr
	ASSIGN	$76	$59	:ptr
	CONST	$77	0	:ui64
	ASSIGN	$78	$77	:ui64
	CONST	$79	1	:ui64
	MUL	$80	$78	$79	:ui64
	ADD	$81	$76	$80	:ptr
	ASSIGN	$82	$81	:ptr
	ASSIGN	$83	$82	:ptr
	LOAD	$84	$83	:ptr
	CONST	$85	0	:ui64
	ASSIGN	$86	$75	:ptr
	ASSIGN	$87	$86	:ptr
	CONST	$88	0	:ui32
	CONST	$89	*	:ptr
	ASSIGN	$90	$88	:ui32
	ASSIGN	$91	$87	:ptr
	ASSIGN	$92	$89	:ptr
	CALL	$93	0x55eb421af710($90,$91,$92)	:ui64
	ASSIGN	$94	$93	:ui64
	ASSIGN	$95	$94	:ui64
	CONST	$96	1	:ui32
	CONST	$97	*	:ptr
	ASSIGN	$98	$96	:ui32
	ASSIGN	$99	$87	:ptr
	ASSIGN	$100	$97	:ptr
	CALL	$101	0x55eb421addb0($98,$99,$100)	:i32
	ASSIGN	$102	$101	:i32
	ASSIGN	$103	$102	:i32
	CONST	$104	2	:ui32
	CONST	$105	*	:ptr
	ASSIGN	$106	$104	:ui32
	ASSIGN	$107	$87	:ptr
	ASSIGN	$108	$105	:ptr
	CALL	$109	0x55eb421addb0($106,$107,$108)	:i32
	ASSIGN	$110	$109	:i32
	ASSIGN	$111	$110	:i32
	CONST	$112	3	:ui32
	CONST	$113	*	:ptr
	ASSIGN	$114	$112	:ui32
	ASSIGN	$115	$87	:ptr
	ASSIGN	$116	$113	:ptr
	CALL	$117	0x55eb421b0480($114,$115,$116)	:f64
	ASSIGN	$118	$117	:f64
	ASSIGN	$119	$118	:f64
	CALL	$120	0x55eb4219d370($87)	:void
	ASSIGN	$121	$111	:i32
	CONST	$122	1001	:i32
	EQ	$123	$121	$122	:bool
	ASSIGN	$124	$123	:bool
	ASSIGN	$125	$111	:i32
	CONST	$126	1002	:i32
	EQ	$127	$125	$126	:bool
	ASSIGN	$128	$127	:bool
	OR	$129	$124	$128	:bool
	ASSIGN	$130	$129	:bool
	CONST	$131	false	:bool
	EQ	$132	$130	$131	:bool
	NOT	$133	$132	:bool
	CMP	$134	$133	B10()	B11()	:void
B9()
	JMP	$0	B17()	:void
B10()
	ASSIGN	$135	$103	:i32
	ASSIGN	$136	$135	:i32
	ASSIGN	$137	$135	:i32
	CONST	$138	65536	:ui64
	GTE	$139	$56	$138	:bool
	CMP	$140	$139	B12()	B13()	:void
B11()
	JMP	$0	B18()	:void
B12()
	CONST	$141	false	:bool
	CALL	$142	0x55eb421b68d0($57,$56)	:void
	CALL	$143	0x55eb421b6d70($57,$15)	:void
	CALL	$144	0x55eb421b6a40($57,$14)	:void
	CALL	$145	0x55eb421b6ab0($57,$17)	:void
	CALL	$146	0x55eb421b6e50($57,$16)	:void
	CONST	$147	1	:ui64
	CALL	$148	0x55eb41eaea00($7,$147)	:ptr
	CALL	$149	0x55eb41e9cac0($148,$141,$18,$19,$57)	:void
	CALL	$150	0x55eb41eae610($7,$57)	:void
	CALL	$151	0x55eb41eaea80($7)	:ptr
	ASSIGN	$152	$151	:ptr
	ASSIGN	$57	$152	:ptr
	CALL	$153	0x55eb421b6950($57)	:ptr
	ASSIGN	$58	$153	:ptr
	CONST	$154	0	:ui64
	ASSIGN	$56	$154	:ui64
	JMP	$0	B19()	:void
B13()
	JMP	$0	B19()	:void
B14()
	CONST	$192	true	:bool
	JMP	$0	B33()	:void
B15()
	CONST	$217	0	:ui64
	ASSIGN	$218	$59	:ptr
	CONST	$219	192	:ui64
	ASSIGN	$220	$219	:ui64
	CONST	$221	1	:ui64
	MUL	$222	$220	$221	:ui64
	ADD	$223	$218	$222	:ptr
	JMP	$0	B26()	:void
B16() ControlFlowMerge
	CALL	$54	0x55eb41eaea80($7)	:ptr
	ASSIGN	$55	$54	:ptr
	CONST	$56	0	:ui64
	ASSIGN	$57	$55	:ptr
	CALL	$58	0x55eb421b6950($55)	:ptr
	CALL	$59	0x55eb4219b910()	:ptr
	ASSIGN	$60	$59	:ptr
	CONST	$61	32	:ui64
	ASSIGN	$62	$61	:ui64
	CONST	$63	1	:ui64
	MUL	$64	$62	$63	:ui64
	ADD	$65	$60	$64	:ptr
	ASSIGN	$66	$65	:ptr
	ASSIGN	$67	$66	:ptr
	LOAD	$68	$67	:bool
	CMP	$69	$68	B8()	B9()	:void
B17() ControlFlowMerge
	JMP	$0	B18()	:void
B18() ControlFlowMerge
	ASSIGN	$181	$59	:ptr
	CONST	$182	33	:ui64
	ASSIGN	$183	$182	:ui64
	CONST	$184	1	:ui64
	MUL	$185	$183	$184	:ui64
	ADD	$186	$181	$185	:ptr
	ASSIGN	$187	$186	:ptr
	ASSIGN	$188	$187	:ptr
	LOAD	$189	$188	:bool
	NOT	$190	$189	:bool
	CMP	$191	$190	B14()	B15()	:void
B19() ControlFlowMerge
	CALL	$155	0x55eb421b6950($57)	:ptr
	ASSIGN	$156	$155	:ptr
	CONST	$157	4	:ui64
	MUL	$158	$157	$56	:ui64
	ASSIGN	$159	$158	:ui64
	CONST	$160	1	:ui64
	MUL	$161	$159	$160	:ui64
	ADD	$162	$156	$161	:ptr
	ASSIGN	$163	$162	:ptr
	CONST	$164	0	:ui64
	ASSIGN	$165	$164	:ui64
	CONST	$166	1	:ui64
	MUL	$167	$165	$166	:ui64
	ADD	$168	$163	$167	:ptr
	ASSIGN	$169	$137	:i32
	ASSIGN	$170	$169	:i32
	ASSIGN	$171	$170	:i32
	ASSIGN	$172	$171	:i32
	ASSIGN	$173	$168	:ptr
	ASSIGN	$174	$173	:ptr
	ASSIGN	$175	$172	:i32
	STORE	$176	$174	$175	:void
	ASSIGN	$177	$169	:i32
	CONST	$178	1	:i32
	CAST	$179	$178	:ui64
	ADD	$180	$56	$179	:ui64
	ASSIGN	$56	$180	:ui64
	JMP	$0	B17()	:void
B20()
	CALL	$236	0x55eb421b6950($20)	:ptr
	ASSIGN	$237	$223	:ptr
	ASSIGN	$238	$237	:ptr
	CONST	$239	0	:ui32
	CONST	$240	*	:ptr
	ASSIGN	$241	$239	:ui32
	ASSIGN	$242	$238	:ptr
	ASSIGN	$243	$240	:ptr
	CALL	$244	0x55eb421af710($241,$242,$243)	:ui64
	ASSIGN	$245	$244	:ui64
	ASSIGN	$246	$245	:ui64
	CONST	$247	1	:ui32
	CONST	$248	*	:ptr
	ASSIGN	$249	$247	:ui32
	ASSIGN	$250	$238	:ptr
	ASSIGN	$251	$248	:ptr
	CALL	$252	0x55eb421addb0($249,$250,$251)	:i32
	ASSIGN	$253	$252	:i32
	ASSIGN	$254	$253	:i32
	CONST	$255	2	:ui32
	CONST	$256	*	:ptr
	ASSIGN	$257	$255	:ui32
	ASSIGN	$258	$238	:ptr
	ASSIGN	$259	$256	:ptr
	CALL	$260	0x55eb421addb0($257,$258,$259)	:i32
	ASSIGN	$261	$260	:i32
	ASSIGN	$262	$261	:i32
	CONST	$263	3	:ui32
	CONST	$264	*	:ptr
	ASSIGN	$265	$263	:ui32
	ASSIGN	$266	$238	:ptr
	ASSIGN	$267	$264	:ptr
	CALL	$268	0x55eb421b0480($265,$266,$267)	:f64
	ASSIGN	$269	$268	:f64
	ASSIGN	$270	$269	:f64
	CALL	$271	0x55eb4219d370($238)	:void
	ASSIGN	$272	$262	:i32
	CONST	$273	1001	:i32
	EQ	$274	$272	$273	:bool
	ASSIGN	$275	$274	:bool
	ASSIGN	$276	$262	:i32
	CONST	$277	1002	:i32
	EQ	$278	$276	$277	:bool
	ASSIGN	$279	$278	:bool
	OR	$280	$275	$279	:bool
	ASSIGN	$281	$280	:bool
	CONST	$282	false	:bool
	EQ	$283	$281	$282	:bool
	NOT	$284	$283	:bool
	CMP	$285	$284	B22()	B23()	:void
B21()
	CONST	$338	*	:ptr
	ASSIGN	$339	$10	:ptr
	CALL	$340	0x55eb4219ecf0($20,$338,$339)	:bool
	CMP	$341	$340	B27()	B28()	:void
B22()
	ASSIGN	$286	$254	:i32
	ASSIGN	$287	$286	:i32
	ASSIGN	$288	$286	:i32
	CONST	$289	65536	:ui64
	GTE	$290	$56	$289	:bool
	CMP	$291	$290	B24()	B25()	:void
B23()
	CONST	$457	1	:i32
	CAST	$458	$457	:ui64
	ADD	$459	$217	$458	:ui64
	ASSIGN	$217	$459	:ui64
	JMP	$0	B34()	:void
B24()
	CONST	$292	false	:bool
	CALL	$293	0x55eb421b68d0($57,$56)	:void
	CALL	$294	0x55eb421b6d70($57,$15)	:void
	CALL	$295	0x55eb421b6a40($57,$14)	:void
	CALL	$296	0x55eb421b6ab0($57,$17)	:void
	CALL	$297	0x55eb421b6e50($57,$16)	:void
	CONST	$298	1	:ui64
	CALL	$299	0x55eb41eaea00($7,$298)	:ptr
	CALL	$300	0x55eb41e9cac0($299,$292,$18,$19,$57)	:void
	CALL	$301	0x55eb41eae610($7,$57)	:void
	CALL	$302	0x55eb41eaea80($7)	:ptr
	ASSIGN	$303	$302	:ptr
	ASSIGN	$57	$303	:ptr
	CALL	$304	0x55eb421b6950($57)	:ptr
	ASSIGN	$58	$304	:ptr
	CONST	$305	0	:ui64
	ASSIGN	$56	$305	:ui64
	JMP	$0	B35()	:void
B25()
	JMP	$0	B35()	:void
B26() ControlFlowMerge
	JMP	$0	B34()	:void
B27()
	ASSIGN	$342	$59	:ptr
	CONST	$343	120	:ui64
	ASSIGN	$344	$343	:ui64
	CONST	$345	1	:ui64
	MUL	$346	$344	$345	:ui64
	ADD	$347	$342	$346	:ptr
	ASSIGN	$348	$59	:ptr
	CONST	$349	16	:ui64
	ASSIGN	$350	$349	:ui64
	CONST	$351	1	:ui64
	MUL	$352	$350	$351	:ui64
	ADD	$353	$348	$352	:ptr
	ASSIGN	$354	$353	:ptr
	ASSIGN	$355	$354	:ptr
	LOAD	$356	$355	:ptr
	CONST	$357	0	:ui64
	ASSIGN	$358	$347	:ptr
	ASSIGN	$359	$358	:ptr
	CONST	$360	0	:ui32
	CONST	$361	*	:ptr
	ASSIGN	$362	$360	:ui32
	ASSIGN	$363	$359	:ptr
	ASSIGN	$364	$361	:ptr
	CALL	$365	0x55eb421af710($362,$363,$364)	:ui64
	ASSIGN	$366	$365	:ui64
	ASSIGN	$367	$366	:ui64
	CONST	$368	1	:ui32
	CONST	$369	*	:ptr
	ASSIGN	$370	$368	:ui32
	ASSIGN	$371	$359	:ptr
	ASSIGN	$372	$369	:ptr
	CALL	$373	0x55eb421addb0($370,$371,$372)	:i32
	ASSIGN	$374	$373	:i32
	ASSIGN	$375	$374	:i32
	CONST	$376	2	:ui32
	CONST	$377	*	:ptr
	ASSIGN	$378	$376	:ui32
	ASSIGN	$379	$359	:ptr
	ASSIGN	$380	$377	:ptr
	CALL	$381	0x55eb421addb0($378,$379,$380)	:i32
	ASSIGN	$382	$381	:i32
	ASSIGN	$383	$382	:i32
	CONST	$384	3	:ui32
	CONST	$385	*	:ptr
	ASSIGN	$386	$384	:ui32
	ASSIGN	$387	$359	:ptr
	ASSIGN	$388	$385	:ptr
	CALL	$389	0x55eb421b0480($386,$387,$388)	:f64
	ASSIGN	$390	$389	:f64
	ASSIGN	$391	$390	:f64
	CALL	$392	0x55eb4219d370($359)	:void
	ASSIGN	$393	$383	:i32
	CONST	$394	1001	:i32
	EQ	$395	$393	$394	:bool
	ASSIGN	$396	$395	:bool
	ASSIGN	$397	$383	:i32
	CONST	$398	1002	:i32
	EQ	$399	$397	$398	:bool
	ASSIGN	$400	$399	:bool
	OR	$401	$396	$400	:bool
	ASSIGN	$402	$401	:bool
	CONST	$403	false	:bool
	EQ	$404	$402	$403	:bool
	NOT	$405	$404	:bool
	CMP	$406	$405	B29()	B30()	:void
B28()
	CONST	$466	true	:bool
	ASSIGN	$192	$466	:bool
	JMP	$0	B36()	:void
B29()
	ASSIGN	$407	$375	:i32
	ASSIGN	$408	$407	:i32
	ASSIGN	$409	$407	:i32
	CONST	$410	65536	:ui64
	GTE	$411	$56	$410	:bool
	CMP	$412	$411	B31()	B32()	:void
B30()
	CONST	$470	true	:bool
	ASSIGN	$192	$470	:bool
	JMP	$0	B37()	:void
B31()
	CONST	$413	false	:bool
	CALL	$414	0x55eb421b68d0($57,$56)	:void
	CALL	$415	0x55eb421b6d70($57,$15)	:void
	CALL	$416	0x55eb421b6a40($57,$14)	:void
	CALL	$417	0x55eb421b6ab0($57,$17)	:void
	CALL	$418	0x55eb421b6e50($57,$16)	:void
	CONST	$419	1	:ui64
	CALL	$420	0x55eb41eaea00($7,$419)	:ptr
	CALL	$421	0x55eb41e9cac0($420,$413,$18,$19,$57)	:void
	CALL	$422	0x55eb41eae610($7,$57)	:void
	CALL	$423	0x55eb41eaea80($7)	:ptr
	ASSIGN	$424	$423	:ptr
	ASSIGN	$57	$424	:ptr
	CALL	$425	0x55eb421b6950($57)	:ptr
	ASSIGN	$58	$425	:ptr
	CONST	$426	0	:ui64
	ASSIGN	$56	$426	:ui64
	JMP	$0	B38()	:void
B32()
	JMP	$0	B38()	:void
B33() ControlFlowMerge
	JMP	$0	B36()	:void
B34() ControlFlowMerge
	ASSIGN	$224	$223	:ptr
	ASSIGN	$225	$224	:ptr
	CONST	$226	0	:ui64
	ASSIGN	$227	$226	:ui64
	CONST	$228	1	:ui64
	MUL	$229	$227	$228	:ui64
	ADD	$230	$225	$229	:ptr
	ASSIGN	$231	$230	:ptr
	ASSIGN	$232	$231	:ptr
	LOAD	$233	$232	:bool
	NOT	$234	$233	:bool
	CMP	$235	$234	B20()	B21()	:void
B35() ControlFlowMerge
	CALL	$306	0x55eb421b6950($57)	:ptr
	ASSIGN	$307	$306	:ptr
	CONST	$308	4	:ui64
	MUL	$309	$308	$56	:ui64
	ASSIGN	$310	$309	:ui64
	CONST	$311	1	:ui64
	MUL	$312	$310	$311	:ui64
	ADD	$313	$307	$312	:ptr
	ASSIGN	$314	$313	:ptr
	CONST	$315	0	:ui64
	ASSIGN	$316	$315	:ui64
	CONST	$317	1	:ui64
	MUL	$318	$316	$317	:ui64
	ADD	$319	$314	$318	:ptr
	ASSIGN	$320	$288	:i32
	ASSIGN	$321	$320	:i32
	ASSIGN	$322	$321	:i32
	ASSIGN	$323	$322	:i32
	ASSIGN	$324	$319	:ptr
	ASSIGN	$325	$324	:ptr
	ASSIGN	$326	$323	:i32
	STORE	$327	$325	$326	:void
	ASSIGN	$328	$320	:i32
	CONST	$329	1	:i32
	CAST	$330	$329	:ui64
	ADD	$331	$56	$330	:ui64
	ASSIGN	$56	$331	:ui64
	CONST	$332	1	:i32
	CAST	$333	$332	:ui64
	ADD	$334	$217	$333	:ui64
	ASSIGN	$217	$334	:ui64
	JMP	$0	B26()	:void
B36() ControlFlowMerge
	JMP	$0	B37()	:void
B37() ControlFlowMerge
	CALL	$193	0x55eb421b68d0($57,$56)	:void
	CALL	$194	0x55eb421b6d70($57,$15)	:void
	CALL	$195	0x55eb421b6a40($57,$14)	:void
	CALL	$196	0x55eb421b6ab0($57,$17)	:void
	CALL	$197	0x55eb421b6e50($57,$16)	:void
	CONST	$198	1	:ui64
	CALL	$199	0x55eb41eaea00($7,$198)	:ptr
	CALL	$200	0x55eb41e9cac0($199,$192,$18,$19,$57)	:void
	CALL	$201	0x55eb41eae610($7,$57)	:void
	RETURN	$0	:void
B38() ControlFlowMerge
	CALL	$427	0x55eb421b6950($57)	:ptr
	ASSIGN	$428	$427	:ptr
	CONST	$429	4	:ui64
	MUL	$430	$429	$56	:ui64
	ASSIGN	$431	$430	:ui64
	CONST	$432	1	:ui64
	MUL	$433	$431	$432	:ui64
	ADD	$434	$428	$433	:ptr
	ASSIGN	$435	$434	:ptr
	CONST	$436	0	:ui64
	ASSIGN	$437	$436	:ui64
	CONST	$438	1	:ui64
	MUL	$439	$437	$438	:ui64
	ADD	$440	$435	$439	:ptr
	ASSIGN	$441	$409	:i32
	ASSIGN	$442	$441	:i32
	ASSIGN	$443	$442	:i32
	ASSIGN	$444	$443	:i32
	ASSIGN	$445	$440	:ptr
	ASSIGN	$446	$445	:ptr
	ASSIGN	$447	$444	:i32
	STORE	$448	$446	$447	:void
	ASSIGN	$449	$441	:i32
	CONST	$450	1	:i32
	CAST	$451	$450	:ui64
	ADD	$452	$56	$451	:ui64
	ASSIGN	$56	$452	:ui64
	CONST	$453	true	:bool
	ASSIGN	$192	$453	:bool
	JMP	$0	B33()	:void
