B0($1:ptr,$2:ptr,$3:ptr)
	ASSIGN	$4	$1	:ptr
	ASSIGN	$5	$2	:ptr
	ASSIGN	$6	$3	:ptr
	ASSIGN	$7	$4	:ptr
	CALL	$8	0x5604887d2cf0($4)	:ui32
	CALL	$9	0x5604887d2d20($4)	:ptr
	ASSIGN	$10	$6	:ptr
	CONST	$11	0	:ui64
	CONST	$12	*	:ptr
	ASSIGN	$13	$9	:ptr
	CONST	$14	0	:ui64
	CONST	$15	0	:ui64
	CONST	$16	0	:ui64
	CONST	$17	0	:ui64
	CONST	$18	0	:ui64
	CONST	$19	true	:bool
	ASSIGN	$20	$5	:ptr
	CALL	$21	0x560488a5cb80($20)	:ui64
	ASSIGN	$15	$21	:ui64
	CALL	$22	0x560488a5c850($20)	:ui64
	ASSIGN	$14	$22	:ui64
	CALL	$23	0x560488a5cca0($20)	:ui64
	ASSIGN	$16	$23	:ui64
	CALL	$24	0x560488a5cc70($20)	:ui64
	ASSIGN	$17	$24	:ui64
	CALL	$25	0x560488a5ca20($20)	:ui64
	ASSIGN	$18	$25	:ui64
	CALL	$26	0x560488a5cb10($20)	:bool
	ASSIGN	$19	$26	:bool
	CONST	$27	*	:ptr
	ASSIGN	$28	$10	:ptr
	CALL	$29	0x560488a45250($20,$27,$28)	:ptr
	ASSIGN	$30	$29	:ptr
	ASSIGN	$31	$30	:ptr
	CONST	$32	34	:ui64
	ASSIGN	$33	$32	:ui64
	CONST	$34	1	:ui64
	MUL	$35	$33	$34	:ui64
	ADD	$36	$31	$35	:ptr
	ASSIGN	$37	$36	:ptr
	ASSIGN	$38	$37	:ptr
	LOAD	$39	$38	:bool
	CMP	$40	$39	B1()	B2()	:void
B1()
	CONST	$41	false	:bool
	NOT	$42	$41	:bool
	CMP	$43	$42	B3()	B4()	:void
B2()
	CONST	$48	true	:bool
	NOT	$49	$48	:bool
	CMP	$50	$49	B5()	B6()	:void
B3()
	JMP	$0	B7()	:void
B4()
	JMP	$0	B14()	:void
B5()
	JMP	$0	B7()	:void
B6()
	JMP	$0	B14()	:void
B7() ControlFlowMerge
	CALL	$44	0x5604887eb4e0($4,$5)	:void
	RETURN	$0	:void
B8()
	ASSIGN	$70	$59	:ptr
	CONST	$71	48	:ui64
	ASSIGN	$72	$71	:ui64
	CONST	$73	1	:ui64
	MUL	$74	$72	$73	:ui64
	ADD	$75	$70	$74	:ptr
	ASSIGN	$76	$59	:ptr
	CONST	$77	0	:ui64
	ASSIGN	$78	$77	:ui64
	CONST	$79	1	:ui64
	MUL	$80	$78	$79	:ui64
	ADD	$81	$76	$80	:ptr
	ASSIGN	$82	$81	:ptr
	ASSIGN	$83	$82	:ptr
	LOAD	$84	$83	:ptr
	CONST	$85	0	:ui64
	ASSIGN	$86	$75	:ptr
	ASSIGN	$87	$86	:ptr
	CONST	$88	0	:ui32
	CONST	$89	*	:ptr
	ASSIGN	$90	$88	:ui32
	ASSIGN	$91	$87	:ptr
	ASSIGN	$92	$89	:ptr
	CALL	$93	0x560488a53c30($90,$91,$92)	:i32
	ASSIGN	$94	$93	:i32
	ASSIGN	$95	$94	:i32
	CONST	$96	1	:ui32
	CONST	$97	*	:ptr
	ASSIGN	$98	$10	:ptr
	CALL	$99	0x560488a48750($96,$87,$97,$98)	:ptr
	ASSIGN	$100	$99	:ptr
	CONST	$101	0	:ui64
	ASSIGN	$102	$101	:ui64
	CONST	$103	1	:ui64
	MUL	$104	$102	$103	:ui64
	ADD	$105	$100	$104	:ptr
	ASSIGN	$106	$105	:ptr
	ASSIGN	$107	$106	:ptr
	LOAD	$108	$107	:ptr
	ASSIGN	$109	$99	:ptr
	CONST	$110	16	:ui64
	ASSIGN	$111	$110	:ui64
	CONST	$112	1	:ui64
	MUL	$113	$111	$112	:ui64
	ADD	$114	$109	$113	:ptr
	ASSIGN	$115	$114	:ptr
	ASSIGN	$116	$115	:ptr
	LOAD	$117	$116	:ui64
	ASSIGN	$118	$117	:ui64
	ASSIGN	$119	$108	:ptr
	ASSIGN	$120	$118	:ui64
	ASSIGN	$121	$119	:ptr
	ASSIGN	$122	$120	:ui64
	ASSIGN	$123	$121	:ptr
	ASSIGN	$124	$123	:ptr
	CONST	$125	2	:ui32
	CONST	$126	*	:ptr
	ASSIGN	$127	$10	:ptr
	CALL	$128	0x560488a48750($125,$87,$126,$127)	:ptr
	ASSIGN	$129	$128	:ptr
	CONST	$130	0	:ui64
	ASSIGN	$131	$130	:ui64
	CONST	$132	1	:ui64
	MUL	$133	$131	$132	:ui64
	ADD	$134	$129	$133	:ptr
	ASSIGN	$135	$134	:ptr
	ASSIGN	$136	$135	:ptr
	LOAD	$137	$136	:ptr
	ASSIGN	$138	$128	:ptr
	CONST	$139	16	:ui64
	ASSIGN	$140	$139	:ui64
	CONST	$141	1	:ui64
	MUL	$142	$140	$141	:ui64
	ADD	$143	$138	$142	:ptr
	ASSIGN	$144	$143	:ptr
	ASSIGN	$145	$144	:ptr
	LOAD	$146	$145	:ui64
	ASSIGN	$147	$146	:ui64
	ASSIGN	$148	$137	:ptr
	ASSIGN	$149	$147	:ui64
	ASSIGN	$150	$148	:ptr
	ASSIGN	$151	$149	:ui64
	ASSIGN	$152	$150	:ptr
	ASSIGN	$153	$152	:ptr
	CONST	$154	3	:ui32
	CONST	$155	*	:ptr
	ASSIGN	$156	$10	:ptr
	CALL	$157	0x560488a48750($154,$87,$155,$156)	:ptr
	ASSIGN	$158	$157	:ptr
	CONST	$159	0	:ui64
	ASSIGN	$160	$159	:ui64
	CONST	$161	1	:ui64
	MUL	$162	$160	$161	:ui64
	ADD	$163	$158	$162	:ptr
	ASSIGN	$164	$163	:ptr
	ASSIGN	$165	$164	:ptr
	LOAD	$166	$165	:ptr
	ASSIGN	$167	$157	:ptr
	CONST	$168	16	:ui64
	ASSIGN	$169	$168	:ui64
	CONST	$170	1	:ui64
	MUL	$171	$169	$170	:ui64
	ADD	$172	$167	$171	:ptr
	ASSIGN	$173	$172	:ptr
	ASSIGN	$174	$173	:ptr
	LOAD	$175	$174	:ui64
	ASSIGN	$176	$175	:ui64
	ASSIGN	$177	$166	:ptr
	ASSIGN	$178	$176	:ui64
	ASSIGN	$179	$177	:ptr
	ASSIGN	$180	$178	:ui64
	ASSIGN	$181	$179	:ptr
	ASSIGN	$182	$181	:ptr
	CONST	$183	4	:ui32
	CONST	$184	*	:ptr
	ASSIGN	$185	$10	:ptr
	CALL	$186	0x560488a48750($183,$87,$184,$185)	:ptr
	ASSIGN	$187	$186	:ptr
	CONST	$188	0	:ui64
	ASSIGN	$189	$188	:ui64
	CONST	$190	1	:ui64
	MUL	$191	$189	$190	:ui64
	ADD	$192	$187	$191	:ptr
	ASSIGN	$193	$192	:ptr
	ASSIGN	$194	$193	:ptr
	LOAD	$195	$194	:ptr
	ASSIGN	$196	$186	:ptr
	CONST	$197	16	:ui64
	ASSIGN	$198	$197	:ui64
	CONST	$199	1	:ui64
	MUL	$200	$198	$199	:ui64
	ADD	$201	$196	$200	:ptr
	ASSIGN	$202	$201	:ptr
	ASSIGN	$203	$202	:ptr
	LOAD	$204	$203	:ui64
	ASSIGN	$205	$204	:ui64
	ASSIGN	$206	$195	:ptr
	ASSIGN	$207	$205	:ui64
	ASSIGN	$208	$206	:ptr
	ASSIGN	$209	$207	:ui64
	ASSIGN	$210	$208	:ptr
	ASSIGN	$211	$210	:ptr
	CONST	$212	5	:ui32
	CONST	$213	*	:ptr
	ASSIGN	$214	$10	:ptr
	CALL	$215	0x560488a48750($212,$87,$213,$214)	:ptr
	ASSIGN	$216	$215	:ptr
	CONST	$217	0	:ui64
	ASSIGN	$218	$217	:ui64
	CONST	$219	1	:ui64
	MUL	$220	$218	$219	:ui64
	ADD	$221	$216	$220	:ptr
	ASSIGN	$222	$221	:ptr
	ASSIGN	$223	$222	:ptr
	LOAD	$224	$223	:ptr
	ASSIGN	$225	$215	:ptr
	CONST	$226	16	:ui64
	ASSIGN	$227	$226	:ui64
	CONST	$228	1	:ui64
	MUL	$229	$227	$228	:ui64
	ADD	$230	$225	$229	:ptr
	ASSIGN	$231	$230	:ptr
	ASSIGN	$232	$231	:ptr
	LOAD	$233	$232	:ui64
	ASSIGN	$234	$233	:ui64
	ASSIGN	$235	$224	:ptr
	ASSIGN	$236	$234	:ui64
	ASSIGN	$237	$235	:ptr
	ASSIGN	$238	$236	:ui64
	ASSIGN	$239	$237	:ptr
	ASSIGN	$240	$239	:ptr
	CONST	$241	6	:ui32
	CONST	$242	*	:ptr
	ASSIGN	$243	$241	:ui32
	ASSIGN	$244	$87	:ptr
	ASSIGN	$245	$242	:ptr
	CALL	$246	0x560488a55590($243,$244,$245)	:ui64
	ASSIGN	$247	$246	:ui64
	ASSIGN	$248	$247	:ui64
	CONST	$249	7	:ui32
	CONST	$250	*	:ptr
	ASSIGN	$251	$10	:ptr
	CALL	$252	0x560488a48750($249,$87,$250,$251)	:ptr
	ASSIGN	$253	$252	:ptr
	CONST	$254	0	:ui64
	ASSIGN	$255	$254	:ui64
	CONST	$256	1	:ui64
	MUL	$257	$255	$256	:ui64
	ADD	$258	$253	$257	:ptr
	ASSIGN	$259	$258	:ptr
	ASSIGN	$260	$259	:ptr
	LOAD	$261	$260	:ptr
	ASSIGN	$262	$252	:ptr
	CONST	$263	16	:ui64
	ASSIGN	$264	$263	:ui64
	CONST	$265	1	:ui64
	MUL	$266	$264	$265	:ui64
	ADD	$267	$262	$266	:ptr
	ASSIGN	$268	$267	:ptr
	ASSIGN	$269	$268	:ptr
	LOAD	$270	$269	:ui64
	ASSIGN	$271	$270	:ui64
	ASSIGN	$272	$261	:ptr
	ASSIGN	$273	$271	:ui64
	ASSIGN	$274	$272	:ptr
	ASSIGN	$275	$273	:ui64
	ASSIGN	$276	$274	:ptr
	ASSIGN	$277	$276	:ptr
	CALL	$278	0x560488a425c0($87)	:void
	CONST	$279	2427	:ui64
	GTE	$280	$56	$279	:bool
	CMP	$281	$280	B10()	B11()	:void
B9()
	JMP	$0	B15()	:void
B10()
	CONST	$282	false	:bool
	CALL	$283	0x560488a5c750($57,$56)	:void
	CALL	$284	0x560488a5cbf0($57,$15)	:void
	CALL	$285	0x560488a5c8c0($57,$14)	:void
	CALL	$286	0x560488a5c930($57,$17)	:void
	CALL	$287	0x560488a5ccd0($57,$16)	:void
	CONST	$288	3	:ui64
	CALL	$289	0x5604887d3210($7,$288)	:ptr
	CALL	$290	0x5604887c0930($289,$282,$18,$19,$57)	:void
	CALL	$291	0x5604887d2e20($7,$57)	:void
	CALL	$292	0x5604887d3290($7)	:ptr
	ASSIGN	$293	$292	:ptr
	ASSIGN	$57	$293	:ptr
	CALL	$294	0x560488a5c7d0($57)	:ptr
	ASSIGN	$58	$294	:ptr
	CONST	$295	0	:ui64
	ASSIGN	$56	$295	:ui64
	JMP	$0	B16()	:void
B11()
	JMP	$0	B16()	:void
B12()
	CONST	$432	true	:bool
	JMP	$0	B26()	:void
B13()
	CONST	$454	0	:ui64
	ASSIGN	$455	$59	:ptr
	CONST	$456	192	:ui64
	ASSIGN	$457	$456	:ui64
	CONST	$458	1	:ui64
	MUL	$459	$457	$458	:ui64
	ADD	$460	$455	$459	:ptr
	JMP	$0	B21()	:void
B14() ControlFlowMerge
	CALL	$54	0x5604887d3290($7)	:ptr
	ASSIGN	$55	$54	:ptr
	CONST	$56	0	:ui64
	ASSIGN	$57	$55	:ptr
	CALL	$58	0x560488a5c7d0($55)	:ptr
	CALL	$59	0x560488a40b40()	:ptr
	ASSIGN	$60	$59	:ptr
	CONST	$61	32	:ui64
	ASSIGN	$62	$61	:ui64
	CONST	$63	1	:ui64
	MUL	$64	$62	$63	:ui64
	ADD	$65	$60	$64	:ptr
	ASSIGN	$66	$65	:ptr
	ASSIGN	$67	$66	:ptr
	LOAD	$68	$67	:bool
	CMP	$69	$68	B8()	B9()	:void
B15() ControlFlowMerge
	ASSIGN	$421	$59	:ptr
	CONST	$422	33	:ui64
	ASSIGN	$423	$422	:ui64
	CONST	$424	1	:ui64
	MUL	$425	$423	$424	:ui64
	ADD	$426	$421	$425	:ptr
	ASSIGN	$427	$426	:ptr
	ASSIGN	$428	$427	:ptr
	LOAD	$429	$428	:bool
	NOT	$430	$429	:bool
	CMP	$431	$430	B12()	B13()	:void
B16() ControlFlowMerge
	CALL	$296	0x560488a5c7d0($57)	:ptr
	ASSIGN	$297	$296	:ptr
	CONST	$298	108	:ui64
	MUL	$299	$298	$56	:ui64
	ASSIGN	$300	$299	:ui64
	CONST	$301	1	:ui64
	MUL	$302	$300	$301	:ui64
	ADD	$303	$297	$302	:ptr
	ASSIGN	$304	$303	:ptr
	CONST	$305	0	:ui64
	ASSIGN	$306	$305	:ui64
	CONST	$307	1	:ui64
	MUL	$308	$306	$307	:ui64
	ADD	$309	$304	$308	:ptr
	ASSIGN	$310	$95	:i32
	ASSIGN	$311	$310	:i32
	ASSIGN	$312	$311	:i32
	ASSIGN	$313	$312	:i32
	ASSIGN	$314	$309	:ptr
	ASSIGN	$315	$314	:ptr
	ASSIGN	$316	$313	:i32
	STORE	$317	$315	$316	:void
	ASSIGN	$318	$310	:i32
	ASSIGN	$319	$303	:ptr
	CONST	$320	4	:ui64
	ASSIGN	$321	$320	:ui64
	CONST	$322	1	:ui64
	MUL	$323	$321	$322	:ui64
	ADD	$324	$319	$323	:ptr
	ASSIGN	$325	$122	:ui64
	ASSIGN	$326	$124	:ptr
	ASSIGN	$327	$325	:ui64
	ASSIGN	$328	$326	:ptr
	ASSIGN	$329	$328	:ptr
	ASSIGN	$330	$327	:ui64
	CALL	$331	0x560488a66050($57,$13,$329,$330,$324)	:void
	ASSIGN	$332	$326	:ptr
	ASSIGN	$333	$303	:ptr
	CONST	$334	20	:ui64
	ASSIGN	$335	$334	:ui64
	CONST	$336	1	:ui64
	MUL	$337	$335	$336	:ui64
	ADD	$338	$333	$337	:ptr
	ASSIGN	$339	$151	:ui64
	ASSIGN	$340	$153	:ptr
	ASSIGN	$341	$339	:ui64
	ASSIGN	$342	$340	:ptr
	ASSIGN	$343	$342	:ptr
	ASSIGN	$344	$341	:ui64
	CALL	$345	0x560488a66050($57,$13,$343,$344,$338)	:void
	ASSIGN	$346	$340	:ptr
	ASSIGN	$347	$303	:ptr
	CONST	$348	36	:ui64
	ASSIGN	$349	$348	:ui64
	CONST	$350	1	:ui64
	MUL	$351	$349	$350	:ui64
	ADD	$352	$347	$351	:ptr
	ASSIGN	$353	$180	:ui64
	ASSIGN	$354	$182	:ptr
	ASSIGN	$355	$353	:ui64
	ASSIGN	$356	$354	:ptr
	ASSIGN	$357	$356	:ptr
	ASSIGN	$358	$355	:ui64
	CALL	$359	0x560488a66050($57,$13,$357,$358,$352)	:void
	ASSIGN	$360	$354	:ptr
	ASSIGN	$361	$303	:ptr
	CONST	$362	52	:ui64
	ASSIGN	$363	$362	:ui64
	CONST	$364	1	:ui64
	MUL	$365	$363	$364	:ui64
	ADD	$366	$361	$365	:ptr
	ASSIGN	$367	$209	:ui64
	ASSIGN	$368	$211	:ptr
	ASSIGN	$369	$367	:ui64
	ASSIGN	$370	$368	:ptr
	ASSIGN	$371	$370	:ptr
	ASSIGN	$372	$369	:ui64
	CALL	$373	0x560488a66050($57,$13,$371,$372,$366)	:void
	ASSIGN	$374	$368	:ptr
	ASSIGN	$375	$303	:ptr
	CONST	$376	68	:ui64
	ASSIGN	$377	$376	:ui64
	CONST	$378	1	:ui64
	MUL	$379	$377	$378	:ui64
	ADD	$380	$375	$379	:ptr
	ASSIGN	$381	$238	:ui64
	ASSIGN	$382	$240	:ptr
	ASSIGN	$383	$381	:ui64
	ASSIGN	$384	$382	:ptr
	ASSIGN	$385	$384	:ptr
	ASSIGN	$386	$383	:ui64
	CALL	$387	0x560488a66050($57,$13,$385,$386,$380)	:void
	ASSIGN	$388	$382	:ptr
	ASSIGN	$389	$303	:ptr
	CONST	$390	84	:ui64
	ASSIGN	$391	$390	:ui64
	CONST	$392	1	:ui64
	MUL	$393	$391	$392	:ui64
	ADD	$394	$389	$393	:ptr
	ASSIGN	$395	$248	:ui64
	ASSIGN	$396	$395	:ui64
	ASSIGN	$397	$396	:ui64
	ASSIGN	$398	$397	:ui64
	ASSIGN	$399	$394	:ptr
	ASSIGN	$400	$399	:ptr
	ASSIGN	$401	$398	:ui64
	STORE	$402	$400	$401	:void
	ASSIGN	$403	$395	:ui64
	ASSIGN	$404	$303	:ptr
	CONST	$405	92	:ui64
	ASSIGN	$406	$405	:ui64
	CONST	$407	1	:ui64
	MUL	$408	$406	$407	:ui64
	ADD	$409	$404	$408	:ptr
	ASSIGN	$410	$275	:ui64
	ASSIGN	$411	$277	:ptr
	ASSIGN	$412	$410	:ui64
	ASSIGN	$413	$411	:ptr
	ASSIGN	$414	$413	:ptr
	ASSIGN	$415	$412	:ui64
	CALL	$416	0x560488a66050($57,$13,$414,$415,$409)	:void
	ASSIGN	$417	$411	:ptr
	CONST	$418	1	:i32
	CAST	$419	$418	:ui64
	ADD	$420	$56	$419	:ui64
	ASSIGN	$56	$420	:ui64
	JMP	$0	B15()	:void
B17()
	CALL	$473	0x560488a5c7d0($20)	:ptr
	ASSIGN	$474	$460	:ptr
	ASSIGN	$475	$474	:ptr
	CONST	$476	0	:ui32
	CONST	$477	*	:ptr
	ASSIGN	$478	$476	:ui32
	ASSIGN	$479	$475	:ptr
	ASSIGN	$480	$477	:ptr
	CALL	$481	0x560488a53c30($478,$479,$480)	:i32
	ASSIGN	$482	$481	:i32
	ASSIGN	$483	$482	:i32
	CONST	$484	1	:ui32
	CONST	$485	*	:ptr
	ASSIGN	$486	$10	:ptr
	CALL	$487	0x560488a48750($484,$475,$485,$486)	:ptr
	ASSIGN	$488	$487	:ptr
	CONST	$489	0	:ui64
	ASSIGN	$490	$489	:ui64
	CONST	$491	1	:ui64
	MUL	$492	$490	$491	:ui64
	ADD	$493	$488	$492	:ptr
	ASSIGN	$494	$493	:ptr
	ASSIGN	$495	$494	:ptr
	LOAD	$496	$495	:ptr
	ASSIGN	$497	$487	:ptr
	CONST	$498	16	:ui64
	ASSIGN	$499	$498	:ui64
	CONST	$500	1	:ui64
	MUL	$501	$499	$500	:ui64
	ADD	$502	$497	$501	:ptr
	ASSIGN	$503	$502	:ptr
	ASSIGN	$504	$503	:ptr
	LOAD	$505	$504	:ui64
	ASSIGN	$506	$505	:ui64
	ASSIGN	$507	$496	:ptr
	ASSIGN	$508	$506	:ui64
	ASSIGN	$509	$507	:ptr
	ASSIGN	$510	$508	:ui64
	ASSIGN	$511	$509	:ptr
	ASSIGN	$512	$511	:ptr
	CONST	$513	2	:ui32
	CONST	$514	*	:ptr
	ASSIGN	$515	$10	:ptr
	CALL	$516	0x560488a48750($513,$475,$514,$515)	:ptr
	ASSIGN	$517	$516	:ptr
	CONST	$518	0	:ui64
	ASSIGN	$519	$518	:ui64
	CONST	$520	1	:ui64
	MUL	$521	$519	$520	:ui64
	ADD	$522	$517	$521	:ptr
	ASSIGN	$523	$522	:ptr
	ASSIGN	$524	$523	:ptr
	LOAD	$525	$524	:ptr
	ASSIGN	$526	$516	:ptr
	CONST	$527	16	:ui64
	ASSIGN	$528	$527	:ui64
	CONST	$529	1	:ui64
	MUL	$530	$528	$529	:ui64
	ADD	$531	$526	$530	:ptr
	ASSIGN	$532	$531	:ptr
	ASSIGN	$533	$532	:ptr
	LOAD	$534	$533	:ui64
	ASSIGN	$535	$534	:ui64
	ASSIGN	$536	$525	:ptr
	ASSIGN	$537	$535	:ui64
	ASSIGN	$538	$536	:ptr
	ASSIGN	$539	$537	:ui64
	ASSIGN	$540	$538	:ptr
	ASSIGN	$541	$540	:ptr
	CONST	$542	3	:ui32
	CONST	$543	*	:ptr
	ASSIGN	$544	$10	:ptr
	CALL	$545	0x560488a48750($542,$475,$543,$544)	:ptr
	ASSIGN	$546	$545	:ptr
	CONST	$547	0	:ui64
	ASSIGN	$548	$547	:ui64
	CONST	$549	1	:ui64
	MUL	$550	$548	$549	:ui64
	ADD	$551	$546	$550	:ptr
	ASSIGN	$552	$551	:ptr
	ASSIGN	$553	$552	:ptr
	LOAD	$554	$553	:ptr
	ASSIGN	$555	$545	:ptr
	CONST	$556	16	:ui64
	ASSIGN	$557	$556	:ui64
	CONST	$558	1	:ui64
	MUL	$559	$557	$558	:ui64
	ADD	$560	$555	$559	:ptr
	ASSIGN	$561	$560	:ptr
	ASSIGN	$562	$561	:ptr
	LOAD	$563	$562	:ui64
	ASSIGN	$564	$563	:ui64
	ASSIGN	$565	$554	:ptr
	ASSIGN	$566	$564	:ui64
	ASSIGN	$567	$565	:ptr
	ASSIGN	$568	$566	:ui64
	ASSIGN	$569	$567	:ptr
	ASSIGN	$570	$569	:ptr
	CONST	$571	4	:ui32
	CONST	$572	*	:ptr
	ASSIGN	$573	$10	:ptr
	CALL	$574	0x560488a48750($571,$475,$572,$573)	:ptr
	ASSIGN	$575	$574	:ptr
	CONST	$576	0	:ui64
	ASSIGN	$577	$576	:ui64
	CONST	$578	1	:ui64
	MUL	$579	$577	$578	:ui64
	ADD	$580	$575	$579	:ptr
	ASSIGN	$581	$580	:ptr
	ASSIGN	$582	$581	:ptr
	LOAD	$583	$582	:ptr
	ASSIGN	$584	$574	:ptr
	CONST	$585	16	:ui64
	ASSIGN	$586	$585	:ui64
	CONST	$587	1	:ui64
	MUL	$588	$586	$587	:ui64
	ADD	$589	$584	$588	:ptr
	ASSIGN	$590	$589	:ptr
	ASSIGN	$591	$590	:ptr
	LOAD	$592	$591	:ui64
	ASSIGN	$593	$592	:ui64
	ASSIGN	$594	$583	:ptr
	ASSIGN	$595	$593	:ui64
	ASSIGN	$596	$594	:ptr
	ASSIGN	$597	$595	:ui64
	ASSIGN	$598	$596	:ptr
	ASSIGN	$599	$598	:ptr
	CONST	$600	5	:ui32
	CONST	$601	*	:ptr
	ASSIGN	$602	$10	:ptr
	CALL	$603	0x560488a48750($600,$475,$601,$602)	:ptr
	ASSIGN	$604	$603	:ptr
	CONST	$605	0	:ui64
	ASSIGN	$606	$605	:ui64
	CONST	$607	1	:ui64
	MUL	$608	$606	$607	:ui64
	ADD	$609	$604	$608	:ptr
	ASSIGN	$610	$609	:ptr
	ASSIGN	$611	$610	:ptr
	LOAD	$612	$611	:ptr
	ASSIGN	$613	$603	:ptr
	CONST	$614	16	:ui64
	ASSIGN	$615	$614	:ui64
	CONST	$616	1	:ui64
	MUL	$617	$615	$616	:ui64
	ADD	$618	$613	$617	:ptr
	ASSIGN	$619	$618	:ptr
	ASSIGN	$620	$619	:ptr
	LOAD	$621	$620	:ui64
	ASSIGN	$622	$621	:ui64
	ASSIGN	$623	$612	:ptr
	ASSIGN	$624	$622	:ui64
	ASSIGN	$625	$623	:ptr
	ASSIGN	$626	$624	:ui64
	ASSIGN	$627	$625	:ptr
	ASSIGN	$628	$627	:ptr
	CONST	$629	6	:ui32
	CONST	$630	*	:ptr
	ASSIGN	$631	$629	:ui32
	ASSIGN	$632	$475	:ptr
	ASSIGN	$633	$630	:ptr
	CALL	$634	0x560488a55590($631,$632,$633)	:ui64
	ASSIGN	$635	$634	:ui64
	ASSIGN	$636	$635	:ui64
	CONST	$637	7	:ui32
	CONST	$638	*	:ptr
	ASSIGN	$639	$10	:ptr
	CALL	$640	0x560488a48750($637,$475,$638,$639)	:ptr
	ASSIGN	$641	$640	:ptr
	CONST	$642	0	:ui64
	ASSIGN	$643	$642	:ui64
	CONST	$644	1	:ui64
	MUL	$645	$643	$644	:ui64
	ADD	$646	$641	$645	:ptr
	ASSIGN	$647	$646	:ptr
	ASSIGN	$648	$647	:ptr
	LOAD	$649	$648	:ptr
	ASSIGN	$650	$640	:ptr
	CONST	$651	16	:ui64
	ASSIGN	$652	$651	:ui64
	CONST	$653	1	:ui64
	MUL	$654	$652	$653	:ui64
	ADD	$655	$650	$654	:ptr
	ASSIGN	$656	$655	:ptr
	ASSIGN	$657	$656	:ptr
	LOAD	$658	$657	:ui64
	ASSIGN	$659	$658	:ui64
	ASSIGN	$660	$649	:ptr
	ASSIGN	$661	$659	:ui64
	ASSIGN	$662	$660	:ptr
	ASSIGN	$663	$661	:ui64
	ASSIGN	$664	$662	:ptr
	ASSIGN	$665	$664	:ptr
	CALL	$666	0x560488a425c0($475)	:void
	CONST	$667	2427	:ui64
	GTE	$668	$56	$667	:bool
	CMP	$669	$668	B19()	B20()	:void
B18()
	CONST	$815	*	:ptr
	ASSIGN	$816	$10	:ptr
	CALL	$817	0x560488a43f40($20,$815,$816)	:bool
	CMP	$818	$817	B22()	B23()	:void
B19()
	CONST	$670	false	:bool
	CALL	$671	0x560488a5c750($57,$56)	:void
	CALL	$672	0x560488a5cbf0($57,$15)	:void
	CALL	$673	0x560488a5c8c0($57,$14)	:void
	CALL	$674	0x560488a5c930($57,$17)	:void
	CALL	$675	0x560488a5ccd0($57,$16)	:void
	CONST	$676	3	:ui64
	CALL	$677	0x5604887d3210($7,$676)	:ptr
	CALL	$678	0x5604887c0930($677,$670,$18,$19,$57)	:void
	CALL	$679	0x5604887d2e20($7,$57)	:void
	CALL	$680	0x5604887d3290($7)	:ptr
	ASSIGN	$681	$680	:ptr
	ASSIGN	$57	$681	:ptr
	CALL	$682	0x560488a5c7d0($57)	:ptr
	ASSIGN	$58	$682	:ptr
	CONST	$683	0	:ui64
	ASSIGN	$56	$683	:ui64
	JMP	$0	B27()	:void
B20()
	JMP	$0	B27()	:void
B21() ControlFlowMerge
	ASSIGN	$461	$460	:ptr
	ASSIGN	$462	$461	:ptr
	CONST	$463	0	:ui64
	ASSIGN	$464	$463	:ui64
	CONST	$465	1	:ui64
	MUL	$466	$464	$465	:ui64
	ADD	$467	$462	$466	:ptr
	ASSIGN	$468	$467	:ptr
	ASSIGN	$469	$468	:ptr
	LOAD	$470	$469	:bool
	NOT	$471	$470	:bool
	CMP	$472	$471	B17()	B18()	:void
B22()
	ASSIGN	$819	$59	:ptr
	CONST	$820	120	:ui64
	ASSIGN	$821	$820	:ui64
	CONST	$822	1	:ui64
	MUL	$823	$821	$822	:ui64
	ADD	$824	$819	$823	:ptr
	ASSIGN	$825	$59	:ptr
	CONST	$826	16	:ui64
	ASSIGN	$827	$826	:ui64
	CONST	$828	1	:ui64
	MUL	$829	$827	$828	:ui64
	ADD	$830	$825	$829	:ptr
	ASSIGN	$831	$830	:ptr
	ASSIGN	$832	$831	:ptr
	LOAD	$833	$832	:ptr
	CONST	$834	0	:ui64
	ASSIGN	$835	$824	:ptr
	ASSIGN	$836	$835	:ptr
	CONST	$837	0	:ui32
	CONST	$838	*	:ptr
	ASSIGN	$839	$837	:ui32
	ASSIGN	$840	$836	:ptr
	ASSIGN	$841	$838	:ptr
	CALL	$842	0x560488a53c30($839,$840,$841)	:i32
	ASSIGN	$843	$842	:i32
	ASSIGN	$844	$843	:i32
	CONST	$845	1	:ui32
	CONST	$846	*	:ptr
	ASSIGN	$847	$10	:ptr
	CALL	$848	0x560488a48750($845,$836,$846,$847)	:ptr
	ASSIGN	$849	$848	:ptr
	CONST	$850	0	:ui64
	ASSIGN	$851	$850	:ui64
	CONST	$852	1	:ui64
	MUL	$853	$851	$852	:ui64
	ADD	$854	$849	$853	:ptr
	ASSIGN	$855	$854	:ptr
	ASSIGN	$856	$855	:ptr
	LOAD	$857	$856	:ptr
	ASSIGN	$858	$848	:ptr
	CONST	$859	16	:ui64
	ASSIGN	$860	$859	:ui64
	CONST	$861	1	:ui64
	MUL	$862	$860	$861	:ui64
	ADD	$863	$858	$862	:ptr
	ASSIGN	$864	$863	:ptr
	ASSIGN	$865	$864	:ptr
	LOAD	$866	$865	:ui64
	ASSIGN	$867	$866	:ui64
	ASSIGN	$868	$857	:ptr
	ASSIGN	$869	$867	:ui64
	ASSIGN	$870	$868	:ptr
	ASSIGN	$871	$869	:ui64
	ASSIGN	$872	$870	:ptr
	ASSIGN	$873	$872	:ptr
	CONST	$874	2	:ui32
	CONST	$875	*	:ptr
	ASSIGN	$876	$10	:ptr
	CALL	$877	0x560488a48750($874,$836,$875,$876)	:ptr
	ASSIGN	$878	$877	:ptr
	CONST	$879	0	:ui64
	ASSIGN	$880	$879	:ui64
	CONST	$881	1	:ui64
	MUL	$882	$880	$881	:ui64
	ADD	$883	$878	$882	:ptr
	ASSIGN	$884	$883	:ptr
	ASSIGN	$885	$884	:ptr
	LOAD	$886	$885	:ptr
	ASSIGN	$887	$877	:ptr
	CONST	$888	16	:ui64
	ASSIGN	$889	$888	:ui64
	CONST	$890	1	:ui64
	MUL	$891	$889	$890	:ui64
	ADD	$892	$887	$891	:ptr
	ASSIGN	$893	$892	:ptr
	ASSIGN	$894	$893	:ptr
	LOAD	$895	$894	:ui64
	ASSIGN	$896	$895	:ui64
	ASSIGN	$897	$886	:ptr
	ASSIGN	$898	$896	:ui64
	ASSIGN	$899	$897	:ptr
	ASSIGN	$900	$898	:ui64
	ASSIGN	$901	$899	:ptr
	ASSIGN	$902	$901	:ptr
	CONST	$903	3	:ui32
	CONST	$904	*	:ptr
	ASSIGN	$905	$10	:ptr
	CALL	$906	0x560488a48750($903,$836,$904,$905)	:ptr
	ASSIGN	$907	$906	:ptr
	CONST	$908	0	:ui64
	ASSIGN	$909	$908	:ui64
	CONST	$910	1	:ui64
	MUL	$911	$909	$910	:ui64
	ADD	$912	$907	$911	:ptr
	ASSIGN	$913	$912	:ptr
	ASSIGN	$914	$913	:ptr
	LOAD	$915	$914	:ptr
	ASSIGN	$916	$906	:ptr
	CONST	$917	16	:ui64
	ASSIGN	$918	$917	:ui64
	CONST	$919	1	:ui64
	MUL	$920	$918	$919	:ui64
	ADD	$921	$916	$920	:ptr
	ASSIGN	$922	$921	:ptr
	ASSIGN	$923	$922	:ptr
	LOAD	$924	$923	:ui64
	ASSIGN	$925	$924	:ui64
	ASSIGN	$926	$915	:ptr
	ASSIGN	$927	$925	:ui64
	ASSIGN	$928	$926	:ptr
	ASSIGN	$929	$927	:ui64
	ASSIGN	$930	$928	:ptr
	ASSIGN	$931	$930	:ptr
	CONST	$932	4	:ui32
	CONST	$933	*	:ptr
	ASSIGN	$934	$10	:ptr
	CALL	$935	0x560488a48750($932,$836,$933,$934)	:ptr
	ASSIGN	$936	$935	:ptr
	CONST	$937	0	:ui64
	ASSIGN	$938	$937	:ui64
	CONST	$939	1	:ui64
	MUL	$940	$938	$939	:ui64
	ADD	$941	$936	$940	:ptr
	ASSIGN	$942	$941	:ptr
	ASSIGN	$943	$942	:ptr
	LOAD	$944	$943	:ptr
	ASSIGN	$945	$935	:ptr
	CONST	$946	16	:ui64
	ASSIGN	$947	$946	:ui64
	CONST	$948	1	:ui64
	MUL	$949	$947	$948	:ui64
	ADD	$950	$945	$949	:ptr
	ASSIGN	$951	$950	:ptr
	ASSIGN	$952	$951	:ptr
	LOAD	$953	$952	:ui64
	ASSIGN	$954	$953	:ui64
	ASSIGN	$955	$944	:ptr
	ASSIGN	$956	$954	:ui64
	ASSIGN	$957	$955	:ptr
	ASSIGN	$958	$956	:ui64
	ASSIGN	$959	$957	:ptr
	ASSIGN	$960	$959	:ptr
	CONST	$961	5	:ui32
	CONST	$962	*	:ptr
	ASSIGN	$963	$10	:ptr
	CALL	$964	0x560488a48750($961,$836,$962,$963)	:ptr
	ASSIGN	$965	$964	:ptr
	CONST	$966	0	:ui64
	ASSIGN	$967	$966	:ui64
	CONST	$968	1	:ui64
	MUL	$969	$967	$968	:ui64
	ADD	$970	$965	$969	:ptr
	ASSIGN	$971	$970	:ptr
	ASSIGN	$972	$971	:ptr
	LOAD	$973	$972	:ptr
	ASSIGN	$974	$964	:ptr
	CONST	$975	16	:ui64
	ASSIGN	$976	$975	:ui64
	CONST	$977	1	:ui64
	MUL	$978	$976	$977	:ui64
	ADD	$979	$974	$978	:ptr
	ASSIGN	$980	$979	:ptr
	ASSIGN	$981	$980	:ptr
	LOAD	$982	$981	:ui64
	ASSIGN	$983	$982	:ui64
	ASSIGN	$984	$973	:ptr
	ASSIGN	$985	$983	:ui64
	ASSIGN	$986	$984	:ptr
	ASSIGN	$987	$985	:ui64
	ASSIGN	$988	$986	:ptr
	ASSIGN	$989	$988	:ptr
	CONST	$990	6	:ui32
	CONST	$991	*	:ptr
	ASSIGN	$992	$990	:ui32
	ASSIGN	$993	$836	:ptr
	ASSIGN	$994	$991	:ptr
	CALL	$995	0x560488a55590($992,$993,$994)	:ui64
	ASSIGN	$996	$995	:ui64
	ASSIGN	$997	$996	:ui64
	CONST	$998	7	:ui32
	CONST	$999	*	:ptr
	ASSIGN	$1000	$10	:ptr
	CALL	$1001	0x560488a48750($998,$836,$999,$1000)	:ptr
	ASSIGN	$1002	$1001	:ptr
	CONST	$1003	0	:ui64
	ASSIGN	$1004	$1003	:ui64
	CONST	$1005	1	:ui64
	MUL	$1006	$1004	$1005	:ui64
	ADD	$1007	$1002	$1006	:ptr
	ASSIGN	$1008	$1007	:ptr
	ASSIGN	$1009	$1008	:ptr
	LOAD	$1010	$1009	:ptr
	ASSIGN	$1011	$1001	:ptr
	CONST	$1012	16	:ui64
	ASSIGN	$1013	$1012	:ui64
	CONST	$1014	1	:ui64
	MUL	$1015	$1013	$1014	:ui64
	ADD	$1016	$1011	$1015	:ptr
	ASSIGN	$1017	$1016	:ptr
	ASSIGN	$1018	$1017	:ptr
	LOAD	$1019	$1018	:ui64
	ASSIGN	$1020	$1019	:ui64
	ASSIGN	$1021	$1010	:ptr
	ASSIGN	$1022	$1020	:ui64
	ASSIGN	$1023	$1021	:ptr
	ASSIGN	$1024	$1022	:ui64
	ASSIGN	$1025	$1023	:ptr
	ASSIGN	$1026	$1025	:ptr
	CALL	$1027	0x560488a425c0($836)	:void
	CONST	$1028	2427	:ui64
	GTE	$1029	$56	$1028	:bool
	CMP	$1030	$1029	B24()	B25()	:void
B23()
	CONST	$1177	true	:bool
	ASSIGN	$432	$1177	:bool
	JMP	$0	B28()	:void
B24()
	CONST	$1031	false	:bool
	CALL	$1032	0x560488a5c750($57,$56)	:void
	CALL	$1033	0x560488a5cbf0($57,$15)	:void
	CALL	$1034	0x560488a5c8c0($57,$14)	:void
	CALL	$1035	0x560488a5c930($57,$17)	:void
	CALL	$1036	0x560488a5ccd0($57,$16)	:void
	CONST	$1037	3	:ui64
	CALL	$1038	0x5604887d3210($7,$1037)	:ptr
	CALL	$1039	0x5604887c0930($1038,$1031,$18,$19,$57)	:void
	CALL	$1040	0x5604887d2e20($7,$57)	:void
	CALL	$1041	0x5604887d3290($7)	:ptr
	ASSIGN	$1042	$1041	:ptr
	ASSIGN	$57	$1042	:ptr
	CALL	$1043	0x560488a5c7d0($57)	:ptr
	ASSIGN	$58	$1043	:ptr
	CONST	$1044	0	:ui64
	ASSIGN	$56	$1044	:ui64
	JMP	$0	B29()	:void
B25()
	JMP	$0	B29()	:void
B26() ControlFlowMerge
	JMP	$0	B28()	:void
B27() ControlFlowMerge
	CALL	$684	0x560488a5c7d0($57)	:ptr
	ASSIGN	$685	$684	:ptr
	CONST	$686	108	:ui64
	MUL	$687	$686	$56	:ui64
	ASSIGN	$688	$687	:ui64
	CONST	$689	1	:ui64
	MUL	$690	$688	$689	:ui64
	ADD	$691	$685	$690	:ptr
	ASSIGN	$692	$691	:ptr
	CONST	$693	0	:ui64
	ASSIGN	$694	$693	:ui64
	CONST	$695	1	:ui64
	MUL	$696	$694	$695	:ui64
	ADD	$697	$692	$696	:ptr
	ASSIGN	$698	$483	:i32
	ASSIGN	$699	$698	:i32
	ASSIGN	$700	$699	:i32
	ASSIGN	$701	$700	:i32
	ASSIGN	$702	$697	:ptr
	ASSIGN	$703	$702	:ptr
	ASSIGN	$704	$701	:i32
	STORE	$705	$703	$704	:void
	ASSIGN	$706	$698	:i32
	ASSIGN	$707	$691	:ptr
	CONST	$708	4	:ui64
	ASSIGN	$709	$708	:ui64
	CONST	$710	1	:ui64
	MUL	$711	$709	$710	:ui64
	ADD	$712	$707	$711	:ptr
	ASSIGN	$713	$510	:ui64
	ASSIGN	$714	$512	:ptr
	ASSIGN	$715	$713	:ui64
	ASSIGN	$716	$714	:ptr
	ASSIGN	$717	$716	:ptr
	ASSIGN	$718	$715	:ui64
	CALL	$719	0x560488a66050($57,$13,$717,$718,$712)	:void
	ASSIGN	$720	$714	:ptr
	ASSIGN	$721	$691	:ptr
	CONST	$722	20	:ui64
	ASSIGN	$723	$722	:ui64
	CONST	$724	1	:ui64
	MUL	$725	$723	$724	:ui64
	ADD	$726	$721	$725	:ptr
	ASSIGN	$727	$539	:ui64
	ASSIGN	$728	$541	:ptr
	ASSIGN	$729	$727	:ui64
	ASSIGN	$730	$728	:ptr
	ASSIGN	$731	$730	:ptr
	ASSIGN	$732	$729	:ui64
	CALL	$733	0x560488a66050($57,$13,$731,$732,$726)	:void
	ASSIGN	$734	$728	:ptr
	ASSIGN	$735	$691	:ptr
	CONST	$736	36	:ui64
	ASSIGN	$737	$736	:ui64
	CONST	$738	1	:ui64
	MUL	$739	$737	$738	:ui64
	ADD	$740	$735	$739	:ptr
	ASSIGN	$741	$568	:ui64
	ASSIGN	$742	$570	:ptr
	ASSIGN	$743	$741	:ui64
	ASSIGN	$744	$742	:ptr
	ASSIGN	$745	$744	:ptr
	ASSIGN	$746	$743	:ui64
	CALL	$747	0x560488a66050($57,$13,$745,$746,$740)	:void
	ASSIGN	$748	$742	:ptr
	ASSIGN	$749	$691	:ptr
	CONST	$750	52	:ui64
	ASSIGN	$751	$750	:ui64
	CONST	$752	1	:ui64
	MUL	$753	$751	$752	:ui64
	ADD	$754	$749	$753	:ptr
	ASSIGN	$755	$597	:ui64
	ASSIGN	$756	$599	:ptr
	ASSIGN	$757	$755	:ui64
	ASSIGN	$758	$756	:ptr
	ASSIGN	$759	$758	:ptr
	ASSIGN	$760	$757	:ui64
	CALL	$761	0x560488a66050($57,$13,$759,$760,$754)	:void
	ASSIGN	$762	$756	:ptr
	ASSIGN	$763	$691	:ptr
	CONST	$764	68	:ui64
	ASSIGN	$765	$764	:ui64
	CONST	$766	1	:ui64
	MUL	$767	$765	$766	:ui64
	ADD	$768	$763	$767	:ptr
	ASSIGN	$769	$626	:ui64
	ASSIGN	$770	$628	:ptr
	ASSIGN	$771	$769	:ui64
	ASSIGN	$772	$770	:ptr
	ASSIGN	$773	$772	:ptr
	ASSIGN	$774	$771	:ui64
	CALL	$775	0x560488a66050($57,$13,$773,$774,$768)	:void
	ASSIGN	$776	$770	:ptr
	ASSIGN	$777	$691	:ptr
	CONST	$778	84	:ui64
	ASSIGN	$779	$778	:ui64
	CONST	$780	1	:ui64
	MUL	$781	$779	$780	:ui64
	ADD	$782	$777	$781	:ptr
	ASSIGN	$783	$636	:ui64
	ASSIGN	$784	$783	:ui64
	ASSIGN	$785	$784	:ui64
	ASSIGN	$786	$785	:ui64
	ASSIGN	$787	$782	:ptr
	ASSIGN	$788	$787	:ptr
	ASSIGN	$789	$786	:ui64
	STORE	$790	$788	$789	:void
	ASSIGN	$791	$783	:ui64
	ASSIGN	$792	$691	:ptr
	CONST	$793	92	:ui64
	ASSIGN	$794	$793	:ui64
	CONST	$795	1	:ui64
	MUL	$796	$794	$795	:ui64
	ADD	$797	$792	$796	:ptr
	ASSIGN	$798	$663	:ui64
	ASSIGN	$799	$665	:ptr
	ASSIGN	$800	$798	:ui64
	ASSIGN	$801	$799	:ptr
	ASSIGN	$802	$801	:ptr
	ASSIGN	$803	$800	:ui64
	CALL	$804	0x560488a66050($57,$13,$802,$803,$797)	:void
	ASSIGN	$805	$799	:ptr
	CONST	$806	1	:i32
	CAST	$807	$806	:ui64
	ADD	$808	$56	$807	:ui64
	ASSIGN	$56	$808	:ui64
	CONST	$809	1	:i32
	CAST	$810	$809	:ui64
	ADD	$811	$454	$810	:ui64
	ASSIGN	$454	$811	:ui64
	JMP	$0	B21()	:void
B28() ControlFlowMerge
	CALL	$433	0x560488a5c750($57,$56)	:void
	CALL	$434	0x560488a5cbf0($57,$15)	:void
	CALL	$435	0x560488a5c8c0($57,$14)	:void
	CALL	$436	0x560488a5c930($57,$17)	:void
	CALL	$437	0x560488a5ccd0($57,$16)	:void
	CONST	$438	3	:ui64
	CALL	$439	0x5604887d3210($7,$438)	:ptr
	CALL	$440	0x5604887c0930($439,$432,$18,$19,$57)	:void
	CALL	$441	0x5604887d2e20($7,$57)	:void
	RETURN	$0	:void
B29() ControlFlowMerge
	CALL	$1045	0x560488a5c7d0($57)	:ptr
	ASSIGN	$1046	$1045	:ptr
	CONST	$1047	108	:ui64
	MUL	$1048	$1047	$56	:ui64
	ASSIGN	$1049	$1048	:ui64
	CONST	$1050	1	:ui64
	MUL	$1051	$1049	$1050	:ui64
	ADD	$1052	$1046	$1051	:ptr
	ASSIGN	$1053	$1052	:ptr
	CONST	$1054	0	:ui64
	ASSIGN	$1055	$1054	:ui64
	CONST	$1056	1	:ui64
	MUL	$1057	$1055	$1056	:ui64
	ADD	$1058	$1053	$1057	:ptr
	ASSIGN	$1059	$844	:i32
	ASSIGN	$1060	$1059	:i32
	ASSIGN	$1061	$1060	:i32
	ASSIGN	$1062	$1061	:i32
	ASSIGN	$1063	$1058	:ptr
	ASSIGN	$1064	$1063	:ptr
	ASSIGN	$1065	$1062	:i32
	STORE	$1066	$1064	$1065	:void
	ASSIGN	$1067	$1059	:i32
	ASSIGN	$1068	$1052	:ptr
	CONST	$1069	4	:ui64
	ASSIGN	$1070	$1069	:ui64
	CONST	$1071	1	:ui64
	MUL	$1072	$1070	$1071	:ui64
	ADD	$1073	$1068	$1072	:ptr
	ASSIGN	$1074	$871	:ui64
	ASSIGN	$1075	$873	:ptr
	ASSIGN	$1076	$1074	:ui64
	ASSIGN	$1077	$1075	:ptr
	ASSIGN	$1078	$1077	:ptr
	ASSIGN	$1079	$1076	:ui64
	CALL	$1080	0x560488a66050($57,$13,$1078,$1079,$1073)	:void
	ASSIGN	$1081	$1075	:ptr
	ASSIGN	$1082	$1052	:ptr
	CONST	$1083	20	:ui64
	ASSIGN	$1084	$1083	:ui64
	CONST	$1085	1	:ui64
	MUL	$1086	$1084	$1085	:ui64
	ADD	$1087	$1082	$1086	:ptr
	ASSIGN	$1088	$900	:ui64
	ASSIGN	$1089	$902	:ptr
	ASSIGN	$1090	$1088	:ui64
	ASSIGN	$1091	$1089	:ptr
	ASSIGN	$1092	$1091	:ptr
	ASSIGN	$1093	$1090	:ui64
	CALL	$1094	0x560488a66050($57,$13,$1092,$1093,$1087)	:void
	ASSIGN	$1095	$1089	:ptr
	ASSIGN	$1096	$1052	:ptr
	CONST	$1097	36	:ui64
	ASSIGN	$1098	$1097	:ui64
	CONST	$1099	1	:ui64
	MUL	$1100	$1098	$1099	:ui64
	ADD	$1101	$1096	$1100	:ptr
	ASSIGN	$1102	$929	:ui64
	ASSIGN	$1103	$931	:ptr
	ASSIGN	$1104	$1102	:ui64
	ASSIGN	$1105	$1103	:ptr
	ASSIGN	$1106	$1105	:ptr
	ASSIGN	$1107	$1104	:ui64
	CALL	$1108	0x560488a66050($57,$13,$1106,$1107,$1101)	:void
	ASSIGN	$1109	$1103	:ptr
	ASSIGN	$1110	$1052	:ptr
	CONST	$1111	52	:ui64
	ASSIGN	$1112	$1111	:ui64
	CONST	$1113	1	:ui64
	MUL	$1114	$1112	$1113	:ui64
	ADD	$1115	$1110	$1114	:ptr
	ASSIGN	$1116	$958	:ui64
	ASSIGN	$1117	$960	:ptr
	ASSIGN	$1118	$1116	:ui64
	ASSIGN	$1119	$1117	:ptr
	ASSIGN	$1120	$1119	:ptr
	ASSIGN	$1121	$1118	:ui64
	CALL	$1122	0x560488a66050($57,$13,$1120,$1121,$1115)	:void
	ASSIGN	$1123	$1117	:ptr
	ASSIGN	$1124	$1052	:ptr
	CONST	$1125	68	:ui64
	ASSIGN	$1126	$1125	:ui64
	CONST	$1127	1	:ui64
	MUL	$1128	$1126	$1127	:ui64
	ADD	$1129	$1124	$1128	:ptr
	ASSIGN	$1130	$987	:ui64
	ASSIGN	$1131	$989	:ptr
	ASSIGN	$1132	$1130	:ui64
	ASSIGN	$1133	$1131	:ptr
	ASSIGN	$1134	$1133	:ptr
	ASSIGN	$1135	$1132	:ui64
	CALL	$1136	0x560488a66050($57,$13,$1134,$1135,$1129)	:void
	ASSIGN	$1137	$1131	:ptr
	ASSIGN	$1138	$1052	:ptr
	CONST	$1139	84	:ui64
	ASSIGN	$1140	$1139	:ui64
	CONST	$1141	1	:ui64
	MUL	$1142	$1140	$1141	:ui64
	ADD	$1143	$1138	$1142	:ptr
	ASSIGN	$1144	$997	:ui64
	ASSIGN	$1145	$1144	:ui64
	ASSIGN	$1146	$1145	:ui64
	ASSIGN	$1147	$1146	:ui64
	ASSIGN	$1148	$1143	:ptr
	ASSIGN	$1149	$1148	:ptr
	ASSIGN	$1150	$1147	:ui64
	STORE	$1151	$1149	$1150	:void
	ASSIGN	$1152	$1144	:ui64
	ASSIGN	$1153	$1052	:ptr
	CONST	$1154	92	:ui64
	ASSIGN	$1155	$1154	:ui64
	CONST	$1156	1	:ui64
	MUL	$1157	$1155	$1156	:ui64
	ADD	$1158	$1153	$1157	:ptr
	ASSIGN	$1159	$1024	:ui64
	ASSIGN	$1160	$1026	:ptr
	ASSIGN	$1161	$1159	:ui64
	ASSIGN	$1162	$1160	:ptr
	ASSIGN	$1163	$1162	:ptr
	ASSIGN	$1164	$1161	:ui64
	CALL	$1165	0x560488a66050($57,$13,$1163,$1164,$1158)	:void
	ASSIGN	$1166	$1160	:ptr
	CONST	$1167	1	:i32
	CAST	$1168	$1167	:ui64
	ADD	$1169	$56	$1168	:ui64
	ASSIGN	$56	$1169	:ui64
	CONST	$1170	true	:bool
	ASSIGN	$432	$1170	:bool
	JMP	$0	B26()	:void
