[32m[21:20:51.052154] [I] [Not A Worker] [unnamed] [] [SingleNodeWorker.cpp:63] [SingleNodeWorker] Starting SingleNodeWorker SingleNodeWorker with configuration:
worker.query_engine.number_of_worker_threads: 32
worker.query_engine.admission_queue_size: 1000 (default)
worker.default_query_execution.execution_mode: COMPILER (default)
worker.default_query_execution.page_size: 1024 (default)
worker.default_query_execution.number_of_partitions: 100 (default)
worker.default_query_execution.number_of_records_per_key: 10 (default)
worker.default_query_execution.max_number_of_buckets: 10000 (default)
worker.default_query_execution.operator_buffer_size: 262144
worker.default_query_optimization.join_strategy: OPTIMIZER_CHOOSES (default)
worker.number_of_buffers_in_global_buffer_manager: 32768 (default)
worker.default_max_inflight_buffers: 64 (default)
worker.dump_compilation_result: NONE (default)
worker.dump_graph: 0 (default)
grpc: [::]:8080 (default)
enable_event_trace: 0 (default)
[m
[36m[21:20:51.053493] [D] [Not A Worker] [unnamed] [] [BufferManager.cpp:110] [initialize] NES memory allocation requires 8589934592 out of 540577120256 (so 1.5890303659045137%) available bytes[m
[36m[21:20:51.144317] [D] [Not A Worker] [unnamed] [] [BufferManager.cpp:160] [initialize] BufferManager configuration bufferSize=262144 numOfBuffers=32768[m
[32m[21:20:51.158334] [I] [Not A Worker] [unnamed] [] [SingleNodeWorkerStarter.cpp:93] [main] Server listening on [::]:8080[m
[36m[21:20:53.538748] [D] [Not A Worker] [unnamed] [queryId:1924175598] [BufferManager.cpp:110] [initialize] NES memory allocation requires 1 out of 540577120256 (so 1.8498748143954595e-10%) available bytes[m
[36m[21:20:53.538800] [D] [Not A Worker] [unnamed] [queryId:1924175598] [BufferManager.cpp:160] [initialize] BufferManager configuration bufferSize=1 numOfBuffers=1[m
[36m[21:20:53.539016] [D] [Not A Worker] [unnamed] [queryId:1924175598] [PipeliningPhase.cpp:365] [apply] Constructed pipeline plan with 1 root pipelines.
PipelinedQueryPlan for Query: 1924175598
Number of root pipelines: 1
------------------
Root Pipeline 0:
  Pipeline(ID(1), Provider(COMPILER))
  Operator chain:
    PhysicalOperator(NES::SourcePhysicalOperator)
  Successor Pipeline:
    Pipeline(ID(2), Provider(None))
      Operator chain:
        PhysicalOperator(NES::ScanPhysicalOperator)
          PhysicalOperator(NES::SelectionPhysicalOperator)
            PhysicalOperator(NES::MapPhysicalOperator)
              PhysicalOperator(NES::EmitPhysicalOperator)
      Successor Pipeline:
        Pipeline(ID(3), Provider(None))
          Operator chain:
            PhysicalOperator(NES::SinkPhysicalOperator)

[m
[36m[21:20:53.542450] [D] [Not A Worker] [unnamed] [] [SinkProvider.cpp:30] [lower] The sinkDescriptor is: SinkDescriptor: (name: variant("BID_AUCTION_ID_SINK"), type: Void, Config: )[m
[36m[21:20:53.543052] [D] [SingleNodeWorker] [WorkerThread-1] [Task:1924175598-3] [VoidSink.cpp:37] [start] Setting up void sink: VoidSink[m
[36m[21:20:53.613519] [D] [SingleNodeWorker] [WorkerThread-1] [] [SourceThread.cpp:184] [start] Starting source with originId: 2[m
[36m[21:20:53.643665] [D] [SingleNodeWorker] [WorkerThread-3] [Task:1924175598-2] [BufferManager.cpp:65] [~BufferManager] Calling BufferManager::destroy()[m
[36m[21:20:53.643720] [D] [SingleNodeWorker] [WorkerThread-3] [Task:1924175598-2] [BufferManager.cpp:93] [~BufferManager] Shutting down Buffer Manager completed[m
[36m[21:21:07.977615] [D] [SingleNodeWorker] [WorkerThread-0] [Task:1924175598] [SourceThread.cpp:230] [tryStop] SourceThread 2: attempting to stop source[m
[36m[21:21:07.977675] [D] [SingleNodeWorker] [WorkerThread-0] [Task:1924175598] [SourceThread.cpp:248] [tryStop] SourceThread 2: stopped[m
[32m[21:21:08.004898] [I] [SingleNodeWorker] [WorkerThread-9] [] [SequenceShredder.cpp:55] [~SequenceShredder] Successfully validated SequenceShredder[m
[32m[21:21:08.005465] [I] [SingleNodeWorker] [WorkerThread-10] [Task:1924175598-3] [VoidSink.cpp:42] [stop] Void Sink completed.[m
[36m[21:21:08.005606] [D] [SingleNodeWorker] [WorkerThread-10] [] [SourceThread.cpp:226] [tryStop] SourceThread 2: thread is not running[m
[36m[21:21:10.361430] [D] [Not A Worker] [unnamed] [queryId:68813446] [BufferManager.cpp:110] [initialize] NES memory allocation requires 1 out of 540577120256 (so 1.8498748143954595e-10%) available bytes[m
[36m[21:21:10.361483] [D] [Not A Worker] [unnamed] [queryId:68813446] [BufferManager.cpp:160] [initialize] BufferManager configuration bufferSize=1 numOfBuffers=1[m
[36m[21:21:10.361676] [D] [Not A Worker] [unnamed] [queryId:68813446] [PipeliningPhase.cpp:365] [apply] Constructed pipeline plan with 1 root pipelines.
PipelinedQueryPlan for Query: 68813446
Number of root pipelines: 1
------------------
Root Pipeline 0:
  Pipeline(ID(4), Provider(COMPILER))
  Operator chain:
    PhysicalOperator(NES::SourcePhysicalOperator)
  Successor Pipeline:
    Pipeline(ID(5), Provider(None))
      Operator chain:
        PhysicalOperator(NES::ScanPhysicalOperator)
          PhysicalOperator(NES::SelectionPhysicalOperator)
            PhysicalOperator(NES::MapPhysicalOperator)
              PhysicalOperator(NES::MapPhysicalOperator)
                PhysicalOperator(NES::EmitPhysicalOperator)
      Successor Pipeline:
        Pipeline(ID(6), Provider(None))
          Operator chain:
            PhysicalOperator(NES::SinkPhysicalOperator)

[m
[36m[21:21:10.365648] [D] [Not A Worker] [unnamed] [] [SinkProvider.cpp:30] [lower] The sinkDescriptor is: SinkDescriptor: (name: variant("ID_PRICE_AUCTION_SINK"), type: Void, Config: )[m
[36m[21:21:10.366494] [D] [SingleNodeWorker] [WorkerThread-28] [Task:68813446-6] [VoidSink.cpp:37] [start] Setting up void sink: VoidSink[m
[36m[21:21:10.439905] [D] [SingleNodeWorker] [WorkerThread-28] [] [SourceThread.cpp:184] [start] Starting source with originId: 2[m
[36m[21:21:10.467444] [D] [SingleNodeWorker] [WorkerThread-8] [Task:68813446-5] [BufferManager.cpp:65] [~BufferManager] Calling BufferManager::destroy()[m
[36m[21:21:10.467493] [D] [SingleNodeWorker] [WorkerThread-8] [Task:68813446-5] [BufferManager.cpp:93] [~BufferManager] Shutting down Buffer Manager completed[m
[36m[21:21:24.091658] [D] [SingleNodeWorker] [WorkerThread-28] [Task:68813446] [SourceThread.cpp:230] [tryStop] SourceThread 2: attempting to stop source[m
[36m[21:21:24.091701] [D] [SingleNodeWorker] [WorkerThread-28] [Task:68813446] [SourceThread.cpp:248] [tryStop] SourceThread 2: stopped[m
[32m[21:21:24.143181] [I] [SingleNodeWorker] [WorkerThread-4] [] [SequenceShredder.cpp:55] [~SequenceShredder] Successfully validated SequenceShredder[m
[32m[21:21:24.143718] [I] [SingleNodeWorker] [WorkerThread-23] [Task:68813446-6] [VoidSink.cpp:42] [stop] Void Sink completed.[m
[36m[21:21:24.143866] [D] [SingleNodeWorker] [WorkerThread-23] [] [SourceThread.cpp:226] [tryStop] SourceThread 2: thread is not running[m
[36m[21:21:26.414438] [D] [Not A Worker] [unnamed] [queryId:1538445455] [BufferManager.cpp:110] [initialize] NES memory allocation requires 1 out of 540577120256 (so 1.8498748143954595e-10%) available bytes[m
[36m[21:21:26.414493] [D] [Not A Worker] [unnamed] [queryId:1538445455] [BufferManager.cpp:160] [initialize] BufferManager configuration bufferSize=1 numOfBuffers=1[m
[36m[21:21:26.414693] [D] [Not A Worker] [unnamed] [queryId:1538445455] [PipeliningPhase.cpp:365] [apply] Constructed pipeline plan with 1 root pipelines.
PipelinedQueryPlan for Query: 1538445455
Number of root pipelines: 1
------------------
Root Pipeline 0:
  Pipeline(ID(7), Provider(COMPILER))
  Operator chain:
    PhysicalOperator(NES::SourcePhysicalOperator)
  Successor Pipeline:
    Pipeline(ID(8), Provider(None))
      Operator chain:
        PhysicalOperator(NES::ScanPhysicalOperator)
          PhysicalOperator(NES::SelectionPhysicalOperator)
            PhysicalOperator(NES::MapPhysicalOperator)
              PhysicalOperator(NES::EmitPhysicalOperator)
      Successor Pipeline:
        Pipeline(ID(9), Provider(None))
          Operator chain:
            PhysicalOperator(NES::SinkPhysicalOperator)

[m
[36m[21:21:26.419217] [D] [Not A Worker] [unnamed] [] [SinkProvider.cpp:30] [lower] The sinkDescriptor is: SinkDescriptor: (name: variant("BID_AUCTION_ID_SINK"), type: Void, Config: )[m
[36m[21:21:26.421038] [D] [SingleNodeWorker] [WorkerThread-3] [Task:1538445455-9] [VoidSink.cpp:37] [start] Setting up void sink: VoidSink[m
[36m[21:21:26.494381] [D] [SingleNodeWorker] [WorkerThread-3] [] [SourceThread.cpp:184] [start] Starting source with originId: 2[m
[36m[21:21:26.521023] [D] [SingleNodeWorker] [WorkerThread-13] [Task:1538445455-8] [BufferManager.cpp:65] [~BufferManager] Calling BufferManager::destroy()[m
[36m[21:21:26.521075] [D] [SingleNodeWorker] [WorkerThread-13] [Task:1538445455-8] [BufferManager.cpp:93] [~BufferManager] Shutting down Buffer Manager completed[m
[36m[21:21:40.336537] [D] [SingleNodeWorker] [WorkerThread-9] [Task:1538445455] [SourceThread.cpp:230] [tryStop] SourceThread 2: attempting to stop source[m
[36m[21:21:40.336590] [D] [SingleNodeWorker] [WorkerThread-9] [Task:1538445455] [SourceThread.cpp:248] [tryStop] SourceThread 2: stopped[m
[32m[21:21:40.363228] [I] [SingleNodeWorker] [WorkerThread-30] [] [SequenceShredder.cpp:55] [~SequenceShredder] Successfully validated SequenceShredder[m
[32m[21:21:40.363391] [I] [SingleNodeWorker] [WorkerThread-5] [Task:1538445455-9] [VoidSink.cpp:42] [stop] Void Sink completed.[m
[36m[21:21:40.363548] [D] [SingleNodeWorker] [WorkerThread-5] [] [SourceThread.cpp:226] [tryStop] SourceThread 2: thread is not running[m
