[32m[21:19:24.013253] [I] [Not A Worker] [unnamed] [] [SingleNodeWorker.cpp:63] [SingleNodeWorker] Starting SingleNodeWorker SingleNodeWorker with configuration:
worker.query_engine.number_of_worker_threads: 16
worker.query_engine.admission_queue_size: 1000 (default)
worker.default_query_execution.execution_mode: COMPILER (default)
worker.default_query_execution.page_size: 1024 (default)
worker.default_query_execution.number_of_partitions: 100 (default)
worker.default_query_execution.number_of_records_per_key: 10 (default)
worker.default_query_execution.max_number_of_buckets: 10000 (default)
worker.default_query_execution.operator_buffer_size: 262144
worker.default_query_optimization.join_strategy: OPTIMIZER_CHOOSES (default)
worker.number_of_buffers_in_global_buffer_manager: 32768 (default)
worker.default_max_inflight_buffers: 64 (default)
worker.dump_compilation_result: NONE (default)
worker.dump_graph: 0 (default)
grpc: [::]:8080 (default)
enable_event_trace: 0 (default)
[m
[36m[21:19:24.014926] [D] [Not A Worker] [unnamed] [] [BufferManager.cpp:110] [initialize] NES memory allocation requires 8589934592 out of 540577120256 (so 1.5890303659045137%) available bytes[m
[36m[21:19:24.106880] [D] [Not A Worker] [unnamed] [] [BufferManager.cpp:160] [initialize] BufferManager configuration bufferSize=262144 numOfBuffers=32768[m
[32m[21:19:24.116085] [I] [Not A Worker] [unnamed] [] [SingleNodeWorkerStarter.cpp:93] [main] Server listening on [::]:8080[m
[36m[21:19:26.549602] [D] [Not A Worker] [unnamed] [queryId:1071789242] [BufferManager.cpp:110] [initialize] NES memory allocation requires 1 out of 540577120256 (so 1.8498748143954595e-10%) available bytes[m
[36m[21:19:26.549655] [D] [Not A Worker] [unnamed] [queryId:1071789242] [BufferManager.cpp:160] [initialize] BufferManager configuration bufferSize=1 numOfBuffers=1[m
[36m[21:19:26.549858] [D] [Not A Worker] [unnamed] [queryId:1071789242] [PipeliningPhase.cpp:365] [apply] Constructed pipeline plan with 1 root pipelines.
PipelinedQueryPlan for Query: 1071789242
Number of root pipelines: 1
------------------
Root Pipeline 0:
  Pipeline(ID(1), Provider(COMPILER))
  Operator chain:
    PhysicalOperator(NES::SourcePhysicalOperator)
  Successor Pipeline:
    Pipeline(ID(2), Provider(None))
      Operator chain:
        PhysicalOperator(NES::ScanPhysicalOperator)
          PhysicalOperator(NES::SelectionPhysicalOperator)
            PhysicalOperator(NES::MapPhysicalOperator)
              PhysicalOperator(NES::EmitPhysicalOperator)
      Successor Pipeline:
        Pipeline(ID(3), Provider(None))
          Operator chain:
            PhysicalOperator(NES::SinkPhysicalOperator)

[m
[36m[21:19:26.554058] [D] [Not A Worker] [unnamed] [] [SinkProvider.cpp:30] [lower] The sinkDescriptor is: SinkDescriptor: (name: variant("BID_AUCTION_ID_SINK"), type: Void, Config: )[m
[36m[21:19:26.556027] [D] [SingleNodeWorker] [WorkerThread-8] [Task:1071789242-3] [VoidSink.cpp:37] [start] Setting up void sink: VoidSink[m
[36m[21:19:26.625162] [D] [SingleNodeWorker] [WorkerThread-8] [] [SourceThread.cpp:184] [start] Starting source with originId: 2[m
[36m[21:19:26.648881] [D] [SingleNodeWorker] [WorkerThread-11] [Task:1071789242-2] [BufferManager.cpp:65] [~BufferManager] Calling BufferManager::destroy()[m
[36m[21:19:26.648921] [D] [SingleNodeWorker] [WorkerThread-11] [Task:1071789242-2] [BufferManager.cpp:93] [~BufferManager] Shutting down Buffer Manager completed[m
[36m[21:19:51.645039] [D] [SingleNodeWorker] [WorkerThread-14] [Task:1071789242] [SourceThread.cpp:230] [tryStop] SourceThread 2: attempting to stop source[m
[36m[21:19:51.645101] [D] [SingleNodeWorker] [WorkerThread-14] [Task:1071789242] [SourceThread.cpp:248] [tryStop] SourceThread 2: stopped[m
[32m[21:19:51.671681] [I] [SingleNodeWorker] [WorkerThread-4] [Task:1071789242-3] [VoidSink.cpp:42] [stop] Void Sink completed.[m
[36m[21:19:51.671812] [D] [SingleNodeWorker] [WorkerThread-4] [] [SourceThread.cpp:226] [tryStop] SourceThread 2: thread is not running[m
[32m[21:19:51.671865] [I] [SingleNodeWorker] [WorkerThread-12] [] [SequenceShredder.cpp:55] [~SequenceShredder] Successfully validated SequenceShredder[m
[36m[21:19:54.525529] [D] [Not A Worker] [unnamed] [queryId:922528041] [BufferManager.cpp:110] [initialize] NES memory allocation requires 1 out of 540577120256 (so 1.8498748143954595e-10%) available bytes[m
[36m[21:19:54.525583] [D] [Not A Worker] [unnamed] [queryId:922528041] [BufferManager.cpp:160] [initialize] BufferManager configuration bufferSize=1 numOfBuffers=1[m
[36m[21:19:54.525788] [D] [Not A Worker] [unnamed] [queryId:922528041] [PipeliningPhase.cpp:365] [apply] Constructed pipeline plan with 1 root pipelines.
PipelinedQueryPlan for Query: 922528041
Number of root pipelines: 1
------------------
Root Pipeline 0:
  Pipeline(ID(4), Provider(COMPILER))
  Operator chain:
    PhysicalOperator(NES::SourcePhysicalOperator)
  Successor Pipeline:
    Pipeline(ID(5), Provider(None))
      Operator chain:
        PhysicalOperator(NES::ScanPhysicalOperator)
          PhysicalOperator(NES::SelectionPhysicalOperator)
            PhysicalOperator(NES::MapPhysicalOperator)
              PhysicalOperator(NES::MapPhysicalOperator)
                PhysicalOperator(NES::EmitPhysicalOperator)
      Successor Pipeline:
        Pipeline(ID(6), Provider(None))
          Operator chain:
            PhysicalOperator(NES::SinkPhysicalOperator)

[m
[36m[21:19:54.529946] [D] [Not A Worker] [unnamed] [] [SinkProvider.cpp:30] [lower] The sinkDescriptor is: SinkDescriptor: (name: variant("ID_PRICE_AUCTION_SINK"), type: Void, Config: )[m
[36m[21:19:54.530335] [D] [SingleNodeWorker] [WorkerThread-5] [Task:922528041-6] [VoidSink.cpp:37] [start] Setting up void sink: VoidSink[m
[36m[21:19:54.591953] [D] [SingleNodeWorker] [WorkerThread-2] [] [SourceThread.cpp:184] [start] Starting source with originId: 2[m
[36m[21:19:54.608484] [D] [SingleNodeWorker] [WorkerThread-2] [Task:922528041-5] [BufferManager.cpp:65] [~BufferManager] Calling BufferManager::destroy()[m
[36m[21:19:54.608524] [D] [SingleNodeWorker] [WorkerThread-2] [Task:922528041-5] [BufferManager.cpp:93] [~BufferManager] Shutting down Buffer Manager completed[m
[36m[21:20:19.652740] [D] [SingleNodeWorker] [WorkerThread-9] [Task:922528041] [SourceThread.cpp:230] [tryStop] SourceThread 2: attempting to stop source[m
[36m[21:20:19.652810] [D] [SingleNodeWorker] [WorkerThread-9] [Task:922528041] [SourceThread.cpp:248] [tryStop] SourceThread 2: stopped[m
[32m[21:20:19.678791] [I] [SingleNodeWorker] [WorkerThread-7] [Task:922528041-6] [VoidSink.cpp:42] [stop] Void Sink completed.[m
[32m[21:20:19.678876] [I] [SingleNodeWorker] [WorkerThread-5] [] [SequenceShredder.cpp:55] [~SequenceShredder] Successfully validated SequenceShredder[m
[36m[21:20:19.678966] [D] [SingleNodeWorker] [WorkerThread-7] [] [SourceThread.cpp:226] [tryStop] SourceThread 2: thread is not running[m
[36m[21:20:22.411382] [D] [Not A Worker] [unnamed] [queryId:624217268] [BufferManager.cpp:110] [initialize] NES memory allocation requires 1 out of 540577120256 (so 1.8498748143954595e-10%) available bytes[m
[36m[21:20:22.411443] [D] [Not A Worker] [unnamed] [queryId:624217268] [BufferManager.cpp:160] [initialize] BufferManager configuration bufferSize=1 numOfBuffers=1[m
[36m[21:20:22.411691] [D] [Not A Worker] [unnamed] [queryId:624217268] [PipeliningPhase.cpp:365] [apply] Constructed pipeline plan with 1 root pipelines.
PipelinedQueryPlan for Query: 624217268
Number of root pipelines: 1
------------------
Root Pipeline 0:
  Pipeline(ID(7), Provider(COMPILER))
  Operator chain:
    PhysicalOperator(NES::SourcePhysicalOperator)
  Successor Pipeline:
    Pipeline(ID(8), Provider(None))
      Operator chain:
        PhysicalOperator(NES::ScanPhysicalOperator)
          PhysicalOperator(NES::SelectionPhysicalOperator)
            PhysicalOperator(NES::MapPhysicalOperator)
              PhysicalOperator(NES::EmitPhysicalOperator)
      Successor Pipeline:
        Pipeline(ID(9), Provider(None))
          Operator chain:
            PhysicalOperator(NES::SinkPhysicalOperator)

[m
[36m[21:20:22.415697] [D] [Not A Worker] [unnamed] [] [SinkProvider.cpp:30] [lower] The sinkDescriptor is: SinkDescriptor: (name: variant("BID_AUCTION_ID_SINK"), type: Void, Config: )[m
[36m[21:20:22.416901] [D] [SingleNodeWorker] [WorkerThread-3] [Task:624217268-9] [VoidSink.cpp:37] [start] Setting up void sink: VoidSink[m
[36m[21:20:22.487545] [D] [SingleNodeWorker] [WorkerThread-7] [] [SourceThread.cpp:184] [start] Starting source with originId: 2[m
[36m[21:20:22.503570] [D] [SingleNodeWorker] [WorkerThread-7] [Task:624217268-8] [BufferManager.cpp:65] [~BufferManager] Calling BufferManager::destroy()[m
[36m[21:20:22.503603] [D] [SingleNodeWorker] [WorkerThread-7] [Task:624217268-8] [BufferManager.cpp:93] [~BufferManager] Shutting down Buffer Manager completed[m
[36m[21:20:47.603284] [D] [SingleNodeWorker] [WorkerThread-2] [Task:624217268] [SourceThread.cpp:230] [tryStop] SourceThread 2: attempting to stop source[m
[36m[21:20:47.603338] [D] [SingleNodeWorker] [WorkerThread-2] [Task:624217268] [SourceThread.cpp:248] [tryStop] SourceThread 2: stopped[m
[32m[21:20:47.629707] [I] [SingleNodeWorker] [WorkerThread-9] [Task:624217268-9] [VoidSink.cpp:42] [stop] Void Sink completed.[m
[36m[21:20:47.629855] [D] [SingleNodeWorker] [WorkerThread-9] [] [SourceThread.cpp:226] [tryStop] SourceThread 2: thread is not running[m
[32m[21:20:47.629897] [I] [SingleNodeWorker] [WorkerThread-2] [] [SequenceShredder.cpp:55] [~SequenceShredder] Successfully validated SequenceShredder[m
