[32m[21:21:43.440163] [I] [Not A Worker] [unnamed] [] [SingleNodeWorker.cpp:63] [SingleNodeWorker] Starting SingleNodeWorker SingleNodeWorker with configuration:
worker.query_engine.number_of_worker_threads: 64
worker.query_engine.admission_queue_size: 1000 (default)
worker.default_query_execution.execution_mode: COMPILER (default)
worker.default_query_execution.page_size: 1024 (default)
worker.default_query_execution.number_of_partitions: 100 (default)
worker.default_query_execution.number_of_records_per_key: 10 (default)
worker.default_query_execution.max_number_of_buckets: 10000 (default)
worker.default_query_execution.operator_buffer_size: 262144
worker.default_query_optimization.join_strategy: OPTIMIZER_CHOOSES (default)
worker.number_of_buffers_in_global_buffer_manager: 32768 (default)
worker.default_max_inflight_buffers: 64 (default)
worker.dump_compilation_result: NONE (default)
worker.dump_graph: 0 (default)
grpc: [::]:8080 (default)
enable_event_trace: 0 (default)
[m
[36m[21:21:43.441984] [D] [Not A Worker] [unnamed] [] [BufferManager.cpp:110] [initialize] NES memory allocation requires 8589934592 out of 540577120256 (so 1.5890303659045137%) available bytes[m
[36m[21:21:43.533850] [D] [Not A Worker] [unnamed] [] [BufferManager.cpp:160] [initialize] BufferManager configuration bufferSize=262144 numOfBuffers=32768[m
[32m[21:21:43.551063] [I] [Not A Worker] [unnamed] [] [SingleNodeWorkerStarter.cpp:93] [main] Server listening on [::]:8080[m
[36m[21:21:45.976299] [D] [Not A Worker] [unnamed] [queryId:47544107] [BufferManager.cpp:110] [initialize] NES memory allocation requires 1 out of 540577120256 (so 1.8498748143954595e-10%) available bytes[m
[36m[21:21:45.976359] [D] [Not A Worker] [unnamed] [queryId:47544107] [BufferManager.cpp:160] [initialize] BufferManager configuration bufferSize=1 numOfBuffers=1[m
[36m[21:21:45.976575] [D] [Not A Worker] [unnamed] [queryId:47544107] [PipeliningPhase.cpp:365] [apply] Constructed pipeline plan with 1 root pipelines.
PipelinedQueryPlan for Query: 47544107
Number of root pipelines: 1
------------------
Root Pipeline 0:
  Pipeline(ID(1), Provider(COMPILER))
  Operator chain:
    PhysicalOperator(NES::SourcePhysicalOperator)
  Successor Pipeline:
    Pipeline(ID(2), Provider(None))
      Operator chain:
        PhysicalOperator(NES::ScanPhysicalOperator)
          PhysicalOperator(NES::SelectionPhysicalOperator)
            PhysicalOperator(NES::MapPhysicalOperator)
              PhysicalOperator(NES::EmitPhysicalOperator)
      Successor Pipeline:
        Pipeline(ID(3), Provider(None))
          Operator chain:
            PhysicalOperator(NES::SinkPhysicalOperator)

[m
[36m[21:21:45.980309] [D] [Not A Worker] [unnamed] [] [SinkProvider.cpp:30] [lower] The sinkDescriptor is: SinkDescriptor: (name: variant("BID_AUCTION_ID_SINK"), type: Void, Config: )[m
[36m[21:21:45.980884] [D] [SingleNodeWorker] [WorkerThread-3] [Task:47544107-3] [VoidSink.cpp:37] [start] Setting up void sink: VoidSink[m
[36m[21:21:46.050172] [D] [SingleNodeWorker] [WorkerThread-3] [] [SourceThread.cpp:184] [start] Starting source with originId: 2[m
[36m[21:21:46.078057] [D] [SingleNodeWorker] [WorkerThread-55] [Task:47544107-2] [BufferManager.cpp:65] [~BufferManager] Calling BufferManager::destroy()[m
[36m[21:21:46.078105] [D] [SingleNodeWorker] [WorkerThread-55] [Task:47544107-2] [BufferManager.cpp:93] [~BufferManager] Shutting down Buffer Manager completed[m
[36m[21:21:58.056788] [D] [SingleNodeWorker] [WorkerThread-54] [Task:47544107] [SourceThread.cpp:230] [tryStop] SourceThread 2: attempting to stop source[m
[36m[21:21:58.056857] [D] [SingleNodeWorker] [WorkerThread-54] [Task:47544107] [SourceThread.cpp:248] [tryStop] SourceThread 2: stopped[m
[32m[21:21:58.083435] [I] [SingleNodeWorker] [WorkerThread-59] [Task:47544107-3] [VoidSink.cpp:42] [stop] Void Sink completed.[m
[36m[21:21:58.083631] [D] [SingleNodeWorker] [WorkerThread-59] [] [SourceThread.cpp:226] [tryStop] SourceThread 2: thread is not running[m
[32m[21:21:58.083731] [I] [SingleNodeWorker] [WorkerThread-56] [] [SequenceShredder.cpp:55] [~SequenceShredder] Successfully validated SequenceShredder[m
[36m[21:22:00.238102] [D] [Not A Worker] [unnamed] [queryId:1666780067] [BufferManager.cpp:110] [initialize] NES memory allocation requires 1 out of 540577120256 (so 1.8498748143954595e-10%) available bytes[m
[36m[21:22:00.238153] [D] [Not A Worker] [unnamed] [queryId:1666780067] [BufferManager.cpp:160] [initialize] BufferManager configuration bufferSize=1 numOfBuffers=1[m
[36m[21:22:00.238360] [D] [Not A Worker] [unnamed] [queryId:1666780067] [PipeliningPhase.cpp:365] [apply] Constructed pipeline plan with 1 root pipelines.
PipelinedQueryPlan for Query: 1666780067
Number of root pipelines: 1
------------------
Root Pipeline 0:
  Pipeline(ID(4), Provider(COMPILER))
  Operator chain:
    PhysicalOperator(NES::SourcePhysicalOperator)
  Successor Pipeline:
    Pipeline(ID(5), Provider(None))
      Operator chain:
        PhysicalOperator(NES::ScanPhysicalOperator)
          PhysicalOperator(NES::SelectionPhysicalOperator)
            PhysicalOperator(NES::MapPhysicalOperator)
              PhysicalOperator(NES::MapPhysicalOperator)
                PhysicalOperator(NES::EmitPhysicalOperator)
      Successor Pipeline:
        Pipeline(ID(6), Provider(None))
          Operator chain:
            PhysicalOperator(NES::SinkPhysicalOperator)

[m
[36m[21:22:00.241451] [D] [Not A Worker] [unnamed] [] [SinkProvider.cpp:30] [lower] The sinkDescriptor is: SinkDescriptor: (name: variant("ID_PRICE_AUCTION_SINK"), type: Void, Config: )[m
[36m[21:22:00.242237] [D] [SingleNodeWorker] [WorkerThread-30] [Task:1666780067-6] [VoidSink.cpp:37] [start] Setting up void sink: VoidSink[m
[36m[21:22:00.317466] [D] [SingleNodeWorker] [WorkerThread-30] [] [SourceThread.cpp:184] [start] Starting source with originId: 2[m
[36m[21:22:00.351941] [D] [SingleNodeWorker] [WorkerThread-16] [Task:1666780067-5] [BufferManager.cpp:65] [~BufferManager] Calling BufferManager::destroy()[m
[36m[21:22:00.351992] [D] [SingleNodeWorker] [WorkerThread-16] [Task:1666780067-5] [BufferManager.cpp:93] [~BufferManager] Shutting down Buffer Manager completed[m
[36m[21:22:14.739869] [D] [SingleNodeWorker] [WorkerThread-14] [Task:1666780067] [SourceThread.cpp:230] [tryStop] SourceThread 2: attempting to stop source[m
[36m[21:22:14.739934] [D] [SingleNodeWorker] [WorkerThread-14] [Task:1666780067] [SourceThread.cpp:248] [tryStop] SourceThread 2: stopped[m
[32m[21:22:14.765894] [I] [SingleNodeWorker] [WorkerThread-13] [Task:1666780067-6] [VoidSink.cpp:42] [stop] Void Sink completed.[m
[32m[21:22:14.765988] [I] [SingleNodeWorker] [WorkerThread-24] [] [SequenceShredder.cpp:55] [~SequenceShredder] Successfully validated SequenceShredder[m
[36m[21:22:14.766028] [D] [SingleNodeWorker] [WorkerThread-13] [] [SourceThread.cpp:226] [tryStop] SourceThread 2: thread is not running[m
[36m[21:22:17.288719] [D] [Not A Worker] [unnamed] [queryId:695406587] [BufferManager.cpp:110] [initialize] NES memory allocation requires 1 out of 540577120256 (so 1.8498748143954595e-10%) available bytes[m
[36m[21:22:17.288780] [D] [Not A Worker] [unnamed] [queryId:695406587] [BufferManager.cpp:160] [initialize] BufferManager configuration bufferSize=1 numOfBuffers=1[m
[36m[21:22:17.289027] [D] [Not A Worker] [unnamed] [queryId:695406587] [PipeliningPhase.cpp:365] [apply] Constructed pipeline plan with 1 root pipelines.
PipelinedQueryPlan for Query: 695406587
Number of root pipelines: 1
------------------
Root Pipeline 0:
  Pipeline(ID(7), Provider(COMPILER))
  Operator chain:
    PhysicalOperator(NES::SourcePhysicalOperator)
  Successor Pipeline:
    Pipeline(ID(8), Provider(None))
      Operator chain:
        PhysicalOperator(NES::ScanPhysicalOperator)
          PhysicalOperator(NES::SelectionPhysicalOperator)
            PhysicalOperator(NES::MapPhysicalOperator)
              PhysicalOperator(NES::EmitPhysicalOperator)
      Successor Pipeline:
        Pipeline(ID(9), Provider(None))
          Operator chain:
            PhysicalOperator(NES::SinkPhysicalOperator)

[m
[36m[21:22:17.292194] [D] [Not A Worker] [unnamed] [] [SinkProvider.cpp:30] [lower] The sinkDescriptor is: SinkDescriptor: (name: variant("BID_AUCTION_ID_SINK"), type: Void, Config: )[m
[36m[21:22:17.292854] [D] [SingleNodeWorker] [WorkerThread-26] [Task:695406587-9] [VoidSink.cpp:37] [start] Setting up void sink: VoidSink[m
[36m[21:22:17.361291] [D] [SingleNodeWorker] [WorkerThread-26] [] [SourceThread.cpp:184] [start] Starting source with originId: 2[m
[36m[21:22:17.391402] [D] [SingleNodeWorker] [WorkerThread-24] [Task:695406587-8] [BufferManager.cpp:65] [~BufferManager] Calling BufferManager::destroy()[m
[36m[21:22:17.391463] [D] [SingleNodeWorker] [WorkerThread-24] [Task:695406587-8] [BufferManager.cpp:93] [~BufferManager] Shutting down Buffer Manager completed[m
[36m[21:22:29.215240] [D] [SingleNodeWorker] [WorkerThread-50] [Task:695406587] [SourceThread.cpp:230] [tryStop] SourceThread 2: attempting to stop source[m
[36m[21:22:29.215298] [D] [SingleNodeWorker] [WorkerThread-50] [Task:695406587] [SourceThread.cpp:248] [tryStop] SourceThread 2: stopped[m
[32m[21:22:29.240952] [I] [SingleNodeWorker] [WorkerThread-61] [] [SequenceShredder.cpp:55] [~SequenceShredder] Successfully validated SequenceShredder[m
[32m[21:22:29.240979] [I] [SingleNodeWorker] [WorkerThread-43] [Task:695406587-9] [VoidSink.cpp:42] [stop] Void Sink completed.[m
[36m[21:22:29.241133] [D] [SingleNodeWorker] [WorkerThread-43] [] [SourceThread.cpp:226] [tryStop] SourceThread 2: thread is not running[m
