B0($1:ptr,$2:ptr,$3:ptr)
	ASSIGN	$4	$1	:ptr
	ASSIGN	$5	$2	:ptr
	ASSIGN	$6	$3	:ptr
	ASSIGN	$7	$4	:ptr
	CALL	$8	0x564bb2e2ccf0($4)	:ui32
	CALL	$9	0x564bb2e2cd20($4)	:ptr
	ASSIGN	$10	$6	:ptr
	CONST	$11	0	:ui64
	CONST	$12	*	:ptr
	ASSIGN	$13	$9	:ptr
	CONST	$14	0	:ui64
	CONST	$15	0	:ui64
	CONST	$16	0	:ui64
	CONST	$17	0	:ui64
	CONST	$18	0	:ui64
	CONST	$19	true	:bool
	ASSIGN	$20	$5	:ptr
	CALL	$21	0x564bb30b6b80($20)	:ui64
	ASSIGN	$15	$21	:ui64
	CALL	$22	0x564bb30b6850($20)	:ui64
	ASSIGN	$14	$22	:ui64
	CALL	$23	0x564bb30b6ca0($20)	:ui64
	ASSIGN	$16	$23	:ui64
	CALL	$24	0x564bb30b6c70($20)	:ui64
	ASSIGN	$17	$24	:ui64
	CALL	$25	0x564bb30b6a20($20)	:ui64
	ASSIGN	$18	$25	:ui64
	CALL	$26	0x564bb30b6b10($20)	:bool
	ASSIGN	$19	$26	:bool
	CONST	$27	*	:ptr
	ASSIGN	$28	$10	:ptr
	CALL	$29	0x564bb309f250($20,$27,$28)	:ptr
	ASSIGN	$30	$29	:ptr
	ASSIGN	$31	$30	:ptr
	CONST	$32	34	:ui64
	ASSIGN	$33	$32	:ui64
	CONST	$34	1	:ui64
	MUL	$35	$33	$34	:ui64
	ADD	$36	$31	$35	:ptr
	ASSIGN	$37	$36	:ptr
	ASSIGN	$38	$37	:ptr
	LOAD	$39	$38	:bool
	CMP	$40	$39	B1()	B2()	:void
B1()
	CONST	$41	false	:bool
	NOT	$42	$41	:bool
	CMP	$43	$42	B3()	B4()	:void
B2()
	CONST	$48	true	:bool
	NOT	$49	$48	:bool
	CMP	$50	$49	B5()	B6()	:void
B3()
	JMP	$0	B7()	:void
B4()
	JMP	$0	B20()	:void
B5()
	JMP	$0	B7()	:void
B6()
	JMP	$0	B20()	:void
B7() ControlFlowMerge
	CALL	$44	0x564bb2e454e0($4,$5)	:void
	RETURN	$0	:void
B8()
	ASSIGN	$70	$59	:ptr
	CONST	$71	48	:ui64
	ASSIGN	$72	$71	:ui64
	CONST	$73	1	:ui64
	MUL	$74	$72	$73	:ui64
	ADD	$75	$70	$74	:ptr
	ASSIGN	$76	$59	:ptr
	CONST	$77	0	:ui64
	ASSIGN	$78	$77	:ui64
	CONST	$79	1	:ui64
	MUL	$80	$78	$79	:ui64
	ADD	$81	$76	$80	:ptr
	ASSIGN	$82	$81	:ptr
	ASSIGN	$83	$82	:ptr
	LOAD	$84	$83	:ptr
	CONST	$85	0	:ui64
	ASSIGN	$86	$75	:ptr
	ASSIGN	$87	$86	:ptr
	CONST	$88	0	:ui32
	CONST	$89	*	:ptr
	ASSIGN	$90	$88	:ui32
	ASSIGN	$91	$87	:ptr
	ASSIGN	$92	$89	:ptr
	CALL	$93	0x564bb30adc30($90,$91,$92)	:i32
	ASSIGN	$94	$93	:i32
	ASSIGN	$95	$94	:i32
	CONST	$96	1	:ui32
	CONST	$97	*	:ptr
	ASSIGN	$98	$10	:ptr
	CALL	$99	0x564bb30a2750($96,$87,$97,$98)	:ptr
	ASSIGN	$100	$99	:ptr
	CONST	$101	0	:ui64
	ASSIGN	$102	$101	:ui64
	CONST	$103	1	:ui64
	MUL	$104	$102	$103	:ui64
	ADD	$105	$100	$104	:ptr
	ASSIGN	$106	$105	:ptr
	ASSIGN	$107	$106	:ptr
	LOAD	$108	$107	:ptr
	ASSIGN	$109	$99	:ptr
	CONST	$110	16	:ui64
	ASSIGN	$111	$110	:ui64
	CONST	$112	1	:ui64
	MUL	$113	$111	$112	:ui64
	ADD	$114	$109	$113	:ptr
	ASSIGN	$115	$114	:ptr
	ASSIGN	$116	$115	:ptr
	LOAD	$117	$116	:ui64
	ASSIGN	$118	$117	:ui64
	ASSIGN	$119	$108	:ptr
	ASSIGN	$120	$118	:ui64
	ASSIGN	$121	$119	:ptr
	ASSIGN	$122	$120	:ui64
	ASSIGN	$123	$121	:ptr
	ASSIGN	$124	$123	:ptr
	CONST	$125	2	:ui32
	CONST	$126	*	:ptr
	ASSIGN	$127	$10	:ptr
	CALL	$128	0x564bb30a2750($125,$87,$126,$127)	:ptr
	ASSIGN	$129	$128	:ptr
	CONST	$130	0	:ui64
	ASSIGN	$131	$130	:ui64
	CONST	$132	1	:ui64
	MUL	$133	$131	$132	:ui64
	ADD	$134	$129	$133	:ptr
	ASSIGN	$135	$134	:ptr
	ASSIGN	$136	$135	:ptr
	LOAD	$137	$136	:ptr
	ASSIGN	$138	$128	:ptr
	CONST	$139	16	:ui64
	ASSIGN	$140	$139	:ui64
	CONST	$141	1	:ui64
	MUL	$142	$140	$141	:ui64
	ADD	$143	$138	$142	:ptr
	ASSIGN	$144	$143	:ptr
	ASSIGN	$145	$144	:ptr
	LOAD	$146	$145	:ui64
	ASSIGN	$147	$146	:ui64
	ASSIGN	$148	$137	:ptr
	ASSIGN	$149	$147	:ui64
	ASSIGN	$150	$148	:ptr
	ASSIGN	$151	$149	:ui64
	ASSIGN	$152	$150	:ptr
	ASSIGN	$153	$152	:ptr
	CONST	$154	3	:ui32
	CONST	$155	*	:ptr
	ASSIGN	$156	$10	:ptr
	CALL	$157	0x564bb30a2750($154,$87,$155,$156)	:ptr
	ASSIGN	$158	$157	:ptr
	CONST	$159	0	:ui64
	ASSIGN	$160	$159	:ui64
	CONST	$161	1	:ui64
	MUL	$162	$160	$161	:ui64
	ADD	$163	$158	$162	:ptr
	ASSIGN	$164	$163	:ptr
	ASSIGN	$165	$164	:ptr
	LOAD	$166	$165	:ptr
	ASSIGN	$167	$157	:ptr
	CONST	$168	16	:ui64
	ASSIGN	$169	$168	:ui64
	CONST	$170	1	:ui64
	MUL	$171	$169	$170	:ui64
	ADD	$172	$167	$171	:ptr
	ASSIGN	$173	$172	:ptr
	ASSIGN	$174	$173	:ptr
	LOAD	$175	$174	:ui64
	ASSIGN	$176	$175	:ui64
	ASSIGN	$177	$166	:ptr
	ASSIGN	$178	$176	:ui64
	ASSIGN	$179	$177	:ptr
	ASSIGN	$180	$178	:ui64
	ASSIGN	$181	$179	:ptr
	ASSIGN	$182	$181	:ptr
	CONST	$183	4	:ui32
	CONST	$184	*	:ptr
	ASSIGN	$185	$10	:ptr
	CALL	$186	0x564bb30a2750($183,$87,$184,$185)	:ptr
	ASSIGN	$187	$186	:ptr
	CONST	$188	0	:ui64
	ASSIGN	$189	$188	:ui64
	CONST	$190	1	:ui64
	MUL	$191	$189	$190	:ui64
	ADD	$192	$187	$191	:ptr
	ASSIGN	$193	$192	:ptr
	ASSIGN	$194	$193	:ptr
	LOAD	$195	$194	:ptr
	ASSIGN	$196	$186	:ptr
	CONST	$197	16	:ui64
	ASSIGN	$198	$197	:ui64
	CONST	$199	1	:ui64
	MUL	$200	$198	$199	:ui64
	ADD	$201	$196	$200	:ptr
	ASSIGN	$202	$201	:ptr
	ASSIGN	$203	$202	:ptr
	LOAD	$204	$203	:ui64
	ASSIGN	$205	$204	:ui64
	ASSIGN	$206	$195	:ptr
	ASSIGN	$207	$205	:ui64
	ASSIGN	$208	$206	:ptr
	ASSIGN	$209	$207	:ui64
	ASSIGN	$210	$208	:ptr
	ASSIGN	$211	$210	:ptr
	CONST	$212	5	:ui32
	CONST	$213	*	:ptr
	ASSIGN	$214	$10	:ptr
	CALL	$215	0x564bb30a2750($212,$87,$213,$214)	:ptr
	ASSIGN	$216	$215	:ptr
	CONST	$217	0	:ui64
	ASSIGN	$218	$217	:ui64
	CONST	$219	1	:ui64
	MUL	$220	$218	$219	:ui64
	ADD	$221	$216	$220	:ptr
	ASSIGN	$222	$221	:ptr
	ASSIGN	$223	$222	:ptr
	LOAD	$224	$223	:ptr
	ASSIGN	$225	$215	:ptr
	CONST	$226	16	:ui64
	ASSIGN	$227	$226	:ui64
	CONST	$228	1	:ui64
	MUL	$229	$227	$228	:ui64
	ADD	$230	$225	$229	:ptr
	ASSIGN	$231	$230	:ptr
	ASSIGN	$232	$231	:ptr
	LOAD	$233	$232	:ui64
	ASSIGN	$234	$233	:ui64
	ASSIGN	$235	$224	:ptr
	ASSIGN	$236	$234	:ui64
	ASSIGN	$237	$235	:ptr
	ASSIGN	$238	$236	:ui64
	ASSIGN	$239	$237	:ptr
	ASSIGN	$240	$239	:ptr
	CONST	$241	6	:ui32
	CONST	$242	*	:ptr
	ASSIGN	$243	$241	:ui32
	ASSIGN	$244	$87	:ptr
	ASSIGN	$245	$242	:ptr
	CALL	$246	0x564bb30af590($243,$244,$245)	:ui64
	ASSIGN	$247	$246	:ui64
	ASSIGN	$248	$247	:ui64
	CONST	$249	7	:ui32
	CONST	$250	*	:ptr
	ASSIGN	$251	$10	:ptr
	CALL	$252	0x564bb30a2750($249,$87,$250,$251)	:ptr
	ASSIGN	$253	$252	:ptr
	CONST	$254	0	:ui64
	ASSIGN	$255	$254	:ui64
	CONST	$256	1	:ui64
	MUL	$257	$255	$256	:ui64
	ADD	$258	$253	$257	:ptr
	ASSIGN	$259	$258	:ptr
	ASSIGN	$260	$259	:ptr
	LOAD	$261	$260	:ptr
	ASSIGN	$262	$252	:ptr
	CONST	$263	16	:ui64
	ASSIGN	$264	$263	:ui64
	CONST	$265	1	:ui64
	MUL	$266	$264	$265	:ui64
	ADD	$267	$262	$266	:ptr
	ASSIGN	$268	$267	:ptr
	ASSIGN	$269	$268	:ptr
	LOAD	$270	$269	:ui64
	ASSIGN	$271	$270	:ui64
	ASSIGN	$272	$261	:ptr
	ASSIGN	$273	$271	:ui64
	ASSIGN	$274	$272	:ptr
	ASSIGN	$275	$273	:ui64
	ASSIGN	$276	$274	:ptr
	ASSIGN	$277	$276	:ptr
	CALL	$278	0x564bb309c5c0($87)	:void
	ASSIGN	$279	$238	:ui64
	ASSIGN	$280	$240	:ptr
	CONST	$281	*	:ptr
	CONST	$282	2	:ui64
	ASSIGN	$283	$282	:ui64
	ASSIGN	$284	$281	:ptr
	ASSIGN	$285	$284	:ptr
	ASSIGN	$286	$283	:ui64
	ASSIGN	$287	$285	:ptr
	NEQ	$288	$279	$286	:bool
	CMP	$289	$288	B10()	B11()	:void
B9()
	JMP	$0	B21()	:void
B10()
	CONST	$290	false	:bool
	ASSIGN	$291	$290	:bool
	ASSIGN	$292	$209	:ui64
	ASSIGN	$293	$211	:ptr
	CONST	$294	*	:ptr
	CONST	$295	7	:ui64
	ASSIGN	$296	$295	:ui64
	ASSIGN	$297	$294	:ptr
	ASSIGN	$298	$297	:ptr
	ASSIGN	$299	$296	:ui64
	ASSIGN	$300	$298	:ptr
	NEQ	$301	$292	$299	:bool
	CMP	$302	$301	B12()	B13()	:void
B11()
	ASSIGN	$387	$280	:ptr
	ASSIGN	$388	$287	:ptr
	ASSIGN	$389	$279	:ui64
	CALL	$390	0x7efef7da1380($387,$388,$389)	:i32
	CONST	$391	0	:i32
	EQ	$392	$390	$391	:bool
	ASSIGN	$393	$392	:bool
	ASSIGN	$394	$393	:bool
	ASSIGN	$395	$209	:ui64
	ASSIGN	$396	$211	:ptr
	CONST	$397	*	:ptr
	CONST	$398	7	:ui64
	ASSIGN	$399	$398	:ui64
	ASSIGN	$400	$397	:ptr
	ASSIGN	$401	$400	:ptr
	ASSIGN	$402	$399	:ui64
	ASSIGN	$403	$401	:ptr
	NEQ	$404	$395	$402	:bool
	CMP	$405	$404	B22()	B23()	:void
B12()
	CONST	$303	false	:bool
	ASSIGN	$304	$303	:bool
	AND	$305	$291	$304	:bool
	ASSIGN	$306	$305	:bool
	CONST	$307	false	:bool
	EQ	$308	$306	$307	:bool
	NOT	$309	$308	:bool
	CMP	$310	$309	B14()	B15()	:void
B13()
	ASSIGN	$417	$293	:ptr
	ASSIGN	$418	$300	:ptr
	ASSIGN	$419	$292	:ui64
	CALL	$420	0x7efef7da1380($417,$418,$419)	:i32
	CONST	$421	0	:i32
	EQ	$422	$420	$421	:bool
	ASSIGN	$423	$422	:bool
	ASSIGN	$424	$423	:bool
	AND	$425	$291	$424	:bool
	ASSIGN	$426	$425	:bool
	CONST	$427	false	:bool
	EQ	$428	$426	$427	:bool
	NOT	$429	$428	:bool
	CMP	$430	$429	B27()	B28()	:void
B14()
	JMP	$0	B26()	:void
B15()
	JMP	$0	B30()	:void
B16()
	CONST	$317	false	:bool
	CALL	$318	0x564bb30b6750($57,$56)	:void
	CALL	$319	0x564bb30b6bf0($57,$15)	:void
	CALL	$320	0x564bb30b68c0($57,$14)	:void
	CALL	$321	0x564bb30b6930($57,$17)	:void
	CALL	$322	0x564bb30b6cd0($57,$16)	:void
	CONST	$323	2	:ui64
	CALL	$324	0x564bb2e2d210($7,$323)	:ptr
	CALL	$325	0x564bb2e1a930($324,$317,$18,$19,$57)	:void
	CALL	$326	0x564bb2e2ce20($7,$57)	:void
	CALL	$327	0x564bb2e2d290($7)	:ptr
	ASSIGN	$328	$327	:ptr
	ASSIGN	$57	$328	:ptr
	CALL	$329	0x564bb30b67d0($57)	:ptr
	ASSIGN	$58	$329	:ptr
	CONST	$330	0	:ui64
	ASSIGN	$56	$330	:ui64
	JMP	$0	B31()	:void
B17()
	JMP	$0	B31()	:void
B18()
	CONST	$368	true	:bool
	JMP	$0	B58()	:void
B19()
	CONST	$440	0	:ui64
	ASSIGN	$441	$59	:ptr
	CONST	$442	192	:ui64
	ASSIGN	$443	$442	:ui64
	CONST	$444	1	:ui64
	MUL	$445	$443	$444	:ui64
	ADD	$446	$441	$445	:ptr
	JMP	$0	B42()	:void
B20() ControlFlowMerge
	CALL	$54	0x564bb2e2d290($7)	:ptr
	ASSIGN	$55	$54	:ptr
	CONST	$56	0	:ui64
	ASSIGN	$57	$55	:ptr
	CALL	$58	0x564bb30b67d0($55)	:ptr
	CALL	$59	0x564bb309ab40()	:ptr
	ASSIGN	$60	$59	:ptr
	CONST	$61	32	:ui64
	ASSIGN	$62	$61	:ui64
	CONST	$63	1	:ui64
	MUL	$64	$62	$63	:ui64
	ADD	$65	$60	$64	:ptr
	ASSIGN	$66	$65	:ptr
	ASSIGN	$67	$66	:ptr
	LOAD	$68	$67	:bool
	CMP	$69	$68	B8()	B9()	:void
B21() ControlFlowMerge
	JMP	$0	B30()	:void
B22()
	CONST	$406	false	:bool
	ASSIGN	$407	$406	:bool
	AND	$408	$394	$407	:bool
	ASSIGN	$409	$408	:bool
	CONST	$410	false	:bool
	EQ	$411	$409	$410	:bool
	NOT	$412	$411	:bool
	CMP	$413	$412	B24()	B25()	:void
B23()
	ASSIGN	$737	$396	:ptr
	ASSIGN	$738	$403	:ptr
	ASSIGN	$739	$395	:ui64
	CALL	$740	0x7efef7da1380($737,$738,$739)	:i32
	CONST	$741	0	:i32
	EQ	$742	$740	$741	:bool
	ASSIGN	$743	$742	:bool
	ASSIGN	$744	$743	:bool
	AND	$745	$394	$744	:bool
	ASSIGN	$746	$745	:bool
	CONST	$747	false	:bool
	EQ	$748	$746	$747	:bool
	NOT	$749	$748	:bool
	CMP	$750	$749	B43()	B44()	:void
B24()
	JMP	$0	B26()	:void
B25()
	JMP	$0	B46()	:void
B26() ControlFlowMerge
	JMP	$0	B29()	:void
B27()
	JMP	$0	B29()	:void
B28()
	JMP	$0	B47()	:void
B29() ControlFlowMerge
	JMP	$0	B45()	:void
B30() ControlFlowMerge
	JMP	$0	B46()	:void
B31() ControlFlowMerge
	CALL	$331	0x564bb30b67d0($57)	:ptr
	ASSIGN	$332	$331	:ptr
	CONST	$333	4	:ui64
	MUL	$334	$333	$56	:ui64
	ASSIGN	$335	$334	:ui64
	CONST	$336	1	:ui64
	MUL	$337	$335	$336	:ui64
	ADD	$338	$332	$337	:ptr
	ASSIGN	$339	$338	:ptr
	CONST	$340	0	:ui64
	ASSIGN	$341	$340	:ui64
	CONST	$342	1	:ui64
	MUL	$343	$341	$342	:ui64
	ADD	$344	$339	$343	:ptr
	ASSIGN	$345	$313	:i32
	ASSIGN	$346	$345	:i32
	ASSIGN	$347	$346	:i32
	ASSIGN	$348	$347	:i32
	ASSIGN	$349	$344	:ptr
	ASSIGN	$350	$349	:ptr
	ASSIGN	$351	$348	:i32
	STORE	$352	$350	$351	:void
	ASSIGN	$353	$345	:i32
	CONST	$354	1	:i32
	CAST	$355	$354	:ui64
	ADD	$356	$56	$355	:ui64
	ASSIGN	$56	$356	:ui64
	JMP	$0	B21()	:void
B32()
	CALL	$459	0x564bb30b67d0($20)	:ptr
	ASSIGN	$460	$446	:ptr
	ASSIGN	$461	$460	:ptr
	CONST	$462	0	:ui32
	CONST	$463	*	:ptr
	ASSIGN	$464	$462	:ui32
	ASSIGN	$465	$461	:ptr
	ASSIGN	$466	$463	:ptr
	CALL	$467	0x564bb30adc30($464,$465,$466)	:i32
	ASSIGN	$468	$467	:i32
	ASSIGN	$469	$468	:i32
	CONST	$470	1	:ui32
	CONST	$471	*	:ptr
	ASSIGN	$472	$10	:ptr
	CALL	$473	0x564bb30a2750($470,$461,$471,$472)	:ptr
	ASSIGN	$474	$473	:ptr
	CONST	$475	0	:ui64
	ASSIGN	$476	$475	:ui64
	CONST	$477	1	:ui64
	MUL	$478	$476	$477	:ui64
	ADD	$479	$474	$478	:ptr
	ASSIGN	$480	$479	:ptr
	ASSIGN	$481	$480	:ptr
	LOAD	$482	$481	:ptr
	ASSIGN	$483	$473	:ptr
	CONST	$484	16	:ui64
	ASSIGN	$485	$484	:ui64
	CONST	$486	1	:ui64
	MUL	$487	$485	$486	:ui64
	ADD	$488	$483	$487	:ptr
	ASSIGN	$489	$488	:ptr
	ASSIGN	$490	$489	:ptr
	LOAD	$491	$490	:ui64
	ASSIGN	$492	$491	:ui64
	ASSIGN	$493	$482	:ptr
	ASSIGN	$494	$492	:ui64
	ASSIGN	$495	$493	:ptr
	ASSIGN	$496	$494	:ui64
	ASSIGN	$497	$495	:ptr
	ASSIGN	$498	$497	:ptr
	CONST	$499	2	:ui32
	CONST	$500	*	:ptr
	ASSIGN	$501	$10	:ptr
	CALL	$502	0x564bb30a2750($499,$461,$500,$501)	:ptr
	ASSIGN	$503	$502	:ptr
	CONST	$504	0	:ui64
	ASSIGN	$505	$504	:ui64
	CONST	$506	1	:ui64
	MUL	$507	$505	$506	:ui64
	ADD	$508	$503	$507	:ptr
	ASSIGN	$509	$508	:ptr
	ASSIGN	$510	$509	:ptr
	LOAD	$511	$510	:ptr
	ASSIGN	$512	$502	:ptr
	CONST	$513	16	:ui64
	ASSIGN	$514	$513	:ui64
	CONST	$515	1	:ui64
	MUL	$516	$514	$515	:ui64
	ADD	$517	$512	$516	:ptr
	ASSIGN	$518	$517	:ptr
	ASSIGN	$519	$518	:ptr
	LOAD	$520	$519	:ui64
	ASSIGN	$521	$520	:ui64
	ASSIGN	$522	$511	:ptr
	ASSIGN	$523	$521	:ui64
	ASSIGN	$524	$522	:ptr
	ASSIGN	$525	$523	:ui64
	ASSIGN	$526	$524	:ptr
	ASSIGN	$527	$526	:ptr
	CONST	$528	3	:ui32
	CONST	$529	*	:ptr
	ASSIGN	$530	$10	:ptr
	CALL	$531	0x564bb30a2750($528,$461,$529,$530)	:ptr
	ASSIGN	$532	$531	:ptr
	CONST	$533	0	:ui64
	ASSIGN	$534	$533	:ui64
	CONST	$535	1	:ui64
	MUL	$536	$534	$535	:ui64
	ADD	$537	$532	$536	:ptr
	ASSIGN	$538	$537	:ptr
	ASSIGN	$539	$538	:ptr
	LOAD	$540	$539	:ptr
	ASSIGN	$541	$531	:ptr
	CONST	$542	16	:ui64
	ASSIGN	$543	$542	:ui64
	CONST	$544	1	:ui64
	MUL	$545	$543	$544	:ui64
	ADD	$546	$541	$545	:ptr
	ASSIGN	$547	$546	:ptr
	ASSIGN	$548	$547	:ptr
	LOAD	$549	$548	:ui64
	ASSIGN	$550	$549	:ui64
	ASSIGN	$551	$540	:ptr
	ASSIGN	$552	$550	:ui64
	ASSIGN	$553	$551	:ptr
	ASSIGN	$554	$552	:ui64
	ASSIGN	$555	$553	:ptr
	ASSIGN	$556	$555	:ptr
	CONST	$557	4	:ui32
	CONST	$558	*	:ptr
	ASSIGN	$559	$10	:ptr
	CALL	$560	0x564bb30a2750($557,$461,$558,$559)	:ptr
	ASSIGN	$561	$560	:ptr
	CONST	$562	0	:ui64
	ASSIGN	$563	$562	:ui64
	CONST	$564	1	:ui64
	MUL	$565	$563	$564	:ui64
	ADD	$566	$561	$565	:ptr
	ASSIGN	$567	$566	:ptr
	ASSIGN	$568	$567	:ptr
	LOAD	$569	$568	:ptr
	ASSIGN	$570	$560	:ptr
	CONST	$571	16	:ui64
	ASSIGN	$572	$571	:ui64
	CONST	$573	1	:ui64
	MUL	$574	$572	$573	:ui64
	ADD	$575	$570	$574	:ptr
	ASSIGN	$576	$575	:ptr
	ASSIGN	$577	$576	:ptr
	LOAD	$578	$577	:ui64
	ASSIGN	$579	$578	:ui64
	ASSIGN	$580	$569	:ptr
	ASSIGN	$581	$579	:ui64
	ASSIGN	$582	$580	:ptr
	ASSIGN	$583	$581	:ui64
	ASSIGN	$584	$582	:ptr
	ASSIGN	$585	$584	:ptr
	CONST	$586	5	:ui32
	CONST	$587	*	:ptr
	ASSIGN	$588	$10	:ptr
	CALL	$589	0x564bb30a2750($586,$461,$587,$588)	:ptr
	ASSIGN	$590	$589	:ptr
	CONST	$591	0	:ui64
	ASSIGN	$592	$591	:ui64
	CONST	$593	1	:ui64
	MUL	$594	$592	$593	:ui64
	ADD	$595	$590	$594	:ptr
	ASSIGN	$596	$595	:ptr
	ASSIGN	$597	$596	:ptr
	LOAD	$598	$597	:ptr
	ASSIGN	$599	$589	:ptr
	CONST	$600	16	:ui64
	ASSIGN	$601	$600	:ui64
	CONST	$602	1	:ui64
	MUL	$603	$601	$602	:ui64
	ADD	$604	$599	$603	:ptr
	ASSIGN	$605	$604	:ptr
	ASSIGN	$606	$605	:ptr
	LOAD	$607	$606	:ui64
	ASSIGN	$608	$607	:ui64
	ASSIGN	$609	$598	:ptr
	ASSIGN	$610	$608	:ui64
	ASSIGN	$611	$609	:ptr
	ASSIGN	$612	$610	:ui64
	ASSIGN	$613	$611	:ptr
	ASSIGN	$614	$613	:ptr
	CONST	$615	6	:ui32
	CONST	$616	*	:ptr
	ASSIGN	$617	$615	:ui32
	ASSIGN	$618	$461	:ptr
	ASSIGN	$619	$616	:ptr
	CALL	$620	0x564bb30af590($617,$618,$619)	:ui64
	ASSIGN	$621	$620	:ui64
	ASSIGN	$622	$621	:ui64
	CONST	$623	7	:ui32
	CONST	$624	*	:ptr
	ASSIGN	$625	$10	:ptr
	CALL	$626	0x564bb30a2750($623,$461,$624,$625)	:ptr
	ASSIGN	$627	$626	:ptr
	CONST	$628	0	:ui64
	ASSIGN	$629	$628	:ui64
	CONST	$630	1	:ui64
	MUL	$631	$629	$630	:ui64
	ADD	$632	$627	$631	:ptr
	ASSIGN	$633	$632	:ptr
	ASSIGN	$634	$633	:ptr
	LOAD	$635	$634	:ptr
	ASSIGN	$636	$626	:ptr
	CONST	$637	16	:ui64
	ASSIGN	$638	$637	:ui64
	CONST	$639	1	:ui64
	MUL	$640	$638	$639	:ui64
	ADD	$641	$636	$640	:ptr
	ASSIGN	$642	$641	:ptr
	ASSIGN	$643	$642	:ptr
	LOAD	$644	$643	:ui64
	ASSIGN	$645	$644	:ui64
	ASSIGN	$646	$635	:ptr
	ASSIGN	$647	$645	:ui64
	ASSIGN	$648	$646	:ptr
	ASSIGN	$649	$647	:ui64
	ASSIGN	$650	$648	:ptr
	ASSIGN	$651	$650	:ptr
	CALL	$652	0x564bb309c5c0($461)	:void
	ASSIGN	$653	$612	:ui64
	ASSIGN	$654	$614	:ptr
	CONST	$655	*	:ptr
	CONST	$656	2	:ui64
	ASSIGN	$657	$656	:ui64
	ASSIGN	$658	$655	:ptr
	ASSIGN	$659	$658	:ptr
	ASSIGN	$660	$657	:ui64
	ASSIGN	$661	$659	:ptr
	NEQ	$662	$653	$660	:bool
	CMP	$663	$662	B34()	B35()	:void
B33()
	CONST	$760	*	:ptr
	ASSIGN	$761	$10	:ptr
	CALL	$762	0x564bb309df40($20,$760,$761)	:bool
	CMP	$763	$762	B48()	B49()	:void
B34()
	CONST	$664	false	:bool
	ASSIGN	$665	$664	:bool
	ASSIGN	$666	$583	:ui64
	ASSIGN	$667	$585	:ptr
	CONST	$668	*	:ptr
	CONST	$669	7	:ui64
	ASSIGN	$670	$669	:ui64
	ASSIGN	$671	$668	:ptr
	ASSIGN	$672	$671	:ptr
	ASSIGN	$673	$670	:ui64
	ASSIGN	$674	$672	:ptr
	NEQ	$675	$666	$673	:bool
	CMP	$676	$675	B36()	B37()	:void
B35()
	ASSIGN	$1055	$654	:ptr
	ASSIGN	$1056	$661	:ptr
	ASSIGN	$1057	$653	:ui64
	CALL	$1058	0x7efef7da1380($1055,$1056,$1057)	:i32
	CONST	$1059	0	:i32
	EQ	$1060	$1058	$1059	:bool
	ASSIGN	$1061	$1060	:bool
	ASSIGN	$1062	$1061	:bool
	ASSIGN	$1063	$583	:ui64
	ASSIGN	$1064	$585	:ptr
	CONST	$1065	*	:ptr
	CONST	$1066	7	:ui64
	ASSIGN	$1067	$1066	:ui64
	ASSIGN	$1068	$1065	:ptr
	ASSIGN	$1069	$1068	:ptr
	ASSIGN	$1070	$1067	:ui64
	ASSIGN	$1071	$1069	:ptr
	NEQ	$1072	$1063	$1070	:bool
	CMP	$1073	$1072	B59()	B60()	:void
B36()
	CONST	$677	false	:bool
	ASSIGN	$678	$677	:bool
	AND	$679	$665	$678	:bool
	ASSIGN	$680	$679	:bool
	CONST	$681	false	:bool
	EQ	$682	$680	$681	:bool
	NOT	$683	$682	:bool
	CMP	$684	$683	B38()	B39()	:void
B37()
	ASSIGN	$1085	$667	:ptr
	ASSIGN	$1086	$674	:ptr
	ASSIGN	$1087	$666	:ui64
	CALL	$1088	0x7efef7da1380($1085,$1086,$1087)	:i32
	CONST	$1089	0	:i32
	EQ	$1090	$1088	$1089	:bool
	ASSIGN	$1091	$1090	:bool
	ASSIGN	$1092	$1091	:bool
	AND	$1093	$665	$1092	:bool
	ASSIGN	$1094	$1093	:bool
	CONST	$1095	false	:bool
	EQ	$1096	$1094	$1095	:bool
	NOT	$1097	$1096	:bool
	CMP	$1098	$1097	B64()	B65()	:void
B38()
	JMP	$0	B63()	:void
B39()
	CONST	$1102	1	:i32
	JMP	$0	B84()	:void
B40()
	CONST	$691	false	:bool
	CALL	$692	0x564bb30b6750($57,$56)	:void
	CALL	$693	0x564bb30b6bf0($57,$15)	:void
	CALL	$694	0x564bb30b68c0($57,$14)	:void
	CALL	$695	0x564bb30b6930($57,$17)	:void
	CALL	$696	0x564bb30b6cd0($57,$16)	:void
	CONST	$697	2	:ui64
	CALL	$698	0x564bb2e2d210($7,$697)	:ptr
	CALL	$699	0x564bb2e1a930($698,$691,$18,$19,$57)	:void
	CALL	$700	0x564bb2e2ce20($7,$57)	:void
	CALL	$701	0x564bb2e2d290($7)	:ptr
	ASSIGN	$702	$701	:ptr
	ASSIGN	$57	$702	:ptr
	CALL	$703	0x564bb30b67d0($57)	:ptr
	ASSIGN	$58	$703	:ptr
	CONST	$704	0	:ui64
	ASSIGN	$56	$704	:ui64
	JMP	$0	B68()	:void
B41()
	JMP	$0	B68()	:void
B42() ControlFlowMerge
	JMP	$0	B67()	:void
B43()
	JMP	$0	B45()	:void
B44()
	JMP	$0	B69()	:void
B45() ControlFlowMerge
	ASSIGN	$311	$95	:i32
	ASSIGN	$312	$311	:i32
	ASSIGN	$313	$311	:i32
	CONST	$314	65536	:ui64
	GTE	$315	$56	$314	:bool
	CMP	$316	$315	B16()	B17()	:void
B46() ControlFlowMerge
	JMP	$0	B47()	:void
B47() ControlFlowMerge
	JMP	$0	B69()	:void
B48()
	ASSIGN	$764	$59	:ptr
	CONST	$765	120	:ui64
	ASSIGN	$766	$765	:ui64
	CONST	$767	1	:ui64
	MUL	$768	$766	$767	:ui64
	ADD	$769	$764	$768	:ptr
	ASSIGN	$770	$59	:ptr
	CONST	$771	16	:ui64
	ASSIGN	$772	$771	:ui64
	CONST	$773	1	:ui64
	MUL	$774	$772	$773	:ui64
	ADD	$775	$770	$774	:ptr
	ASSIGN	$776	$775	:ptr
	ASSIGN	$777	$776	:ptr
	LOAD	$778	$777	:ptr
	CONST	$779	0	:ui64
	ASSIGN	$780	$769	:ptr
	ASSIGN	$781	$780	:ptr
	CONST	$782	0	:ui32
	CONST	$783	*	:ptr
	ASSIGN	$784	$782	:ui32
	ASSIGN	$785	$781	:ptr
	ASSIGN	$786	$783	:ptr
	CALL	$787	0x564bb30adc30($784,$785,$786)	:i32
	ASSIGN	$788	$787	:i32
	ASSIGN	$789	$788	:i32
	CONST	$790	1	:ui32
	CONST	$791	*	:ptr
	ASSIGN	$792	$10	:ptr
	CALL	$793	0x564bb30a2750($790,$781,$791,$792)	:ptr
	ASSIGN	$794	$793	:ptr
	CONST	$795	0	:ui64
	ASSIGN	$796	$795	:ui64
	CONST	$797	1	:ui64
	MUL	$798	$796	$797	:ui64
	ADD	$799	$794	$798	:ptr
	ASSIGN	$800	$799	:ptr
	ASSIGN	$801	$800	:ptr
	LOAD	$802	$801	:ptr
	ASSIGN	$803	$793	:ptr
	CONST	$804	16	:ui64
	ASSIGN	$805	$804	:ui64
	CONST	$806	1	:ui64
	MUL	$807	$805	$806	:ui64
	ADD	$808	$803	$807	:ptr
	ASSIGN	$809	$808	:ptr
	ASSIGN	$810	$809	:ptr
	LOAD	$811	$810	:ui64
	ASSIGN	$812	$811	:ui64
	ASSIGN	$813	$802	:ptr
	ASSIGN	$814	$812	:ui64
	ASSIGN	$815	$813	:ptr
	ASSIGN	$816	$814	:ui64
	ASSIGN	$817	$815	:ptr
	ASSIGN	$818	$817	:ptr
	CONST	$819	2	:ui32
	CONST	$820	*	:ptr
	ASSIGN	$821	$10	:ptr
	CALL	$822	0x564bb30a2750($819,$781,$820,$821)	:ptr
	ASSIGN	$823	$822	:ptr
	CONST	$824	0	:ui64
	ASSIGN	$825	$824	:ui64
	CONST	$826	1	:ui64
	MUL	$827	$825	$826	:ui64
	ADD	$828	$823	$827	:ptr
	ASSIGN	$829	$828	:ptr
	ASSIGN	$830	$829	:ptr
	LOAD	$831	$830	:ptr
	ASSIGN	$832	$822	:ptr
	CONST	$833	16	:ui64
	ASSIGN	$834	$833	:ui64
	CONST	$835	1	:ui64
	MUL	$836	$834	$835	:ui64
	ADD	$837	$832	$836	:ptr
	ASSIGN	$838	$837	:ptr
	ASSIGN	$839	$838	:ptr
	LOAD	$840	$839	:ui64
	ASSIGN	$841	$840	:ui64
	ASSIGN	$842	$831	:ptr
	ASSIGN	$843	$841	:ui64
	ASSIGN	$844	$842	:ptr
	ASSIGN	$845	$843	:ui64
	ASSIGN	$846	$844	:ptr
	ASSIGN	$847	$846	:ptr
	CONST	$848	3	:ui32
	CONST	$849	*	:ptr
	ASSIGN	$850	$10	:ptr
	CALL	$851	0x564bb30a2750($848,$781,$849,$850)	:ptr
	ASSIGN	$852	$851	:ptr
	CONST	$853	0	:ui64
	ASSIGN	$854	$853	:ui64
	CONST	$855	1	:ui64
	MUL	$856	$854	$855	:ui64
	ADD	$857	$852	$856	:ptr
	ASSIGN	$858	$857	:ptr
	ASSIGN	$859	$858	:ptr
	LOAD	$860	$859	:ptr
	ASSIGN	$861	$851	:ptr
	CONST	$862	16	:ui64
	ASSIGN	$863	$862	:ui64
	CONST	$864	1	:ui64
	MUL	$865	$863	$864	:ui64
	ADD	$866	$861	$865	:ptr
	ASSIGN	$867	$866	:ptr
	ASSIGN	$868	$867	:ptr
	LOAD	$869	$868	:ui64
	ASSIGN	$870	$869	:ui64
	ASSIGN	$871	$860	:ptr
	ASSIGN	$872	$870	:ui64
	ASSIGN	$873	$871	:ptr
	ASSIGN	$874	$872	:ui64
	ASSIGN	$875	$873	:ptr
	ASSIGN	$876	$875	:ptr
	CONST	$877	4	:ui32
	CONST	$878	*	:ptr
	ASSIGN	$879	$10	:ptr
	CALL	$880	0x564bb30a2750($877,$781,$878,$879)	:ptr
	ASSIGN	$881	$880	:ptr
	CONST	$882	0	:ui64
	ASSIGN	$883	$882	:ui64
	CONST	$884	1	:ui64
	MUL	$885	$883	$884	:ui64
	ADD	$886	$881	$885	:ptr
	ASSIGN	$887	$886	:ptr
	ASSIGN	$888	$887	:ptr
	LOAD	$889	$888	:ptr
	ASSIGN	$890	$880	:ptr
	CONST	$891	16	:ui64
	ASSIGN	$892	$891	:ui64
	CONST	$893	1	:ui64
	MUL	$894	$892	$893	:ui64
	ADD	$895	$890	$894	:ptr
	ASSIGN	$896	$895	:ptr
	ASSIGN	$897	$896	:ptr
	LOAD	$898	$897	:ui64
	ASSIGN	$899	$898	:ui64
	ASSIGN	$900	$889	:ptr
	ASSIGN	$901	$899	:ui64
	ASSIGN	$902	$900	:ptr
	ASSIGN	$903	$901	:ui64
	ASSIGN	$904	$902	:ptr
	ASSIGN	$905	$904	:ptr
	CONST	$906	5	:ui32
	CONST	$907	*	:ptr
	ASSIGN	$908	$10	:ptr
	CALL	$909	0x564bb30a2750($906,$781,$907,$908)	:ptr
	ASSIGN	$910	$909	:ptr
	CONST	$911	0	:ui64
	ASSIGN	$912	$911	:ui64
	CONST	$913	1	:ui64
	MUL	$914	$912	$913	:ui64
	ADD	$915	$910	$914	:ptr
	ASSIGN	$916	$915	:ptr
	ASSIGN	$917	$916	:ptr
	LOAD	$918	$917	:ptr
	ASSIGN	$919	$909	:ptr
	CONST	$920	16	:ui64
	ASSIGN	$921	$920	:ui64
	CONST	$922	1	:ui64
	MUL	$923	$921	$922	:ui64
	ADD	$924	$919	$923	:ptr
	ASSIGN	$925	$924	:ptr
	ASSIGN	$926	$925	:ptr
	LOAD	$927	$926	:ui64
	ASSIGN	$928	$927	:ui64
	ASSIGN	$929	$918	:ptr
	ASSIGN	$930	$928	:ui64
	ASSIGN	$931	$929	:ptr
	ASSIGN	$932	$930	:ui64
	ASSIGN	$933	$931	:ptr
	ASSIGN	$934	$933	:ptr
	CONST	$935	6	:ui32
	CONST	$936	*	:ptr
	ASSIGN	$937	$935	:ui32
	ASSIGN	$938	$781	:ptr
	ASSIGN	$939	$936	:ptr
	CALL	$940	0x564bb30af590($937,$938,$939)	:ui64
	ASSIGN	$941	$940	:ui64
	ASSIGN	$942	$941	:ui64
	CONST	$943	7	:ui32
	CONST	$944	*	:ptr
	ASSIGN	$945	$10	:ptr
	CALL	$946	0x564bb30a2750($943,$781,$944,$945)	:ptr
	ASSIGN	$947	$946	:ptr
	CONST	$948	0	:ui64
	ASSIGN	$949	$948	:ui64
	CONST	$950	1	:ui64
	MUL	$951	$949	$950	:ui64
	ADD	$952	$947	$951	:ptr
	ASSIGN	$953	$952	:ptr
	ASSIGN	$954	$953	:ptr
	LOAD	$955	$954	:ptr
	ASSIGN	$956	$946	:ptr
	CONST	$957	16	:ui64
	ASSIGN	$958	$957	:ui64
	CONST	$959	1	:ui64
	MUL	$960	$958	$959	:ui64
	ADD	$961	$956	$960	:ptr
	ASSIGN	$962	$961	:ptr
	ASSIGN	$963	$962	:ptr
	LOAD	$964	$963	:ui64
	ASSIGN	$965	$964	:ui64
	ASSIGN	$966	$955	:ptr
	ASSIGN	$967	$965	:ui64
	ASSIGN	$968	$966	:ptr
	ASSIGN	$969	$967	:ui64
	ASSIGN	$970	$968	:ptr
	ASSIGN	$971	$970	:ptr
	CALL	$972	0x564bb309c5c0($781)	:void
	ASSIGN	$973	$932	:ui64
	ASSIGN	$974	$934	:ptr
	CONST	$975	*	:ptr
	CONST	$976	2	:ui64
	ASSIGN	$977	$976	:ui64
	ASSIGN	$978	$975	:ptr
	ASSIGN	$979	$978	:ptr
	ASSIGN	$980	$977	:ui64
	ASSIGN	$981	$979	:ptr
	NEQ	$982	$973	$980	:bool
	CMP	$983	$982	B50()	B51()	:void
B49()
	CONST	$1114	true	:bool
	ASSIGN	$368	$1114	:bool
	JMP	$0	B70()	:void
B50()
	CONST	$984	false	:bool
	ASSIGN	$985	$984	:bool
	ASSIGN	$986	$903	:ui64
	ASSIGN	$987	$905	:ptr
	CONST	$988	*	:ptr
	CONST	$989	7	:ui64
	ASSIGN	$990	$989	:ui64
	ASSIGN	$991	$988	:ptr
	ASSIGN	$992	$991	:ptr
	ASSIGN	$993	$990	:ui64
	ASSIGN	$994	$992	:ptr
	NEQ	$995	$986	$993	:bool
	CMP	$996	$995	B52()	B53()	:void
B51()
	ASSIGN	$1118	$974	:ptr
	ASSIGN	$1119	$981	:ptr
	ASSIGN	$1120	$973	:ui64
	CALL	$1121	0x7efef7da1380($1118,$1119,$1120)	:i32
	CONST	$1122	0	:i32
	EQ	$1123	$1121	$1122	:bool
	ASSIGN	$1124	$1123	:bool
	ASSIGN	$1125	$1124	:bool
	ASSIGN	$1126	$903	:ui64
	ASSIGN	$1127	$905	:ptr
	CONST	$1128	*	:ptr
	CONST	$1129	7	:ui64
	ASSIGN	$1130	$1129	:ui64
	ASSIGN	$1131	$1128	:ptr
	ASSIGN	$1132	$1131	:ptr
	ASSIGN	$1133	$1130	:ui64
	ASSIGN	$1134	$1132	:ptr
	NEQ	$1135	$1126	$1133	:bool
	CMP	$1136	$1135	B71()	B72()	:void
B52()
	CONST	$997	false	:bool
	ASSIGN	$998	$997	:bool
	AND	$999	$985	$998	:bool
	ASSIGN	$1000	$999	:bool
	CONST	$1001	false	:bool
	EQ	$1002	$1000	$1001	:bool
	NOT	$1003	$1002	:bool
	CMP	$1004	$1003	B54()	B55()	:void
B53()
	ASSIGN	$1148	$987	:ptr
	ASSIGN	$1149	$994	:ptr
	ASSIGN	$1150	$986	:ui64
	CALL	$1151	0x7efef7da1380($1148,$1149,$1150)	:i32
	CONST	$1152	0	:i32
	EQ	$1153	$1151	$1152	:bool
	ASSIGN	$1154	$1153	:bool
	ASSIGN	$1155	$1154	:bool
	AND	$1156	$985	$1155	:bool
	ASSIGN	$1157	$1156	:bool
	CONST	$1158	false	:bool
	EQ	$1159	$1157	$1158	:bool
	NOT	$1160	$1159	:bool
	CMP	$1161	$1160	B76()	B77()	:void
B54()
	JMP	$0	B75()	:void
B55()
	CONST	$1165	true	:bool
	ASSIGN	$368	$1165	:bool
	JMP	$0	B79()	:void
B56()
	CONST	$1011	false	:bool
	CALL	$1012	0x564bb30b6750($57,$56)	:void
	CALL	$1013	0x564bb30b6bf0($57,$15)	:void
	CALL	$1014	0x564bb30b68c0($57,$14)	:void
	CALL	$1015	0x564bb30b6930($57,$17)	:void
	CALL	$1016	0x564bb30b6cd0($57,$16)	:void
	CONST	$1017	2	:ui64
	CALL	$1018	0x564bb2e2d210($7,$1017)	:ptr
	CALL	$1019	0x564bb2e1a930($1018,$1011,$18,$19,$57)	:void
	CALL	$1020	0x564bb2e2ce20($7,$57)	:void
	CALL	$1021	0x564bb2e2d290($7)	:ptr
	ASSIGN	$1022	$1021	:ptr
	ASSIGN	$57	$1022	:ptr
	CALL	$1023	0x564bb30b67d0($57)	:ptr
	ASSIGN	$58	$1023	:ptr
	CONST	$1024	0	:ui64
	ASSIGN	$56	$1024	:ui64
	JMP	$0	B80()	:void
B57()
	JMP	$0	B80()	:void
B58() ControlFlowMerge
	JMP	$0	B70()	:void
B59()
	CONST	$1074	false	:bool
	ASSIGN	$1075	$1074	:bool
	AND	$1076	$1062	$1075	:bool
	ASSIGN	$1077	$1076	:bool
	CONST	$1078	false	:bool
	EQ	$1079	$1077	$1078	:bool
	NOT	$1080	$1079	:bool
	CMP	$1081	$1080	B61()	B62()	:void
B60()
	ASSIGN	$1172	$1064	:ptr
	ASSIGN	$1173	$1071	:ptr
	ASSIGN	$1174	$1063	:ui64
	CALL	$1175	0x7efef7da1380($1172,$1173,$1174)	:i32
	CONST	$1176	0	:i32
	EQ	$1177	$1175	$1176	:bool
	ASSIGN	$1178	$1177	:bool
	ASSIGN	$1179	$1178	:bool
	AND	$1180	$1062	$1179	:bool
	ASSIGN	$1181	$1180	:bool
	CONST	$1182	false	:bool
	EQ	$1183	$1181	$1182	:bool
	NOT	$1184	$1183	:bool
	CMP	$1185	$1184	B81()	B82()	:void
B61()
	JMP	$0	B63()	:void
B62()
	CONST	$1189	1	:i32
	ASSIGN	$1102	$1189	:i32
	JMP	$0	B84()	:void
B63() ControlFlowMerge
	JMP	$0	B66()	:void
B64()
	JMP	$0	B66()	:void
B65()
	CONST	$1193	1	:i32
	ASSIGN	$1102	$1193	:i32
	JMP	$0	B85()	:void
B66() ControlFlowMerge
	JMP	$0	B83()	:void
B67() ControlFlowMerge
	ASSIGN	$447	$446	:ptr
	ASSIGN	$448	$447	:ptr
	CONST	$449	0	:ui64
	ASSIGN	$450	$449	:ui64
	CONST	$451	1	:ui64
	MUL	$452	$450	$451	:ui64
	ADD	$453	$448	$452	:ptr
	ASSIGN	$454	$453	:ptr
	ASSIGN	$455	$454	:ptr
	LOAD	$456	$455	:bool
	NOT	$457	$456	:bool
	CMP	$458	$457	B32()	B33()	:void
B68() ControlFlowMerge
	CALL	$705	0x564bb30b67d0($57)	:ptr
	ASSIGN	$706	$705	:ptr
	CONST	$707	4	:ui64
	MUL	$708	$707	$56	:ui64
	ASSIGN	$709	$708	:ui64
	CONST	$710	1	:ui64
	MUL	$711	$709	$710	:ui64
	ADD	$712	$706	$711	:ptr
	ASSIGN	$713	$712	:ptr
	CONST	$714	0	:ui64
	ASSIGN	$715	$714	:ui64
	CONST	$716	1	:ui64
	MUL	$717	$715	$716	:ui64
	ADD	$718	$713	$717	:ptr
	ASSIGN	$719	$687	:i32
	ASSIGN	$720	$719	:i32
	ASSIGN	$721	$720	:i32
	ASSIGN	$722	$721	:i32
	ASSIGN	$723	$718	:ptr
	ASSIGN	$724	$723	:ptr
	ASSIGN	$725	$722	:i32
	STORE	$726	$724	$725	:void
	ASSIGN	$727	$719	:i32
	CONST	$728	1	:i32
	CAST	$729	$728	:ui64
	ADD	$730	$56	$729	:ui64
	ASSIGN	$56	$730	:ui64
	CONST	$731	1	:i32
	CAST	$732	$731	:ui64
	ADD	$733	$440	$732	:ui64
	ASSIGN	$440	$733	:ui64
	JMP	$0	B42()	:void
B69() ControlFlowMerge
	ASSIGN	$357	$59	:ptr
	CONST	$358	33	:ui64
	ASSIGN	$359	$358	:ui64
	CONST	$360	1	:ui64
	MUL	$361	$359	$360	:ui64
	ADD	$362	$357	$361	:ptr
	ASSIGN	$363	$362	:ptr
	ASSIGN	$364	$363	:ptr
	LOAD	$365	$364	:bool
	NOT	$366	$365	:bool
	CMP	$367	$366	B18()	B19()	:void
B70() ControlFlowMerge
	JMP	$0	B79()	:void
B71()
	CONST	$1137	false	:bool
	ASSIGN	$1138	$1137	:bool
	AND	$1139	$1125	$1138	:bool
	ASSIGN	$1140	$1139	:bool
	CONST	$1141	false	:bool
	EQ	$1142	$1140	$1141	:bool
	NOT	$1143	$1142	:bool
	CMP	$1144	$1143	B73()	B74()	:void
B72()
	ASSIGN	$1197	$1127	:ptr
	ASSIGN	$1198	$1134	:ptr
	ASSIGN	$1199	$1126	:ui64
	CALL	$1200	0x7efef7da1380($1197,$1198,$1199)	:i32
	CONST	$1201	0	:i32
	EQ	$1202	$1200	$1201	:bool
	ASSIGN	$1203	$1202	:bool
	ASSIGN	$1204	$1203	:bool
	AND	$1205	$1125	$1204	:bool
	ASSIGN	$1206	$1205	:bool
	CONST	$1207	false	:bool
	EQ	$1208	$1206	$1207	:bool
	NOT	$1209	$1208	:bool
	CMP	$1210	$1209	B86()	B87()	:void
B73()
	JMP	$0	B75()	:void
B74()
	CONST	$1214	true	:bool
	ASSIGN	$368	$1214	:bool
	JMP	$0	B89()	:void
B75() ControlFlowMerge
	JMP	$0	B78()	:void
B76()
	JMP	$0	B78()	:void
B77()
	CONST	$1218	true	:bool
	ASSIGN	$368	$1218	:bool
	JMP	$0	B90()	:void
B78() ControlFlowMerge
	JMP	$0	B88()	:void
B79() ControlFlowMerge
	JMP	$0	B89()	:void
B80() ControlFlowMerge
	CALL	$1025	0x564bb30b67d0($57)	:ptr
	ASSIGN	$1026	$1025	:ptr
	CONST	$1027	4	:ui64
	MUL	$1028	$1027	$56	:ui64
	ASSIGN	$1029	$1028	:ui64
	CONST	$1030	1	:ui64
	MUL	$1031	$1029	$1030	:ui64
	ADD	$1032	$1026	$1031	:ptr
	ASSIGN	$1033	$1032	:ptr
	CONST	$1034	0	:ui64
	ASSIGN	$1035	$1034	:ui64
	CONST	$1036	1	:ui64
	MUL	$1037	$1035	$1036	:ui64
	ADD	$1038	$1033	$1037	:ptr
	ASSIGN	$1039	$1007	:i32
	ASSIGN	$1040	$1039	:i32
	ASSIGN	$1041	$1040	:i32
	ASSIGN	$1042	$1041	:i32
	ASSIGN	$1043	$1038	:ptr
	ASSIGN	$1044	$1043	:ptr
	ASSIGN	$1045	$1042	:i32
	STORE	$1046	$1044	$1045	:void
	ASSIGN	$1047	$1039	:i32
	CONST	$1048	1	:i32
	CAST	$1049	$1048	:ui64
	ADD	$1050	$56	$1049	:ui64
	ASSIGN	$56	$1050	:ui64
	CONST	$1051	true	:bool
	ASSIGN	$368	$1051	:bool
	JMP	$0	B58()	:void
B81()
	JMP	$0	B83()	:void
B82()
	CONST	$1222	1	:i32
	ASSIGN	$1102	$1222	:i32
	JMP	$0	B91()	:void
B83() ControlFlowMerge
	ASSIGN	$685	$469	:i32
	ASSIGN	$686	$685	:i32
	ASSIGN	$687	$685	:i32
	CONST	$688	65536	:ui64
	GTE	$689	$56	$688	:bool
	CMP	$690	$689	B40()	B41()	:void
B84() ControlFlowMerge
	JMP	$0	B85()	:void
B85() ControlFlowMerge
	JMP	$0	B91()	:void
B86()
	JMP	$0	B88()	:void
B87()
	CONST	$1226	true	:bool
	ASSIGN	$368	$1226	:bool
	JMP	$0	B92()	:void
B88() ControlFlowMerge
	ASSIGN	$1005	$789	:i32
	ASSIGN	$1006	$1005	:i32
	ASSIGN	$1007	$1005	:i32
	CONST	$1008	65536	:ui64
	GTE	$1009	$56	$1008	:bool
	CMP	$1010	$1009	B56()	B57()	:void
B89() ControlFlowMerge
	JMP	$0	B90()	:void
B90() ControlFlowMerge
	JMP	$0	B92()	:void
B91() ControlFlowMerge
	CAST	$1103	$1102	:ui64
	ADD	$1104	$440	$1103	:ui64
	ASSIGN	$440	$1104	:ui64
	JMP	$0	B67()	:void
B92() ControlFlowMerge
	CALL	$369	0x564bb30b6750($57,$56)	:void
	CALL	$370	0x564bb30b6bf0($57,$15)	:void
	CALL	$371	0x564bb30b68c0($57,$14)	:void
	CALL	$372	0x564bb30b6930($57,$17)	:void
	CALL	$373	0x564bb30b6cd0($57,$16)	:void
	CONST	$374	2	:ui64
	CALL	$375	0x564bb2e2d210($7,$374)	:ptr
	CALL	$376	0x564bb2e1a930($375,$368,$18,$19,$57)	:void
	CALL	$377	0x564bb2e2ce20($7,$57)	:void
	RETURN	$0	:void
