B0($1:ptr,$2:ptr,$3:ptr)
	ASSIGN	$4	$1	:ptr
	ASSIGN	$5	$2	:ptr
	ASSIGN	$6	$3	:ptr
	ASSIGN	$7	$4	:ptr
	CALL	$8	0x5597e0bc2cf0($4)	:ui32
	CALL	$9	0x5597e0bc2d20($4)	:ptr
	ASSIGN	$10	$6	:ptr
	CONST	$11	0	:ui64
	CONST	$12	*	:ptr
	ASSIGN	$13	$9	:ptr
	CONST	$14	0	:ui64
	CONST	$15	0	:ui64
	CONST	$16	0	:ui64
	CONST	$17	0	:ui64
	CONST	$18	0	:ui64
	CONST	$19	true	:bool
	ASSIGN	$20	$5	:ptr
	CALL	$21	0x5597e0e4cb80($20)	:ui64
	ASSIGN	$15	$21	:ui64
	CALL	$22	0x5597e0e4c850($20)	:ui64
	ASSIGN	$14	$22	:ui64
	CALL	$23	0x5597e0e4cca0($20)	:ui64
	ASSIGN	$16	$23	:ui64
	CALL	$24	0x5597e0e4cc70($20)	:ui64
	ASSIGN	$17	$24	:ui64
	CALL	$25	0x5597e0e4ca20($20)	:ui64
	ASSIGN	$18	$25	:ui64
	CALL	$26	0x5597e0e4cb10($20)	:bool
	ASSIGN	$19	$26	:bool
	CONST	$27	*	:ptr
	ASSIGN	$28	$10	:ptr
	CALL	$29	0x5597e0e35250($20,$27,$28)	:ptr
	ASSIGN	$30	$29	:ptr
	ASSIGN	$31	$30	:ptr
	CONST	$32	34	:ui64
	ASSIGN	$33	$32	:ui64
	CONST	$34	1	:ui64
	MUL	$35	$33	$34	:ui64
	ADD	$36	$31	$35	:ptr
	ASSIGN	$37	$36	:ptr
	ASSIGN	$38	$37	:ptr
	LOAD	$39	$38	:bool
	CMP	$40	$39	B1()	B2()	:void
B1()
	CONST	$41	false	:bool
	NOT	$42	$41	:bool
	CMP	$43	$42	B3()	B4()	:void
B2()
	CONST	$48	true	:bool
	NOT	$49	$48	:bool
	CMP	$50	$49	B5()	B6()	:void
B3()
	JMP	$0	B7()	:void
B4()
	JMP	$0	B14()	:void
B5()
	JMP	$0	B7()	:void
B6()
	JMP	$0	B14()	:void
B7() ControlFlowMerge
	CALL	$44	0x5597e0bdb4e0($4,$5)	:void
	RETURN	$0	:void
B8()
	ASSIGN	$70	$59	:ptr
	CONST	$71	48	:ui64
	ASSIGN	$72	$71	:ui64
	CONST	$73	1	:ui64
	MUL	$74	$72	$73	:ui64
	ADD	$75	$70	$74	:ptr
	ASSIGN	$76	$59	:ptr
	CONST	$77	0	:ui64
	ASSIGN	$78	$77	:ui64
	CONST	$79	1	:ui64
	MUL	$80	$78	$79	:ui64
	ADD	$81	$76	$80	:ptr
	ASSIGN	$82	$81	:ptr
	ASSIGN	$83	$82	:ptr
	LOAD	$84	$83	:ptr
	CONST	$85	0	:ui64
	ASSIGN	$86	$75	:ptr
	ASSIGN	$87	$86	:ptr
	CONST	$88	0	:ui32
	CONST	$89	*	:ptr
	ASSIGN	$90	$88	:ui32
	ASSIGN	$91	$87	:ptr
	ASSIGN	$92	$89	:ptr
	CALL	$93	0x5597e0e43c30($90,$91,$92)	:i32
	ASSIGN	$94	$93	:i32
	ASSIGN	$95	$94	:i32
	CONST	$96	1	:ui32
	CONST	$97	*	:ptr
	ASSIGN	$98	$10	:ptr
	CALL	$99	0x5597e0e38750($96,$87,$97,$98)	:ptr
	ASSIGN	$100	$99	:ptr
	CONST	$101	0	:ui64
	ASSIGN	$102	$101	:ui64
	CONST	$103	1	:ui64
	MUL	$104	$102	$103	:ui64
	ADD	$105	$100	$104	:ptr
	ASSIGN	$106	$105	:ptr
	ASSIGN	$107	$106	:ptr
	LOAD	$108	$107	:ptr
	ASSIGN	$109	$99	:ptr
	CONST	$110	16	:ui64
	ASSIGN	$111	$110	:ui64
	CONST	$112	1	:ui64
	MUL	$113	$111	$112	:ui64
	ADD	$114	$109	$113	:ptr
	ASSIGN	$115	$114	:ptr
	ASSIGN	$116	$115	:ptr
	LOAD	$117	$116	:ui64
	ASSIGN	$118	$117	:ui64
	ASSIGN	$119	$108	:ptr
	ASSIGN	$120	$118	:ui64
	ASSIGN	$121	$119	:ptr
	ASSIGN	$122	$120	:ui64
	ASSIGN	$123	$121	:ptr
	ASSIGN	$124	$123	:ptr
	CONST	$125	2	:ui32
	CONST	$126	*	:ptr
	ASSIGN	$127	$10	:ptr
	CALL	$128	0x5597e0e38750($125,$87,$126,$127)	:ptr
	ASSIGN	$129	$128	:ptr
	CONST	$130	0	:ui64
	ASSIGN	$131	$130	:ui64
	CONST	$132	1	:ui64
	MUL	$133	$131	$132	:ui64
	ADD	$134	$129	$133	:ptr
	ASSIGN	$135	$134	:ptr
	ASSIGN	$136	$135	:ptr
	LOAD	$137	$136	:ptr
	ASSIGN	$138	$128	:ptr
	CONST	$139	16	:ui64
	ASSIGN	$140	$139	:ui64
	CONST	$141	1	:ui64
	MUL	$142	$140	$141	:ui64
	ADD	$143	$138	$142	:ptr
	ASSIGN	$144	$143	:ptr
	ASSIGN	$145	$144	:ptr
	LOAD	$146	$145	:ui64
	ASSIGN	$147	$146	:ui64
	ASSIGN	$148	$137	:ptr
	ASSIGN	$149	$147	:ui64
	ASSIGN	$150	$148	:ptr
	ASSIGN	$151	$149	:ui64
	ASSIGN	$152	$150	:ptr
	ASSIGN	$153	$152	:ptr
	CONST	$154	3	:ui32
	CONST	$155	*	:ptr
	ASSIGN	$156	$10	:ptr
	CALL	$157	0x5597e0e38750($154,$87,$155,$156)	:ptr
	ASSIGN	$158	$157	:ptr
	CONST	$159	0	:ui64
	ASSIGN	$160	$159	:ui64
	CONST	$161	1	:ui64
	MUL	$162	$160	$161	:ui64
	ADD	$163	$158	$162	:ptr
	ASSIGN	$164	$163	:ptr
	ASSIGN	$165	$164	:ptr
	LOAD	$166	$165	:ptr
	ASSIGN	$167	$157	:ptr
	CONST	$168	16	:ui64
	ASSIGN	$169	$168	:ui64
	CONST	$170	1	:ui64
	MUL	$171	$169	$170	:ui64
	ADD	$172	$167	$171	:ptr
	ASSIGN	$173	$172	:ptr
	ASSIGN	$174	$173	:ptr
	LOAD	$175	$174	:ui64
	ASSIGN	$176	$175	:ui64
	ASSIGN	$177	$166	:ptr
	ASSIGN	$178	$176	:ui64
	ASSIGN	$179	$177	:ptr
	ASSIGN	$180	$178	:ui64
	ASSIGN	$181	$179	:ptr
	ASSIGN	$182	$181	:ptr
	CONST	$183	4	:ui32
	CONST	$184	*	:ptr
	ASSIGN	$185	$10	:ptr
	CALL	$186	0x5597e0e38750($183,$87,$184,$185)	:ptr
	ASSIGN	$187	$186	:ptr
	CONST	$188	0	:ui64
	ASSIGN	$189	$188	:ui64
	CONST	$190	1	:ui64
	MUL	$191	$189	$190	:ui64
	ADD	$192	$187	$191	:ptr
	ASSIGN	$193	$192	:ptr
	ASSIGN	$194	$193	:ptr
	LOAD	$195	$194	:ptr
	ASSIGN	$196	$186	:ptr
	CONST	$197	16	:ui64
	ASSIGN	$198	$197	:ui64
	CONST	$199	1	:ui64
	MUL	$200	$198	$199	:ui64
	ADD	$201	$196	$200	:ptr
	ASSIGN	$202	$201	:ptr
	ASSIGN	$203	$202	:ptr
	LOAD	$204	$203	:ui64
	ASSIGN	$205	$204	:ui64
	ASSIGN	$206	$195	:ptr
	ASSIGN	$207	$205	:ui64
	ASSIGN	$208	$206	:ptr
	ASSIGN	$209	$207	:ui64
	ASSIGN	$210	$208	:ptr
	ASSIGN	$211	$210	:ptr
	CONST	$212	5	:ui32
	CONST	$213	*	:ptr
	ASSIGN	$214	$10	:ptr
	CALL	$215	0x5597e0e38750($212,$87,$213,$214)	:ptr
	ASSIGN	$216	$215	:ptr
	CONST	$217	0	:ui64
	ASSIGN	$218	$217	:ui64
	CONST	$219	1	:ui64
	MUL	$220	$218	$219	:ui64
	ADD	$221	$216	$220	:ptr
	ASSIGN	$222	$221	:ptr
	ASSIGN	$223	$222	:ptr
	LOAD	$224	$223	:ptr
	ASSIGN	$225	$215	:ptr
	CONST	$226	16	:ui64
	ASSIGN	$227	$226	:ui64
	CONST	$228	1	:ui64
	MUL	$229	$227	$228	:ui64
	ADD	$230	$225	$229	:ptr
	ASSIGN	$231	$230	:ptr
	ASSIGN	$232	$231	:ptr
	LOAD	$233	$232	:ui64
	ASSIGN	$234	$233	:ui64
	ASSIGN	$235	$224	:ptr
	ASSIGN	$236	$234	:ui64
	ASSIGN	$237	$235	:ptr
	ASSIGN	$238	$236	:ui64
	ASSIGN	$239	$237	:ptr
	ASSIGN	$240	$239	:ptr
	CONST	$241	6	:ui32
	CONST	$242	*	:ptr
	ASSIGN	$243	$241	:ui32
	ASSIGN	$244	$87	:ptr
	ASSIGN	$245	$242	:ptr
	CALL	$246	0x5597e0e45590($243,$244,$245)	:ui64
	ASSIGN	$247	$246	:ui64
	ASSIGN	$248	$247	:ui64
	CONST	$249	7	:ui32
	CONST	$250	*	:ptr
	ASSIGN	$251	$10	:ptr
	CALL	$252	0x5597e0e38750($249,$87,$250,$251)	:ptr
	ASSIGN	$253	$252	:ptr
	CONST	$254	0	:ui64
	ASSIGN	$255	$254	:ui64
	CONST	$256	1	:ui64
	MUL	$257	$255	$256	:ui64
	ADD	$258	$253	$257	:ptr
	ASSIGN	$259	$258	:ptr
	ASSIGN	$260	$259	:ptr
	LOAD	$261	$260	:ptr
	ASSIGN	$262	$252	:ptr
	CONST	$263	16	:ui64
	ASSIGN	$264	$263	:ui64
	CONST	$265	1	:ui64
	MUL	$266	$264	$265	:ui64
	ADD	$267	$262	$266	:ptr
	ASSIGN	$268	$267	:ptr
	ASSIGN	$269	$268	:ptr
	LOAD	$270	$269	:ui64
	ASSIGN	$271	$270	:ui64
	ASSIGN	$272	$261	:ptr
	ASSIGN	$273	$271	:ui64
	ASSIGN	$274	$272	:ptr
	ASSIGN	$275	$273	:ui64
	ASSIGN	$276	$274	:ptr
	ASSIGN	$277	$276	:ptr
	CALL	$278	0x5597e0e325c0($87)	:void
	ASSIGN	$279	$275	:ui64
	ASSIGN	$280	$277	:ptr
	ASSIGN	$281	$279	:ui64
	ASSIGN	$282	$280	:ptr
	ASSIGN	$283	$279	:ui64
	ASSIGN	$284	$280	:ptr
	CONST	$285	16384	:ui64
	GTE	$286	$56	$285	:bool
	CMP	$287	$286	B10()	B11()	:void
B9()
	JMP	$0	B15()	:void
B10()
	CONST	$288	false	:bool
	CALL	$289	0x5597e0e4c750($57,$56)	:void
	CALL	$290	0x5597e0e4cbf0($57,$15)	:void
	CALL	$291	0x5597e0e4c8c0($57,$14)	:void
	CALL	$292	0x5597e0e4c930($57,$17)	:void
	CALL	$293	0x5597e0e4ccd0($57,$16)	:void
	CONST	$294	1	:ui64
	CALL	$295	0x5597e0bc3210($7,$294)	:ptr
	CALL	$296	0x5597e0bb0930($295,$288,$18,$19,$57)	:void
	CALL	$297	0x5597e0bc2e20($7,$57)	:void
	CALL	$298	0x5597e0bc3290($7)	:ptr
	ASSIGN	$299	$298	:ptr
	ASSIGN	$57	$299	:ptr
	CALL	$300	0x5597e0e4c7d0($57)	:ptr
	ASSIGN	$58	$300	:ptr
	CONST	$301	0	:ui64
	ASSIGN	$56	$301	:ui64
	JMP	$0	B16()	:void
B11()
	JMP	$0	B16()	:void
B12()
	CONST	$338	true	:bool
	JMP	$0	B26()	:void
B13()
	CONST	$360	0	:ui64
	ASSIGN	$361	$59	:ptr
	CONST	$362	192	:ui64
	ASSIGN	$363	$362	:ui64
	CONST	$364	1	:ui64
	MUL	$365	$363	$364	:ui64
	ADD	$366	$361	$365	:ptr
	JMP	$0	B21()	:void
B14() ControlFlowMerge
	CALL	$54	0x5597e0bc3290($7)	:ptr
	ASSIGN	$55	$54	:ptr
	CONST	$56	0	:ui64
	ASSIGN	$57	$55	:ptr
	CALL	$58	0x5597e0e4c7d0($55)	:ptr
	CALL	$59	0x5597e0e30b40()	:ptr
	ASSIGN	$60	$59	:ptr
	CONST	$61	32	:ui64
	ASSIGN	$62	$61	:ui64
	CONST	$63	1	:ui64
	MUL	$64	$62	$63	:ui64
	ADD	$65	$60	$64	:ptr
	ASSIGN	$66	$65	:ptr
	ASSIGN	$67	$66	:ptr
	LOAD	$68	$67	:bool
	CMP	$69	$68	B8()	B9()	:void
B15() ControlFlowMerge
	ASSIGN	$327	$59	:ptr
	CONST	$328	33	:ui64
	ASSIGN	$329	$328	:ui64
	CONST	$330	1	:ui64
	MUL	$331	$329	$330	:ui64
	ADD	$332	$327	$331	:ptr
	ASSIGN	$333	$332	:ptr
	ASSIGN	$334	$333	:ptr
	LOAD	$335	$334	:bool
	NOT	$336	$335	:bool
	CMP	$337	$336	B12()	B13()	:void
B16() ControlFlowMerge
	CALL	$302	0x5597e0e4c7d0($57)	:ptr
	ASSIGN	$303	$302	:ptr
	CONST	$304	16	:ui64
	MUL	$305	$304	$56	:ui64
	ASSIGN	$306	$305	:ui64
	CONST	$307	1	:ui64
	MUL	$308	$306	$307	:ui64
	ADD	$309	$303	$308	:ptr
	ASSIGN	$310	$309	:ptr
	CONST	$311	0	:ui64
	ASSIGN	$312	$311	:ui64
	CONST	$313	1	:ui64
	MUL	$314	$312	$313	:ui64
	ADD	$315	$310	$314	:ptr
	ASSIGN	$316	$283	:ui64
	ASSIGN	$317	$284	:ptr
	ASSIGN	$318	$316	:ui64
	ASSIGN	$319	$317	:ptr
	ASSIGN	$320	$319	:ptr
	ASSIGN	$321	$318	:ui64
	CALL	$322	0x5597e0e56050($57,$13,$320,$321,$315)	:void
	ASSIGN	$323	$317	:ptr
	CONST	$324	1	:i32
	CAST	$325	$324	:ui64
	ADD	$326	$56	$325	:ui64
	ASSIGN	$56	$326	:ui64
	JMP	$0	B15()	:void
B17()
	CALL	$379	0x5597e0e4c7d0($20)	:ptr
	ASSIGN	$380	$366	:ptr
	ASSIGN	$381	$380	:ptr
	CONST	$382	0	:ui32
	CONST	$383	*	:ptr
	ASSIGN	$384	$382	:ui32
	ASSIGN	$385	$381	:ptr
	ASSIGN	$386	$383	:ptr
	CALL	$387	0x5597e0e43c30($384,$385,$386)	:i32
	ASSIGN	$388	$387	:i32
	ASSIGN	$389	$388	:i32
	CONST	$390	1	:ui32
	CONST	$391	*	:ptr
	ASSIGN	$392	$10	:ptr
	CALL	$393	0x5597e0e38750($390,$381,$391,$392)	:ptr
	ASSIGN	$394	$393	:ptr
	CONST	$395	0	:ui64
	ASSIGN	$396	$395	:ui64
	CONST	$397	1	:ui64
	MUL	$398	$396	$397	:ui64
	ADD	$399	$394	$398	:ptr
	ASSIGN	$400	$399	:ptr
	ASSIGN	$401	$400	:ptr
	LOAD	$402	$401	:ptr
	ASSIGN	$403	$393	:ptr
	CONST	$404	16	:ui64
	ASSIGN	$405	$404	:ui64
	CONST	$406	1	:ui64
	MUL	$407	$405	$406	:ui64
	ADD	$408	$403	$407	:ptr
	ASSIGN	$409	$408	:ptr
	ASSIGN	$410	$409	:ptr
	LOAD	$411	$410	:ui64
	ASSIGN	$412	$411	:ui64
	ASSIGN	$413	$402	:ptr
	ASSIGN	$414	$412	:ui64
	ASSIGN	$415	$413	:ptr
	ASSIGN	$416	$414	:ui64
	ASSIGN	$417	$415	:ptr
	ASSIGN	$418	$417	:ptr
	CONST	$419	2	:ui32
	CONST	$420	*	:ptr
	ASSIGN	$421	$10	:ptr
	CALL	$422	0x5597e0e38750($419,$381,$420,$421)	:ptr
	ASSIGN	$423	$422	:ptr
	CONST	$424	0	:ui64
	ASSIGN	$425	$424	:ui64
	CONST	$426	1	:ui64
	MUL	$427	$425	$426	:ui64
	ADD	$428	$423	$427	:ptr
	ASSIGN	$429	$428	:ptr
	ASSIGN	$430	$429	:ptr
	LOAD	$431	$430	:ptr
	ASSIGN	$432	$422	:ptr
	CONST	$433	16	:ui64
	ASSIGN	$434	$433	:ui64
	CONST	$435	1	:ui64
	MUL	$436	$434	$435	:ui64
	ADD	$437	$432	$436	:ptr
	ASSIGN	$438	$437	:ptr
	ASSIGN	$439	$438	:ptr
	LOAD	$440	$439	:ui64
	ASSIGN	$441	$440	:ui64
	ASSIGN	$442	$431	:ptr
	ASSIGN	$443	$441	:ui64
	ASSIGN	$444	$442	:ptr
	ASSIGN	$445	$443	:ui64
	ASSIGN	$446	$444	:ptr
	ASSIGN	$447	$446	:ptr
	CONST	$448	3	:ui32
	CONST	$449	*	:ptr
	ASSIGN	$450	$10	:ptr
	CALL	$451	0x5597e0e38750($448,$381,$449,$450)	:ptr
	ASSIGN	$452	$451	:ptr
	CONST	$453	0	:ui64
	ASSIGN	$454	$453	:ui64
	CONST	$455	1	:ui64
	MUL	$456	$454	$455	:ui64
	ADD	$457	$452	$456	:ptr
	ASSIGN	$458	$457	:ptr
	ASSIGN	$459	$458	:ptr
	LOAD	$460	$459	:ptr
	ASSIGN	$461	$451	:ptr
	CONST	$462	16	:ui64
	ASSIGN	$463	$462	:ui64
	CONST	$464	1	:ui64
	MUL	$465	$463	$464	:ui64
	ADD	$466	$461	$465	:ptr
	ASSIGN	$467	$466	:ptr
	ASSIGN	$468	$467	:ptr
	LOAD	$469	$468	:ui64
	ASSIGN	$470	$469	:ui64
	ASSIGN	$471	$460	:ptr
	ASSIGN	$472	$470	:ui64
	ASSIGN	$473	$471	:ptr
	ASSIGN	$474	$472	:ui64
	ASSIGN	$475	$473	:ptr
	ASSIGN	$476	$475	:ptr
	CONST	$477	4	:ui32
	CONST	$478	*	:ptr
	ASSIGN	$479	$10	:ptr
	CALL	$480	0x5597e0e38750($477,$381,$478,$479)	:ptr
	ASSIGN	$481	$480	:ptr
	CONST	$482	0	:ui64
	ASSIGN	$483	$482	:ui64
	CONST	$484	1	:ui64
	MUL	$485	$483	$484	:ui64
	ADD	$486	$481	$485	:ptr
	ASSIGN	$487	$486	:ptr
	ASSIGN	$488	$487	:ptr
	LOAD	$489	$488	:ptr
	ASSIGN	$490	$480	:ptr
	CONST	$491	16	:ui64
	ASSIGN	$492	$491	:ui64
	CONST	$493	1	:ui64
	MUL	$494	$492	$493	:ui64
	ADD	$495	$490	$494	:ptr
	ASSIGN	$496	$495	:ptr
	ASSIGN	$497	$496	:ptr
	LOAD	$498	$497	:ui64
	ASSIGN	$499	$498	:ui64
	ASSIGN	$500	$489	:ptr
	ASSIGN	$501	$499	:ui64
	ASSIGN	$502	$500	:ptr
	ASSIGN	$503	$501	:ui64
	ASSIGN	$504	$502	:ptr
	ASSIGN	$505	$504	:ptr
	CONST	$506	5	:ui32
	CONST	$507	*	:ptr
	ASSIGN	$508	$10	:ptr
	CALL	$509	0x5597e0e38750($506,$381,$507,$508)	:ptr
	ASSIGN	$510	$509	:ptr
	CONST	$511	0	:ui64
	ASSIGN	$512	$511	:ui64
	CONST	$513	1	:ui64
	MUL	$514	$512	$513	:ui64
	ADD	$515	$510	$514	:ptr
	ASSIGN	$516	$515	:ptr
	ASSIGN	$517	$516	:ptr
	LOAD	$518	$517	:ptr
	ASSIGN	$519	$509	:ptr
	CONST	$520	16	:ui64
	ASSIGN	$521	$520	:ui64
	CONST	$522	1	:ui64
	MUL	$523	$521	$522	:ui64
	ADD	$524	$519	$523	:ptr
	ASSIGN	$525	$524	:ptr
	ASSIGN	$526	$525	:ptr
	LOAD	$527	$526	:ui64
	ASSIGN	$528	$527	:ui64
	ASSIGN	$529	$518	:ptr
	ASSIGN	$530	$528	:ui64
	ASSIGN	$531	$529	:ptr
	ASSIGN	$532	$530	:ui64
	ASSIGN	$533	$531	:ptr
	ASSIGN	$534	$533	:ptr
	CONST	$535	6	:ui32
	CONST	$536	*	:ptr
	ASSIGN	$537	$535	:ui32
	ASSIGN	$538	$381	:ptr
	ASSIGN	$539	$536	:ptr
	CALL	$540	0x5597e0e45590($537,$538,$539)	:ui64
	ASSIGN	$541	$540	:ui64
	ASSIGN	$542	$541	:ui64
	CONST	$543	7	:ui32
	CONST	$544	*	:ptr
	ASSIGN	$545	$10	:ptr
	CALL	$546	0x5597e0e38750($543,$381,$544,$545)	:ptr
	ASSIGN	$547	$546	:ptr
	CONST	$548	0	:ui64
	ASSIGN	$549	$548	:ui64
	CONST	$550	1	:ui64
	MUL	$551	$549	$550	:ui64
	ADD	$552	$547	$551	:ptr
	ASSIGN	$553	$552	:ptr
	ASSIGN	$554	$553	:ptr
	LOAD	$555	$554	:ptr
	ASSIGN	$556	$546	:ptr
	CONST	$557	16	:ui64
	ASSIGN	$558	$557	:ui64
	CONST	$559	1	:ui64
	MUL	$560	$558	$559	:ui64
	ADD	$561	$556	$560	:ptr
	ASSIGN	$562	$561	:ptr
	ASSIGN	$563	$562	:ptr
	LOAD	$564	$563	:ui64
	ASSIGN	$565	$564	:ui64
	ASSIGN	$566	$555	:ptr
	ASSIGN	$567	$565	:ui64
	ASSIGN	$568	$566	:ptr
	ASSIGN	$569	$567	:ui64
	ASSIGN	$570	$568	:ptr
	ASSIGN	$571	$570	:ptr
	CALL	$572	0x5597e0e325c0($381)	:void
	ASSIGN	$573	$569	:ui64
	ASSIGN	$574	$571	:ptr
	ASSIGN	$575	$573	:ui64
	ASSIGN	$576	$574	:ptr
	ASSIGN	$577	$573	:ui64
	ASSIGN	$578	$574	:ptr
	CONST	$579	16384	:ui64
	GTE	$580	$56	$579	:bool
	CMP	$581	$580	B19()	B20()	:void
B18()
	CONST	$627	*	:ptr
	ASSIGN	$628	$10	:ptr
	CALL	$629	0x5597e0e33f40($20,$627,$628)	:bool
	CMP	$630	$629	B22()	B23()	:void
B19()
	CONST	$582	false	:bool
	CALL	$583	0x5597e0e4c750($57,$56)	:void
	CALL	$584	0x5597e0e4cbf0($57,$15)	:void
	CALL	$585	0x5597e0e4c8c0($57,$14)	:void
	CALL	$586	0x5597e0e4c930($57,$17)	:void
	CALL	$587	0x5597e0e4ccd0($57,$16)	:void
	CONST	$588	1	:ui64
	CALL	$589	0x5597e0bc3210($7,$588)	:ptr
	CALL	$590	0x5597e0bb0930($589,$582,$18,$19,$57)	:void
	CALL	$591	0x5597e0bc2e20($7,$57)	:void
	CALL	$592	0x5597e0bc3290($7)	:ptr
	ASSIGN	$593	$592	:ptr
	ASSIGN	$57	$593	:ptr
	CALL	$594	0x5597e0e4c7d0($57)	:ptr
	ASSIGN	$58	$594	:ptr
	CONST	$595	0	:ui64
	ASSIGN	$56	$595	:ui64
	JMP	$0	B27()	:void
B20()
	JMP	$0	B27()	:void
B21() ControlFlowMerge
	ASSIGN	$367	$366	:ptr
	ASSIGN	$368	$367	:ptr
	CONST	$369	0	:ui64
	ASSIGN	$370	$369	:ui64
	CONST	$371	1	:ui64
	MUL	$372	$370	$371	:ui64
	ADD	$373	$368	$372	:ptr
	ASSIGN	$374	$373	:ptr
	ASSIGN	$375	$374	:ptr
	LOAD	$376	$375	:bool
	NOT	$377	$376	:bool
	CMP	$378	$377	B17()	B18()	:void
B22()
	ASSIGN	$631	$59	:ptr
	CONST	$632	120	:ui64
	ASSIGN	$633	$632	:ui64
	CONST	$634	1	:ui64
	MUL	$635	$633	$634	:ui64
	ADD	$636	$631	$635	:ptr
	ASSIGN	$637	$59	:ptr
	CONST	$638	16	:ui64
	ASSIGN	$639	$638	:ui64
	CONST	$640	1	:ui64
	MUL	$641	$639	$640	:ui64
	ADD	$642	$637	$641	:ptr
	ASSIGN	$643	$642	:ptr
	ASSIGN	$644	$643	:ptr
	LOAD	$645	$644	:ptr
	CONST	$646	0	:ui64
	ASSIGN	$647	$636	:ptr
	ASSIGN	$648	$647	:ptr
	CONST	$649	0	:ui32
	CONST	$650	*	:ptr
	ASSIGN	$651	$649	:ui32
	ASSIGN	$652	$648	:ptr
	ASSIGN	$653	$650	:ptr
	CALL	$654	0x5597e0e43c30($651,$652,$653)	:i32
	ASSIGN	$655	$654	:i32
	ASSIGN	$656	$655	:i32
	CONST	$657	1	:ui32
	CONST	$658	*	:ptr
	ASSIGN	$659	$10	:ptr
	CALL	$660	0x5597e0e38750($657,$648,$658,$659)	:ptr
	ASSIGN	$661	$660	:ptr
	CONST	$662	0	:ui64
	ASSIGN	$663	$662	:ui64
	CONST	$664	1	:ui64
	MUL	$665	$663	$664	:ui64
	ADD	$666	$661	$665	:ptr
	ASSIGN	$667	$666	:ptr
	ASSIGN	$668	$667	:ptr
	LOAD	$669	$668	:ptr
	ASSIGN	$670	$660	:ptr
	CONST	$671	16	:ui64
	ASSIGN	$672	$671	:ui64
	CONST	$673	1	:ui64
	MUL	$674	$672	$673	:ui64
	ADD	$675	$670	$674	:ptr
	ASSIGN	$676	$675	:ptr
	ASSIGN	$677	$676	:ptr
	LOAD	$678	$677	:ui64
	ASSIGN	$679	$678	:ui64
	ASSIGN	$680	$669	:ptr
	ASSIGN	$681	$679	:ui64
	ASSIGN	$682	$680	:ptr
	ASSIGN	$683	$681	:ui64
	ASSIGN	$684	$682	:ptr
	ASSIGN	$685	$684	:ptr
	CONST	$686	2	:ui32
	CONST	$687	*	:ptr
	ASSIGN	$688	$10	:ptr
	CALL	$689	0x5597e0e38750($686,$648,$687,$688)	:ptr
	ASSIGN	$690	$689	:ptr
	CONST	$691	0	:ui64
	ASSIGN	$692	$691	:ui64
	CONST	$693	1	:ui64
	MUL	$694	$692	$693	:ui64
	ADD	$695	$690	$694	:ptr
	ASSIGN	$696	$695	:ptr
	ASSIGN	$697	$696	:ptr
	LOAD	$698	$697	:ptr
	ASSIGN	$699	$689	:ptr
	CONST	$700	16	:ui64
	ASSIGN	$701	$700	:ui64
	CONST	$702	1	:ui64
	MUL	$703	$701	$702	:ui64
	ADD	$704	$699	$703	:ptr
	ASSIGN	$705	$704	:ptr
	ASSIGN	$706	$705	:ptr
	LOAD	$707	$706	:ui64
	ASSIGN	$708	$707	:ui64
	ASSIGN	$709	$698	:ptr
	ASSIGN	$710	$708	:ui64
	ASSIGN	$711	$709	:ptr
	ASSIGN	$712	$710	:ui64
	ASSIGN	$713	$711	:ptr
	ASSIGN	$714	$713	:ptr
	CONST	$715	3	:ui32
	CONST	$716	*	:ptr
	ASSIGN	$717	$10	:ptr
	CALL	$718	0x5597e0e38750($715,$648,$716,$717)	:ptr
	ASSIGN	$719	$718	:ptr
	CONST	$720	0	:ui64
	ASSIGN	$721	$720	:ui64
	CONST	$722	1	:ui64
	MUL	$723	$721	$722	:ui64
	ADD	$724	$719	$723	:ptr
	ASSIGN	$725	$724	:ptr
	ASSIGN	$726	$725	:ptr
	LOAD	$727	$726	:ptr
	ASSIGN	$728	$718	:ptr
	CONST	$729	16	:ui64
	ASSIGN	$730	$729	:ui64
	CONST	$731	1	:ui64
	MUL	$732	$730	$731	:ui64
	ADD	$733	$728	$732	:ptr
	ASSIGN	$734	$733	:ptr
	ASSIGN	$735	$734	:ptr
	LOAD	$736	$735	:ui64
	ASSIGN	$737	$736	:ui64
	ASSIGN	$738	$727	:ptr
	ASSIGN	$739	$737	:ui64
	ASSIGN	$740	$738	:ptr
	ASSIGN	$741	$739	:ui64
	ASSIGN	$742	$740	:ptr
	ASSIGN	$743	$742	:ptr
	CONST	$744	4	:ui32
	CONST	$745	*	:ptr
	ASSIGN	$746	$10	:ptr
	CALL	$747	0x5597e0e38750($744,$648,$745,$746)	:ptr
	ASSIGN	$748	$747	:ptr
	CONST	$749	0	:ui64
	ASSIGN	$750	$749	:ui64
	CONST	$751	1	:ui64
	MUL	$752	$750	$751	:ui64
	ADD	$753	$748	$752	:ptr
	ASSIGN	$754	$753	:ptr
	ASSIGN	$755	$754	:ptr
	LOAD	$756	$755	:ptr
	ASSIGN	$757	$747	:ptr
	CONST	$758	16	:ui64
	ASSIGN	$759	$758	:ui64
	CONST	$760	1	:ui64
	MUL	$761	$759	$760	:ui64
	ADD	$762	$757	$761	:ptr
	ASSIGN	$763	$762	:ptr
	ASSIGN	$764	$763	:ptr
	LOAD	$765	$764	:ui64
	ASSIGN	$766	$765	:ui64
	ASSIGN	$767	$756	:ptr
	ASSIGN	$768	$766	:ui64
	ASSIGN	$769	$767	:ptr
	ASSIGN	$770	$768	:ui64
	ASSIGN	$771	$769	:ptr
	ASSIGN	$772	$771	:ptr
	CONST	$773	5	:ui32
	CONST	$774	*	:ptr
	ASSIGN	$775	$10	:ptr
	CALL	$776	0x5597e0e38750($773,$648,$774,$775)	:ptr
	ASSIGN	$777	$776	:ptr
	CONST	$778	0	:ui64
	ASSIGN	$779	$778	:ui64
	CONST	$780	1	:ui64
	MUL	$781	$779	$780	:ui64
	ADD	$782	$777	$781	:ptr
	ASSIGN	$783	$782	:ptr
	ASSIGN	$784	$783	:ptr
	LOAD	$785	$784	:ptr
	ASSIGN	$786	$776	:ptr
	CONST	$787	16	:ui64
	ASSIGN	$788	$787	:ui64
	CONST	$789	1	:ui64
	MUL	$790	$788	$789	:ui64
	ADD	$791	$786	$790	:ptr
	ASSIGN	$792	$791	:ptr
	ASSIGN	$793	$792	:ptr
	LOAD	$794	$793	:ui64
	ASSIGN	$795	$794	:ui64
	ASSIGN	$796	$785	:ptr
	ASSIGN	$797	$795	:ui64
	ASSIGN	$798	$796	:ptr
	ASSIGN	$799	$797	:ui64
	ASSIGN	$800	$798	:ptr
	ASSIGN	$801	$800	:ptr
	CONST	$802	6	:ui32
	CONST	$803	*	:ptr
	ASSIGN	$804	$802	:ui32
	ASSIGN	$805	$648	:ptr
	ASSIGN	$806	$803	:ptr
	CALL	$807	0x5597e0e45590($804,$805,$806)	:ui64
	ASSIGN	$808	$807	:ui64
	ASSIGN	$809	$808	:ui64
	CONST	$810	7	:ui32
	CONST	$811	*	:ptr
	ASSIGN	$812	$10	:ptr
	CALL	$813	0x5597e0e38750($810,$648,$811,$812)	:ptr
	ASSIGN	$814	$813	:ptr
	CONST	$815	0	:ui64
	ASSIGN	$816	$815	:ui64
	CONST	$817	1	:ui64
	MUL	$818	$816	$817	:ui64
	ADD	$819	$814	$818	:ptr
	ASSIGN	$820	$819	:ptr
	ASSIGN	$821	$820	:ptr
	LOAD	$822	$821	:ptr
	ASSIGN	$823	$813	:ptr
	CONST	$824	16	:ui64
	ASSIGN	$825	$824	:ui64
	CONST	$826	1	:ui64
	MUL	$827	$825	$826	:ui64
	ADD	$828	$823	$827	:ptr
	ASSIGN	$829	$828	:ptr
	ASSIGN	$830	$829	:ptr
	LOAD	$831	$830	:ui64
	ASSIGN	$832	$831	:ui64
	ASSIGN	$833	$822	:ptr
	ASSIGN	$834	$832	:ui64
	ASSIGN	$835	$833	:ptr
	ASSIGN	$836	$834	:ui64
	ASSIGN	$837	$835	:ptr
	ASSIGN	$838	$837	:ptr
	CALL	$839	0x5597e0e325c0($648)	:void
	ASSIGN	$840	$836	:ui64
	ASSIGN	$841	$838	:ptr
	ASSIGN	$842	$840	:ui64
	ASSIGN	$843	$841	:ptr
	ASSIGN	$844	$840	:ui64
	ASSIGN	$845	$841	:ptr
	CONST	$846	16384	:ui64
	GTE	$847	$56	$846	:bool
	CMP	$848	$847	B24()	B25()	:void
B23()
	CONST	$895	true	:bool
	ASSIGN	$338	$895	:bool
	JMP	$0	B28()	:void
B24()
	CONST	$849	false	:bool
	CALL	$850	0x5597e0e4c750($57,$56)	:void
	CALL	$851	0x5597e0e4cbf0($57,$15)	:void
	CALL	$852	0x5597e0e4c8c0($57,$14)	:void
	CALL	$853	0x5597e0e4c930($57,$17)	:void
	CALL	$854	0x5597e0e4ccd0($57,$16)	:void
	CONST	$855	1	:ui64
	CALL	$856	0x5597e0bc3210($7,$855)	:ptr
	CALL	$857	0x5597e0bb0930($856,$849,$18,$19,$57)	:void
	CALL	$858	0x5597e0bc2e20($7,$57)	:void
	CALL	$859	0x5597e0bc3290($7)	:ptr
	ASSIGN	$860	$859	:ptr
	ASSIGN	$57	$860	:ptr
	CALL	$861	0x5597e0e4c7d0($57)	:ptr
	ASSIGN	$58	$861	:ptr
	CONST	$862	0	:ui64
	ASSIGN	$56	$862	:ui64
	JMP	$0	B29()	:void
B25()
	JMP	$0	B29()	:void
B26() ControlFlowMerge
	JMP	$0	B28()	:void
B27() ControlFlowMerge
	CALL	$596	0x5597e0e4c7d0($57)	:ptr
	ASSIGN	$597	$596	:ptr
	CONST	$598	16	:ui64
	MUL	$599	$598	$56	:ui64
	ASSIGN	$600	$599	:ui64
	CONST	$601	1	:ui64
	MUL	$602	$600	$601	:ui64
	ADD	$603	$597	$602	:ptr
	ASSIGN	$604	$603	:ptr
	CONST	$605	0	:ui64
	ASSIGN	$606	$605	:ui64
	CONST	$607	1	:ui64
	MUL	$608	$606	$607	:ui64
	ADD	$609	$604	$608	:ptr
	ASSIGN	$610	$577	:ui64
	ASSIGN	$611	$578	:ptr
	ASSIGN	$612	$610	:ui64
	ASSIGN	$613	$611	:ptr
	ASSIGN	$614	$613	:ptr
	ASSIGN	$615	$612	:ui64
	CALL	$616	0x5597e0e56050($57,$13,$614,$615,$609)	:void
	ASSIGN	$617	$611	:ptr
	CONST	$618	1	:i32
	CAST	$619	$618	:ui64
	ADD	$620	$56	$619	:ui64
	ASSIGN	$56	$620	:ui64
	CONST	$621	1	:i32
	CAST	$622	$621	:ui64
	ADD	$623	$360	$622	:ui64
	ASSIGN	$360	$623	:ui64
	JMP	$0	B21()	:void
B28() ControlFlowMerge
	CALL	$339	0x5597e0e4c750($57,$56)	:void
	CALL	$340	0x5597e0e4cbf0($57,$15)	:void
	CALL	$341	0x5597e0e4c8c0($57,$14)	:void
	CALL	$342	0x5597e0e4c930($57,$17)	:void
	CALL	$343	0x5597e0e4ccd0($57,$16)	:void
	CONST	$344	1	:ui64
	CALL	$345	0x5597e0bc3210($7,$344)	:ptr
	CALL	$346	0x5597e0bb0930($345,$338,$18,$19,$57)	:void
	CALL	$347	0x5597e0bc2e20($7,$57)	:void
	RETURN	$0	:void
B29() ControlFlowMerge
	CALL	$863	0x5597e0e4c7d0($57)	:ptr
	ASSIGN	$864	$863	:ptr
	CONST	$865	16	:ui64
	MUL	$866	$865	$56	:ui64
	ASSIGN	$867	$866	:ui64
	CONST	$868	1	:ui64
	MUL	$869	$867	$868	:ui64
	ADD	$870	$864	$869	:ptr
	ASSIGN	$871	$870	:ptr
	CONST	$872	0	:ui64
	ASSIGN	$873	$872	:ui64
	CONST	$874	1	:ui64
	MUL	$875	$873	$874	:ui64
	ADD	$876	$871	$875	:ptr
	ASSIGN	$877	$844	:ui64
	ASSIGN	$878	$845	:ptr
	ASSIGN	$879	$877	:ui64
	ASSIGN	$880	$878	:ptr
	ASSIGN	$881	$880	:ptr
	ASSIGN	$882	$879	:ui64
	CALL	$883	0x5597e0e56050($57,$13,$881,$882,$876)	:void
	ASSIGN	$884	$878	:ptr
	CONST	$885	1	:i32
	CAST	$886	$885	:ui64
	ADD	$887	$56	$886	:ui64
	ASSIGN	$56	$887	:ui64
	CONST	$888	true	:bool
	ASSIGN	$338	$888	:bool
	JMP	$0	B26()	:void
