B0($1:ptr,$2:ptr,$3:ptr)
	CALL	$8	0x5591df2a6cf0($1)	:ui32
	CALL	$9	0x5591df2a6d20($1)	:ptr
	CONST	$11	0	:ui64
	CONST	$12	*	:ptr
	CONST	$14	0	:ui64
	CONST	$15	0	:ui64
	CONST	$16	0	:ui64
	CONST	$17	0	:ui64
	CONST	$18	0	:ui64
	CONST	$19	true	:bool
	CALL	$21	0x5591df530b80($2)	:ui64
	CALL	$22	0x5591df530850($2)	:ui64
	CALL	$23	0x5591df530ca0($2)	:ui64
	CALL	$24	0x5591df530c70($2)	:ui64
	CALL	$25	0x5591df530a20($2)	:ui64
	CALL	$26	0x5591df530b10($2)	:bool
	CONST	$27	*	:ptr
	CALL	$29	0x5591df47c950($2,$27,$3)	:ptr
	CONST	$32	34	:ui64
	CONST	$34	1	:ui64
	MUL	$35	$32	$34	:ui64
	ADD	$36	$29	$35	:ptr
	LOAD	$39	$36	:bool
	CMP	$40	$39	B1($1,$2,$1,$25,$26,$23,$24,$22,$21,$9,$3,$2)	B2($1,$2,$1,$25,$26,$23,$24,$22,$21,$9,$3,$2)	:void
B1($4:ptr,$5:ptr,$7:ptr,$18:ui64,$19:bool,$16:ui64,$17:ui64,$14:ui64,$15:ui64,$13:ptr,$10:ptr,$20:ptr)
	CONST	$41	false	:bool
	NOT	$42	$41	:bool
	CMP	$43	$42	B3($4,$5)	B4($7,$18,$19,$16,$17,$14,$15,$13,$10,$20)	:void
B2($4:ptr,$5:ptr,$7:ptr,$18:ui64,$19:bool,$16:ui64,$17:ui64,$14:ui64,$15:ui64,$13:ptr,$10:ptr,$20:ptr)
	CONST	$48	true	:bool
	NOT	$49	$48	:bool
	CMP	$50	$49	B5($4,$5)	B6($7,$18,$19,$16,$17,$14,$15,$13,$10,$20)	:void
B3($4:ptr,$5:ptr)
	JMP	$0	B7($4,$5)	:void
B4($7:ptr,$18:ui64,$19:bool,$16:ui64,$17:ui64,$14:ui64,$15:ui64,$13:ptr,$10:ptr,$20:ptr)
	JMP	$0	B14($7,$18,$19,$16,$17,$14,$15,$13,$10,$20)	:void
B5($4:ptr,$5:ptr)
	JMP	$0	B7($4,$5)	:void
B6($7:ptr,$18:ui64,$19:bool,$16:ui64,$17:ui64,$14:ui64,$15:ui64,$13:ptr,$10:ptr,$20:ptr)
	JMP	$0	B14($7,$18,$19,$16,$17,$14,$15,$13,$10,$20)	:void
B7($4:ptr,$5:ptr) ControlFlowMerge
	CALL	$44	0x5591df2bf4e0($4,$5)	:void
	JMP	$0	B30()	:void
B8($7:ptr,$18:ui64,$19:bool,$16:ui64,$17:ui64,$14:ui64,$15:ui64,$59:ptr,$13:ptr,$57:ptr,$56:ui64,$10:ptr,$20:ptr)
	CONST	$71	48	:ui64
	CONST	$73	1	:ui64
	MUL	$74	$71	$73	:ui64
	ADD	$75	$59	$74	:ptr
	CONST	$77	0	:ui64
	CONST	$79	1	:ui64
	MUL	$80	$77	$79	:ui64
	ADD	$81	$59	$80	:ptr
	LOAD	$84	$81	:ptr
	CONST	$85	0	:ui64
	CALL	$88	0x5591df4768e0($75)	:ptr
	CONST	$89	9	:i32
	CAST	$90	$89	:ui64
	MUL	$91	$85	$90	:ui64
	CONST	$93	0	:i32
	CAST	$94	$93	:ui64
	ADD	$95	$91	$94	:ui64
	CONST	$97	4	:ui64
	MUL	$98	$95	$97	:ui64
	ADD	$99	$88	$98	:ptr
	CONST	$101	0	:i32
	CAST	$102	$101	:ui64
	ADD	$103	$91	$102	:ui64
	CONST	$104	1	:i32
	CAST	$105	$104	:ui64
	ADD	$106	$103	$105	:ui64
	CONST	$108	4	:ui64
	MUL	$109	$106	$108	:ui64
	ADD	$110	$88	$109	:ptr
	LOAD	$113	$99	:ui32
	LOAD	$116	$110	:ui32
	SUB	$117	$116	$113	:ui32
	CONST	$118	1	:ui64
	CAST	$119	$117	:ui64
	SUB	$120	$119	$118	:ui64
	CONST	$124	1	:ui64
	CAST	$125	$113	:ui64
	MUL	$126	$125	$124	:ui64
	ADD	$127	$84	$126	:ptr
	CALL	$128	0x5591df48cb00($127,$120)	:i32
	CONST	$131	9	:i32
	CAST	$132	$131	:ui64
	MUL	$133	$85	$132	:ui64
	CONST	$135	1	:i32
	CAST	$136	$135	:ui64
	ADD	$137	$133	$136	:ui64
	CONST	$139	4	:ui64
	MUL	$140	$137	$139	:ui64
	ADD	$141	$88	$140	:ptr
	CONST	$143	1	:i32
	CAST	$144	$143	:ui64
	ADD	$145	$133	$144	:ui64
	CONST	$146	1	:i32
	CAST	$147	$146	:ui64
	ADD	$148	$145	$147	:ui64
	CONST	$150	4	:ui64
	MUL	$151	$148	$150	:ui64
	ADD	$152	$88	$151	:ptr
	LOAD	$155	$141	:ui32
	LOAD	$158	$152	:ui32
	SUB	$159	$158	$155	:ui32
	CONST	$160	1	:ui64
	CAST	$161	$159	:ui64
	SUB	$162	$161	$160	:ui64
	CONST	$166	1	:ui64
	CAST	$167	$155	:ui64
	MUL	$168	$167	$166	:ui64
	ADD	$169	$84	$168	:ptr
	CALL	$170	0x5591df79d0b0($10,$162)	:ptr
	CALL	$175	0x7ffbd2fb7940($170,$169,$162)	:ptr
	CONST	$183	9	:i32
	CAST	$184	$183	:ui64
	MUL	$185	$85	$184	:ui64
	CONST	$187	2	:i32
	CAST	$188	$187	:ui64
	ADD	$189	$185	$188	:ui64
	CONST	$191	4	:ui64
	MUL	$192	$189	$191	:ui64
	ADD	$193	$88	$192	:ptr
	CONST	$195	2	:i32
	CAST	$196	$195	:ui64
	ADD	$197	$185	$196	:ui64
	CONST	$198	1	:i32
	CAST	$199	$198	:ui64
	ADD	$200	$197	$199	:ui64
	CONST	$202	4	:ui64
	MUL	$203	$200	$202	:ui64
	ADD	$204	$88	$203	:ptr
	LOAD	$207	$193	:ui32
	LOAD	$210	$204	:ui32
	SUB	$211	$210	$207	:ui32
	CONST	$212	1	:ui64
	CAST	$213	$211	:ui64
	SUB	$214	$213	$212	:ui64
	CONST	$218	1	:ui64
	CAST	$219	$207	:ui64
	MUL	$220	$219	$218	:ui64
	ADD	$221	$84	$220	:ptr
	CALL	$222	0x5591df79d0b0($10,$214)	:ptr
	CALL	$227	0x7ffbd2fb7940($222,$221,$214)	:ptr
	CONST	$235	9	:i32
	CAST	$236	$235	:ui64
	MUL	$237	$85	$236	:ui64
	CONST	$239	3	:i32
	CAST	$240	$239	:ui64
	ADD	$241	$237	$240	:ui64
	CONST	$243	4	:ui64
	MUL	$244	$241	$243	:ui64
	ADD	$245	$88	$244	:ptr
	CONST	$247	3	:i32
	CAST	$248	$247	:ui64
	ADD	$249	$237	$248	:ui64
	CONST	$250	1	:i32
	CAST	$251	$250	:ui64
	ADD	$252	$249	$251	:ui64
	CONST	$254	4	:ui64
	MUL	$255	$252	$254	:ui64
	ADD	$256	$88	$255	:ptr
	LOAD	$259	$245	:ui32
	LOAD	$262	$256	:ui32
	SUB	$263	$262	$259	:ui32
	CONST	$264	1	:ui64
	CAST	$265	$263	:ui64
	SUB	$266	$265	$264	:ui64
	CONST	$270	1	:ui64
	CAST	$271	$259	:ui64
	MUL	$272	$271	$270	:ui64
	ADD	$273	$84	$272	:ptr
	CALL	$274	0x5591df79d0b0($10,$266)	:ptr
	CALL	$279	0x7ffbd2fb7940($274,$273,$266)	:ptr
	CONST	$287	9	:i32
	CAST	$288	$287	:ui64
	MUL	$289	$85	$288	:ui64
	CONST	$291	4	:i32
	CAST	$292	$291	:ui64
	ADD	$293	$289	$292	:ui64
	CONST	$295	4	:ui64
	MUL	$296	$293	$295	:ui64
	ADD	$297	$88	$296	:ptr
	CONST	$299	4	:i32
	CAST	$300	$299	:ui64
	ADD	$301	$289	$300	:ui64
	CONST	$302	1	:i32
	CAST	$303	$302	:ui64
	ADD	$304	$301	$303	:ui64
	CONST	$306	4	:ui64
	MUL	$307	$304	$306	:ui64
	ADD	$308	$88	$307	:ptr
	LOAD	$311	$297	:ui32
	LOAD	$314	$308	:ui32
	SUB	$315	$314	$311	:ui32
	CONST	$316	1	:ui64
	CAST	$317	$315	:ui64
	SUB	$318	$317	$316	:ui64
	CONST	$322	1	:ui64
	CAST	$323	$311	:ui64
	MUL	$324	$323	$322	:ui64
	ADD	$325	$84	$324	:ptr
	CALL	$326	0x5591df79d0b0($10,$318)	:ptr
	CALL	$331	0x7ffbd2fb7940($326,$325,$318)	:ptr
	CONST	$339	9	:i32
	CAST	$340	$339	:ui64
	MUL	$341	$85	$340	:ui64
	CONST	$343	5	:i32
	CAST	$344	$343	:ui64
	ADD	$345	$341	$344	:ui64
	CONST	$347	4	:ui64
	MUL	$348	$345	$347	:ui64
	ADD	$349	$88	$348	:ptr
	CONST	$351	5	:i32
	CAST	$352	$351	:ui64
	ADD	$353	$341	$352	:ui64
	CONST	$354	1	:i32
	CAST	$355	$354	:ui64
	ADD	$356	$353	$355	:ui64
	CONST	$358	4	:ui64
	MUL	$359	$356	$358	:ui64
	ADD	$360	$88	$359	:ptr
	LOAD	$363	$349	:ui32
	LOAD	$366	$360	:ui32
	SUB	$367	$366	$363	:ui32
	CONST	$368	1	:ui64
	CAST	$369	$367	:ui64
	SUB	$370	$369	$368	:ui64
	CONST	$374	1	:ui64
	CAST	$375	$363	:ui64
	MUL	$376	$375	$374	:ui64
	ADD	$377	$84	$376	:ptr
	CALL	$378	0x5591df79d0b0($10,$370)	:ptr
	CALL	$383	0x7ffbd2fb7940($378,$377,$370)	:ptr
	CONST	$391	9	:i32
	CAST	$392	$391	:ui64
	MUL	$393	$85	$392	:ui64
	CONST	$395	6	:i32
	CAST	$396	$395	:ui64
	ADD	$397	$393	$396	:ui64
	CONST	$399	4	:ui64
	MUL	$400	$397	$399	:ui64
	ADD	$401	$88	$400	:ptr
	CONST	$403	6	:i32
	CAST	$404	$403	:ui64
	ADD	$405	$393	$404	:ui64
	CONST	$406	1	:i32
	CAST	$407	$406	:ui64
	ADD	$408	$405	$407	:ui64
	CONST	$410	4	:ui64
	MUL	$411	$408	$410	:ui64
	ADD	$412	$88	$411	:ptr
	LOAD	$415	$401	:ui32
	LOAD	$418	$412	:ui32
	SUB	$419	$418	$415	:ui32
	CONST	$420	1	:ui64
	CAST	$421	$419	:ui64
	SUB	$422	$421	$420	:ui64
	CONST	$426	1	:ui64
	CAST	$427	$415	:ui64
	MUL	$428	$427	$426	:ui64
	ADD	$429	$84	$428	:ptr
	CALL	$430	0x5591df48e520($429,$422)	:ui64
	CONST	$433	9	:i32
	CAST	$434	$433	:ui64
	MUL	$435	$85	$434	:ui64
	CONST	$437	7	:i32
	CAST	$438	$437	:ui64
	ADD	$439	$435	$438	:ui64
	CONST	$441	4	:ui64
	MUL	$442	$439	$441	:ui64
	ADD	$443	$88	$442	:ptr
	CONST	$445	7	:i32
	CAST	$446	$445	:ui64
	ADD	$447	$435	$446	:ui64
	CONST	$448	1	:i32
	CAST	$449	$448	:ui64
	ADD	$450	$447	$449	:ui64
	CONST	$452	4	:ui64
	MUL	$453	$450	$452	:ui64
	ADD	$454	$88	$453	:ptr
	LOAD	$457	$443	:ui32
	LOAD	$460	$454	:ui32
	SUB	$461	$460	$457	:ui32
	CONST	$462	0	:ui64
	CAST	$463	$461	:ui64
	SUB	$464	$463	$462	:ui64
	CONST	$468	1	:ui64
	CAST	$469	$457	:ui64
	MUL	$470	$469	$468	:ui64
	ADD	$471	$84	$470	:ptr
	CALL	$472	0x5591df79d0b0($10,$464)	:ptr
	CALL	$477	0x7ffbd2fb7940($472,$471,$464)	:ptr
	CONST	$491	16384	:ui64
	GTE	$492	$56	$491	:bool
	CMP	$493	$492	B10($7,$18,$19,$16,$17,$14,$15,$59,$13,$274,$266,$57,$56,$10,$20)	B11($7,$57,$18,$19,$16,$17,$14,$15,$59,$56,$13,$274,$266,$10,$20)	:void
B9($7:ptr,$57:ptr,$18:ui64,$19:bool,$16:ui64,$17:ui64,$14:ui64,$15:ui64,$56:ui64,$59:ptr,$13:ptr,$10:ptr,$20:ptr)
	JMP	$0	B15($7,$57,$18,$19,$16,$17,$14,$15,$56,$59,$13,$10,$20)	:void
B10($7:ptr,$18:ui64,$19:bool,$16:ui64,$17:ui64,$14:ui64,$15:ui64,$59:ptr,$13:ptr,$490:ptr,$489:ui64,$57:ptr,$56:ui64,$10:ptr,$20:ptr)
	CONST	$494	false	:bool
	CALL	$495	0x5591df530750($57,$56)	:void
	CALL	$496	0x5591df530bf0($57,$15)	:void
	CALL	$497	0x5591df5308c0($57,$14)	:void
	CALL	$498	0x5591df530930($57,$17)	:void
	CALL	$499	0x5591df530cd0($57,$16)	:void
	CONST	$500	1	:ui64
	CALL	$501	0x5591df2a7210($7,$500)	:ptr
	CALL	$502	0x5591df294930($501,$494,$18,$19,$57)	:void
	CALL	$503	0x5591df2a6e20($7,$57)	:void
	CALL	$504	0x5591df2a7290($7)	:ptr
	CALL	$506	0x5591df5307d0($504)	:ptr
	CONST	$507	0	:ui64
	JMP	$0	B16($7,$504,$18,$19,$16,$17,$14,$15,$59,$507,$13,$490,$489,$10,$20)	:void
B11($7:ptr,$57:ptr,$18:ui64,$19:bool,$16:ui64,$17:ui64,$14:ui64,$15:ui64,$59:ptr,$56:ui64,$13:ptr,$490:ptr,$489:ui64,$10:ptr,$20:ptr)
	JMP	$0	B16($7,$57,$18,$19,$16,$17,$14,$15,$59,$56,$13,$490,$489,$10,$20)	:void
B12($7:ptr,$57:ptr,$18:ui64,$19:bool,$16:ui64,$17:ui64,$14:ui64,$15:ui64,$56:ui64)
	CONST	$544	true	:bool
	JMP	$0	B26($7,$57,$544,$18,$19,$16,$17,$14,$15,$56)	:void
B13($7:ptr,$18:ui64,$19:bool,$16:ui64,$17:ui64,$14:ui64,$15:ui64,$13:ptr,$57:ptr,$56:ui64,$10:ptr,$59:ptr,$20:ptr)
	CONST	$566	0	:ui64
	CONST	$568	176	:ui64
	CONST	$570	1	:ui64
	MUL	$571	$568	$570	:ui64
	ADD	$572	$59	$571	:ptr
	JMP	$0	B21($7,$18,$19,$16,$17,$14,$15,$13,$57,$56,$10,$59,$20,$566,$572)	:void
B14($7:ptr,$18:ui64,$19:bool,$16:ui64,$17:ui64,$14:ui64,$15:ui64,$13:ptr,$10:ptr,$20:ptr) ControlFlowMerge
	CALL	$54	0x5591df2a7290($7)	:ptr
	CONST	$56	0	:ui64
	CALL	$58	0x5591df5307d0($54)	:ptr
	CALL	$59	0x5591df4747c0()	:ptr
	CONST	$61	32	:ui64
	CONST	$63	1	:ui64
	MUL	$64	$61	$63	:ui64
	ADD	$65	$59	$64	:ptr
	LOAD	$68	$65	:bool
	CMP	$69	$68	B8($7,$18,$19,$16,$17,$14,$15,$59,$13,$54,$56,$10,$20)	B9($7,$54,$18,$19,$16,$17,$14,$15,$56,$59,$13,$10,$20)	:void
B15($7:ptr,$57:ptr,$18:ui64,$19:bool,$16:ui64,$17:ui64,$14:ui64,$15:ui64,$56:ui64,$59:ptr,$13:ptr,$10:ptr,$20:ptr) ControlFlowMerge
	CONST	$534	33	:ui64
	CONST	$536	1	:ui64
	MUL	$537	$534	$536	:ui64
	ADD	$538	$59	$537	:ptr
	LOAD	$541	$538	:bool
	NOT	$542	$541	:bool
	CMP	$543	$542	B12($7,$57,$18,$19,$16,$17,$14,$15,$56)	B13($7,$18,$19,$16,$17,$14,$15,$13,$57,$56,$10,$59,$20)	:void
B16($7:ptr,$57:ptr,$18:ui64,$19:bool,$16:ui64,$17:ui64,$14:ui64,$15:ui64,$59:ptr,$56:ui64,$13:ptr,$490:ptr,$489:ui64,$10:ptr,$20:ptr) ControlFlowMerge
	CALL	$508	0x5591df5307d0($57)	:ptr
	CONST	$510	16	:ui64
	MUL	$511	$510	$56	:ui64
	CONST	$513	1	:ui64
	MUL	$514	$511	$513	:ui64
	ADD	$515	$508	$514	:ptr
	CONST	$517	0	:ui64
	CONST	$519	1	:ui64
	MUL	$520	$517	$519	:ui64
	ADD	$521	$515	$520	:ptr
	CALL	$528	0x5591df53a050($57,$13,$490,$489,$521)	:void
	CONST	$530	1	:i32
	CAST	$531	$530	:ui64
	ADD	$532	$56	$531	:ui64
	JMP	$0	B15($7,$57,$18,$19,$16,$17,$14,$15,$532,$59,$13,$10,$20)	:void
B17($7:ptr,$18:ui64,$19:bool,$16:ui64,$17:ui64,$14:ui64,$15:ui64,$13:ptr,$10:ptr,$59:ptr,$20:ptr,$572:ptr,$566:ui64,$57:ptr,$56:ui64)
	CALL	$586	0x5591df5307d0($20)	:ptr
	CALL	$589	0x5591df4768e0($572)	:ptr
	CONST	$590	9	:i32
	CAST	$591	$590	:ui64
	MUL	$592	$566	$591	:ui64
	CONST	$594	0	:i32
	CAST	$595	$594	:ui64
	ADD	$596	$592	$595	:ui64
	CONST	$598	4	:ui64
	MUL	$599	$596	$598	:ui64
	ADD	$600	$589	$599	:ptr
	CONST	$602	0	:i32
	CAST	$603	$602	:ui64
	ADD	$604	$592	$603	:ui64
	CONST	$605	1	:i32
	CAST	$606	$605	:ui64
	ADD	$607	$604	$606	:ui64
	CONST	$609	4	:ui64
	MUL	$610	$607	$609	:ui64
	ADD	$611	$589	$610	:ptr
	LOAD	$614	$600	:ui32
	LOAD	$617	$611	:ui32
	SUB	$618	$617	$614	:ui32
	CONST	$619	1	:ui64
	CAST	$620	$618	:ui64
	SUB	$621	$620	$619	:ui64
	CONST	$625	1	:ui64
	CAST	$626	$614	:ui64
	MUL	$627	$626	$625	:ui64
	ADD	$628	$586	$627	:ptr
	CALL	$629	0x5591df48cb00($628,$621)	:i32
	CONST	$632	9	:i32
	CAST	$633	$632	:ui64
	MUL	$634	$566	$633	:ui64
	CONST	$636	1	:i32
	CAST	$637	$636	:ui64
	ADD	$638	$634	$637	:ui64
	CONST	$640	4	:ui64
	MUL	$641	$638	$640	:ui64
	ADD	$642	$589	$641	:ptr
	CONST	$644	1	:i32
	CAST	$645	$644	:ui64
	ADD	$646	$634	$645	:ui64
	CONST	$647	1	:i32
	CAST	$648	$647	:ui64
	ADD	$649	$646	$648	:ui64
	CONST	$651	4	:ui64
	MUL	$652	$649	$651	:ui64
	ADD	$653	$589	$652	:ptr
	LOAD	$656	$642	:ui32
	LOAD	$659	$653	:ui32
	SUB	$660	$659	$656	:ui32
	CONST	$661	1	:ui64
	CAST	$662	$660	:ui64
	SUB	$663	$662	$661	:ui64
	CONST	$667	1	:ui64
	CAST	$668	$656	:ui64
	MUL	$669	$668	$667	:ui64
	ADD	$670	$586	$669	:ptr
	CALL	$671	0x5591df79d0b0($10,$663)	:ptr
	CALL	$676	0x7ffbd2fb7940($671,$670,$663)	:ptr
	CONST	$684	9	:i32
	CAST	$685	$684	:ui64
	MUL	$686	$566	$685	:ui64
	CONST	$688	2	:i32
	CAST	$689	$688	:ui64
	ADD	$690	$686	$689	:ui64
	CONST	$692	4	:ui64
	MUL	$693	$690	$692	:ui64
	ADD	$694	$589	$693	:ptr
	CONST	$696	2	:i32
	CAST	$697	$696	:ui64
	ADD	$698	$686	$697	:ui64
	CONST	$699	1	:i32
	CAST	$700	$699	:ui64
	ADD	$701	$698	$700	:ui64
	CONST	$703	4	:ui64
	MUL	$704	$701	$703	:ui64
	ADD	$705	$589	$704	:ptr
	LOAD	$708	$694	:ui32
	LOAD	$711	$705	:ui32
	SUB	$712	$711	$708	:ui32
	CONST	$713	1	:ui64
	CAST	$714	$712	:ui64
	SUB	$715	$714	$713	:ui64
	CONST	$719	1	:ui64
	CAST	$720	$708	:ui64
	MUL	$721	$720	$719	:ui64
	ADD	$722	$586	$721	:ptr
	CALL	$723	0x5591df79d0b0($10,$715)	:ptr
	CALL	$728	0x7ffbd2fb7940($723,$722,$715)	:ptr
	CONST	$736	9	:i32
	CAST	$737	$736	:ui64
	MUL	$738	$566	$737	:ui64
	CONST	$740	3	:i32
	CAST	$741	$740	:ui64
	ADD	$742	$738	$741	:ui64
	CONST	$744	4	:ui64
	MUL	$745	$742	$744	:ui64
	ADD	$746	$589	$745	:ptr
	CONST	$748	3	:i32
	CAST	$749	$748	:ui64
	ADD	$750	$738	$749	:ui64
	CONST	$751	1	:i32
	CAST	$752	$751	:ui64
	ADD	$753	$750	$752	:ui64
	CONST	$755	4	:ui64
	MUL	$756	$753	$755	:ui64
	ADD	$757	$589	$756	:ptr
	LOAD	$760	$746	:ui32
	LOAD	$763	$757	:ui32
	SUB	$764	$763	$760	:ui32
	CONST	$765	1	:ui64
	CAST	$766	$764	:ui64
	SUB	$767	$766	$765	:ui64
	CONST	$771	1	:ui64
	CAST	$772	$760	:ui64
	MUL	$773	$772	$771	:ui64
	ADD	$774	$586	$773	:ptr
	CALL	$775	0x5591df79d0b0($10,$767)	:ptr
	CALL	$780	0x7ffbd2fb7940($775,$774,$767)	:ptr
	CONST	$788	9	:i32
	CAST	$789	$788	:ui64
	MUL	$790	$566	$789	:ui64
	CONST	$792	4	:i32
	CAST	$793	$792	:ui64
	ADD	$794	$790	$793	:ui64
	CONST	$796	4	:ui64
	MUL	$797	$794	$796	:ui64
	ADD	$798	$589	$797	:ptr
	CONST	$800	4	:i32
	CAST	$801	$800	:ui64
	ADD	$802	$790	$801	:ui64
	CONST	$803	1	:i32
	CAST	$804	$803	:ui64
	ADD	$805	$802	$804	:ui64
	CONST	$807	4	:ui64
	MUL	$808	$805	$807	:ui64
	ADD	$809	$589	$808	:ptr
	LOAD	$812	$798	:ui32
	LOAD	$815	$809	:ui32
	SUB	$816	$815	$812	:ui32
	CONST	$817	1	:ui64
	CAST	$818	$816	:ui64
	SUB	$819	$818	$817	:ui64
	CONST	$823	1	:ui64
	CAST	$824	$812	:ui64
	MUL	$825	$824	$823	:ui64
	ADD	$826	$586	$825	:ptr
	CALL	$827	0x5591df79d0b0($10,$819)	:ptr
	CALL	$832	0x7ffbd2fb7940($827,$826,$819)	:ptr
	CONST	$840	9	:i32
	CAST	$841	$840	:ui64
	MUL	$842	$566	$841	:ui64
	CONST	$844	5	:i32
	CAST	$845	$844	:ui64
	ADD	$846	$842	$845	:ui64
	CONST	$848	4	:ui64
	MUL	$849	$846	$848	:ui64
	ADD	$850	$589	$849	:ptr
	CONST	$852	5	:i32
	CAST	$853	$852	:ui64
	ADD	$854	$842	$853	:ui64
	CONST	$855	1	:i32
	CAST	$856	$855	:ui64
	ADD	$857	$854	$856	:ui64
	CONST	$859	4	:ui64
	MUL	$860	$857	$859	:ui64
	ADD	$861	$589	$860	:ptr
	LOAD	$864	$850	:ui32
	LOAD	$867	$861	:ui32
	SUB	$868	$867	$864	:ui32
	CONST	$869	1	:ui64
	CAST	$870	$868	:ui64
	SUB	$871	$870	$869	:ui64
	CONST	$875	1	:ui64
	CAST	$876	$864	:ui64
	MUL	$877	$876	$875	:ui64
	ADD	$878	$586	$877	:ptr
	CALL	$879	0x5591df79d0b0($10,$871)	:ptr
	CALL	$884	0x7ffbd2fb7940($879,$878,$871)	:ptr
	CONST	$892	9	:i32
	CAST	$893	$892	:ui64
	MUL	$894	$566	$893	:ui64
	CONST	$896	6	:i32
	CAST	$897	$896	:ui64
	ADD	$898	$894	$897	:ui64
	CONST	$900	4	:ui64
	MUL	$901	$898	$900	:ui64
	ADD	$902	$589	$901	:ptr
	CONST	$904	6	:i32
	CAST	$905	$904	:ui64
	ADD	$906	$894	$905	:ui64
	CONST	$907	1	:i32
	CAST	$908	$907	:ui64
	ADD	$909	$906	$908	:ui64
	CONST	$911	4	:ui64
	MUL	$912	$909	$911	:ui64
	ADD	$913	$589	$912	:ptr
	LOAD	$916	$902	:ui32
	LOAD	$919	$913	:ui32
	SUB	$920	$919	$916	:ui32
	CONST	$921	1	:ui64
	CAST	$922	$920	:ui64
	SUB	$923	$922	$921	:ui64
	CONST	$927	1	:ui64
	CAST	$928	$916	:ui64
	MUL	$929	$928	$927	:ui64
	ADD	$930	$586	$929	:ptr
	CALL	$931	0x5591df48e520($930,$923)	:ui64
	CONST	$934	9	:i32
	CAST	$935	$934	:ui64
	MUL	$936	$566	$935	:ui64
	CONST	$938	7	:i32
	CAST	$939	$938	:ui64
	ADD	$940	$936	$939	:ui64
	CONST	$942	4	:ui64
	MUL	$943	$940	$942	:ui64
	ADD	$944	$589	$943	:ptr
	CONST	$946	7	:i32
	CAST	$947	$946	:ui64
	ADD	$948	$936	$947	:ui64
	CONST	$949	1	:i32
	CAST	$950	$949	:ui64
	ADD	$951	$948	$950	:ui64
	CONST	$953	4	:ui64
	MUL	$954	$951	$953	:ui64
	ADD	$955	$589	$954	:ptr
	LOAD	$958	$944	:ui32
	LOAD	$961	$955	:ui32
	SUB	$962	$961	$958	:ui32
	CONST	$963	0	:ui64
	CAST	$964	$962	:ui64
	SUB	$965	$964	$963	:ui64
	CONST	$969	1	:ui64
	CAST	$970	$958	:ui64
	MUL	$971	$970	$969	:ui64
	ADD	$972	$586	$971	:ptr
	CALL	$973	0x5591df79d0b0($10,$965)	:ptr
	CALL	$978	0x7ffbd2fb7940($973,$972,$965)	:ptr
	CONST	$992	16384	:ui64
	GTE	$993	$56	$992	:bool
	CMP	$994	$993	B19($7,$18,$19,$16,$17,$14,$15,$13,$10,$59,$20,$572,$566,$775,$767,$57,$56)	B20($7,$18,$19,$16,$17,$14,$15,$13,$57,$10,$59,$20,$572,$566,$56,$775,$767)	:void
B18($7:ptr,$18:ui64,$19:bool,$16:ui64,$17:ui64,$14:ui64,$15:ui64,$13:ptr,$57:ptr,$56:ui64,$10:ptr,$59:ptr,$20:ptr)
	CONST	$1040	*	:ptr
	CALL	$1042	0x5591df479170($20,$1040,$10)	:bool
	CMP	$1043	$1042	B22($7,$18,$19,$16,$17,$14,$15,$13,$57,$56,$10,$59)	B23($7,$57,$18,$19,$16,$17,$14,$15,$56)	:void
B19($7:ptr,$18:ui64,$19:bool,$16:ui64,$17:ui64,$14:ui64,$15:ui64,$13:ptr,$10:ptr,$59:ptr,$20:ptr,$572:ptr,$566:ui64,$991:ptr,$990:ui64,$57:ptr,$56:ui64)
	CONST	$995	false	:bool
	CALL	$996	0x5591df530750($57,$56)	:void
	CALL	$997	0x5591df530bf0($57,$15)	:void
	CALL	$998	0x5591df5308c0($57,$14)	:void
	CALL	$999	0x5591df530930($57,$17)	:void
	CALL	$1000	0x5591df530cd0($57,$16)	:void
	CONST	$1001	1	:ui64
	CALL	$1002	0x5591df2a7210($7,$1001)	:ptr
	CALL	$1003	0x5591df294930($1002,$995,$18,$19,$57)	:void
	CALL	$1004	0x5591df2a6e20($7,$57)	:void
	CALL	$1005	0x5591df2a7290($7)	:ptr
	CALL	$1007	0x5591df5307d0($1005)	:ptr
	CONST	$1008	0	:ui64
	JMP	$0	B27($7,$18,$19,$16,$17,$14,$15,$13,$1005,$10,$59,$20,$572,$566,$1008,$991,$990)	:void
B20($7:ptr,$18:ui64,$19:bool,$16:ui64,$17:ui64,$14:ui64,$15:ui64,$13:ptr,$57:ptr,$10:ptr,$59:ptr,$20:ptr,$572:ptr,$566:ui64,$56:ui64,$991:ptr,$990:ui64)
	JMP	$0	B27($7,$18,$19,$16,$17,$14,$15,$13,$57,$10,$59,$20,$572,$566,$56,$991,$990)	:void
B21($7:ptr,$18:ui64,$19:bool,$16:ui64,$17:ui64,$14:ui64,$15:ui64,$13:ptr,$57:ptr,$56:ui64,$10:ptr,$59:ptr,$20:ptr,$566:ui64,$572:ptr) ControlFlowMerge
	CONST	$576	24	:ui64
	CONST	$578	1	:ui64
	MUL	$579	$576	$578	:ui64
	ADD	$580	$572	$579	:ptr
	LOAD	$583	$580	:ui64
	LT	$584	$566	$583	:bool
	CMP	$585	$584	B17($7,$18,$19,$16,$17,$14,$15,$13,$10,$59,$20,$572,$566,$57,$56)	B18($7,$18,$19,$16,$17,$14,$15,$13,$57,$56,$10,$59,$20)	:void
B22($7:ptr,$18:ui64,$19:bool,$16:ui64,$17:ui64,$14:ui64,$15:ui64,$13:ptr,$57:ptr,$56:ui64,$10:ptr,$59:ptr)
	CONST	$1045	112	:ui64
	CONST	$1047	1	:ui64
	MUL	$1048	$1045	$1047	:ui64
	ADD	$1049	$59	$1048	:ptr
	CONST	$1051	16	:ui64
	CONST	$1053	1	:ui64
	MUL	$1054	$1051	$1053	:ui64
	ADD	$1055	$59	$1054	:ptr
	LOAD	$1058	$1055	:ptr
	CONST	$1059	0	:ui64
	CALL	$1062	0x5591df4768e0($1049)	:ptr
	CONST	$1063	9	:i32
	CAST	$1064	$1063	:ui64
	MUL	$1065	$1059	$1064	:ui64
	CONST	$1067	0	:i32
	CAST	$1068	$1067	:ui64
	ADD	$1069	$1065	$1068	:ui64
	CONST	$1071	4	:ui64
	MUL	$1072	$1069	$1071	:ui64
	ADD	$1073	$1062	$1072	:ptr
	CONST	$1075	0	:i32
	CAST	$1076	$1075	:ui64
	ADD	$1077	$1065	$1076	:ui64
	CONST	$1078	1	:i32
	CAST	$1079	$1078	:ui64
	ADD	$1080	$1077	$1079	:ui64
	CONST	$1082	4	:ui64
	MUL	$1083	$1080	$1082	:ui64
	ADD	$1084	$1062	$1083	:ptr
	LOAD	$1087	$1073	:ui32
	LOAD	$1090	$1084	:ui32
	SUB	$1091	$1090	$1087	:ui32
	CONST	$1092	1	:ui64
	CAST	$1093	$1091	:ui64
	SUB	$1094	$1093	$1092	:ui64
	CONST	$1098	1	:ui64
	CAST	$1099	$1087	:ui64
	MUL	$1100	$1099	$1098	:ui64
	ADD	$1101	$1058	$1100	:ptr
	CALL	$1102	0x5591df48cb00($1101,$1094)	:i32
	CONST	$1105	9	:i32
	CAST	$1106	$1105	:ui64
	MUL	$1107	$1059	$1106	:ui64
	CONST	$1109	1	:i32
	CAST	$1110	$1109	:ui64
	ADD	$1111	$1107	$1110	:ui64
	CONST	$1113	4	:ui64
	MUL	$1114	$1111	$1113	:ui64
	ADD	$1115	$1062	$1114	:ptr
	CONST	$1117	1	:i32
	CAST	$1118	$1117	:ui64
	ADD	$1119	$1107	$1118	:ui64
	CONST	$1120	1	:i32
	CAST	$1121	$1120	:ui64
	ADD	$1122	$1119	$1121	:ui64
	CONST	$1124	4	:ui64
	MUL	$1125	$1122	$1124	:ui64
	ADD	$1126	$1062	$1125	:ptr
	LOAD	$1129	$1115	:ui32
	LOAD	$1132	$1126	:ui32
	SUB	$1133	$1132	$1129	:ui32
	CONST	$1134	1	:ui64
	CAST	$1135	$1133	:ui64
	SUB	$1136	$1135	$1134	:ui64
	CONST	$1140	1	:ui64
	CAST	$1141	$1129	:ui64
	MUL	$1142	$1141	$1140	:ui64
	ADD	$1143	$1058	$1142	:ptr
	CALL	$1144	0x5591df79d0b0($10,$1136)	:ptr
	CALL	$1149	0x7ffbd2fb7940($1144,$1143,$1136)	:ptr
	CONST	$1157	9	:i32
	CAST	$1158	$1157	:ui64
	MUL	$1159	$1059	$1158	:ui64
	CONST	$1161	2	:i32
	CAST	$1162	$1161	:ui64
	ADD	$1163	$1159	$1162	:ui64
	CONST	$1165	4	:ui64
	MUL	$1166	$1163	$1165	:ui64
	ADD	$1167	$1062	$1166	:ptr
	CONST	$1169	2	:i32
	CAST	$1170	$1169	:ui64
	ADD	$1171	$1159	$1170	:ui64
	CONST	$1172	1	:i32
	CAST	$1173	$1172	:ui64
	ADD	$1174	$1171	$1173	:ui64
	CONST	$1176	4	:ui64
	MUL	$1177	$1174	$1176	:ui64
	ADD	$1178	$1062	$1177	:ptr
	LOAD	$1181	$1167	:ui32
	LOAD	$1184	$1178	:ui32
	SUB	$1185	$1184	$1181	:ui32
	CONST	$1186	1	:ui64
	CAST	$1187	$1185	:ui64
	SUB	$1188	$1187	$1186	:ui64
	CONST	$1192	1	:ui64
	CAST	$1193	$1181	:ui64
	MUL	$1194	$1193	$1192	:ui64
	ADD	$1195	$1058	$1194	:ptr
	CALL	$1196	0x5591df79d0b0($10,$1188)	:ptr
	CALL	$1201	0x7ffbd2fb7940($1196,$1195,$1188)	:ptr
	CONST	$1209	9	:i32
	CAST	$1210	$1209	:ui64
	MUL	$1211	$1059	$1210	:ui64
	CONST	$1213	3	:i32
	CAST	$1214	$1213	:ui64
	ADD	$1215	$1211	$1214	:ui64
	CONST	$1217	4	:ui64
	MUL	$1218	$1215	$1217	:ui64
	ADD	$1219	$1062	$1218	:ptr
	CONST	$1221	3	:i32
	CAST	$1222	$1221	:ui64
	ADD	$1223	$1211	$1222	:ui64
	CONST	$1224	1	:i32
	CAST	$1225	$1224	:ui64
	ADD	$1226	$1223	$1225	:ui64
	CONST	$1228	4	:ui64
	MUL	$1229	$1226	$1228	:ui64
	ADD	$1230	$1062	$1229	:ptr
	LOAD	$1233	$1219	:ui32
	LOAD	$1236	$1230	:ui32
	SUB	$1237	$1236	$1233	:ui32
	CONST	$1238	1	:ui64
	CAST	$1239	$1237	:ui64
	SUB	$1240	$1239	$1238	:ui64
	CONST	$1244	1	:ui64
	CAST	$1245	$1233	:ui64
	MUL	$1246	$1245	$1244	:ui64
	ADD	$1247	$1058	$1246	:ptr
	CALL	$1248	0x5591df79d0b0($10,$1240)	:ptr
	CALL	$1253	0x7ffbd2fb7940($1248,$1247,$1240)	:ptr
	CONST	$1261	9	:i32
	CAST	$1262	$1261	:ui64
	MUL	$1263	$1059	$1262	:ui64
	CONST	$1265	4	:i32
	CAST	$1266	$1265	:ui64
	ADD	$1267	$1263	$1266	:ui64
	CONST	$1269	4	:ui64
	MUL	$1270	$1267	$1269	:ui64
	ADD	$1271	$1062	$1270	:ptr
	CONST	$1273	4	:i32
	CAST	$1274	$1273	:ui64
	ADD	$1275	$1263	$1274	:ui64
	CONST	$1276	1	:i32
	CAST	$1277	$1276	:ui64
	ADD	$1278	$1275	$1277	:ui64
	CONST	$1280	4	:ui64
	MUL	$1281	$1278	$1280	:ui64
	ADD	$1282	$1062	$1281	:ptr
	LOAD	$1285	$1271	:ui32
	LOAD	$1288	$1282	:ui32
	SUB	$1289	$1288	$1285	:ui32
	CONST	$1290	1	:ui64
	CAST	$1291	$1289	:ui64
	SUB	$1292	$1291	$1290	:ui64
	CONST	$1296	1	:ui64
	CAST	$1297	$1285	:ui64
	MUL	$1298	$1297	$1296	:ui64
	ADD	$1299	$1058	$1298	:ptr
	CALL	$1300	0x5591df79d0b0($10,$1292)	:ptr
	CALL	$1305	0x7ffbd2fb7940($1300,$1299,$1292)	:ptr
	CONST	$1313	9	:i32
	CAST	$1314	$1313	:ui64
	MUL	$1315	$1059	$1314	:ui64
	CONST	$1317	5	:i32
	CAST	$1318	$1317	:ui64
	ADD	$1319	$1315	$1318	:ui64
	CONST	$1321	4	:ui64
	MUL	$1322	$1319	$1321	:ui64
	ADD	$1323	$1062	$1322	:ptr
	CONST	$1325	5	:i32
	CAST	$1326	$1325	:ui64
	ADD	$1327	$1315	$1326	:ui64
	CONST	$1328	1	:i32
	CAST	$1329	$1328	:ui64
	ADD	$1330	$1327	$1329	:ui64
	CONST	$1332	4	:ui64
	MUL	$1333	$1330	$1332	:ui64
	ADD	$1334	$1062	$1333	:ptr
	LOAD	$1337	$1323	:ui32
	LOAD	$1340	$1334	:ui32
	SUB	$1341	$1340	$1337	:ui32
	CONST	$1342	1	:ui64
	CAST	$1343	$1341	:ui64
	SUB	$1344	$1343	$1342	:ui64
	CONST	$1348	1	:ui64
	CAST	$1349	$1337	:ui64
	MUL	$1350	$1349	$1348	:ui64
	ADD	$1351	$1058	$1350	:ptr
	CALL	$1352	0x5591df79d0b0($10,$1344)	:ptr
	CALL	$1357	0x7ffbd2fb7940($1352,$1351,$1344)	:ptr
	CONST	$1365	9	:i32
	CAST	$1366	$1365	:ui64
	MUL	$1367	$1059	$1366	:ui64
	CONST	$1369	6	:i32
	CAST	$1370	$1369	:ui64
	ADD	$1371	$1367	$1370	:ui64
	CONST	$1373	4	:ui64
	MUL	$1374	$1371	$1373	:ui64
	ADD	$1375	$1062	$1374	:ptr
	CONST	$1377	6	:i32
	CAST	$1378	$1377	:ui64
	ADD	$1379	$1367	$1378	:ui64
	CONST	$1380	1	:i32
	CAST	$1381	$1380	:ui64
	ADD	$1382	$1379	$1381	:ui64
	CONST	$1384	4	:ui64
	MUL	$1385	$1382	$1384	:ui64
	ADD	$1386	$1062	$1385	:ptr
	LOAD	$1389	$1375	:ui32
	LOAD	$1392	$1386	:ui32
	SUB	$1393	$1392	$1389	:ui32
	CONST	$1394	1	:ui64
	CAST	$1395	$1393	:ui64
	SUB	$1396	$1395	$1394	:ui64
	CONST	$1400	1	:ui64
	CAST	$1401	$1389	:ui64
	MUL	$1402	$1401	$1400	:ui64
	ADD	$1403	$1058	$1402	:ptr
	CALL	$1404	0x5591df48e520($1403,$1396)	:ui64
	CONST	$1407	9	:i32
	CAST	$1408	$1407	:ui64
	MUL	$1409	$1059	$1408	:ui64
	CONST	$1411	7	:i32
	CAST	$1412	$1411	:ui64
	ADD	$1413	$1409	$1412	:ui64
	CONST	$1415	4	:ui64
	MUL	$1416	$1413	$1415	:ui64
	ADD	$1417	$1062	$1416	:ptr
	CONST	$1419	7	:i32
	CAST	$1420	$1419	:ui64
	ADD	$1421	$1409	$1420	:ui64
	CONST	$1422	1	:i32
	CAST	$1423	$1422	:ui64
	ADD	$1424	$1421	$1423	:ui64
	CONST	$1426	4	:ui64
	MUL	$1427	$1424	$1426	:ui64
	ADD	$1428	$1062	$1427	:ptr
	LOAD	$1431	$1417	:ui32
	LOAD	$1434	$1428	:ui32
	SUB	$1435	$1434	$1431	:ui32
	CONST	$1436	0	:ui64
	CAST	$1437	$1435	:ui64
	SUB	$1438	$1437	$1436	:ui64
	CONST	$1442	1	:ui64
	CAST	$1443	$1431	:ui64
	MUL	$1444	$1443	$1442	:ui64
	ADD	$1445	$1058	$1444	:ptr
	CALL	$1446	0x5591df79d0b0($10,$1438)	:ptr
	CALL	$1451	0x7ffbd2fb7940($1446,$1445,$1438)	:ptr
	CONST	$1465	16384	:ui64
	GTE	$1466	$56	$1465	:bool
	CMP	$1467	$1466	B24($7,$18,$19,$16,$17,$14,$15,$13,$1248,$1240,$57,$56)	B25($7,$57,$18,$19,$16,$17,$14,$15,$56,$13,$1248,$1240)	:void
B23($7:ptr,$57:ptr,$18:ui64,$19:bool,$16:ui64,$17:ui64,$14:ui64,$15:ui64,$56:ui64)
	CONST	$1514	true	:bool
	JMP	$0	B28($7,$57,$1514,$18,$19,$16,$17,$14,$15,$56)	:void
B24($7:ptr,$18:ui64,$19:bool,$16:ui64,$17:ui64,$14:ui64,$15:ui64,$13:ptr,$1464:ptr,$1463:ui64,$57:ptr,$56:ui64)
	CONST	$1468	false	:bool
	CALL	$1469	0x5591df530750($57,$56)	:void
	CALL	$1470	0x5591df530bf0($57,$15)	:void
	CALL	$1471	0x5591df5308c0($57,$14)	:void
	CALL	$1472	0x5591df530930($57,$17)	:void
	CALL	$1473	0x5591df530cd0($57,$16)	:void
	CONST	$1474	1	:ui64
	CALL	$1475	0x5591df2a7210($7,$1474)	:ptr
	CALL	$1476	0x5591df294930($1475,$1468,$18,$19,$57)	:void
	CALL	$1477	0x5591df2a6e20($7,$57)	:void
	CALL	$1478	0x5591df2a7290($7)	:ptr
	CALL	$1480	0x5591df5307d0($1478)	:ptr
	CONST	$1481	0	:ui64
	JMP	$0	B29($7,$1478,$18,$19,$16,$17,$14,$15,$1481,$13,$1464,$1463)	:void
B25($7:ptr,$57:ptr,$18:ui64,$19:bool,$16:ui64,$17:ui64,$14:ui64,$15:ui64,$56:ui64,$13:ptr,$1464:ptr,$1463:ui64)
	JMP	$0	B29($7,$57,$18,$19,$16,$17,$14,$15,$56,$13,$1464,$1463)	:void
B26($7:ptr,$57:ptr,$544:bool,$18:ui64,$19:bool,$16:ui64,$17:ui64,$14:ui64,$15:ui64,$56:ui64) ControlFlowMerge
	JMP	$0	B28($7,$57,$544,$18,$19,$16,$17,$14,$15,$56)	:void
B27($7:ptr,$18:ui64,$19:bool,$16:ui64,$17:ui64,$14:ui64,$15:ui64,$13:ptr,$57:ptr,$10:ptr,$59:ptr,$20:ptr,$572:ptr,$566:ui64,$56:ui64,$991:ptr,$990:ui64) ControlFlowMerge
	CALL	$1009	0x5591df5307d0($57)	:ptr
	CONST	$1011	16	:ui64
	MUL	$1012	$1011	$56	:ui64
	CONST	$1014	1	:ui64
	MUL	$1015	$1012	$1014	:ui64
	ADD	$1016	$1009	$1015	:ptr
	CONST	$1018	0	:ui64
	CONST	$1020	1	:ui64
	MUL	$1021	$1018	$1020	:ui64
	ADD	$1022	$1016	$1021	:ptr
	CALL	$1029	0x5591df53a050($57,$13,$991,$990,$1022)	:void
	CONST	$1031	1	:i32
	CAST	$1032	$1031	:ui64
	ADD	$1033	$56	$1032	:ui64
	CONST	$1034	1	:i32
	CAST	$1035	$1034	:ui64
	ADD	$1036	$566	$1035	:ui64
	JMP	$0	B21($7,$18,$19,$16,$17,$14,$15,$13,$57,$1033,$10,$59,$20,$1036,$572)	:void
B28($7:ptr,$57:ptr,$544:bool,$18:ui64,$19:bool,$16:ui64,$17:ui64,$14:ui64,$15:ui64,$56:ui64) ControlFlowMerge
	CALL	$545	0x5591df530750($57,$56)	:void
	CALL	$546	0x5591df530bf0($57,$15)	:void
	CALL	$547	0x5591df5308c0($57,$14)	:void
	CALL	$548	0x5591df530930($57,$17)	:void
	CALL	$549	0x5591df530cd0($57,$16)	:void
	CONST	$550	1	:ui64
	CALL	$551	0x5591df2a7210($7,$550)	:ptr
	CALL	$552	0x5591df294930($551,$544,$18,$19,$57)	:void
	CALL	$553	0x5591df2a6e20($7,$57)	:void
	JMP	$0	B30()	:void
B29($7:ptr,$57:ptr,$18:ui64,$19:bool,$16:ui64,$17:ui64,$14:ui64,$15:ui64,$56:ui64,$13:ptr,$1464:ptr,$1463:ui64) ControlFlowMerge
	CALL	$1482	0x5591df5307d0($57)	:ptr
	CONST	$1484	16	:ui64
	MUL	$1485	$1484	$56	:ui64
	CONST	$1487	1	:ui64
	MUL	$1488	$1485	$1487	:ui64
	ADD	$1489	$1482	$1488	:ptr
	CONST	$1491	0	:ui64
	CONST	$1493	1	:ui64
	MUL	$1494	$1491	$1493	:ui64
	ADD	$1495	$1489	$1494	:ptr
	CALL	$1502	0x5591df53a050($57,$13,$1464,$1463,$1495)	:void
	CONST	$1504	1	:i32
	CAST	$1505	$1504	:ui64
	ADD	$1506	$56	$1505	:ui64
	CONST	$1507	true	:bool
	JMP	$0	B26($7,$57,$1507,$18,$19,$16,$17,$14,$15,$1506)	:void
B30()
	RETURN	$0	:void
