B0($1:ptr,$2:ptr,$3:ptr)
	ASSIGN	$4	$1	:ptr
	ASSIGN	$5	$2	:ptr
	ASSIGN	$6	$3	:ptr
	ASSIGN	$7	$4	:ptr
	CALL	$8	0x55e737d43cb0($4)	:ui32
	CALL	$9	0x55e737d43ce0($4)	:ptr
	ASSIGN	$10	$6	:ptr
	CONST	$11	0	:ui64
	CONST	$12	*	:ptr
	ASSIGN	$13	$9	:ptr
	CONST	$14	0	:ui64
	CONST	$15	0	:ui64
	CONST	$16	0	:ui64
	CONST	$17	0	:ui64
	CONST	$18	0	:ui64
	CONST	$19	true	:bool
	ASSIGN	$20	$5	:ptr
	CALL	$21	0x55e737fccbb0($20)	:ui64
	ASSIGN	$15	$21	:ui64
	CALL	$22	0x55e737fcc880($20)	:ui64
	ASSIGN	$14	$22	:ui64
	CALL	$23	0x55e737fcccd0($20)	:ui64
	ASSIGN	$16	$23	:ui64
	CALL	$24	0x55e737fccca0($20)	:ui64
	ASSIGN	$17	$24	:ui64
	CALL	$25	0x55e737fcca50($20)	:ui64
	ASSIGN	$18	$25	:ui64
	CALL	$26	0x55e737fccb40($20)	:bool
	ASSIGN	$19	$26	:bool
	CONST	$27	*	:ptr
	ASSIGN	$28	$10	:ptr
	CALL	$29	0x55e737fb5fa0($20,$27,$28)	:ptr
	ASSIGN	$30	$29	:ptr
	ASSIGN	$31	$30	:ptr
	CONST	$32	34	:ui64
	ASSIGN	$33	$32	:ui64
	CONST	$34	1	:ui64
	MUL	$35	$33	$34	:ui64
	ADD	$36	$31	$35	:ptr
	ASSIGN	$37	$36	:ptr
	ASSIGN	$38	$37	:ptr
	LOAD	$39	$38	:bool
	CMP	$40	$39	B1()	B2()	:void
B1()
	CONST	$41	false	:bool
	NOT	$42	$41	:bool
	CMP	$43	$42	B3()	B4()	:void
B2()
	CONST	$48	true	:bool
	NOT	$49	$48	:bool
	CMP	$50	$49	B5()	B6()	:void
B3()
	JMP	$0	B7()	:void
B4()
	JMP	$0	B14()	:void
B5()
	JMP	$0	B7()	:void
B6()
	JMP	$0	B14()	:void
B7() ControlFlowMerge
	CALL	$44	0x55e737d5c4a0($4,$5)	:void
	RETURN	$0	:void
B8()
	ASSIGN	$70	$59	:ptr
	CONST	$71	48	:ui64
	ASSIGN	$72	$71	:ui64
	CONST	$73	1	:ui64
	MUL	$74	$72	$73	:ui64
	ADD	$75	$70	$74	:ptr
	ASSIGN	$76	$59	:ptr
	CONST	$77	0	:ui64
	ASSIGN	$78	$77	:ui64
	CONST	$79	1	:ui64
	MUL	$80	$78	$79	:ui64
	ADD	$81	$76	$80	:ptr
	ASSIGN	$82	$81	:ptr
	ASSIGN	$83	$82	:ptr
	LOAD	$84	$83	:ptr
	CONST	$85	0	:ui64
	ASSIGN	$86	$75	:ptr
	ASSIGN	$87	$86	:ptr
	CONST	$88	0	:ui32
	CONST	$89	*	:ptr
	ASSIGN	$90	$88	:ui32
	ASSIGN	$91	$87	:ptr
	ASSIGN	$92	$89	:ptr
	CALL	$93	0x55e737fc3c60($90,$91,$92)	:i32
	ASSIGN	$94	$93	:i32
	ASSIGN	$95	$94	:i32
	CONST	$96	1	:ui32
	CONST	$97	*	:ptr
	CALL	$98	0x55e737fb9440($96,$87,$97)	:ptr
	ASSIGN	$99	$98	:ptr
	CONST	$100	0	:ui64
	ASSIGN	$101	$100	:ui64
	CONST	$102	1	:ui64
	MUL	$103	$101	$102	:ui64
	ADD	$104	$99	$103	:ptr
	ASSIGN	$105	$104	:ptr
	ASSIGN	$106	$105	:ptr
	LOAD	$107	$106	:ptr
	ASSIGN	$108	$98	:ptr
	CONST	$109	8	:ui64
	ASSIGN	$110	$109	:ui64
	CONST	$111	1	:ui64
	MUL	$112	$110	$111	:ui64
	ADD	$113	$108	$112	:ptr
	ASSIGN	$114	$113	:ptr
	ASSIGN	$115	$114	:ptr
	LOAD	$116	$115	:ui64
	ASSIGN	$117	$116	:ui64
	ASSIGN	$118	$107	:ptr
	ASSIGN	$119	$117	:ui64
	ASSIGN	$120	$118	:ptr
	ASSIGN	$121	$119	:ui64
	ASSIGN	$122	$120	:ptr
	ASSIGN	$123	$122	:ptr
	CONST	$124	2	:ui32
	CONST	$125	*	:ptr
	CALL	$126	0x55e737fb9440($124,$87,$125)	:ptr
	ASSIGN	$127	$126	:ptr
	CONST	$128	0	:ui64
	ASSIGN	$129	$128	:ui64
	CONST	$130	1	:ui64
	MUL	$131	$129	$130	:ui64
	ADD	$132	$127	$131	:ptr
	ASSIGN	$133	$132	:ptr
	ASSIGN	$134	$133	:ptr
	LOAD	$135	$134	:ptr
	ASSIGN	$136	$126	:ptr
	CONST	$137	8	:ui64
	ASSIGN	$138	$137	:ui64
	CONST	$139	1	:ui64
	MUL	$140	$138	$139	:ui64
	ADD	$141	$136	$140	:ptr
	ASSIGN	$142	$141	:ptr
	ASSIGN	$143	$142	:ptr
	LOAD	$144	$143	:ui64
	ASSIGN	$145	$144	:ui64
	ASSIGN	$146	$135	:ptr
	ASSIGN	$147	$145	:ui64
	ASSIGN	$148	$146	:ptr
	ASSIGN	$149	$147	:ui64
	ASSIGN	$150	$148	:ptr
	ASSIGN	$151	$150	:ptr
	CONST	$152	3	:ui32
	CONST	$153	*	:ptr
	CALL	$154	0x55e737fb9440($152,$87,$153)	:ptr
	ASSIGN	$155	$154	:ptr
	CONST	$156	0	:ui64
	ASSIGN	$157	$156	:ui64
	CONST	$158	1	:ui64
	MUL	$159	$157	$158	:ui64
	ADD	$160	$155	$159	:ptr
	ASSIGN	$161	$160	:ptr
	ASSIGN	$162	$161	:ptr
	LOAD	$163	$162	:ptr
	ASSIGN	$164	$154	:ptr
	CONST	$165	8	:ui64
	ASSIGN	$166	$165	:ui64
	CONST	$167	1	:ui64
	MUL	$168	$166	$167	:ui64
	ADD	$169	$164	$168	:ptr
	ASSIGN	$170	$169	:ptr
	ASSIGN	$171	$170	:ptr
	LOAD	$172	$171	:ui64
	ASSIGN	$173	$172	:ui64
	ASSIGN	$174	$163	:ptr
	ASSIGN	$175	$173	:ui64
	ASSIGN	$176	$174	:ptr
	ASSIGN	$177	$175	:ui64
	ASSIGN	$178	$176	:ptr
	ASSIGN	$179	$178	:ptr
	CONST	$180	4	:ui32
	CONST	$181	*	:ptr
	CALL	$182	0x55e737fb9440($180,$87,$181)	:ptr
	ASSIGN	$183	$182	:ptr
	CONST	$184	0	:ui64
	ASSIGN	$185	$184	:ui64
	CONST	$186	1	:ui64
	MUL	$187	$185	$186	:ui64
	ADD	$188	$183	$187	:ptr
	ASSIGN	$189	$188	:ptr
	ASSIGN	$190	$189	:ptr
	LOAD	$191	$190	:ptr
	ASSIGN	$192	$182	:ptr
	CONST	$193	8	:ui64
	ASSIGN	$194	$193	:ui64
	CONST	$195	1	:ui64
	MUL	$196	$194	$195	:ui64
	ADD	$197	$192	$196	:ptr
	ASSIGN	$198	$197	:ptr
	ASSIGN	$199	$198	:ptr
	LOAD	$200	$199	:ui64
	ASSIGN	$201	$200	:ui64
	ASSIGN	$202	$191	:ptr
	ASSIGN	$203	$201	:ui64
	ASSIGN	$204	$202	:ptr
	ASSIGN	$205	$203	:ui64
	ASSIGN	$206	$204	:ptr
	ASSIGN	$207	$206	:ptr
	CONST	$208	5	:ui32
	CONST	$209	*	:ptr
	CALL	$210	0x55e737fb9440($208,$87,$209)	:ptr
	ASSIGN	$211	$210	:ptr
	CONST	$212	0	:ui64
	ASSIGN	$213	$212	:ui64
	CONST	$214	1	:ui64
	MUL	$215	$213	$214	:ui64
	ADD	$216	$211	$215	:ptr
	ASSIGN	$217	$216	:ptr
	ASSIGN	$218	$217	:ptr
	LOAD	$219	$218	:ptr
	ASSIGN	$220	$210	:ptr
	CONST	$221	8	:ui64
	ASSIGN	$222	$221	:ui64
	CONST	$223	1	:ui64
	MUL	$224	$222	$223	:ui64
	ADD	$225	$220	$224	:ptr
	ASSIGN	$226	$225	:ptr
	ASSIGN	$227	$226	:ptr
	LOAD	$228	$227	:ui64
	ASSIGN	$229	$228	:ui64
	ASSIGN	$230	$219	:ptr
	ASSIGN	$231	$229	:ui64
	ASSIGN	$232	$230	:ptr
	ASSIGN	$233	$231	:ui64
	ASSIGN	$234	$232	:ptr
	ASSIGN	$235	$234	:ptr
	CONST	$236	6	:ui32
	CONST	$237	*	:ptr
	ASSIGN	$238	$236	:ui32
	ASSIGN	$239	$87	:ptr
	ASSIGN	$240	$237	:ptr
	CALL	$241	0x55e737fc55c0($238,$239,$240)	:ui64
	ASSIGN	$242	$241	:ui64
	ASSIGN	$243	$242	:ui64
	CONST	$244	7	:ui32
	CONST	$245	*	:ptr
	CALL	$246	0x55e737fb9440($244,$87,$245)	:ptr
	ASSIGN	$247	$246	:ptr
	CONST	$248	0	:ui64
	ASSIGN	$249	$248	:ui64
	CONST	$250	1	:ui64
	MUL	$251	$249	$250	:ui64
	ADD	$252	$247	$251	:ptr
	ASSIGN	$253	$252	:ptr
	ASSIGN	$254	$253	:ptr
	LOAD	$255	$254	:ptr
	ASSIGN	$256	$246	:ptr
	CONST	$257	8	:ui64
	ASSIGN	$258	$257	:ui64
	CONST	$259	1	:ui64
	MUL	$260	$258	$259	:ui64
	ADD	$261	$256	$260	:ptr
	ASSIGN	$262	$261	:ptr
	ASSIGN	$263	$262	:ptr
	LOAD	$264	$263	:ui64
	ASSIGN	$265	$264	:ui64
	ASSIGN	$266	$255	:ptr
	ASSIGN	$267	$265	:ui64
	ASSIGN	$268	$266	:ptr
	ASSIGN	$269	$267	:ui64
	ASSIGN	$270	$268	:ptr
	ASSIGN	$271	$270	:ptr
	CALL	$272	0x55e737fb3310($87)	:void
	CONST	$273	2427	:ui64
	GTE	$274	$56	$273	:bool
	CMP	$275	$274	B10()	B11()	:void
B9()
	JMP	$0	B15()	:void
B10()
	CONST	$276	false	:bool
	CALL	$277	0x55e737fcc780($57,$56)	:void
	CALL	$278	0x55e737fccc20($57,$15)	:void
	CALL	$279	0x55e737fcc8f0($57,$14)	:void
	CALL	$280	0x55e737fcc960($57,$17)	:void
	CALL	$281	0x55e737fccd00($57,$16)	:void
	CONST	$282	3	:ui64
	CALL	$283	0x55e737d441d0($7,$282)	:ptr
	CALL	$284	0x55e737d318f0($283,$276,$18,$19,$57)	:void
	CALL	$285	0x55e737d43de0($7,$57)	:void
	CALL	$286	0x55e737d44250($7)	:ptr
	ASSIGN	$287	$286	:ptr
	ASSIGN	$57	$287	:ptr
	CALL	$288	0x55e737fcc800($57)	:ptr
	ASSIGN	$58	$288	:ptr
	CONST	$289	0	:ui64
	ASSIGN	$56	$289	:ui64
	JMP	$0	B16()	:void
B11()
	JMP	$0	B16()	:void
B12()
	CONST	$426	true	:bool
	JMP	$0	B26()	:void
B13()
	CONST	$448	0	:ui64
	ASSIGN	$449	$59	:ptr
	CONST	$450	192	:ui64
	ASSIGN	$451	$450	:ui64
	CONST	$452	1	:ui64
	MUL	$453	$451	$452	:ui64
	ADD	$454	$449	$453	:ptr
	JMP	$0	B21()	:void
B14() ControlFlowMerge
	CALL	$54	0x55e737d44250($7)	:ptr
	ASSIGN	$55	$54	:ptr
	CONST	$56	0	:ui64
	ASSIGN	$57	$55	:ptr
	CALL	$58	0x55e737fcc800($55)	:ptr
	CALL	$59	0x55e737fb18c0()	:ptr
	ASSIGN	$60	$59	:ptr
	CONST	$61	32	:ui64
	ASSIGN	$62	$61	:ui64
	CONST	$63	1	:ui64
	MUL	$64	$62	$63	:ui64
	ADD	$65	$60	$64	:ptr
	ASSIGN	$66	$65	:ptr
	ASSIGN	$67	$66	:ptr
	LOAD	$68	$67	:bool
	CMP	$69	$68	B8()	B9()	:void
B15() ControlFlowMerge
	ASSIGN	$415	$59	:ptr
	CONST	$416	33	:ui64
	ASSIGN	$417	$416	:ui64
	CONST	$418	1	:ui64
	MUL	$419	$417	$418	:ui64
	ADD	$420	$415	$419	:ptr
	ASSIGN	$421	$420	:ptr
	ASSIGN	$422	$421	:ptr
	LOAD	$423	$422	:bool
	NOT	$424	$423	:bool
	CMP	$425	$424	B12()	B13()	:void
B16() ControlFlowMerge
	CALL	$290	0x55e737fcc800($57)	:ptr
	ASSIGN	$291	$290	:ptr
	CONST	$292	108	:ui64
	MUL	$293	$292	$56	:ui64
	ASSIGN	$294	$293	:ui64
	CONST	$295	1	:ui64
	MUL	$296	$294	$295	:ui64
	ADD	$297	$291	$296	:ptr
	ASSIGN	$298	$297	:ptr
	CONST	$299	0	:ui64
	ASSIGN	$300	$299	:ui64
	CONST	$301	1	:ui64
	MUL	$302	$300	$301	:ui64
	ADD	$303	$298	$302	:ptr
	ASSIGN	$304	$95	:i32
	ASSIGN	$305	$304	:i32
	ASSIGN	$306	$305	:i32
	ASSIGN	$307	$306	:i32
	ASSIGN	$308	$303	:ptr
	ASSIGN	$309	$308	:ptr
	ASSIGN	$310	$307	:i32
	STORE	$311	$309	$310	:void
	ASSIGN	$312	$304	:i32
	ASSIGN	$313	$297	:ptr
	CONST	$314	4	:ui64
	ASSIGN	$315	$314	:ui64
	CONST	$316	1	:ui64
	MUL	$317	$315	$316	:ui64
	ADD	$318	$313	$317	:ptr
	ASSIGN	$319	$121	:ui64
	ASSIGN	$320	$123	:ptr
	ASSIGN	$321	$319	:ui64
	ASSIGN	$322	$320	:ptr
	ASSIGN	$323	$322	:ptr
	ASSIGN	$324	$321	:ui64
	CALL	$325	0x55e737fd6080($57,$13,$323,$324,$318)	:void
	ASSIGN	$326	$320	:ptr
	ASSIGN	$327	$297	:ptr
	CONST	$328	20	:ui64
	ASSIGN	$329	$328	:ui64
	CONST	$330	1	:ui64
	MUL	$331	$329	$330	:ui64
	ADD	$332	$327	$331	:ptr
	ASSIGN	$333	$149	:ui64
	ASSIGN	$334	$151	:ptr
	ASSIGN	$335	$333	:ui64
	ASSIGN	$336	$334	:ptr
	ASSIGN	$337	$336	:ptr
	ASSIGN	$338	$335	:ui64
	CALL	$339	0x55e737fd6080($57,$13,$337,$338,$332)	:void
	ASSIGN	$340	$334	:ptr
	ASSIGN	$341	$297	:ptr
	CONST	$342	36	:ui64
	ASSIGN	$343	$342	:ui64
	CONST	$344	1	:ui64
	MUL	$345	$343	$344	:ui64
	ADD	$346	$341	$345	:ptr
	ASSIGN	$347	$177	:ui64
	ASSIGN	$348	$179	:ptr
	ASSIGN	$349	$347	:ui64
	ASSIGN	$350	$348	:ptr
	ASSIGN	$351	$350	:ptr
	ASSIGN	$352	$349	:ui64
	CALL	$353	0x55e737fd6080($57,$13,$351,$352,$346)	:void
	ASSIGN	$354	$348	:ptr
	ASSIGN	$355	$297	:ptr
	CONST	$356	52	:ui64
	ASSIGN	$357	$356	:ui64
	CONST	$358	1	:ui64
	MUL	$359	$357	$358	:ui64
	ADD	$360	$355	$359	:ptr
	ASSIGN	$361	$205	:ui64
	ASSIGN	$362	$207	:ptr
	ASSIGN	$363	$361	:ui64
	ASSIGN	$364	$362	:ptr
	ASSIGN	$365	$364	:ptr
	ASSIGN	$366	$363	:ui64
	CALL	$367	0x55e737fd6080($57,$13,$365,$366,$360)	:void
	ASSIGN	$368	$362	:ptr
	ASSIGN	$369	$297	:ptr
	CONST	$370	68	:ui64
	ASSIGN	$371	$370	:ui64
	CONST	$372	1	:ui64
	MUL	$373	$371	$372	:ui64
	ADD	$374	$369	$373	:ptr
	ASSIGN	$375	$233	:ui64
	ASSIGN	$376	$235	:ptr
	ASSIGN	$377	$375	:ui64
	ASSIGN	$378	$376	:ptr
	ASSIGN	$379	$378	:ptr
	ASSIGN	$380	$377	:ui64
	CALL	$381	0x55e737fd6080($57,$13,$379,$380,$374)	:void
	ASSIGN	$382	$376	:ptr
	ASSIGN	$383	$297	:ptr
	CONST	$384	84	:ui64
	ASSIGN	$385	$384	:ui64
	CONST	$386	1	:ui64
	MUL	$387	$385	$386	:ui64
	ADD	$388	$383	$387	:ptr
	ASSIGN	$389	$243	:ui64
	ASSIGN	$390	$389	:ui64
	ASSIGN	$391	$390	:ui64
	ASSIGN	$392	$391	:ui64
	ASSIGN	$393	$388	:ptr
	ASSIGN	$394	$393	:ptr
	ASSIGN	$395	$392	:ui64
	STORE	$396	$394	$395	:void
	ASSIGN	$397	$389	:ui64
	ASSIGN	$398	$297	:ptr
	CONST	$399	92	:ui64
	ASSIGN	$400	$399	:ui64
	CONST	$401	1	:ui64
	MUL	$402	$400	$401	:ui64
	ADD	$403	$398	$402	:ptr
	ASSIGN	$404	$269	:ui64
	ASSIGN	$405	$271	:ptr
	ASSIGN	$406	$404	:ui64
	ASSIGN	$407	$405	:ptr
	ASSIGN	$408	$407	:ptr
	ASSIGN	$409	$406	:ui64
	CALL	$410	0x55e737fd6080($57,$13,$408,$409,$403)	:void
	ASSIGN	$411	$405	:ptr
	CONST	$412	1	:i32
	CAST	$413	$412	:ui64
	ADD	$414	$56	$413	:ui64
	ASSIGN	$56	$414	:ui64
	JMP	$0	B15()	:void
B17()
	CALL	$467	0x55e737fcc800($20)	:ptr
	ASSIGN	$468	$454	:ptr
	ASSIGN	$469	$468	:ptr
	CONST	$470	0	:ui32
	CONST	$471	*	:ptr
	ASSIGN	$472	$470	:ui32
	ASSIGN	$473	$469	:ptr
	ASSIGN	$474	$471	:ptr
	CALL	$475	0x55e737fc3c60($472,$473,$474)	:i32
	ASSIGN	$476	$475	:i32
	ASSIGN	$477	$476	:i32
	CONST	$478	1	:ui32
	CONST	$479	*	:ptr
	CALL	$480	0x55e737fb9440($478,$469,$479)	:ptr
	ASSIGN	$481	$480	:ptr
	CONST	$482	0	:ui64
	ASSIGN	$483	$482	:ui64
	CONST	$484	1	:ui64
	MUL	$485	$483	$484	:ui64
	ADD	$486	$481	$485	:ptr
	ASSIGN	$487	$486	:ptr
	ASSIGN	$488	$487	:ptr
	LOAD	$489	$488	:ptr
	ASSIGN	$490	$480	:ptr
	CONST	$491	8	:ui64
	ASSIGN	$492	$491	:ui64
	CONST	$493	1	:ui64
	MUL	$494	$492	$493	:ui64
	ADD	$495	$490	$494	:ptr
	ASSIGN	$496	$495	:ptr
	ASSIGN	$497	$496	:ptr
	LOAD	$498	$497	:ui64
	ASSIGN	$499	$498	:ui64
	ASSIGN	$500	$489	:ptr
	ASSIGN	$501	$499	:ui64
	ASSIGN	$502	$500	:ptr
	ASSIGN	$503	$501	:ui64
	ASSIGN	$504	$502	:ptr
	ASSIGN	$505	$504	:ptr
	CONST	$506	2	:ui32
	CONST	$507	*	:ptr
	CALL	$508	0x55e737fb9440($506,$469,$507)	:ptr
	ASSIGN	$509	$508	:ptr
	CONST	$510	0	:ui64
	ASSIGN	$511	$510	:ui64
	CONST	$512	1	:ui64
	MUL	$513	$511	$512	:ui64
	ADD	$514	$509	$513	:ptr
	ASSIGN	$515	$514	:ptr
	ASSIGN	$516	$515	:ptr
	LOAD	$517	$516	:ptr
	ASSIGN	$518	$508	:ptr
	CONST	$519	8	:ui64
	ASSIGN	$520	$519	:ui64
	CONST	$521	1	:ui64
	MUL	$522	$520	$521	:ui64
	ADD	$523	$518	$522	:ptr
	ASSIGN	$524	$523	:ptr
	ASSIGN	$525	$524	:ptr
	LOAD	$526	$525	:ui64
	ASSIGN	$527	$526	:ui64
	ASSIGN	$528	$517	:ptr
	ASSIGN	$529	$527	:ui64
	ASSIGN	$530	$528	:ptr
	ASSIGN	$531	$529	:ui64
	ASSIGN	$532	$530	:ptr
	ASSIGN	$533	$532	:ptr
	CONST	$534	3	:ui32
	CONST	$535	*	:ptr
	CALL	$536	0x55e737fb9440($534,$469,$535)	:ptr
	ASSIGN	$537	$536	:ptr
	CONST	$538	0	:ui64
	ASSIGN	$539	$538	:ui64
	CONST	$540	1	:ui64
	MUL	$541	$539	$540	:ui64
	ADD	$542	$537	$541	:ptr
	ASSIGN	$543	$542	:ptr
	ASSIGN	$544	$543	:ptr
	LOAD	$545	$544	:ptr
	ASSIGN	$546	$536	:ptr
	CONST	$547	8	:ui64
	ASSIGN	$548	$547	:ui64
	CONST	$549	1	:ui64
	MUL	$550	$548	$549	:ui64
	ADD	$551	$546	$550	:ptr
	ASSIGN	$552	$551	:ptr
	ASSIGN	$553	$552	:ptr
	LOAD	$554	$553	:ui64
	ASSIGN	$555	$554	:ui64
	ASSIGN	$556	$545	:ptr
	ASSIGN	$557	$555	:ui64
	ASSIGN	$558	$556	:ptr
	ASSIGN	$559	$557	:ui64
	ASSIGN	$560	$558	:ptr
	ASSIGN	$561	$560	:ptr
	CONST	$562	4	:ui32
	CONST	$563	*	:ptr
	CALL	$564	0x55e737fb9440($562,$469,$563)	:ptr
	ASSIGN	$565	$564	:ptr
	CONST	$566	0	:ui64
	ASSIGN	$567	$566	:ui64
	CONST	$568	1	:ui64
	MUL	$569	$567	$568	:ui64
	ADD	$570	$565	$569	:ptr
	ASSIGN	$571	$570	:ptr
	ASSIGN	$572	$571	:ptr
	LOAD	$573	$572	:ptr
	ASSIGN	$574	$564	:ptr
	CONST	$575	8	:ui64
	ASSIGN	$576	$575	:ui64
	CONST	$577	1	:ui64
	MUL	$578	$576	$577	:ui64
	ADD	$579	$574	$578	:ptr
	ASSIGN	$580	$579	:ptr
	ASSIGN	$581	$580	:ptr
	LOAD	$582	$581	:ui64
	ASSIGN	$583	$582	:ui64
	ASSIGN	$584	$573	:ptr
	ASSIGN	$585	$583	:ui64
	ASSIGN	$586	$584	:ptr
	ASSIGN	$587	$585	:ui64
	ASSIGN	$588	$586	:ptr
	ASSIGN	$589	$588	:ptr
	CONST	$590	5	:ui32
	CONST	$591	*	:ptr
	CALL	$592	0x55e737fb9440($590,$469,$591)	:ptr
	ASSIGN	$593	$592	:ptr
	CONST	$594	0	:ui64
	ASSIGN	$595	$594	:ui64
	CONST	$596	1	:ui64
	MUL	$597	$595	$596	:ui64
	ADD	$598	$593	$597	:ptr
	ASSIGN	$599	$598	:ptr
	ASSIGN	$600	$599	:ptr
	LOAD	$601	$600	:ptr
	ASSIGN	$602	$592	:ptr
	CONST	$603	8	:ui64
	ASSIGN	$604	$603	:ui64
	CONST	$605	1	:ui64
	MUL	$606	$604	$605	:ui64
	ADD	$607	$602	$606	:ptr
	ASSIGN	$608	$607	:ptr
	ASSIGN	$609	$608	:ptr
	LOAD	$610	$609	:ui64
	ASSIGN	$611	$610	:ui64
	ASSIGN	$612	$601	:ptr
	ASSIGN	$613	$611	:ui64
	ASSIGN	$614	$612	:ptr
	ASSIGN	$615	$613	:ui64
	ASSIGN	$616	$614	:ptr
	ASSIGN	$617	$616	:ptr
	CONST	$618	6	:ui32
	CONST	$619	*	:ptr
	ASSIGN	$620	$618	:ui32
	ASSIGN	$621	$469	:ptr
	ASSIGN	$622	$619	:ptr
	CALL	$623	0x55e737fc55c0($620,$621,$622)	:ui64
	ASSIGN	$624	$623	:ui64
	ASSIGN	$625	$624	:ui64
	CONST	$626	7	:ui32
	CONST	$627	*	:ptr
	CALL	$628	0x55e737fb9440($626,$469,$627)	:ptr
	ASSIGN	$629	$628	:ptr
	CONST	$630	0	:ui64
	ASSIGN	$631	$630	:ui64
	CONST	$632	1	:ui64
	MUL	$633	$631	$632	:ui64
	ADD	$634	$629	$633	:ptr
	ASSIGN	$635	$634	:ptr
	ASSIGN	$636	$635	:ptr
	LOAD	$637	$636	:ptr
	ASSIGN	$638	$628	:ptr
	CONST	$639	8	:ui64
	ASSIGN	$640	$639	:ui64
	CONST	$641	1	:ui64
	MUL	$642	$640	$641	:ui64
	ADD	$643	$638	$642	:ptr
	ASSIGN	$644	$643	:ptr
	ASSIGN	$645	$644	:ptr
	LOAD	$646	$645	:ui64
	ASSIGN	$647	$646	:ui64
	ASSIGN	$648	$637	:ptr
	ASSIGN	$649	$647	:ui64
	ASSIGN	$650	$648	:ptr
	ASSIGN	$651	$649	:ui64
	ASSIGN	$652	$650	:ptr
	ASSIGN	$653	$652	:ptr
	CALL	$654	0x55e737fb3310($469)	:void
	CONST	$655	2427	:ui64
	GTE	$656	$56	$655	:bool
	CMP	$657	$656	B19()	B20()	:void
B18()
	CONST	$803	*	:ptr
	ASSIGN	$804	$10	:ptr
	CALL	$805	0x55e737fb4c90($20,$803,$804)	:bool
	CMP	$806	$805	B22()	B23()	:void
B19()
	CONST	$658	false	:bool
	CALL	$659	0x55e737fcc780($57,$56)	:void
	CALL	$660	0x55e737fccc20($57,$15)	:void
	CALL	$661	0x55e737fcc8f0($57,$14)	:void
	CALL	$662	0x55e737fcc960($57,$17)	:void
	CALL	$663	0x55e737fccd00($57,$16)	:void
	CONST	$664	3	:ui64
	CALL	$665	0x55e737d441d0($7,$664)	:ptr
	CALL	$666	0x55e737d318f0($665,$658,$18,$19,$57)	:void
	CALL	$667	0x55e737d43de0($7,$57)	:void
	CALL	$668	0x55e737d44250($7)	:ptr
	ASSIGN	$669	$668	:ptr
	ASSIGN	$57	$669	:ptr
	CALL	$670	0x55e737fcc800($57)	:ptr
	ASSIGN	$58	$670	:ptr
	CONST	$671	0	:ui64
	ASSIGN	$56	$671	:ui64
	JMP	$0	B27()	:void
B20()
	JMP	$0	B27()	:void
B21() ControlFlowMerge
	ASSIGN	$455	$454	:ptr
	ASSIGN	$456	$455	:ptr
	CONST	$457	0	:ui64
	ASSIGN	$458	$457	:ui64
	CONST	$459	1	:ui64
	MUL	$460	$458	$459	:ui64
	ADD	$461	$456	$460	:ptr
	ASSIGN	$462	$461	:ptr
	ASSIGN	$463	$462	:ptr
	LOAD	$464	$463	:bool
	NOT	$465	$464	:bool
	CMP	$466	$465	B17()	B18()	:void
B22()
	ASSIGN	$807	$59	:ptr
	CONST	$808	120	:ui64
	ASSIGN	$809	$808	:ui64
	CONST	$810	1	:ui64
	MUL	$811	$809	$810	:ui64
	ADD	$812	$807	$811	:ptr
	ASSIGN	$813	$59	:ptr
	CONST	$814	16	:ui64
	ASSIGN	$815	$814	:ui64
	CONST	$816	1	:ui64
	MUL	$817	$815	$816	:ui64
	ADD	$818	$813	$817	:ptr
	ASSIGN	$819	$818	:ptr
	ASSIGN	$820	$819	:ptr
	LOAD	$821	$820	:ptr
	CONST	$822	0	:ui64
	ASSIGN	$823	$812	:ptr
	ASSIGN	$824	$823	:ptr
	CONST	$825	0	:ui32
	CONST	$826	*	:ptr
	ASSIGN	$827	$825	:ui32
	ASSIGN	$828	$824	:ptr
	ASSIGN	$829	$826	:ptr
	CALL	$830	0x55e737fc3c60($827,$828,$829)	:i32
	ASSIGN	$831	$830	:i32
	ASSIGN	$832	$831	:i32
	CONST	$833	1	:ui32
	CONST	$834	*	:ptr
	CALL	$835	0x55e737fb9440($833,$824,$834)	:ptr
	ASSIGN	$836	$835	:ptr
	CONST	$837	0	:ui64
	ASSIGN	$838	$837	:ui64
	CONST	$839	1	:ui64
	MUL	$840	$838	$839	:ui64
	ADD	$841	$836	$840	:ptr
	ASSIGN	$842	$841	:ptr
	ASSIGN	$843	$842	:ptr
	LOAD	$844	$843	:ptr
	ASSIGN	$845	$835	:ptr
	CONST	$846	8	:ui64
	ASSIGN	$847	$846	:ui64
	CONST	$848	1	:ui64
	MUL	$849	$847	$848	:ui64
	ADD	$850	$845	$849	:ptr
	ASSIGN	$851	$850	:ptr
	ASSIGN	$852	$851	:ptr
	LOAD	$853	$852	:ui64
	ASSIGN	$854	$853	:ui64
	ASSIGN	$855	$844	:ptr
	ASSIGN	$856	$854	:ui64
	ASSIGN	$857	$855	:ptr
	ASSIGN	$858	$856	:ui64
	ASSIGN	$859	$857	:ptr
	ASSIGN	$860	$859	:ptr
	CONST	$861	2	:ui32
	CONST	$862	*	:ptr
	CALL	$863	0x55e737fb9440($861,$824,$862)	:ptr
	ASSIGN	$864	$863	:ptr
	CONST	$865	0	:ui64
	ASSIGN	$866	$865	:ui64
	CONST	$867	1	:ui64
	MUL	$868	$866	$867	:ui64
	ADD	$869	$864	$868	:ptr
	ASSIGN	$870	$869	:ptr
	ASSIGN	$871	$870	:ptr
	LOAD	$872	$871	:ptr
	ASSIGN	$873	$863	:ptr
	CONST	$874	8	:ui64
	ASSIGN	$875	$874	:ui64
	CONST	$876	1	:ui64
	MUL	$877	$875	$876	:ui64
	ADD	$878	$873	$877	:ptr
	ASSIGN	$879	$878	:ptr
	ASSIGN	$880	$879	:ptr
	LOAD	$881	$880	:ui64
	ASSIGN	$882	$881	:ui64
	ASSIGN	$883	$872	:ptr
	ASSIGN	$884	$882	:ui64
	ASSIGN	$885	$883	:ptr
	ASSIGN	$886	$884	:ui64
	ASSIGN	$887	$885	:ptr
	ASSIGN	$888	$887	:ptr
	CONST	$889	3	:ui32
	CONST	$890	*	:ptr
	CALL	$891	0x55e737fb9440($889,$824,$890)	:ptr
	ASSIGN	$892	$891	:ptr
	CONST	$893	0	:ui64
	ASSIGN	$894	$893	:ui64
	CONST	$895	1	:ui64
	MUL	$896	$894	$895	:ui64
	ADD	$897	$892	$896	:ptr
	ASSIGN	$898	$897	:ptr
	ASSIGN	$899	$898	:ptr
	LOAD	$900	$899	:ptr
	ASSIGN	$901	$891	:ptr
	CONST	$902	8	:ui64
	ASSIGN	$903	$902	:ui64
	CONST	$904	1	:ui64
	MUL	$905	$903	$904	:ui64
	ADD	$906	$901	$905	:ptr
	ASSIGN	$907	$906	:ptr
	ASSIGN	$908	$907	:ptr
	LOAD	$909	$908	:ui64
	ASSIGN	$910	$909	:ui64
	ASSIGN	$911	$900	:ptr
	ASSIGN	$912	$910	:ui64
	ASSIGN	$913	$911	:ptr
	ASSIGN	$914	$912	:ui64
	ASSIGN	$915	$913	:ptr
	ASSIGN	$916	$915	:ptr
	CONST	$917	4	:ui32
	CONST	$918	*	:ptr
	CALL	$919	0x55e737fb9440($917,$824,$918)	:ptr
	ASSIGN	$920	$919	:ptr
	CONST	$921	0	:ui64
	ASSIGN	$922	$921	:ui64
	CONST	$923	1	:ui64
	MUL	$924	$922	$923	:ui64
	ADD	$925	$920	$924	:ptr
	ASSIGN	$926	$925	:ptr
	ASSIGN	$927	$926	:ptr
	LOAD	$928	$927	:ptr
	ASSIGN	$929	$919	:ptr
	CONST	$930	8	:ui64
	ASSIGN	$931	$930	:ui64
	CONST	$932	1	:ui64
	MUL	$933	$931	$932	:ui64
	ADD	$934	$929	$933	:ptr
	ASSIGN	$935	$934	:ptr
	ASSIGN	$936	$935	:ptr
	LOAD	$937	$936	:ui64
	ASSIGN	$938	$937	:ui64
	ASSIGN	$939	$928	:ptr
	ASSIGN	$940	$938	:ui64
	ASSIGN	$941	$939	:ptr
	ASSIGN	$942	$940	:ui64
	ASSIGN	$943	$941	:ptr
	ASSIGN	$944	$943	:ptr
	CONST	$945	5	:ui32
	CONST	$946	*	:ptr
	CALL	$947	0x55e737fb9440($945,$824,$946)	:ptr
	ASSIGN	$948	$947	:ptr
	CONST	$949	0	:ui64
	ASSIGN	$950	$949	:ui64
	CONST	$951	1	:ui64
	MUL	$952	$950	$951	:ui64
	ADD	$953	$948	$952	:ptr
	ASSIGN	$954	$953	:ptr
	ASSIGN	$955	$954	:ptr
	LOAD	$956	$955	:ptr
	ASSIGN	$957	$947	:ptr
	CONST	$958	8	:ui64
	ASSIGN	$959	$958	:ui64
	CONST	$960	1	:ui64
	MUL	$961	$959	$960	:ui64
	ADD	$962	$957	$961	:ptr
	ASSIGN	$963	$962	:ptr
	ASSIGN	$964	$963	:ptr
	LOAD	$965	$964	:ui64
	ASSIGN	$966	$965	:ui64
	ASSIGN	$967	$956	:ptr
	ASSIGN	$968	$966	:ui64
	ASSIGN	$969	$967	:ptr
	ASSIGN	$970	$968	:ui64
	ASSIGN	$971	$969	:ptr
	ASSIGN	$972	$971	:ptr
	CONST	$973	6	:ui32
	CONST	$974	*	:ptr
	ASSIGN	$975	$973	:ui32
	ASSIGN	$976	$824	:ptr
	ASSIGN	$977	$974	:ptr
	CALL	$978	0x55e737fc55c0($975,$976,$977)	:ui64
	ASSIGN	$979	$978	:ui64
	ASSIGN	$980	$979	:ui64
	CONST	$981	7	:ui32
	CONST	$982	*	:ptr
	CALL	$983	0x55e737fb9440($981,$824,$982)	:ptr
	ASSIGN	$984	$983	:ptr
	CONST	$985	0	:ui64
	ASSIGN	$986	$985	:ui64
	CONST	$987	1	:ui64
	MUL	$988	$986	$987	:ui64
	ADD	$989	$984	$988	:ptr
	ASSIGN	$990	$989	:ptr
	ASSIGN	$991	$990	:ptr
	LOAD	$992	$991	:ptr
	ASSIGN	$993	$983	:ptr
	CONST	$994	8	:ui64
	ASSIGN	$995	$994	:ui64
	CONST	$996	1	:ui64
	MUL	$997	$995	$996	:ui64
	ADD	$998	$993	$997	:ptr
	ASSIGN	$999	$998	:ptr
	ASSIGN	$1000	$999	:ptr
	LOAD	$1001	$1000	:ui64
	ASSIGN	$1002	$1001	:ui64
	ASSIGN	$1003	$992	:ptr
	ASSIGN	$1004	$1002	:ui64
	ASSIGN	$1005	$1003	:ptr
	ASSIGN	$1006	$1004	:ui64
	ASSIGN	$1007	$1005	:ptr
	ASSIGN	$1008	$1007	:ptr
	CALL	$1009	0x55e737fb3310($824)	:void
	CONST	$1010	2427	:ui64
	GTE	$1011	$56	$1010	:bool
	CMP	$1012	$1011	B24()	B25()	:void
B23()
	CONST	$1159	true	:bool
	ASSIGN	$426	$1159	:bool
	JMP	$0	B28()	:void
B24()
	CONST	$1013	false	:bool
	CALL	$1014	0x55e737fcc780($57,$56)	:void
	CALL	$1015	0x55e737fccc20($57,$15)	:void
	CALL	$1016	0x55e737fcc8f0($57,$14)	:void
	CALL	$1017	0x55e737fcc960($57,$17)	:void
	CALL	$1018	0x55e737fccd00($57,$16)	:void
	CONST	$1019	3	:ui64
	CALL	$1020	0x55e737d441d0($7,$1019)	:ptr
	CALL	$1021	0x55e737d318f0($1020,$1013,$18,$19,$57)	:void
	CALL	$1022	0x55e737d43de0($7,$57)	:void
	CALL	$1023	0x55e737d44250($7)	:ptr
	ASSIGN	$1024	$1023	:ptr
	ASSIGN	$57	$1024	:ptr
	CALL	$1025	0x55e737fcc800($57)	:ptr
	ASSIGN	$58	$1025	:ptr
	CONST	$1026	0	:ui64
	ASSIGN	$56	$1026	:ui64
	JMP	$0	B29()	:void
B25()
	JMP	$0	B29()	:void
B26() ControlFlowMerge
	JMP	$0	B28()	:void
B27() ControlFlowMerge
	CALL	$672	0x55e737fcc800($57)	:ptr
	ASSIGN	$673	$672	:ptr
	CONST	$674	108	:ui64
	MUL	$675	$674	$56	:ui64
	ASSIGN	$676	$675	:ui64
	CONST	$677	1	:ui64
	MUL	$678	$676	$677	:ui64
	ADD	$679	$673	$678	:ptr
	ASSIGN	$680	$679	:ptr
	CONST	$681	0	:ui64
	ASSIGN	$682	$681	:ui64
	CONST	$683	1	:ui64
	MUL	$684	$682	$683	:ui64
	ADD	$685	$680	$684	:ptr
	ASSIGN	$686	$477	:i32
	ASSIGN	$687	$686	:i32
	ASSIGN	$688	$687	:i32
	ASSIGN	$689	$688	:i32
	ASSIGN	$690	$685	:ptr
	ASSIGN	$691	$690	:ptr
	ASSIGN	$692	$689	:i32
	STORE	$693	$691	$692	:void
	ASSIGN	$694	$686	:i32
	ASSIGN	$695	$679	:ptr
	CONST	$696	4	:ui64
	ASSIGN	$697	$696	:ui64
	CONST	$698	1	:ui64
	MUL	$699	$697	$698	:ui64
	ADD	$700	$695	$699	:ptr
	ASSIGN	$701	$503	:ui64
	ASSIGN	$702	$505	:ptr
	ASSIGN	$703	$701	:ui64
	ASSIGN	$704	$702	:ptr
	ASSIGN	$705	$704	:ptr
	ASSIGN	$706	$703	:ui64
	CALL	$707	0x55e737fd6080($57,$13,$705,$706,$700)	:void
	ASSIGN	$708	$702	:ptr
	ASSIGN	$709	$679	:ptr
	CONST	$710	20	:ui64
	ASSIGN	$711	$710	:ui64
	CONST	$712	1	:ui64
	MUL	$713	$711	$712	:ui64
	ADD	$714	$709	$713	:ptr
	ASSIGN	$715	$531	:ui64
	ASSIGN	$716	$533	:ptr
	ASSIGN	$717	$715	:ui64
	ASSIGN	$718	$716	:ptr
	ASSIGN	$719	$718	:ptr
	ASSIGN	$720	$717	:ui64
	CALL	$721	0x55e737fd6080($57,$13,$719,$720,$714)	:void
	ASSIGN	$722	$716	:ptr
	ASSIGN	$723	$679	:ptr
	CONST	$724	36	:ui64
	ASSIGN	$725	$724	:ui64
	CONST	$726	1	:ui64
	MUL	$727	$725	$726	:ui64
	ADD	$728	$723	$727	:ptr
	ASSIGN	$729	$559	:ui64
	ASSIGN	$730	$561	:ptr
	ASSIGN	$731	$729	:ui64
	ASSIGN	$732	$730	:ptr
	ASSIGN	$733	$732	:ptr
	ASSIGN	$734	$731	:ui64
	CALL	$735	0x55e737fd6080($57,$13,$733,$734,$728)	:void
	ASSIGN	$736	$730	:ptr
	ASSIGN	$737	$679	:ptr
	CONST	$738	52	:ui64
	ASSIGN	$739	$738	:ui64
	CONST	$740	1	:ui64
	MUL	$741	$739	$740	:ui64
	ADD	$742	$737	$741	:ptr
	ASSIGN	$743	$587	:ui64
	ASSIGN	$744	$589	:ptr
	ASSIGN	$745	$743	:ui64
	ASSIGN	$746	$744	:ptr
	ASSIGN	$747	$746	:ptr
	ASSIGN	$748	$745	:ui64
	CALL	$749	0x55e737fd6080($57,$13,$747,$748,$742)	:void
	ASSIGN	$750	$744	:ptr
	ASSIGN	$751	$679	:ptr
	CONST	$752	68	:ui64
	ASSIGN	$753	$752	:ui64
	CONST	$754	1	:ui64
	MUL	$755	$753	$754	:ui64
	ADD	$756	$751	$755	:ptr
	ASSIGN	$757	$615	:ui64
	ASSIGN	$758	$617	:ptr
	ASSIGN	$759	$757	:ui64
	ASSIGN	$760	$758	:ptr
	ASSIGN	$761	$760	:ptr
	ASSIGN	$762	$759	:ui64
	CALL	$763	0x55e737fd6080($57,$13,$761,$762,$756)	:void
	ASSIGN	$764	$758	:ptr
	ASSIGN	$765	$679	:ptr
	CONST	$766	84	:ui64
	ASSIGN	$767	$766	:ui64
	CONST	$768	1	:ui64
	MUL	$769	$767	$768	:ui64
	ADD	$770	$765	$769	:ptr
	ASSIGN	$771	$625	:ui64
	ASSIGN	$772	$771	:ui64
	ASSIGN	$773	$772	:ui64
	ASSIGN	$774	$773	:ui64
	ASSIGN	$775	$770	:ptr
	ASSIGN	$776	$775	:ptr
	ASSIGN	$777	$774	:ui64
	STORE	$778	$776	$777	:void
	ASSIGN	$779	$771	:ui64
	ASSIGN	$780	$679	:ptr
	CONST	$781	92	:ui64
	ASSIGN	$782	$781	:ui64
	CONST	$783	1	:ui64
	MUL	$784	$782	$783	:ui64
	ADD	$785	$780	$784	:ptr
	ASSIGN	$786	$651	:ui64
	ASSIGN	$787	$653	:ptr
	ASSIGN	$788	$786	:ui64
	ASSIGN	$789	$787	:ptr
	ASSIGN	$790	$789	:ptr
	ASSIGN	$791	$788	:ui64
	CALL	$792	0x55e737fd6080($57,$13,$790,$791,$785)	:void
	ASSIGN	$793	$787	:ptr
	CONST	$794	1	:i32
	CAST	$795	$794	:ui64
	ADD	$796	$56	$795	:ui64
	ASSIGN	$56	$796	:ui64
	CONST	$797	1	:i32
	CAST	$798	$797	:ui64
	ADD	$799	$448	$798	:ui64
	ASSIGN	$448	$799	:ui64
	JMP	$0	B21()	:void
B28() ControlFlowMerge
	CALL	$427	0x55e737fcc780($57,$56)	:void
	CALL	$428	0x55e737fccc20($57,$15)	:void
	CALL	$429	0x55e737fcc8f0($57,$14)	:void
	CALL	$430	0x55e737fcc960($57,$17)	:void
	CALL	$431	0x55e737fccd00($57,$16)	:void
	CONST	$432	3	:ui64
	CALL	$433	0x55e737d441d0($7,$432)	:ptr
	CALL	$434	0x55e737d318f0($433,$426,$18,$19,$57)	:void
	CALL	$435	0x55e737d43de0($7,$57)	:void
	RETURN	$0	:void
B29() ControlFlowMerge
	CALL	$1027	0x55e737fcc800($57)	:ptr
	ASSIGN	$1028	$1027	:ptr
	CONST	$1029	108	:ui64
	MUL	$1030	$1029	$56	:ui64
	ASSIGN	$1031	$1030	:ui64
	CONST	$1032	1	:ui64
	MUL	$1033	$1031	$1032	:ui64
	ADD	$1034	$1028	$1033	:ptr
	ASSIGN	$1035	$1034	:ptr
	CONST	$1036	0	:ui64
	ASSIGN	$1037	$1036	:ui64
	CONST	$1038	1	:ui64
	MUL	$1039	$1037	$1038	:ui64
	ADD	$1040	$1035	$1039	:ptr
	ASSIGN	$1041	$832	:i32
	ASSIGN	$1042	$1041	:i32
	ASSIGN	$1043	$1042	:i32
	ASSIGN	$1044	$1043	:i32
	ASSIGN	$1045	$1040	:ptr
	ASSIGN	$1046	$1045	:ptr
	ASSIGN	$1047	$1044	:i32
	STORE	$1048	$1046	$1047	:void
	ASSIGN	$1049	$1041	:i32
	ASSIGN	$1050	$1034	:ptr
	CONST	$1051	4	:ui64
	ASSIGN	$1052	$1051	:ui64
	CONST	$1053	1	:ui64
	MUL	$1054	$1052	$1053	:ui64
	ADD	$1055	$1050	$1054	:ptr
	ASSIGN	$1056	$858	:ui64
	ASSIGN	$1057	$860	:ptr
	ASSIGN	$1058	$1056	:ui64
	ASSIGN	$1059	$1057	:ptr
	ASSIGN	$1060	$1059	:ptr
	ASSIGN	$1061	$1058	:ui64
	CALL	$1062	0x55e737fd6080($57,$13,$1060,$1061,$1055)	:void
	ASSIGN	$1063	$1057	:ptr
	ASSIGN	$1064	$1034	:ptr
	CONST	$1065	20	:ui64
	ASSIGN	$1066	$1065	:ui64
	CONST	$1067	1	:ui64
	MUL	$1068	$1066	$1067	:ui64
	ADD	$1069	$1064	$1068	:ptr
	ASSIGN	$1070	$886	:ui64
	ASSIGN	$1071	$888	:ptr
	ASSIGN	$1072	$1070	:ui64
	ASSIGN	$1073	$1071	:ptr
	ASSIGN	$1074	$1073	:ptr
	ASSIGN	$1075	$1072	:ui64
	CALL	$1076	0x55e737fd6080($57,$13,$1074,$1075,$1069)	:void
	ASSIGN	$1077	$1071	:ptr
	ASSIGN	$1078	$1034	:ptr
	CONST	$1079	36	:ui64
	ASSIGN	$1080	$1079	:ui64
	CONST	$1081	1	:ui64
	MUL	$1082	$1080	$1081	:ui64
	ADD	$1083	$1078	$1082	:ptr
	ASSIGN	$1084	$914	:ui64
	ASSIGN	$1085	$916	:ptr
	ASSIGN	$1086	$1084	:ui64
	ASSIGN	$1087	$1085	:ptr
	ASSIGN	$1088	$1087	:ptr
	ASSIGN	$1089	$1086	:ui64
	CALL	$1090	0x55e737fd6080($57,$13,$1088,$1089,$1083)	:void
	ASSIGN	$1091	$1085	:ptr
	ASSIGN	$1092	$1034	:ptr
	CONST	$1093	52	:ui64
	ASSIGN	$1094	$1093	:ui64
	CONST	$1095	1	:ui64
	MUL	$1096	$1094	$1095	:ui64
	ADD	$1097	$1092	$1096	:ptr
	ASSIGN	$1098	$942	:ui64
	ASSIGN	$1099	$944	:ptr
	ASSIGN	$1100	$1098	:ui64
	ASSIGN	$1101	$1099	:ptr
	ASSIGN	$1102	$1101	:ptr
	ASSIGN	$1103	$1100	:ui64
	CALL	$1104	0x55e737fd6080($57,$13,$1102,$1103,$1097)	:void
	ASSIGN	$1105	$1099	:ptr
	ASSIGN	$1106	$1034	:ptr
	CONST	$1107	68	:ui64
	ASSIGN	$1108	$1107	:ui64
	CONST	$1109	1	:ui64
	MUL	$1110	$1108	$1109	:ui64
	ADD	$1111	$1106	$1110	:ptr
	ASSIGN	$1112	$970	:ui64
	ASSIGN	$1113	$972	:ptr
	ASSIGN	$1114	$1112	:ui64
	ASSIGN	$1115	$1113	:ptr
	ASSIGN	$1116	$1115	:ptr
	ASSIGN	$1117	$1114	:ui64
	CALL	$1118	0x55e737fd6080($57,$13,$1116,$1117,$1111)	:void
	ASSIGN	$1119	$1113	:ptr
	ASSIGN	$1120	$1034	:ptr
	CONST	$1121	84	:ui64
	ASSIGN	$1122	$1121	:ui64
	CONST	$1123	1	:ui64
	MUL	$1124	$1122	$1123	:ui64
	ADD	$1125	$1120	$1124	:ptr
	ASSIGN	$1126	$980	:ui64
	ASSIGN	$1127	$1126	:ui64
	ASSIGN	$1128	$1127	:ui64
	ASSIGN	$1129	$1128	:ui64
	ASSIGN	$1130	$1125	:ptr
	ASSIGN	$1131	$1130	:ptr
	ASSIGN	$1132	$1129	:ui64
	STORE	$1133	$1131	$1132	:void
	ASSIGN	$1134	$1126	:ui64
	ASSIGN	$1135	$1034	:ptr
	CONST	$1136	92	:ui64
	ASSIGN	$1137	$1136	:ui64
	CONST	$1138	1	:ui64
	MUL	$1139	$1137	$1138	:ui64
	ADD	$1140	$1135	$1139	:ptr
	ASSIGN	$1141	$1006	:ui64
	ASSIGN	$1142	$1008	:ptr
	ASSIGN	$1143	$1141	:ui64
	ASSIGN	$1144	$1142	:ptr
	ASSIGN	$1145	$1144	:ptr
	ASSIGN	$1146	$1143	:ui64
	CALL	$1147	0x55e737fd6080($57,$13,$1145,$1146,$1140)	:void
	ASSIGN	$1148	$1142	:ptr
	CONST	$1149	1	:i32
	CAST	$1150	$1149	:ui64
	ADD	$1151	$56	$1150	:ui64
	ASSIGN	$56	$1151	:ui64
	CONST	$1152	true	:bool
	ASSIGN	$426	$1152	:bool
	JMP	$0	B26()	:void
