B0($1:ptr,$2:ptr,$3:ptr)
	ASSIGN	$4	$1	:ptr
	ASSIGN	$5	$2	:ptr
	ASSIGN	$6	$3	:ptr
	ASSIGN	$7	$4	:ptr
	CALL	$8	0x56317de50b80($4)	:ui32
	CALL	$9	0x56317de50bb0($4)	:ptr
	ASSIGN	$10	$6	:ptr
	CONST	$11	0	:ui64
	CONST	$12	*	:ptr
	ASSIGN	$13	$9	:ptr
	CONST	$14	0	:ui64
	CONST	$15	0	:ui64
	CONST	$16	0	:ui64
	CONST	$17	0	:ui64
	CONST	$18	0	:ui64
	CONST	$19	true	:bool
	ASSIGN	$20	$5	:ptr
	CALL	$21	0x56317e154b50($20)	:ui64
	ASSIGN	$15	$21	:ui64
	CALL	$22	0x56317e154820($20)	:ui64
	ASSIGN	$14	$22	:ui64
	CALL	$23	0x56317e154c70($20)	:ui64
	ASSIGN	$16	$23	:ui64
	CALL	$24	0x56317e154c40($20)	:ui64
	ASSIGN	$17	$24	:ui64
	CALL	$25	0x56317e1549f0($20)	:ui64
	ASSIGN	$18	$25	:ui64
	CALL	$26	0x56317e154ae0($20)	:bool
	ASSIGN	$19	$26	:bool
	CONST	$27	*	:ptr
	ASSIGN	$28	$10	:ptr
	CALL	$29	0x56317e0a6090($20,$27,$28)	:ptr
	ASSIGN	$30	$29	:ptr
	ASSIGN	$31	$30	:ptr
	CONST	$32	34	:ui64
	ASSIGN	$33	$32	:ui64
	CONST	$34	1	:ui64
	MUL	$35	$33	$34	:ui64
	ADD	$36	$31	$35	:ptr
	ASSIGN	$37	$36	:ptr
	ASSIGN	$38	$37	:ptr
	LOAD	$39	$38	:bool
	CMP	$40	$39	B1()	B2()	:void
B1()
	CONST	$41	false	:bool
	NOT	$42	$41	:bool
	CMP	$43	$42	B3()	B4()	:void
B2()
	CONST	$48	true	:bool
	NOT	$49	$48	:bool
	CMP	$50	$49	B5()	B6()	:void
B3()
	JMP	$0	B7()	:void
B4()
	JMP	$0	B18()	:void
B5()
	JMP	$0	B7()	:void
B6()
	JMP	$0	B18()	:void
B7() ControlFlowMerge
	CALL	$44	0x56317de685e0($4,$5)	:void
	RETURN	$0	:void
B8()
	ASSIGN	$70	$59	:ptr
	CONST	$71	48	:ui64
	ASSIGN	$72	$71	:ui64
	CONST	$73	1	:ui64
	MUL	$74	$72	$73	:ui64
	ADD	$75	$70	$74	:ptr
	ASSIGN	$76	$59	:ptr
	CONST	$77	0	:ui64
	ASSIGN	$78	$77	:ui64
	CONST	$79	1	:ui64
	MUL	$80	$78	$79	:ui64
	ADD	$81	$76	$80	:ptr
	ASSIGN	$82	$81	:ptr
	ASSIGN	$83	$82	:ptr
	LOAD	$84	$83	:ptr
	CONST	$85	0	:ui64
	ASSIGN	$86	$75	:ptr
	ASSIGN	$87	$86	:ptr
	CALL	$88	0x56317e09ff80($87)	:ptr
	CONST	$89	5	:i32
	CAST	$90	$89	:ui64
	MUL	$91	$85	$90	:ui64
	ASSIGN	$92	$88	:ptr
	CONST	$93	0	:i32
	CAST	$94	$93	:ui64
	ADD	$95	$91	$94	:ui64
	ASSIGN	$96	$95	:ui64
	CONST	$97	4	:ui64
	MUL	$98	$96	$97	:ui64
	ADD	$99	$92	$98	:ptr
	ASSIGN	$100	$88	:ptr
	CONST	$101	0	:i32
	CAST	$102	$101	:ui64
	ADD	$103	$91	$102	:ui64
	CONST	$104	1	:i32
	CAST	$105	$104	:ui64
	ADD	$106	$103	$105	:ui64
	ASSIGN	$107	$106	:ui64
	CONST	$108	4	:ui64
	MUL	$109	$107	$108	:ui64
	ADD	$110	$100	$109	:ptr
	ASSIGN	$111	$99	:ptr
	ASSIGN	$112	$111	:ptr
	LOAD	$113	$112	:ui32
	ASSIGN	$114	$110	:ptr
	ASSIGN	$115	$114	:ptr
	LOAD	$116	$115	:ui32
	SUB	$117	$116	$113	:ui32
	CONST	$118	1	:ui64
	CAST	$119	$117	:ui64
	SUB	$120	$119	$118	:ui64
	ASSIGN	$121	$84	:ptr
	ASSIGN	$122	$113	:ui32
	ASSIGN	$123	$122	:ui32
	CONST	$124	1	:ui64
	CAST	$125	$123	:ui64
	MUL	$126	$125	$124	:ui64
	ADD	$127	$121	$126	:ptr
	ASSIGN	$128	$127	:ptr
	ASSIGN	$129	$120	:ui64
	ASSIGN	$130	$128	:ptr
	ASSIGN	$131	$129	:ui64
	ASSIGN	$132	$127	:ptr
	ASSIGN	$133	$120	:ui64
	ASSIGN	$134	$132	:ptr
	ASSIGN	$135	$133	:ui64
	ASSIGN	$136	$130	:ptr
	ASSIGN	$137	$131	:ui64
	ASSIGN	$138	$134	:ptr
	ASSIGN	$139	$135	:ui64
	ASSIGN	$140	$136	:ptr
	ASSIGN	$141	$137	:ui64
	ASSIGN	$142	$138	:ptr
	ASSIGN	$143	$139	:ui64
	ASSIGN	$144	$140	:ptr
	ASSIGN	$145	$141	:ui64
	ASSIGN	$146	$142	:ptr
	ASSIGN	$147	$143	:ui64
	ASSIGN	$148	$144	:ptr
	CONST	$149	5	:i32
	CAST	$150	$149	:ui64
	MUL	$151	$85	$150	:ui64
	ASSIGN	$152	$88	:ptr
	CONST	$153	1	:i32
	CAST	$154	$153	:ui64
	ADD	$155	$151	$154	:ui64
	ASSIGN	$156	$155	:ui64
	CONST	$157	4	:ui64
	MUL	$158	$156	$157	:ui64
	ADD	$159	$152	$158	:ptr
	ASSIGN	$160	$88	:ptr
	CONST	$161	1	:i32
	CAST	$162	$161	:ui64
	ADD	$163	$151	$162	:ui64
	CONST	$164	1	:i32
	CAST	$165	$164	:ui64
	ADD	$166	$163	$165	:ui64
	ASSIGN	$167	$166	:ui64
	CONST	$168	4	:ui64
	MUL	$169	$167	$168	:ui64
	ADD	$170	$160	$169	:ptr
	ASSIGN	$171	$159	:ptr
	ASSIGN	$172	$171	:ptr
	LOAD	$173	$172	:ui32
	ASSIGN	$174	$170	:ptr
	ASSIGN	$175	$174	:ptr
	LOAD	$176	$175	:ui32
	SUB	$177	$176	$173	:ui32
	CONST	$178	1	:ui64
	CAST	$179	$177	:ui64
	SUB	$180	$179	$178	:ui64
	ASSIGN	$181	$84	:ptr
	ASSIGN	$182	$173	:ui32
	ASSIGN	$183	$182	:ui32
	CONST	$184	1	:ui64
	CAST	$185	$183	:ui64
	MUL	$186	$185	$184	:ui64
	ADD	$187	$181	$186	:ptr
	ASSIGN	$188	$187	:ptr
	ASSIGN	$189	$180	:ui64
	ASSIGN	$190	$188	:ptr
	ASSIGN	$191	$189	:ui64
	ASSIGN	$192	$187	:ptr
	ASSIGN	$193	$180	:ui64
	ASSIGN	$194	$192	:ptr
	ASSIGN	$195	$193	:ui64
	ASSIGN	$196	$190	:ptr
	ASSIGN	$197	$191	:ui64
	ASSIGN	$198	$194	:ptr
	ASSIGN	$199	$195	:ui64
	ASSIGN	$200	$196	:ptr
	ASSIGN	$201	$197	:ui64
	ASSIGN	$202	$198	:ptr
	ASSIGN	$203	$199	:ui64
	ASSIGN	$204	$200	:ptr
	ASSIGN	$205	$201	:ui64
	ASSIGN	$206	$202	:ptr
	ASSIGN	$207	$203	:ui64
	ASSIGN	$208	$204	:ptr
	CONST	$209	5	:i32
	CAST	$210	$209	:ui64
	MUL	$211	$85	$210	:ui64
	ASSIGN	$212	$88	:ptr
	CONST	$213	2	:i32
	CAST	$214	$213	:ui64
	ADD	$215	$211	$214	:ui64
	ASSIGN	$216	$215	:ui64
	CONST	$217	4	:ui64
	MUL	$218	$216	$217	:ui64
	ADD	$219	$212	$218	:ptr
	ASSIGN	$220	$88	:ptr
	CONST	$221	2	:i32
	CAST	$222	$221	:ui64
	ADD	$223	$211	$222	:ui64
	CONST	$224	1	:i32
	CAST	$225	$224	:ui64
	ADD	$226	$223	$225	:ui64
	ASSIGN	$227	$226	:ui64
	CONST	$228	4	:ui64
	MUL	$229	$227	$228	:ui64
	ADD	$230	$220	$229	:ptr
	ASSIGN	$231	$219	:ptr
	ASSIGN	$232	$231	:ptr
	LOAD	$233	$232	:ui32
	ASSIGN	$234	$230	:ptr
	ASSIGN	$235	$234	:ptr
	LOAD	$236	$235	:ui32
	SUB	$237	$236	$233	:ui32
	CONST	$238	1	:ui64
	CAST	$239	$237	:ui64
	SUB	$240	$239	$238	:ui64
	ASSIGN	$241	$84	:ptr
	ASSIGN	$242	$233	:ui32
	ASSIGN	$243	$242	:ui32
	CONST	$244	1	:ui64
	CAST	$245	$243	:ui64
	MUL	$246	$245	$244	:ui64
	ADD	$247	$241	$246	:ptr
	ASSIGN	$248	$247	:ptr
	ASSIGN	$249	$240	:ui64
	ASSIGN	$250	$248	:ptr
	ASSIGN	$251	$249	:ui64
	ASSIGN	$252	$247	:ptr
	ASSIGN	$253	$240	:ui64
	ASSIGN	$254	$252	:ptr
	ASSIGN	$255	$253	:ui64
	ASSIGN	$256	$250	:ptr
	ASSIGN	$257	$251	:ui64
	ASSIGN	$258	$254	:ptr
	ASSIGN	$259	$255	:ui64
	ASSIGN	$260	$256	:ptr
	ASSIGN	$261	$257	:ui64
	ASSIGN	$262	$258	:ptr
	ASSIGN	$263	$259	:ui64
	ASSIGN	$264	$260	:ptr
	ASSIGN	$265	$261	:ui64
	ASSIGN	$266	$262	:ptr
	ASSIGN	$267	$263	:ui64
	ASSIGN	$268	$264	:ptr
	CONST	$269	5	:i32
	CAST	$270	$269	:ui64
	MUL	$271	$85	$270	:ui64
	ASSIGN	$272	$88	:ptr
	CONST	$273	3	:i32
	CAST	$274	$273	:ui64
	ADD	$275	$271	$274	:ui64
	ASSIGN	$276	$275	:ui64
	CONST	$277	4	:ui64
	MUL	$278	$276	$277	:ui64
	ADD	$279	$272	$278	:ptr
	ASSIGN	$280	$88	:ptr
	CONST	$281	3	:i32
	CAST	$282	$281	:ui64
	ADD	$283	$271	$282	:ui64
	CONST	$284	1	:i32
	CAST	$285	$284	:ui64
	ADD	$286	$283	$285	:ui64
	ASSIGN	$287	$286	:ui64
	CONST	$288	4	:ui64
	MUL	$289	$287	$288	:ui64
	ADD	$290	$280	$289	:ptr
	ASSIGN	$291	$279	:ptr
	ASSIGN	$292	$291	:ptr
	LOAD	$293	$292	:ui32
	ASSIGN	$294	$290	:ptr
	ASSIGN	$295	$294	:ptr
	LOAD	$296	$295	:ui32
	SUB	$297	$296	$293	:ui32
	CONST	$298	0	:ui64
	CAST	$299	$297	:ui64
	SUB	$300	$299	$298	:ui64
	ASSIGN	$301	$84	:ptr
	ASSIGN	$302	$293	:ui32
	ASSIGN	$303	$302	:ui32
	CONST	$304	1	:ui64
	CAST	$305	$303	:ui64
	MUL	$306	$305	$304	:ui64
	ADD	$307	$301	$306	:ptr
	ASSIGN	$308	$307	:ptr
	ASSIGN	$309	$300	:ui64
	ASSIGN	$310	$308	:ptr
	ASSIGN	$311	$309	:ui64
	ASSIGN	$312	$307	:ptr
	ASSIGN	$313	$300	:ui64
	ASSIGN	$314	$312	:ptr
	ASSIGN	$315	$313	:ui64
	ASSIGN	$316	$310	:ptr
	ASSIGN	$317	$311	:ui64
	ASSIGN	$318	$314	:ptr
	ASSIGN	$319	$315	:ui64
	ASSIGN	$320	$316	:ptr
	ASSIGN	$321	$317	:ui64
	ASSIGN	$322	$318	:ptr
	ASSIGN	$323	$319	:ui64
	ASSIGN	$324	$320	:ptr
	ASSIGN	$325	$321	:ui64
	ASSIGN	$326	$322	:ptr
	ASSIGN	$327	$323	:ui64
	ASSIGN	$328	$324	:ptr
	ASSIGN	$329	$148	:ptr
	ASSIGN	$330	$145	:ui64
	ASSIGN	$331	$146	:ptr
	ASSIGN	$332	$147	:ui64
	CONST	$333	*	:ptr
	CONST	$334	13	:ui64
	ASSIGN	$335	$333	:ptr
	ASSIGN	$336	$334	:ui64
	NEQ	$337	$330	$336	:bool
	CMP	$338	$337	B10()	B11()	:void
B9()
	JMP	$0	B19()	:void
B10()
	CONST	$339	false	:bool
	ASSIGN	$340	$339	:bool
	CONST	$341	false	:bool
	EQ	$342	$340	$341	:bool
	NOT	$343	$342	:bool
	CMP	$344	$343	B12()	B13()	:void
B11()
	ASSIGN	$438	$330	:ui64
	CALL	$439	0x7fa61d7be380($329,$335,$438)	:i32
	CONST	$440	0	:i32
	EQ	$441	$439	$440	:bool
	ASSIGN	$442	$441	:bool
	CONST	$443	false	:bool
	EQ	$444	$442	$443	:bool
	NOT	$445	$444	:bool
	CMP	$446	$445	B20()	B21()	:void
B12()
	JMP	$0	B22()	:void
B13()
	JMP	$0	B23()	:void
B14()
	CONST	$360	false	:bool
	CALL	$361	0x56317e154720($57,$56)	:void
	CALL	$362	0x56317e154bc0($57,$15)	:void
	CALL	$363	0x56317e154890($57,$14)	:void
	CALL	$364	0x56317e154900($57,$17)	:void
	CALL	$365	0x56317e154ca0($57,$16)	:void
	CONST	$366	1	:ui64
	CALL	$367	0x56317de510a0($7,$366)	:ptr
	CALL	$368	0x56317de3f290($367,$360,$18,$19,$57)	:void
	CALL	$369	0x56317de50cb0($7,$57)	:void
	CALL	$370	0x56317de51120($7)	:ptr
	ASSIGN	$371	$370	:ptr
	ASSIGN	$57	$371	:ptr
	CALL	$372	0x56317e1547a0($57)	:ptr
	ASSIGN	$58	$372	:ptr
	CONST	$373	0	:ui64
	ASSIGN	$56	$373	:ui64
	JMP	$0	B24()	:void
B15()
	JMP	$0	B24()	:void
B16()
	CONST	$419	true	:bool
	JMP	$0	B43()	:void
B17()
	CONST	$456	0	:ui64
	ASSIGN	$457	$59	:ptr
	CONST	$458	176	:ui64
	ASSIGN	$459	$458	:ui64
	CONST	$460	1	:ui64
	MUL	$461	$459	$460	:ui64
	ADD	$462	$457	$461	:ptr
	JMP	$0	B33()	:void
B18() ControlFlowMerge
	CALL	$54	0x56317de51120($7)	:ptr
	ASSIGN	$55	$54	:ptr
	CONST	$56	0	:ui64
	ASSIGN	$57	$55	:ptr
	CALL	$58	0x56317e1547a0($55)	:ptr
	CALL	$59	0x56317e09de50()	:ptr
	ASSIGN	$60	$59	:ptr
	CONST	$61	32	:ui64
	ASSIGN	$62	$61	:ui64
	CONST	$63	1	:ui64
	MUL	$64	$62	$63	:ui64
	ADD	$65	$60	$64	:ptr
	ASSIGN	$66	$65	:ptr
	ASSIGN	$67	$66	:ptr
	LOAD	$68	$67	:bool
	CMP	$69	$68	B8()	B9()	:void
B19() ControlFlowMerge
	JMP	$0	B23()	:void
B20()
	JMP	$0	B22()	:void
B21()
	JMP	$0	B34()	:void
B22() ControlFlowMerge
	ASSIGN	$345	$208	:ptr
	ASSIGN	$346	$205	:ui64
	ASSIGN	$347	$206	:ptr
	ASSIGN	$348	$207	:ui64
	ASSIGN	$349	$345	:ptr
	ASSIGN	$350	$346	:ui64
	ASSIGN	$351	$347	:ptr
	ASSIGN	$352	$348	:ui64
	ASSIGN	$353	$345	:ptr
	ASSIGN	$354	$346	:ui64
	ASSIGN	$355	$347	:ptr
	ASSIGN	$356	$348	:ui64
	CONST	$357	65536	:ui64
	GTE	$358	$56	$357	:bool
	CMP	$359	$358	B14()	B15()	:void
B23() ControlFlowMerge
	JMP	$0	B34()	:void
B24() ControlFlowMerge
	CALL	$374	0x56317e1547a0($57)	:ptr
	ASSIGN	$375	$374	:ptr
	CONST	$376	4	:ui64
	MUL	$377	$376	$56	:ui64
	ASSIGN	$378	$377	:ui64
	CONST	$379	1	:ui64
	MUL	$380	$378	$379	:ui64
	ADD	$381	$375	$380	:ptr
	ASSIGN	$382	$381	:ptr
	CONST	$383	0	:ui64
	ASSIGN	$384	$383	:ui64
	CONST	$385	1	:ui64
	MUL	$386	$384	$385	:ui64
	ADD	$387	$382	$386	:ptr
	ASSIGN	$388	$353	:ptr
	ASSIGN	$389	$354	:ui64
	ASSIGN	$390	$355	:ptr
	ASSIGN	$391	$356	:ui64
	CALL	$392	0x56317e0b81f0($390,$391)	:i32
	ASSIGN	$393	$392	:i32
	ASSIGN	$394	$393	:i32
	ASSIGN	$395	$394	:i32
	ASSIGN	$396	$395	:i32
	ASSIGN	$397	$387	:ptr
	ASSIGN	$398	$397	:ptr
	ASSIGN	$399	$396	:i32
	STORE	$400	$398	$399	:void
	ASSIGN	$401	$388	:ptr
	ASSIGN	$402	$389	:ui64
	ASSIGN	$403	$390	:ptr
	ASSIGN	$404	$391	:ui64
	CONST	$405	1	:i32
	CAST	$406	$405	:ui64
	ADD	$407	$56	$406	:ui64
	ASSIGN	$56	$407	:ui64
	JMP	$0	B19()	:void
B25()
	CALL	$476	0x56317e1547a0($20)	:ptr
	ASSIGN	$477	$462	:ptr
	ASSIGN	$478	$477	:ptr
	CALL	$479	0x56317e09ff80($478)	:ptr
	CONST	$480	5	:i32
	CAST	$481	$480	:ui64
	MUL	$482	$456	$481	:ui64
	ASSIGN	$483	$479	:ptr
	CONST	$484	0	:i32
	CAST	$485	$484	:ui64
	ADD	$486	$482	$485	:ui64
	ASSIGN	$487	$486	:ui64
	CONST	$488	4	:ui64
	MUL	$489	$487	$488	:ui64
	ADD	$490	$483	$489	:ptr
	ASSIGN	$491	$479	:ptr
	CONST	$492	0	:i32
	CAST	$493	$492	:ui64
	ADD	$494	$482	$493	:ui64
	CONST	$495	1	:i32
	CAST	$496	$495	:ui64
	ADD	$497	$494	$496	:ui64
	ASSIGN	$498	$497	:ui64
	CONST	$499	4	:ui64
	MUL	$500	$498	$499	:ui64
	ADD	$501	$491	$500	:ptr
	ASSIGN	$502	$490	:ptr
	ASSIGN	$503	$502	:ptr
	LOAD	$504	$503	:ui32
	ASSIGN	$505	$501	:ptr
	ASSIGN	$506	$505	:ptr
	LOAD	$507	$506	:ui32
	SUB	$508	$507	$504	:ui32
	CONST	$509	1	:ui64
	CAST	$510	$508	:ui64
	SUB	$511	$510	$509	:ui64
	ASSIGN	$512	$476	:ptr
	ASSIGN	$513	$504	:ui32
	ASSIGN	$514	$513	:ui32
	CONST	$515	1	:ui64
	CAST	$516	$514	:ui64
	MUL	$517	$516	$515	:ui64
	ADD	$518	$512	$517	:ptr
	ASSIGN	$519	$518	:ptr
	ASSIGN	$520	$511	:ui64
	ASSIGN	$521	$519	:ptr
	ASSIGN	$522	$520	:ui64
	ASSIGN	$523	$518	:ptr
	ASSIGN	$524	$511	:ui64
	ASSIGN	$525	$523	:ptr
	ASSIGN	$526	$524	:ui64
	ASSIGN	$527	$521	:ptr
	ASSIGN	$528	$522	:ui64
	ASSIGN	$529	$525	:ptr
	ASSIGN	$530	$526	:ui64
	ASSIGN	$531	$527	:ptr
	ASSIGN	$532	$528	:ui64
	ASSIGN	$533	$529	:ptr
	ASSIGN	$534	$530	:ui64
	ASSIGN	$535	$531	:ptr
	ASSIGN	$536	$532	:ui64
	ASSIGN	$537	$533	:ptr
	ASSIGN	$538	$534	:ui64
	ASSIGN	$539	$535	:ptr
	CONST	$540	5	:i32
	CAST	$541	$540	:ui64
	MUL	$542	$456	$541	:ui64
	ASSIGN	$543	$479	:ptr
	CONST	$544	1	:i32
	CAST	$545	$544	:ui64
	ADD	$546	$542	$545	:ui64
	ASSIGN	$547	$546	:ui64
	CONST	$548	4	:ui64
	MUL	$549	$547	$548	:ui64
	ADD	$550	$543	$549	:ptr
	ASSIGN	$551	$479	:ptr
	CONST	$552	1	:i32
	CAST	$553	$552	:ui64
	ADD	$554	$542	$553	:ui64
	CONST	$555	1	:i32
	CAST	$556	$555	:ui64
	ADD	$557	$554	$556	:ui64
	ASSIGN	$558	$557	:ui64
	CONST	$559	4	:ui64
	MUL	$560	$558	$559	:ui64
	ADD	$561	$551	$560	:ptr
	ASSIGN	$562	$550	:ptr
	ASSIGN	$563	$562	:ptr
	LOAD	$564	$563	:ui32
	ASSIGN	$565	$561	:ptr
	ASSIGN	$566	$565	:ptr
	LOAD	$567	$566	:ui32
	SUB	$568	$567	$564	:ui32
	CONST	$569	1	:ui64
	CAST	$570	$568	:ui64
	SUB	$571	$570	$569	:ui64
	ASSIGN	$572	$476	:ptr
	ASSIGN	$573	$564	:ui32
	ASSIGN	$574	$573	:ui32
	CONST	$575	1	:ui64
	CAST	$576	$574	:ui64
	MUL	$577	$576	$575	:ui64
	ADD	$578	$572	$577	:ptr
	ASSIGN	$579	$578	:ptr
	ASSIGN	$580	$571	:ui64
	ASSIGN	$581	$579	:ptr
	ASSIGN	$582	$580	:ui64
	ASSIGN	$583	$578	:ptr
	ASSIGN	$584	$571	:ui64
	ASSIGN	$585	$583	:ptr
	ASSIGN	$586	$584	:ui64
	ASSIGN	$587	$581	:ptr
	ASSIGN	$588	$582	:ui64
	ASSIGN	$589	$585	:ptr
	ASSIGN	$590	$586	:ui64
	ASSIGN	$591	$587	:ptr
	ASSIGN	$592	$588	:ui64
	ASSIGN	$593	$589	:ptr
	ASSIGN	$594	$590	:ui64
	ASSIGN	$595	$591	:ptr
	ASSIGN	$596	$592	:ui64
	ASSIGN	$597	$593	:ptr
	ASSIGN	$598	$594	:ui64
	ASSIGN	$599	$595	:ptr
	CONST	$600	5	:i32
	CAST	$601	$600	:ui64
	MUL	$602	$456	$601	:ui64
	ASSIGN	$603	$479	:ptr
	CONST	$604	2	:i32
	CAST	$605	$604	:ui64
	ADD	$606	$602	$605	:ui64
	ASSIGN	$607	$606	:ui64
	CONST	$608	4	:ui64
	MUL	$609	$607	$608	:ui64
	ADD	$610	$603	$609	:ptr
	ASSIGN	$611	$479	:ptr
	CONST	$612	2	:i32
	CAST	$613	$612	:ui64
	ADD	$614	$602	$613	:ui64
	CONST	$615	1	:i32
	CAST	$616	$615	:ui64
	ADD	$617	$614	$616	:ui64
	ASSIGN	$618	$617	:ui64
	CONST	$619	4	:ui64
	MUL	$620	$618	$619	:ui64
	ADD	$621	$611	$620	:ptr
	ASSIGN	$622	$610	:ptr
	ASSIGN	$623	$622	:ptr
	LOAD	$624	$623	:ui32
	ASSIGN	$625	$621	:ptr
	ASSIGN	$626	$625	:ptr
	LOAD	$627	$626	:ui32
	SUB	$628	$627	$624	:ui32
	CONST	$629	1	:ui64
	CAST	$630	$628	:ui64
	SUB	$631	$630	$629	:ui64
	ASSIGN	$632	$476	:ptr
	ASSIGN	$633	$624	:ui32
	ASSIGN	$634	$633	:ui32
	CONST	$635	1	:ui64
	CAST	$636	$634	:ui64
	MUL	$637	$636	$635	:ui64
	ADD	$638	$632	$637	:ptr
	ASSIGN	$639	$638	:ptr
	ASSIGN	$640	$631	:ui64
	ASSIGN	$641	$639	:ptr
	ASSIGN	$642	$640	:ui64
	ASSIGN	$643	$638	:ptr
	ASSIGN	$644	$631	:ui64
	ASSIGN	$645	$643	:ptr
	ASSIGN	$646	$644	:ui64
	ASSIGN	$647	$641	:ptr
	ASSIGN	$648	$642	:ui64
	ASSIGN	$649	$645	:ptr
	ASSIGN	$650	$646	:ui64
	ASSIGN	$651	$647	:ptr
	ASSIGN	$652	$648	:ui64
	ASSIGN	$653	$649	:ptr
	ASSIGN	$654	$650	:ui64
	ASSIGN	$655	$651	:ptr
	ASSIGN	$656	$652	:ui64
	ASSIGN	$657	$653	:ptr
	ASSIGN	$658	$654	:ui64
	ASSIGN	$659	$655	:ptr
	CONST	$660	5	:i32
	CAST	$661	$660	:ui64
	MUL	$662	$456	$661	:ui64
	ASSIGN	$663	$479	:ptr
	CONST	$664	3	:i32
	CAST	$665	$664	:ui64
	ADD	$666	$662	$665	:ui64
	ASSIGN	$667	$666	:ui64
	CONST	$668	4	:ui64
	MUL	$669	$667	$668	:ui64
	ADD	$670	$663	$669	:ptr
	ASSIGN	$671	$479	:ptr
	CONST	$672	3	:i32
	CAST	$673	$672	:ui64
	ADD	$674	$662	$673	:ui64
	CONST	$675	1	:i32
	CAST	$676	$675	:ui64
	ADD	$677	$674	$676	:ui64
	ASSIGN	$678	$677	:ui64
	CONST	$679	4	:ui64
	MUL	$680	$678	$679	:ui64
	ADD	$681	$671	$680	:ptr
	ASSIGN	$682	$670	:ptr
	ASSIGN	$683	$682	:ptr
	LOAD	$684	$683	:ui32
	ASSIGN	$685	$681	:ptr
	ASSIGN	$686	$685	:ptr
	LOAD	$687	$686	:ui32
	SUB	$688	$687	$684	:ui32
	CONST	$689	0	:ui64
	CAST	$690	$688	:ui64
	SUB	$691	$690	$689	:ui64
	ASSIGN	$692	$476	:ptr
	ASSIGN	$693	$684	:ui32
	ASSIGN	$694	$693	:ui32
	CONST	$695	1	:ui64
	CAST	$696	$694	:ui64
	MUL	$697	$696	$695	:ui64
	ADD	$698	$692	$697	:ptr
	ASSIGN	$699	$698	:ptr
	ASSIGN	$700	$691	:ui64
	ASSIGN	$701	$699	:ptr
	ASSIGN	$702	$700	:ui64
	ASSIGN	$703	$698	:ptr
	ASSIGN	$704	$691	:ui64
	ASSIGN	$705	$703	:ptr
	ASSIGN	$706	$704	:ui64
	ASSIGN	$707	$701	:ptr
	ASSIGN	$708	$702	:ui64
	ASSIGN	$709	$705	:ptr
	ASSIGN	$710	$706	:ui64
	ASSIGN	$711	$707	:ptr
	ASSIGN	$712	$708	:ui64
	ASSIGN	$713	$709	:ptr
	ASSIGN	$714	$710	:ui64
	ASSIGN	$715	$711	:ptr
	ASSIGN	$716	$712	:ui64
	ASSIGN	$717	$713	:ptr
	ASSIGN	$718	$714	:ui64
	ASSIGN	$719	$715	:ptr
	ASSIGN	$720	$539	:ptr
	ASSIGN	$721	$536	:ui64
	ASSIGN	$722	$537	:ptr
	ASSIGN	$723	$538	:ui64
	CONST	$724	*	:ptr
	CONST	$725	13	:ui64
	ASSIGN	$726	$724	:ptr
	ASSIGN	$727	$725	:ui64
	NEQ	$728	$721	$727	:bool
	CMP	$729	$728	B27()	B28()	:void
B26()
	CONST	$808	*	:ptr
	ASSIGN	$809	$10	:ptr
	CALL	$810	0x56317e0a28b0($20,$808,$809)	:bool
	CMP	$811	$810	B35()	B36()	:void
B27()
	CONST	$730	false	:bool
	ASSIGN	$731	$730	:bool
	CONST	$732	false	:bool
	EQ	$733	$731	$732	:bool
	NOT	$734	$733	:bool
	CMP	$735	$734	B29()	B30()	:void
B28()
	ASSIGN	$1154	$721	:ui64
	CALL	$1155	0x7fa61d7be380($720,$726,$1154)	:i32
	CONST	$1156	0	:i32
	EQ	$1157	$1155	$1156	:bool
	ASSIGN	$1158	$1157	:bool
	CONST	$1159	false	:bool
	EQ	$1160	$1158	$1159	:bool
	NOT	$1161	$1160	:bool
	CMP	$1162	$1161	B44()	B45()	:void
B29()
	JMP	$0	B46()	:void
B30()
	CONST	$1166	1	:i32
	JMP	$0	B55()	:void
B31()
	CONST	$751	false	:bool
	CALL	$752	0x56317e154720($57,$56)	:void
	CALL	$753	0x56317e154bc0($57,$15)	:void
	CALL	$754	0x56317e154890($57,$14)	:void
	CALL	$755	0x56317e154900($57,$17)	:void
	CALL	$756	0x56317e154ca0($57,$16)	:void
	CONST	$757	1	:ui64
	CALL	$758	0x56317de510a0($7,$757)	:ptr
	CALL	$759	0x56317de3f290($758,$751,$18,$19,$57)	:void
	CALL	$760	0x56317de50cb0($7,$57)	:void
	CALL	$761	0x56317de51120($7)	:ptr
	ASSIGN	$762	$761	:ptr
	ASSIGN	$57	$762	:ptr
	CALL	$763	0x56317e1547a0($57)	:ptr
	ASSIGN	$58	$763	:ptr
	CONST	$764	0	:ui64
	ASSIGN	$56	$764	:ui64
	JMP	$0	B48()	:void
B32()
	JMP	$0	B48()	:void
B33() ControlFlowMerge
	JMP	$0	B47()	:void
B34() ControlFlowMerge
	ASSIGN	$408	$59	:ptr
	CONST	$409	33	:ui64
	ASSIGN	$410	$409	:ui64
	CONST	$411	1	:ui64
	MUL	$412	$410	$411	:ui64
	ADD	$413	$408	$412	:ptr
	ASSIGN	$414	$413	:ptr
	ASSIGN	$415	$414	:ptr
	LOAD	$416	$415	:bool
	NOT	$417	$416	:bool
	CMP	$418	$417	B16()	B17()	:void
B35()
	ASSIGN	$812	$59	:ptr
	CONST	$813	112	:ui64
	ASSIGN	$814	$813	:ui64
	CONST	$815	1	:ui64
	MUL	$816	$814	$815	:ui64
	ADD	$817	$812	$816	:ptr
	ASSIGN	$818	$59	:ptr
	CONST	$819	16	:ui64
	ASSIGN	$820	$819	:ui64
	CONST	$821	1	:ui64
	MUL	$822	$820	$821	:ui64
	ADD	$823	$818	$822	:ptr
	ASSIGN	$824	$823	:ptr
	ASSIGN	$825	$824	:ptr
	LOAD	$826	$825	:ptr
	CONST	$827	0	:ui64
	ASSIGN	$828	$817	:ptr
	ASSIGN	$829	$828	:ptr
	CALL	$830	0x56317e09ff80($829)	:ptr
	CONST	$831	5	:i32
	CAST	$832	$831	:ui64
	MUL	$833	$827	$832	:ui64
	ASSIGN	$834	$830	:ptr
	CONST	$835	0	:i32
	CAST	$836	$835	:ui64
	ADD	$837	$833	$836	:ui64
	ASSIGN	$838	$837	:ui64
	CONST	$839	4	:ui64
	MUL	$840	$838	$839	:ui64
	ADD	$841	$834	$840	:ptr
	ASSIGN	$842	$830	:ptr
	CONST	$843	0	:i32
	CAST	$844	$843	:ui64
	ADD	$845	$833	$844	:ui64
	CONST	$846	1	:i32
	CAST	$847	$846	:ui64
	ADD	$848	$845	$847	:ui64
	ASSIGN	$849	$848	:ui64
	CONST	$850	4	:ui64
	MUL	$851	$849	$850	:ui64
	ADD	$852	$842	$851	:ptr
	ASSIGN	$853	$841	:ptr
	ASSIGN	$854	$853	:ptr
	LOAD	$855	$854	:ui32
	ASSIGN	$856	$852	:ptr
	ASSIGN	$857	$856	:ptr
	LOAD	$858	$857	:ui32
	SUB	$859	$858	$855	:ui32
	CONST	$860	1	:ui64
	CAST	$861	$859	:ui64
	SUB	$862	$861	$860	:ui64
	ASSIGN	$863	$826	:ptr
	ASSIGN	$864	$855	:ui32
	ASSIGN	$865	$864	:ui32
	CONST	$866	1	:ui64
	CAST	$867	$865	:ui64
	MUL	$868	$867	$866	:ui64
	ADD	$869	$863	$868	:ptr
	ASSIGN	$870	$869	:ptr
	ASSIGN	$871	$862	:ui64
	ASSIGN	$872	$870	:ptr
	ASSIGN	$873	$871	:ui64
	ASSIGN	$874	$869	:ptr
	ASSIGN	$875	$862	:ui64
	ASSIGN	$876	$874	:ptr
	ASSIGN	$877	$875	:ui64
	ASSIGN	$878	$872	:ptr
	ASSIGN	$879	$873	:ui64
	ASSIGN	$880	$876	:ptr
	ASSIGN	$881	$877	:ui64
	ASSIGN	$882	$878	:ptr
	ASSIGN	$883	$879	:ui64
	ASSIGN	$884	$880	:ptr
	ASSIGN	$885	$881	:ui64
	ASSIGN	$886	$882	:ptr
	ASSIGN	$887	$883	:ui64
	ASSIGN	$888	$884	:ptr
	ASSIGN	$889	$885	:ui64
	ASSIGN	$890	$886	:ptr
	CONST	$891	5	:i32
	CAST	$892	$891	:ui64
	MUL	$893	$827	$892	:ui64
	ASSIGN	$894	$830	:ptr
	CONST	$895	1	:i32
	CAST	$896	$895	:ui64
	ADD	$897	$893	$896	:ui64
	ASSIGN	$898	$897	:ui64
	CONST	$899	4	:ui64
	MUL	$900	$898	$899	:ui64
	ADD	$901	$894	$900	:ptr
	ASSIGN	$902	$830	:ptr
	CONST	$903	1	:i32
	CAST	$904	$903	:ui64
	ADD	$905	$893	$904	:ui64
	CONST	$906	1	:i32
	CAST	$907	$906	:ui64
	ADD	$908	$905	$907	:ui64
	ASSIGN	$909	$908	:ui64
	CONST	$910	4	:ui64
	MUL	$911	$909	$910	:ui64
	ADD	$912	$902	$911	:ptr
	ASSIGN	$913	$901	:ptr
	ASSIGN	$914	$913	:ptr
	LOAD	$915	$914	:ui32
	ASSIGN	$916	$912	:ptr
	ASSIGN	$917	$916	:ptr
	LOAD	$918	$917	:ui32
	SUB	$919	$918	$915	:ui32
	CONST	$920	1	:ui64
	CAST	$921	$919	:ui64
	SUB	$922	$921	$920	:ui64
	ASSIGN	$923	$826	:ptr
	ASSIGN	$924	$915	:ui32
	ASSIGN	$925	$924	:ui32
	CONST	$926	1	:ui64
	CAST	$927	$925	:ui64
	MUL	$928	$927	$926	:ui64
	ADD	$929	$923	$928	:ptr
	ASSIGN	$930	$929	:ptr
	ASSIGN	$931	$922	:ui64
	ASSIGN	$932	$930	:ptr
	ASSIGN	$933	$931	:ui64
	ASSIGN	$934	$929	:ptr
	ASSIGN	$935	$922	:ui64
	ASSIGN	$936	$934	:ptr
	ASSIGN	$937	$935	:ui64
	ASSIGN	$938	$932	:ptr
	ASSIGN	$939	$933	:ui64
	ASSIGN	$940	$936	:ptr
	ASSIGN	$941	$937	:ui64
	ASSIGN	$942	$938	:ptr
	ASSIGN	$943	$939	:ui64
	ASSIGN	$944	$940	:ptr
	ASSIGN	$945	$941	:ui64
	ASSIGN	$946	$942	:ptr
	ASSIGN	$947	$943	:ui64
	ASSIGN	$948	$944	:ptr
	ASSIGN	$949	$945	:ui64
	ASSIGN	$950	$946	:ptr
	CONST	$951	5	:i32
	CAST	$952	$951	:ui64
	MUL	$953	$827	$952	:ui64
	ASSIGN	$954	$830	:ptr
	CONST	$955	2	:i32
	CAST	$956	$955	:ui64
	ADD	$957	$953	$956	:ui64
	ASSIGN	$958	$957	:ui64
	CONST	$959	4	:ui64
	MUL	$960	$958	$959	:ui64
	ADD	$961	$954	$960	:ptr
	ASSIGN	$962	$830	:ptr
	CONST	$963	2	:i32
	CAST	$964	$963	:ui64
	ADD	$965	$953	$964	:ui64
	CONST	$966	1	:i32
	CAST	$967	$966	:ui64
	ADD	$968	$965	$967	:ui64
	ASSIGN	$969	$968	:ui64
	CONST	$970	4	:ui64
	MUL	$971	$969	$970	:ui64
	ADD	$972	$962	$971	:ptr
	ASSIGN	$973	$961	:ptr
	ASSIGN	$974	$973	:ptr
	LOAD	$975	$974	:ui32
	ASSIGN	$976	$972	:ptr
	ASSIGN	$977	$976	:ptr
	LOAD	$978	$977	:ui32
	SUB	$979	$978	$975	:ui32
	CONST	$980	1	:ui64
	CAST	$981	$979	:ui64
	SUB	$982	$981	$980	:ui64
	ASSIGN	$983	$826	:ptr
	ASSIGN	$984	$975	:ui32
	ASSIGN	$985	$984	:ui32
	CONST	$986	1	:ui64
	CAST	$987	$985	:ui64
	MUL	$988	$987	$986	:ui64
	ADD	$989	$983	$988	:ptr
	ASSIGN	$990	$989	:ptr
	ASSIGN	$991	$982	:ui64
	ASSIGN	$992	$990	:ptr
	ASSIGN	$993	$991	:ui64
	ASSIGN	$994	$989	:ptr
	ASSIGN	$995	$982	:ui64
	ASSIGN	$996	$994	:ptr
	ASSIGN	$997	$995	:ui64
	ASSIGN	$998	$992	:ptr
	ASSIGN	$999	$993	:ui64
	ASSIGN	$1000	$996	:ptr
	ASSIGN	$1001	$997	:ui64
	ASSIGN	$1002	$998	:ptr
	ASSIGN	$1003	$999	:ui64
	ASSIGN	$1004	$1000	:ptr
	ASSIGN	$1005	$1001	:ui64
	ASSIGN	$1006	$1002	:ptr
	ASSIGN	$1007	$1003	:ui64
	ASSIGN	$1008	$1004	:ptr
	ASSIGN	$1009	$1005	:ui64
	ASSIGN	$1010	$1006	:ptr
	CONST	$1011	5	:i32
	CAST	$1012	$1011	:ui64
	MUL	$1013	$827	$1012	:ui64
	ASSIGN	$1014	$830	:ptr
	CONST	$1015	3	:i32
	CAST	$1016	$1015	:ui64
	ADD	$1017	$1013	$1016	:ui64
	ASSIGN	$1018	$1017	:ui64
	CONST	$1019	4	:ui64
	MUL	$1020	$1018	$1019	:ui64
	ADD	$1021	$1014	$1020	:ptr
	ASSIGN	$1022	$830	:ptr
	CONST	$1023	3	:i32
	CAST	$1024	$1023	:ui64
	ADD	$1025	$1013	$1024	:ui64
	CONST	$1026	1	:i32
	CAST	$1027	$1026	:ui64
	ADD	$1028	$1025	$1027	:ui64
	ASSIGN	$1029	$1028	:ui64
	CONST	$1030	4	:ui64
	MUL	$1031	$1029	$1030	:ui64
	ADD	$1032	$1022	$1031	:ptr
	ASSIGN	$1033	$1021	:ptr
	ASSIGN	$1034	$1033	:ptr
	LOAD	$1035	$1034	:ui32
	ASSIGN	$1036	$1032	:ptr
	ASSIGN	$1037	$1036	:ptr
	LOAD	$1038	$1037	:ui32
	SUB	$1039	$1038	$1035	:ui32
	CONST	$1040	0	:ui64
	CAST	$1041	$1039	:ui64
	SUB	$1042	$1041	$1040	:ui64
	ASSIGN	$1043	$826	:ptr
	ASSIGN	$1044	$1035	:ui32
	ASSIGN	$1045	$1044	:ui32
	CONST	$1046	1	:ui64
	CAST	$1047	$1045	:ui64
	MUL	$1048	$1047	$1046	:ui64
	ADD	$1049	$1043	$1048	:ptr
	ASSIGN	$1050	$1049	:ptr
	ASSIGN	$1051	$1042	:ui64
	ASSIGN	$1052	$1050	:ptr
	ASSIGN	$1053	$1051	:ui64
	ASSIGN	$1054	$1049	:ptr
	ASSIGN	$1055	$1042	:ui64
	ASSIGN	$1056	$1054	:ptr
	ASSIGN	$1057	$1055	:ui64
	ASSIGN	$1058	$1052	:ptr
	ASSIGN	$1059	$1053	:ui64
	ASSIGN	$1060	$1056	:ptr
	ASSIGN	$1061	$1057	:ui64
	ASSIGN	$1062	$1058	:ptr
	ASSIGN	$1063	$1059	:ui64
	ASSIGN	$1064	$1060	:ptr
	ASSIGN	$1065	$1061	:ui64
	ASSIGN	$1066	$1062	:ptr
	ASSIGN	$1067	$1063	:ui64
	ASSIGN	$1068	$1064	:ptr
	ASSIGN	$1069	$1065	:ui64
	ASSIGN	$1070	$1066	:ptr
	ASSIGN	$1071	$890	:ptr
	ASSIGN	$1072	$887	:ui64
	ASSIGN	$1073	$888	:ptr
	ASSIGN	$1074	$889	:ui64
	CONST	$1075	*	:ptr
	CONST	$1076	13	:ui64
	ASSIGN	$1077	$1075	:ptr
	ASSIGN	$1078	$1076	:ui64
	NEQ	$1079	$1072	$1078	:bool
	CMP	$1080	$1079	B37()	B38()	:void
B36()
	CONST	$1175	true	:bool
	ASSIGN	$419	$1175	:bool
	JMP	$0	B49()	:void
B37()
	CONST	$1081	false	:bool
	ASSIGN	$1082	$1081	:bool
	CONST	$1083	false	:bool
	EQ	$1084	$1082	$1083	:bool
	NOT	$1085	$1084	:bool
	CMP	$1086	$1085	B39()	B40()	:void
B38()
	ASSIGN	$1179	$1072	:ui64
	CALL	$1180	0x7fa61d7be380($1071,$1077,$1179)	:i32
	CONST	$1181	0	:i32
	EQ	$1182	$1180	$1181	:bool
	ASSIGN	$1183	$1182	:bool
	CONST	$1184	false	:bool
	EQ	$1185	$1183	$1184	:bool
	NOT	$1186	$1185	:bool
	CMP	$1187	$1186	B50()	B51()	:void
B39()
	JMP	$0	B52()	:void
B40()
	CONST	$1191	true	:bool
	ASSIGN	$419	$1191	:bool
	JMP	$0	B53()	:void
B41()
	CONST	$1102	false	:bool
	CALL	$1103	0x56317e154720($57,$56)	:void
	CALL	$1104	0x56317e154bc0($57,$15)	:void
	CALL	$1105	0x56317e154890($57,$14)	:void
	CALL	$1106	0x56317e154900($57,$17)	:void
	CALL	$1107	0x56317e154ca0($57,$16)	:void
	CONST	$1108	1	:ui64
	CALL	$1109	0x56317de510a0($7,$1108)	:ptr
	CALL	$1110	0x56317de3f290($1109,$1102,$18,$19,$57)	:void
	CALL	$1111	0x56317de50cb0($7,$57)	:void
	CALL	$1112	0x56317de51120($7)	:ptr
	ASSIGN	$1113	$1112	:ptr
	ASSIGN	$57	$1113	:ptr
	CALL	$1114	0x56317e1547a0($57)	:ptr
	ASSIGN	$58	$1114	:ptr
	CONST	$1115	0	:ui64
	ASSIGN	$56	$1115	:ui64
	JMP	$0	B54()	:void
B42()
	JMP	$0	B54()	:void
B43() ControlFlowMerge
	JMP	$0	B49()	:void
B44()
	JMP	$0	B46()	:void
B45()
	CONST	$1198	1	:i32
	ASSIGN	$1166	$1198	:i32
	JMP	$0	B55()	:void
B46() ControlFlowMerge
	ASSIGN	$736	$599	:ptr
	ASSIGN	$737	$596	:ui64
	ASSIGN	$738	$597	:ptr
	ASSIGN	$739	$598	:ui64
	ASSIGN	$740	$736	:ptr
	ASSIGN	$741	$737	:ui64
	ASSIGN	$742	$738	:ptr
	ASSIGN	$743	$739	:ui64
	ASSIGN	$744	$736	:ptr
	ASSIGN	$745	$737	:ui64
	ASSIGN	$746	$738	:ptr
	ASSIGN	$747	$739	:ui64
	CONST	$748	65536	:ui64
	GTE	$749	$56	$748	:bool
	CMP	$750	$749	B31()	B32()	:void
B47() ControlFlowMerge
	ASSIGN	$463	$462	:ptr
	ASSIGN	$464	$463	:ptr
	ASSIGN	$465	$464	:ptr
	CONST	$466	24	:ui64
	ASSIGN	$467	$466	:ui64
	CONST	$468	1	:ui64
	MUL	$469	$467	$468	:ui64
	ADD	$470	$465	$469	:ptr
	ASSIGN	$471	$470	:ptr
	ASSIGN	$472	$471	:ptr
	LOAD	$473	$472	:ui64
	LT	$474	$456	$473	:bool
	CMP	$475	$474	B25()	B26()	:void
B48() ControlFlowMerge
	CALL	$765	0x56317e1547a0($57)	:ptr
	ASSIGN	$766	$765	:ptr
	CONST	$767	4	:ui64
	MUL	$768	$767	$56	:ui64
	ASSIGN	$769	$768	:ui64
	CONST	$770	1	:ui64
	MUL	$771	$769	$770	:ui64
	ADD	$772	$766	$771	:ptr
	ASSIGN	$773	$772	:ptr
	CONST	$774	0	:ui64
	ASSIGN	$775	$774	:ui64
	CONST	$776	1	:ui64
	MUL	$777	$775	$776	:ui64
	ADD	$778	$773	$777	:ptr
	ASSIGN	$779	$744	:ptr
	ASSIGN	$780	$745	:ui64
	ASSIGN	$781	$746	:ptr
	ASSIGN	$782	$747	:ui64
	CALL	$783	0x56317e0b81f0($781,$782)	:i32
	ASSIGN	$784	$783	:i32
	ASSIGN	$785	$784	:i32
	ASSIGN	$786	$785	:i32
	ASSIGN	$787	$786	:i32
	ASSIGN	$788	$778	:ptr
	ASSIGN	$789	$788	:ptr
	ASSIGN	$790	$787	:i32
	STORE	$791	$789	$790	:void
	ASSIGN	$792	$779	:ptr
	ASSIGN	$793	$780	:ui64
	ASSIGN	$794	$781	:ptr
	ASSIGN	$795	$782	:ui64
	CONST	$796	1	:i32
	CAST	$797	$796	:ui64
	ADD	$798	$56	$797	:ui64
	ASSIGN	$56	$798	:ui64
	CONST	$799	1	:i32
	CAST	$800	$799	:ui64
	ADD	$801	$456	$800	:ui64
	ASSIGN	$456	$801	:ui64
	JMP	$0	B33()	:void
B49() ControlFlowMerge
	JMP	$0	B53()	:void
B50()
	JMP	$0	B52()	:void
B51()
	CONST	$1202	true	:bool
	ASSIGN	$419	$1202	:bool
	JMP	$0	B56()	:void
B52() ControlFlowMerge
	ASSIGN	$1087	$950	:ptr
	ASSIGN	$1088	$947	:ui64
	ASSIGN	$1089	$948	:ptr
	ASSIGN	$1090	$949	:ui64
	ASSIGN	$1091	$1087	:ptr
	ASSIGN	$1092	$1088	:ui64
	ASSIGN	$1093	$1089	:ptr
	ASSIGN	$1094	$1090	:ui64
	ASSIGN	$1095	$1087	:ptr
	ASSIGN	$1096	$1088	:ui64
	ASSIGN	$1097	$1089	:ptr
	ASSIGN	$1098	$1090	:ui64
	CONST	$1099	65536	:ui64
	GTE	$1100	$56	$1099	:bool
	CMP	$1101	$1100	B41()	B42()	:void
B53() ControlFlowMerge
	JMP	$0	B56()	:void
B54() ControlFlowMerge
	CALL	$1116	0x56317e1547a0($57)	:ptr
	ASSIGN	$1117	$1116	:ptr
	CONST	$1118	4	:ui64
	MUL	$1119	$1118	$56	:ui64
	ASSIGN	$1120	$1119	:ui64
	CONST	$1121	1	:ui64
	MUL	$1122	$1120	$1121	:ui64
	ADD	$1123	$1117	$1122	:ptr
	ASSIGN	$1124	$1123	:ptr
	CONST	$1125	0	:ui64
	ASSIGN	$1126	$1125	:ui64
	CONST	$1127	1	:ui64
	MUL	$1128	$1126	$1127	:ui64
	ADD	$1129	$1124	$1128	:ptr
	ASSIGN	$1130	$1095	:ptr
	ASSIGN	$1131	$1096	:ui64
	ASSIGN	$1132	$1097	:ptr
	ASSIGN	$1133	$1098	:ui64
	CALL	$1134	0x56317e0b81f0($1132,$1133)	:i32
	ASSIGN	$1135	$1134	:i32
	ASSIGN	$1136	$1135	:i32
	ASSIGN	$1137	$1136	:i32
	ASSIGN	$1138	$1137	:i32
	ASSIGN	$1139	$1129	:ptr
	ASSIGN	$1140	$1139	:ptr
	ASSIGN	$1141	$1138	:i32
	STORE	$1142	$1140	$1141	:void
	ASSIGN	$1143	$1130	:ptr
	ASSIGN	$1144	$1131	:ui64
	ASSIGN	$1145	$1132	:ptr
	ASSIGN	$1146	$1133	:ui64
	CONST	$1147	1	:i32
	CAST	$1148	$1147	:ui64
	ADD	$1149	$56	$1148	:ui64
	ASSIGN	$56	$1149	:ui64
	CONST	$1150	true	:bool
	ASSIGN	$419	$1150	:bool
	JMP	$0	B43()	:void
B55() ControlFlowMerge
	CAST	$1167	$1166	:ui64
	ADD	$1168	$456	$1167	:ui64
	ASSIGN	$456	$1168	:ui64
	JMP	$0	B47()	:void
B56() ControlFlowMerge
	CALL	$420	0x56317e154720($57,$56)	:void
	CALL	$421	0x56317e154bc0($57,$15)	:void
	CALL	$422	0x56317e154890($57,$14)	:void
	CALL	$423	0x56317e154900($57,$17)	:void
	CALL	$424	0x56317e154ca0($57,$16)	:void
	CONST	$425	1	:ui64
	CALL	$426	0x56317de510a0($7,$425)	:ptr
	CALL	$427	0x56317de3f290($426,$419,$18,$19,$57)	:void
	CALL	$428	0x56317de50cb0($7,$57)	:void
	RETURN	$0	:void
