[36m[10:22:19.597282] [D] [Not A Worker] [unnamed] [] [BufferManager.cpp:110] [initialize] NES memory allocation requires 8589934592 out of 540577120256 (so 1.5890303659045137%) available bytes[m
[36m[10:22:19.690259] [D] [Not A Worker] [unnamed] [] [BufferManager.cpp:160] [initialize] BufferManager configuration bufferSize=262144 numOfBuffers=32768[m
[32m[10:22:19.708356] [I] [Not A Worker] [unnamed] [] [SingleNodeWorkerStarter.cpp:85] [main] Server listening on worker-max:8080[m
[36m[10:22:22.100119] [D] [Not A Worker] [unnamed] [] [BufferManager.cpp:110] [initialize] NES memory allocation requires 1 out of 540577120256 (so 1.8498748143954595e-10%) available bytes[m
[36m[10:22:22.100228] [D] [Not A Worker] [unnamed] [] [BufferManager.cpp:160] [initialize] BufferManager configuration bufferSize=1 numOfBuffers=1[m
[36m[10:22:22.101760] [D] [Not A Worker] [unnamed] [] [PipeliningPhase.cpp:365] [apply] Constructed pipeline plan with 1 root pipelines.
PipelinedQueryPlan for Query: 1
Number of root pipelines: 1
------------------
Root Pipeline 0:
  Pipeline(ID(1), Provider(COMPILER))
  Operator chain:
    PhysicalOperator(NES::SourcePhysicalOperator)
  Successor Pipeline:
    Pipeline(ID(2), Provider(None))
      Operator chain:
        PhysicalOperator(NES::ScanPhysicalOperator)
          PhysicalOperator(NES::MapPhysicalOperator)
            PhysicalOperator(NES::EmitPhysicalOperator)
      Successor Pipeline:
        Pipeline(ID(3), Provider(None))
          Operator chain:
            PhysicalOperator(NES::SinkPhysicalOperator)

[m
[32m[10:22:22.102395] [I] [Not A Worker] [unnamed] [] [NodeEngine.cpp:55] [registerQuery] Register 1[m
[36m[10:22:22.105671] [D] [Not A Worker] [unnamed] [] [SinkProvider.cpp:30] [lower] The sinkDescriptor is: SinkDescriptor: (name: variant("EXTRA_SINK"), type: Void, Config: )[m
[36m[10:22:22.106459] [D] [SingleNodeWorker] [WorkerThread-42] [Task:1-3] [VoidSink.cpp:37] [start] Setting up void sink: VoidSink[m
[36m[10:22:22.217887] [D] [SingleNodeWorker] [WorkerThread-20] [] [SourceThread.cpp:184] [start] Starting source with originId: 2[m
[36m[10:22:22.220252] [D] [SingleNodeWorker] [WorkerThread-20] [Task:1-2] [BufferManager.cpp:65] [~BufferManager] Calling BufferManager::destroy()[m
[36m[10:22:22.220276] [D] [SingleNodeWorker] [WorkerThread-20] [Task:1-2] [BufferManager.cpp:93] [~BufferManager] Shutting down Buffer Manager completed[m
[36m[10:22:23.017480] [D] [SingleNodeWorker] [WorkerThread-11] [Task:1] [SourceThread.cpp:230] [tryStop] SourceThread 2: attempting to stop source[m
[36m[10:22:23.017544] [D] [SingleNodeWorker] [WorkerThread-11] [Task:1] [SourceThread.cpp:248] [tryStop] SourceThread 2: stopped[m
[32m[10:22:23.043319] [I] [SingleNodeWorker] [WorkerThread-52] [Task:1-3] [VoidSink.cpp:42] [stop] Void Sink completed.[m
[36m[10:22:23.043444] [D] [SingleNodeWorker] [WorkerThread-52] [] [SourceThread.cpp:226] [tryStop] SourceThread 2: thread is not running[m
[32m[10:22:23.043574] [I] [SingleNodeWorker] [WorkerThread-20] [] [SequenceShredder.cpp:55] [~SequenceShredder] Successfully validated SequenceShredder[m
[36m[10:22:24.818636] [D] [Not A Worker] [unnamed] [] [BufferManager.cpp:110] [initialize] NES memory allocation requires 1 out of 540577120256 (so 1.8498748143954595e-10%) available bytes[m
[36m[10:22:24.818739] [D] [Not A Worker] [unnamed] [] [BufferManager.cpp:160] [initialize] BufferManager configuration bufferSize=1 numOfBuffers=1[m
[36m[10:22:24.820275] [D] [Not A Worker] [unnamed] [] [PipeliningPhase.cpp:365] [apply] Constructed pipeline plan with 1 root pipelines.
PipelinedQueryPlan for Query: 2
Number of root pipelines: 1
------------------
Root Pipeline 0:
  Pipeline(ID(4), Provider(COMPILER))
  Operator chain:
    PhysicalOperator(NES::SourcePhysicalOperator)
  Successor Pipeline:
    Pipeline(ID(5), Provider(None))
      Operator chain:
        PhysicalOperator(NES::ScanPhysicalOperator)
          PhysicalOperator(NES::MapPhysicalOperator)
            PhysicalOperator(NES::EmitPhysicalOperator)
      Successor Pipeline:
        Pipeline(ID(6), Provider(None))
          Operator chain:
            PhysicalOperator(NES::SinkPhysicalOperator)

[m
[32m[10:22:24.820578] [I] [Not A Worker] [unnamed] [] [NodeEngine.cpp:55] [registerQuery] Register 2[m
[36m[10:22:24.823970] [D] [Not A Worker] [unnamed] [] [SinkProvider.cpp:30] [lower] The sinkDescriptor is: SinkDescriptor: (name: variant("EXTRA_SINK"), type: Void, Config: )[m
[36m[10:22:24.824461] [D] [SingleNodeWorker] [WorkerThread-27] [Task:2-6] [VoidSink.cpp:37] [start] Setting up void sink: VoidSink[m
[36m[10:22:24.933939] [D] [SingleNodeWorker] [WorkerThread-10] [] [SourceThread.cpp:184] [start] Starting source with originId: 2[m
[36m[10:22:24.936291] [D] [SingleNodeWorker] [WorkerThread-10] [Task:2-5] [BufferManager.cpp:65] [~BufferManager] Calling BufferManager::destroy()[m
[36m[10:22:24.936317] [D] [SingleNodeWorker] [WorkerThread-10] [Task:2-5] [BufferManager.cpp:93] [~BufferManager] Shutting down Buffer Manager completed[m
[36m[10:22:25.713431] [D] [SingleNodeWorker] [WorkerThread-25] [Task:2] [SourceThread.cpp:230] [tryStop] SourceThread 2: attempting to stop source[m
[36m[10:22:25.713492] [D] [SingleNodeWorker] [WorkerThread-25] [Task:2] [SourceThread.cpp:248] [tryStop] SourceThread 2: stopped[m
[32m[10:22:25.739164] [I] [SingleNodeWorker] [WorkerThread-17] [Task:2-6] [VoidSink.cpp:42] [stop] Void Sink completed.[m
[36m[10:22:25.739293] [D] [SingleNodeWorker] [WorkerThread-17] [] [SourceThread.cpp:226] [tryStop] SourceThread 2: thread is not running[m
[32m[10:22:25.739415] [I] [SingleNodeWorker] [WorkerThread-11] [] [SequenceShredder.cpp:55] [~SequenceShredder] Successfully validated SequenceShredder[m
[36m[10:22:27.535438] [D] [Not A Worker] [unnamed] [] [BufferManager.cpp:110] [initialize] NES memory allocation requires 1 out of 540577120256 (so 1.8498748143954595e-10%) available bytes[m
[36m[10:22:27.535541] [D] [Not A Worker] [unnamed] [] [BufferManager.cpp:160] [initialize] BufferManager configuration bufferSize=1 numOfBuffers=1[m
[36m[10:22:27.536930] [D] [Not A Worker] [unnamed] [] [PipeliningPhase.cpp:365] [apply] Constructed pipeline plan with 1 root pipelines.
PipelinedQueryPlan for Query: 3
Number of root pipelines: 1
------------------
Root Pipeline 0:
  Pipeline(ID(7), Provider(COMPILER))
  Operator chain:
    PhysicalOperator(NES::SourcePhysicalOperator)
  Successor Pipeline:
    Pipeline(ID(8), Provider(None))
      Operator chain:
        PhysicalOperator(NES::ScanPhysicalOperator)
          PhysicalOperator(NES::MapPhysicalOperator)
            PhysicalOperator(NES::EmitPhysicalOperator)
      Successor Pipeline:
        Pipeline(ID(9), Provider(None))
          Operator chain:
            PhysicalOperator(NES::SinkPhysicalOperator)

[m
[32m[10:22:27.537232] [I] [Not A Worker] [unnamed] [] [NodeEngine.cpp:55] [registerQuery] Register 3[m
[36m[10:22:27.540197] [D] [Not A Worker] [unnamed] [] [SinkProvider.cpp:30] [lower] The sinkDescriptor is: SinkDescriptor: (name: variant("EXTRA_SINK"), type: Void, Config: )[m
[36m[10:22:27.540469] [D] [SingleNodeWorker] [WorkerThread-54] [Task:3-9] [VoidSink.cpp:37] [start] Setting up void sink: VoidSink[m
[36m[10:22:27.643465] [D] [SingleNodeWorker] [WorkerThread-26] [] [SourceThread.cpp:184] [start] Starting source with originId: 2[m
[36m[10:22:27.645775] [D] [SingleNodeWorker] [WorkerThread-26] [Task:3-8] [BufferManager.cpp:65] [~BufferManager] Calling BufferManager::destroy()[m
[36m[10:22:27.645798] [D] [SingleNodeWorker] [WorkerThread-26] [Task:3-8] [BufferManager.cpp:93] [~BufferManager] Shutting down Buffer Manager completed[m
[36m[10:22:28.285222] [D] [SingleNodeWorker] [WorkerThread-57] [Task:3] [SourceThread.cpp:230] [tryStop] SourceThread 2: attempting to stop source[m
[36m[10:22:28.285272] [D] [SingleNodeWorker] [WorkerThread-57] [Task:3] [SourceThread.cpp:248] [tryStop] SourceThread 2: stopped[m
[32m[10:22:28.310869] [I] [SingleNodeWorker] [WorkerThread-4] [Task:3-9] [VoidSink.cpp:42] [stop] Void Sink completed.[m
[36m[10:22:28.311032] [D] [SingleNodeWorker] [WorkerThread-4] [] [SourceThread.cpp:226] [tryStop] SourceThread 2: thread is not running[m
[32m[10:22:28.311139] [I] [SingleNodeWorker] [WorkerThread-1] [] [SequenceShredder.cpp:55] [~SequenceShredder] Successfully validated SequenceShredder[m
[36m[10:22:30.226626] [D] [Not A Worker] [unnamed] [] [BufferManager.cpp:110] [initialize] NES memory allocation requires 1 out of 540577120256 (so 1.8498748143954595e-10%) available bytes[m
[36m[10:22:30.226739] [D] [Not A Worker] [unnamed] [] [BufferManager.cpp:160] [initialize] BufferManager configuration bufferSize=1 numOfBuffers=1[m
[36m[10:22:30.228204] [D] [Not A Worker] [unnamed] [] [PipeliningPhase.cpp:365] [apply] Constructed pipeline plan with 1 root pipelines.
PipelinedQueryPlan for Query: 4
Number of root pipelines: 1
------------------
Root Pipeline 0:
  Pipeline(ID(10), Provider(COMPILER))
  Operator chain:
    PhysicalOperator(NES::SourcePhysicalOperator)
  Successor Pipeline:
    Pipeline(ID(11), Provider(None))
      Operator chain:
        PhysicalOperator(NES::ScanPhysicalOperator)
          PhysicalOperator(NES::MapPhysicalOperator)
            PhysicalOperator(NES::EmitPhysicalOperator)
      Successor Pipeline:
        Pipeline(ID(12), Provider(None))
          Operator chain:
            PhysicalOperator(NES::SinkPhysicalOperator)

[m
[32m[10:22:30.228513] [I] [Not A Worker] [unnamed] [] [NodeEngine.cpp:55] [registerQuery] Register 4[m
[36m[10:22:30.232266] [D] [Not A Worker] [unnamed] [] [SinkProvider.cpp:30] [lower] The sinkDescriptor is: SinkDescriptor: (name: variant("EXTRA_SINK"), type: Void, Config: )[m
[36m[10:22:30.232794] [D] [SingleNodeWorker] [WorkerThread-1] [Task:4-12] [VoidSink.cpp:37] [start] Setting up void sink: VoidSink[m
[36m[10:22:30.344121] [D] [SingleNodeWorker] [WorkerThread-7] [] [SourceThread.cpp:184] [start] Starting source with originId: 2[m
[36m[10:22:30.346604] [D] [SingleNodeWorker] [WorkerThread-7] [Task:4-11] [BufferManager.cpp:65] [~BufferManager] Calling BufferManager::destroy()[m
[36m[10:22:30.346634] [D] [SingleNodeWorker] [WorkerThread-7] [Task:4-11] [BufferManager.cpp:93] [~BufferManager] Shutting down Buffer Manager completed[m
[36m[10:22:30.938539] [D] [SingleNodeWorker] [WorkerThread-18] [Task:4] [SourceThread.cpp:230] [tryStop] SourceThread 2: attempting to stop source[m
[36m[10:22:30.938590] [D] [SingleNodeWorker] [WorkerThread-18] [Task:4] [SourceThread.cpp:248] [tryStop] SourceThread 2: stopped[m
[32m[10:22:30.964423] [I] [SingleNodeWorker] [WorkerThread-27] [] [SequenceShredder.cpp:55] [~SequenceShredder] Successfully validated SequenceShredder[m
[32m[10:22:30.964505] [I] [SingleNodeWorker] [WorkerThread-34] [Task:4-12] [VoidSink.cpp:42] [stop] Void Sink completed.[m
[36m[10:22:30.964632] [D] [SingleNodeWorker] [WorkerThread-34] [] [SourceThread.cpp:226] [tryStop] SourceThread 2: thread is not running[m
[36m[10:22:32.812704] [D] [Not A Worker] [unnamed] [] [BufferManager.cpp:110] [initialize] NES memory allocation requires 1 out of 540577120256 (so 1.8498748143954595e-10%) available bytes[m
[36m[10:22:32.812819] [D] [Not A Worker] [unnamed] [] [BufferManager.cpp:160] [initialize] BufferManager configuration bufferSize=1 numOfBuffers=1[m
[36m[10:22:32.814344] [D] [Not A Worker] [unnamed] [] [PipeliningPhase.cpp:365] [apply] Constructed pipeline plan with 1 root pipelines.
PipelinedQueryPlan for Query: 5
Number of root pipelines: 1
------------------
Root Pipeline 0:
  Pipeline(ID(13), Provider(COMPILER))
  Operator chain:
    PhysicalOperator(NES::SourcePhysicalOperator)
  Successor Pipeline:
    Pipeline(ID(14), Provider(None))
      Operator chain:
        PhysicalOperator(NES::ScanPhysicalOperator)
          PhysicalOperator(NES::MapPhysicalOperator)
            PhysicalOperator(NES::EmitPhysicalOperator)
      Successor Pipeline:
        Pipeline(ID(15), Provider(None))
          Operator chain:
            PhysicalOperator(NES::SinkPhysicalOperator)

[m
[32m[10:22:32.814641] [I] [Not A Worker] [unnamed] [] [NodeEngine.cpp:55] [registerQuery] Register 5[m
[36m[10:22:32.817956] [D] [Not A Worker] [unnamed] [] [SinkProvider.cpp:30] [lower] The sinkDescriptor is: SinkDescriptor: (name: variant("EXTRA_SINK"), type: Void, Config: )[m
[36m[10:22:32.818528] [D] [SingleNodeWorker] [WorkerThread-17] [Task:5-15] [VoidSink.cpp:37] [start] Setting up void sink: VoidSink[m
[36m[10:22:32.928975] [D] [SingleNodeWorker] [WorkerThread-13] [] [SourceThread.cpp:184] [start] Starting source with originId: 2[m
[36m[10:22:32.933721] [D] [SingleNodeWorker] [WorkerThread-57] [Task:5-14] [BufferManager.cpp:65] [~BufferManager] Calling BufferManager::destroy()[m
[36m[10:22:32.933796] [D] [SingleNodeWorker] [WorkerThread-57] [Task:5-14] [BufferManager.cpp:93] [~BufferManager] Shutting down Buffer Manager completed[m
[36m[10:22:33.490518] [D] [SingleNodeWorker] [WorkerThread-35] [Task:5] [SourceThread.cpp:230] [tryStop] SourceThread 2: attempting to stop source[m
[36m[10:22:33.490583] [D] [SingleNodeWorker] [WorkerThread-35] [Task:5] [SourceThread.cpp:248] [tryStop] SourceThread 2: stopped[m
[32m[10:22:33.516304] [I] [SingleNodeWorker] [WorkerThread-8] [Task:5-15] [VoidSink.cpp:42] [stop] Void Sink completed.[m
[36m[10:22:33.516432] [D] [SingleNodeWorker] [WorkerThread-8] [] [SourceThread.cpp:226] [tryStop] SourceThread 2: thread is not running[m
[32m[10:22:33.516486] [I] [SingleNodeWorker] [WorkerThread-34] [] [SequenceShredder.cpp:55] [~SequenceShredder] Successfully validated SequenceShredder[m
[36m[10:22:35.307565] [D] [Not A Worker] [unnamed] [] [BufferManager.cpp:110] [initialize] NES memory allocation requires 1 out of 540577120256 (so 1.8498748143954595e-10%) available bytes[m
[36m[10:22:35.307690] [D] [Not A Worker] [unnamed] [] [BufferManager.cpp:160] [initialize] BufferManager configuration bufferSize=1 numOfBuffers=1[m
[36m[10:22:35.309281] [D] [Not A Worker] [unnamed] [] [PipeliningPhase.cpp:365] [apply] Constructed pipeline plan with 1 root pipelines.
PipelinedQueryPlan for Query: 6
Number of root pipelines: 1
------------------
Root Pipeline 0:
  Pipeline(ID(16), Provider(COMPILER))
  Operator chain:
    PhysicalOperator(NES::SourcePhysicalOperator)
  Successor Pipeline:
    Pipeline(ID(17), Provider(None))
      Operator chain:
        PhysicalOperator(NES::ScanPhysicalOperator)
          PhysicalOperator(NES::MapPhysicalOperator)
            PhysicalOperator(NES::EmitPhysicalOperator)
      Successor Pipeline:
        Pipeline(ID(18), Provider(None))
          Operator chain:
            PhysicalOperator(NES::SinkPhysicalOperator)

[m
[32m[10:22:35.309597] [I] [Not A Worker] [unnamed] [] [NodeEngine.cpp:55] [registerQuery] Register 6[m
[36m[10:22:35.312960] [D] [Not A Worker] [unnamed] [] [SinkProvider.cpp:30] [lower] The sinkDescriptor is: SinkDescriptor: (name: variant("EXTRA_SINK"), type: Void, Config: )[m
[36m[10:22:35.313557] [D] [SingleNodeWorker] [WorkerThread-4] [Task:6-18] [VoidSink.cpp:37] [start] Setting up void sink: VoidSink[m
[36m[10:22:35.424229] [D] [SingleNodeWorker] [WorkerThread-53] [] [SourceThread.cpp:184] [start] Starting source with originId: 2[m
[36m[10:22:35.429089] [D] [SingleNodeWorker] [WorkerThread-2] [Task:6-17] [BufferManager.cpp:65] [~BufferManager] Calling BufferManager::destroy()[m
[36m[10:22:35.429167] [D] [SingleNodeWorker] [WorkerThread-2] [Task:6-17] [BufferManager.cpp:93] [~BufferManager] Shutting down Buffer Manager completed[m
[36m[10:22:35.943994] [D] [SingleNodeWorker] [WorkerThread-6] [Task:6] [SourceThread.cpp:230] [tryStop] SourceThread 2: attempting to stop source[m
[36m[10:22:35.944076] [D] [SingleNodeWorker] [WorkerThread-6] [Task:6] [SourceThread.cpp:248] [tryStop] SourceThread 2: stopped[m
[32m[10:22:35.970254] [I] [SingleNodeWorker] [WorkerThread-49] [Task:6-18] [VoidSink.cpp:42] [stop] Void Sink completed.[m
[36m[10:22:35.970405] [D] [SingleNodeWorker] [WorkerThread-49] [] [SourceThread.cpp:226] [tryStop] SourceThread 2: thread is not running[m
[32m[10:22:35.970583] [I] [SingleNodeWorker] [WorkerThread-31] [] [SequenceShredder.cpp:55] [~SequenceShredder] Successfully validated SequenceShredder[m
[36m[10:22:37.793383] [D] [Not A Worker] [unnamed] [] [BufferManager.cpp:110] [initialize] NES memory allocation requires 1 out of 540577120256 (so 1.8498748143954595e-10%) available bytes[m
[36m[10:22:37.793505] [D] [Not A Worker] [unnamed] [] [BufferManager.cpp:160] [initialize] BufferManager configuration bufferSize=1 numOfBuffers=1[m
[36m[10:22:37.794955] [D] [Not A Worker] [unnamed] [] [PipeliningPhase.cpp:365] [apply] Constructed pipeline plan with 1 root pipelines.
PipelinedQueryPlan for Query: 7
Number of root pipelines: 1
------------------
Root Pipeline 0:
  Pipeline(ID(19), Provider(COMPILER))
  Operator chain:
    PhysicalOperator(NES::SourcePhysicalOperator)
  Successor Pipeline:
    Pipeline(ID(20), Provider(None))
      Operator chain:
        PhysicalOperator(NES::ScanPhysicalOperator)
          PhysicalOperator(NES::MapPhysicalOperator)
            PhysicalOperator(NES::EmitPhysicalOperator)
      Successor Pipeline:
        Pipeline(ID(21), Provider(None))
          Operator chain:
            PhysicalOperator(NES::SinkPhysicalOperator)

[m
[32m[10:22:37.795270] [I] [Not A Worker] [unnamed] [] [NodeEngine.cpp:55] [registerQuery] Register 7[m
[36m[10:22:37.798836] [D] [Not A Worker] [unnamed] [] [SinkProvider.cpp:30] [lower] The sinkDescriptor is: SinkDescriptor: (name: variant("EXTRA_SINK"), type: Void, Config: )[m
[36m[10:22:37.799773] [D] [SingleNodeWorker] [WorkerThread-25] [Task:7-21] [VoidSink.cpp:37] [start] Setting up void sink: VoidSink[m
[36m[10:22:37.911660] [D] [SingleNodeWorker] [WorkerThread-25] [] [SourceThread.cpp:184] [start] Starting source with originId: 2[m
[36m[10:22:37.916441] [D] [SingleNodeWorker] [WorkerThread-35] [Task:7-20] [BufferManager.cpp:65] [~BufferManager] Calling BufferManager::destroy()[m
[36m[10:22:37.916533] [D] [SingleNodeWorker] [WorkerThread-35] [Task:7-20] [BufferManager.cpp:93] [~BufferManager] Shutting down Buffer Manager completed[m
[36m[10:22:38.403405] [D] [SingleNodeWorker] [WorkerThread-39] [Task:7] [SourceThread.cpp:230] [tryStop] SourceThread 2: attempting to stop source[m
[36m[10:22:38.403452] [D] [SingleNodeWorker] [WorkerThread-39] [Task:7] [SourceThread.cpp:248] [tryStop] SourceThread 2: stopped[m
[32m[10:22:38.429131] [I] [SingleNodeWorker] [WorkerThread-20] [Task:7-21] [VoidSink.cpp:42] [stop] Void Sink completed.[m
[36m[10:22:38.429251] [D] [SingleNodeWorker] [WorkerThread-20] [] [SourceThread.cpp:226] [tryStop] SourceThread 2: thread is not running[m
[32m[10:22:38.429257] [I] [SingleNodeWorker] [WorkerThread-35] [] [SequenceShredder.cpp:55] [~SequenceShredder] Successfully validated SequenceShredder[m
[36m[10:22:40.248059] [D] [Not A Worker] [unnamed] [] [BufferManager.cpp:110] [initialize] NES memory allocation requires 1 out of 540577120256 (so 1.8498748143954595e-10%) available bytes[m
[36m[10:22:40.248176] [D] [Not A Worker] [unnamed] [] [BufferManager.cpp:160] [initialize] BufferManager configuration bufferSize=1 numOfBuffers=1[m
[36m[10:22:40.249620] [D] [Not A Worker] [unnamed] [] [PipeliningPhase.cpp:365] [apply] Constructed pipeline plan with 1 root pipelines.
PipelinedQueryPlan for Query: 8
Number of root pipelines: 1
------------------
Root Pipeline 0:
  Pipeline(ID(22), Provider(COMPILER))
  Operator chain:
    PhysicalOperator(NES::SourcePhysicalOperator)
  Successor Pipeline:
    Pipeline(ID(23), Provider(None))
      Operator chain:
        PhysicalOperator(NES::ScanPhysicalOperator)
          PhysicalOperator(NES::MapPhysicalOperator)
            PhysicalOperator(NES::EmitPhysicalOperator)
      Successor Pipeline:
        Pipeline(ID(24), Provider(None))
          Operator chain:
            PhysicalOperator(NES::SinkPhysicalOperator)

[m
[32m[10:22:40.249934] [I] [Not A Worker] [unnamed] [] [NodeEngine.cpp:55] [registerQuery] Register 8[m
[36m[10:22:40.253221] [D] [Not A Worker] [unnamed] [] [SinkProvider.cpp:30] [lower] The sinkDescriptor is: SinkDescriptor: (name: variant("EXTRA_SINK"), type: Void, Config: )[m
[36m[10:22:40.253729] [D] [SingleNodeWorker] [WorkerThread-22] [Task:8-24] [VoidSink.cpp:37] [start] Setting up void sink: VoidSink[m
[36m[10:22:40.360273] [D] [SingleNodeWorker] [WorkerThread-6] [] [SourceThread.cpp:184] [start] Starting source with originId: 2[m
[36m[10:22:40.365034] [D] [SingleNodeWorker] [WorkerThread-24] [Task:8-23] [BufferManager.cpp:65] [~BufferManager] Calling BufferManager::destroy()[m
[36m[10:22:40.365130] [D] [SingleNodeWorker] [WorkerThread-24] [Task:8-23] [BufferManager.cpp:93] [~BufferManager] Shutting down Buffer Manager completed[m
[36m[10:22:41.927502] [D] [SingleNodeWorker] [WorkerThread-45] [Task:8] [SourceThread.cpp:230] [tryStop] SourceThread 2: attempting to stop source[m
[36m[10:22:41.927557] [D] [SingleNodeWorker] [WorkerThread-45] [Task:8] [SourceThread.cpp:248] [tryStop] SourceThread 2: stopped[m
[32m[10:22:41.953358] [I] [SingleNodeWorker] [WorkerThread-62] [Task:8-24] [VoidSink.cpp:42] [stop] Void Sink completed.[m
[36m[10:22:41.953485] [D] [SingleNodeWorker] [WorkerThread-62] [] [SourceThread.cpp:226] [tryStop] SourceThread 2: thread is not running[m
[32m[10:22:41.953684] [I] [SingleNodeWorker] [WorkerThread-54] [] [SequenceShredder.cpp:55] [~SequenceShredder] Successfully validated SequenceShredder[m
[36m[10:22:43.741709] [D] [Not A Worker] [unnamed] [] [BufferManager.cpp:110] [initialize] NES memory allocation requires 1 out of 540577120256 (so 1.8498748143954595e-10%) available bytes[m
[36m[10:22:43.741827] [D] [Not A Worker] [unnamed] [] [BufferManager.cpp:160] [initialize] BufferManager configuration bufferSize=1 numOfBuffers=1[m
[36m[10:22:43.743564] [D] [Not A Worker] [unnamed] [] [PipeliningPhase.cpp:365] [apply] Constructed pipeline plan with 1 root pipelines.
PipelinedQueryPlan for Query: 9
Number of root pipelines: 1
------------------
Root Pipeline 0:
  Pipeline(ID(25), Provider(COMPILER))
  Operator chain:
    PhysicalOperator(NES::SourcePhysicalOperator)
  Successor Pipeline:
    Pipeline(ID(26), Provider(None))
      Operator chain:
        PhysicalOperator(NES::ScanPhysicalOperator)
          PhysicalOperator(NES::MapPhysicalOperator)
            PhysicalOperator(NES::EmitPhysicalOperator)
      Successor Pipeline:
        Pipeline(ID(27), Provider(None))
          Operator chain:
            PhysicalOperator(NES::SinkPhysicalOperator)

[m
[32m[10:22:43.743803] [I] [Not A Worker] [unnamed] [] [NodeEngine.cpp:55] [registerQuery] Register 9[m
[36m[10:22:43.746930] [D] [Not A Worker] [unnamed] [] [SinkProvider.cpp:30] [lower] The sinkDescriptor is: SinkDescriptor: (name: variant("EXTRA_SINK"), type: Void, Config: )[m
[36m[10:22:43.747540] [D] [SingleNodeWorker] [WorkerThread-29] [Task:9-27] [VoidSink.cpp:37] [start] Setting up void sink: VoidSink[m
[36m[10:22:43.859156] [D] [SingleNodeWorker] [WorkerThread-19] [] [SourceThread.cpp:184] [start] Starting source with originId: 2[m
[36m[10:22:43.865172] [D] [SingleNodeWorker] [WorkerThread-48] [Task:9-26] [BufferManager.cpp:65] [~BufferManager] Calling BufferManager::destroy()[m
[36m[10:22:43.865266] [D] [SingleNodeWorker] [WorkerThread-48] [Task:9-26] [BufferManager.cpp:93] [~BufferManager] Shutting down Buffer Manager completed[m
[36m[10:22:44.334107] [D] [SingleNodeWorker] [WorkerThread-53] [Task:9] [SourceThread.cpp:230] [tryStop] SourceThread 2: attempting to stop source[m
[36m[10:22:44.334160] [D] [SingleNodeWorker] [WorkerThread-53] [Task:9] [SourceThread.cpp:248] [tryStop] SourceThread 2: stopped[m
[32m[10:22:44.360040] [I] [SingleNodeWorker] [WorkerThread-43] [Task:9-27] [VoidSink.cpp:42] [stop] Void Sink completed.[m
[36m[10:22:44.360179] [D] [SingleNodeWorker] [WorkerThread-43] [] [SourceThread.cpp:226] [tryStop] SourceThread 2: thread is not running[m
[32m[10:22:44.360301] [I] [SingleNodeWorker] [WorkerThread-50] [] [SequenceShredder.cpp:55] [~SequenceShredder] Successfully validated SequenceShredder[m
[36m[10:22:46.304453] [D] [Not A Worker] [unnamed] [] [BufferManager.cpp:110] [initialize] NES memory allocation requires 1 out of 540577120256 (so 1.8498748143954595e-10%) available bytes[m
[36m[10:22:46.304568] [D] [Not A Worker] [unnamed] [] [BufferManager.cpp:160] [initialize] BufferManager configuration bufferSize=1 numOfBuffers=1[m
[36m[10:22:46.306014] [D] [Not A Worker] [unnamed] [] [PipeliningPhase.cpp:365] [apply] Constructed pipeline plan with 1 root pipelines.
PipelinedQueryPlan for Query: 10
Number of root pipelines: 1
------------------
Root Pipeline 0:
  Pipeline(ID(28), Provider(COMPILER))
  Operator chain:
    PhysicalOperator(NES::SourcePhysicalOperator)
  Successor Pipeline:
    Pipeline(ID(29), Provider(None))
      Operator chain:
        PhysicalOperator(NES::ScanPhysicalOperator)
          PhysicalOperator(NES::MapPhysicalOperator)
            PhysicalOperator(NES::EmitPhysicalOperator)
      Successor Pipeline:
        Pipeline(ID(30), Provider(None))
          Operator chain:
            PhysicalOperator(NES::SinkPhysicalOperator)

[m
[32m[10:22:46.306322] [I] [Not A Worker] [unnamed] [] [NodeEngine.cpp:55] [registerQuery] Register 10[m
[36m[10:22:46.309076] [D] [Not A Worker] [unnamed] [] [SinkProvider.cpp:30] [lower] The sinkDescriptor is: SinkDescriptor: (name: variant("EXTRA_SINK"), type: Void, Config: )[m
[36m[10:22:46.309589] [D] [SingleNodeWorker] [WorkerThread-26] [Task:10-30] [VoidSink.cpp:37] [start] Setting up void sink: VoidSink[m
[36m[10:22:46.420477] [D] [SingleNodeWorker] [WorkerThread-61] [] [SourceThread.cpp:184] [start] Starting source with originId: 2[m
[36m[10:22:46.425345] [D] [SingleNodeWorker] [WorkerThread-7] [Task:10-29] [BufferManager.cpp:65] [~BufferManager] Calling BufferManager::destroy()[m
[36m[10:22:46.425430] [D] [SingleNodeWorker] [WorkerThread-7] [Task:10-29] [BufferManager.cpp:93] [~BufferManager] Shutting down Buffer Manager completed[m
[36m[10:22:47.054099] [D] [SingleNodeWorker] [WorkerThread-52] [Task:10] [SourceThread.cpp:230] [tryStop] SourceThread 2: attempting to stop source[m
[36m[10:22:47.054180] [D] [SingleNodeWorker] [WorkerThread-52] [Task:10] [SourceThread.cpp:248] [tryStop] SourceThread 2: stopped[m
[32m[10:22:47.080554] [I] [SingleNodeWorker] [WorkerThread-39] [Task:10-30] [VoidSink.cpp:42] [stop] Void Sink completed.[m
[36m[10:22:47.080687] [D] [SingleNodeWorker] [WorkerThread-39] [] [SourceThread.cpp:226] [tryStop] SourceThread 2: thread is not running[m
[32m[10:22:47.080817] [I] [SingleNodeWorker] [WorkerThread-49] [] [SequenceShredder.cpp:55] [~SequenceShredder] Successfully validated SequenceShredder[m
[36m[10:22:48.974306] [D] [Not A Worker] [unnamed] [] [BufferManager.cpp:110] [initialize] NES memory allocation requires 1 out of 540577120256 (so 1.8498748143954595e-10%) available bytes[m
[36m[10:22:48.974424] [D] [Not A Worker] [unnamed] [] [BufferManager.cpp:160] [initialize] BufferManager configuration bufferSize=1 numOfBuffers=1[m
[36m[10:22:48.974945] [D] [Not A Worker] [unnamed] [] [PipeliningPhase.cpp:365] [apply] Constructed pipeline plan with 1 root pipelines.
PipelinedQueryPlan for Query: 11
Number of root pipelines: 1
------------------
Root Pipeline 0:
  Pipeline(ID(31), Provider(COMPILER))
  Operator chain:
    PhysicalOperator(NES::SourcePhysicalOperator)
  Successor Pipeline:
    Pipeline(ID(32), Provider(None))
      Operator chain:
        PhysicalOperator(NES::ScanPhysicalOperator)
          PhysicalOperator(NES::SelectionPhysicalOperator)
            PhysicalOperator(NES::MapPhysicalOperator)
              PhysicalOperator(NES::EmitPhysicalOperator)
      Successor Pipeline:
        Pipeline(ID(33), Provider(None))
          Operator chain:
            PhysicalOperator(NES::SinkPhysicalOperator)

[m
[32m[10:22:48.975259] [I] [Not A Worker] [unnamed] [] [NodeEngine.cpp:55] [registerQuery] Register 11[m
[36m[10:22:48.978694] [D] [Not A Worker] [unnamed] [] [SinkProvider.cpp:30] [lower] The sinkDescriptor is: SinkDescriptor: (name: variant("PERSON_ID_SINK"), type: Void, Config: )[m
[36m[10:22:48.979305] [D] [SingleNodeWorker] [WorkerThread-21] [Task:11-33] [VoidSink.cpp:37] [start] Setting up void sink: VoidSink[m
[36m[10:22:49.211520] [D] [SingleNodeWorker] [WorkerThread-37] [] [SourceThread.cpp:184] [start] Starting source with originId: 2[m
[36m[10:22:49.216759] [D] [SingleNodeWorker] [WorkerThread-37] [Task:11-32] [BufferManager.cpp:65] [~BufferManager] Calling BufferManager::destroy()[m
[36m[10:22:49.216855] [D] [SingleNodeWorker] [WorkerThread-37] [Task:11-32] [BufferManager.cpp:93] [~BufferManager] Shutting down Buffer Manager completed[m
[36m[10:22:50.059914] [D] [SingleNodeWorker] [WorkerThread-9] [Task:11] [SourceThread.cpp:230] [tryStop] SourceThread 2: attempting to stop source[m
[36m[10:22:50.060027] [D] [SingleNodeWorker] [WorkerThread-9] [Task:11] [SourceThread.cpp:248] [tryStop] SourceThread 2: stopped[m
[32m[10:22:50.086131] [I] [SingleNodeWorker] [WorkerThread-9] [Task:11-33] [VoidSink.cpp:42] [stop] Void Sink completed.[m
[36m[10:22:50.086258] [D] [SingleNodeWorker] [WorkerThread-9] [] [SourceThread.cpp:226] [tryStop] SourceThread 2: thread is not running[m
[32m[10:22:50.086259] [I] [SingleNodeWorker] [WorkerThread-45] [] [SequenceShredder.cpp:55] [~SequenceShredder] Successfully validated SequenceShredder[m
[36m[10:22:51.932358] [D] [Not A Worker] [unnamed] [] [BufferManager.cpp:110] [initialize] NES memory allocation requires 1 out of 540577120256 (so 1.8498748143954595e-10%) available bytes[m
[36m[10:22:51.932472] [D] [Not A Worker] [unnamed] [] [BufferManager.cpp:160] [initialize] BufferManager configuration bufferSize=1 numOfBuffers=1[m
[36m[10:22:51.932977] [D] [Not A Worker] [unnamed] [] [PipeliningPhase.cpp:365] [apply] Constructed pipeline plan with 1 root pipelines.
PipelinedQueryPlan for Query: 12
Number of root pipelines: 1
------------------
Root Pipeline 0:
  Pipeline(ID(34), Provider(COMPILER))
  Operator chain:
    PhysicalOperator(NES::SourcePhysicalOperator)
  Successor Pipeline:
    Pipeline(ID(35), Provider(None))
      Operator chain:
        PhysicalOperator(NES::ScanPhysicalOperator)
          PhysicalOperator(NES::SelectionPhysicalOperator)
            PhysicalOperator(NES::MapPhysicalOperator)
              PhysicalOperator(NES::EmitPhysicalOperator)
      Successor Pipeline:
        Pipeline(ID(36), Provider(None))
          Operator chain:
            PhysicalOperator(NES::SinkPhysicalOperator)

[m
[32m[10:22:51.933286] [I] [Not A Worker] [unnamed] [] [NodeEngine.cpp:55] [registerQuery] Register 12[m
[36m[10:22:51.937023] [D] [Not A Worker] [unnamed] [] [SinkProvider.cpp:30] [lower] The sinkDescriptor is: SinkDescriptor: (name: variant("PERSON_ID_SINK"), type: Void, Config: )[m
[36m[10:22:51.937424] [D] [SingleNodeWorker] [WorkerThread-56] [Task:12-36] [VoidSink.cpp:37] [start] Setting up void sink: VoidSink[m
[36m[10:22:52.167192] [D] [SingleNodeWorker] [WorkerThread-50] [] [SourceThread.cpp:184] [start] Starting source with originId: 2[m
[36m[10:22:52.172151] [D] [SingleNodeWorker] [WorkerThread-8] [Task:12-35] [BufferManager.cpp:65] [~BufferManager] Calling BufferManager::destroy()[m
[36m[10:22:52.172235] [D] [SingleNodeWorker] [WorkerThread-8] [Task:12-35] [BufferManager.cpp:93] [~BufferManager] Shutting down Buffer Manager completed[m
[36m[10:22:53.107376] [D] [SingleNodeWorker] [WorkerThread-9] [Task:12] [SourceThread.cpp:230] [tryStop] SourceThread 2: attempting to stop source[m
[36m[10:22:53.107430] [D] [SingleNodeWorker] [WorkerThread-9] [Task:12] [SourceThread.cpp:248] [tryStop] SourceThread 2: stopped[m
[32m[10:22:53.133599] [I] [SingleNodeWorker] [WorkerThread-36] [] [SequenceShredder.cpp:55] [~SequenceShredder] Successfully validated SequenceShredder[m
[32m[10:22:53.133646] [I] [SingleNodeWorker] [WorkerThread-29] [Task:12-36] [VoidSink.cpp:42] [stop] Void Sink completed.[m
[36m[10:22:53.133804] [D] [SingleNodeWorker] [WorkerThread-29] [] [SourceThread.cpp:226] [tryStop] SourceThread 2: thread is not running[m
[36m[10:22:54.955396] [D] [Not A Worker] [unnamed] [] [BufferManager.cpp:110] [initialize] NES memory allocation requires 1 out of 540577120256 (so 1.8498748143954595e-10%) available bytes[m
[36m[10:22:54.955510] [D] [Not A Worker] [unnamed] [] [BufferManager.cpp:160] [initialize] BufferManager configuration bufferSize=1 numOfBuffers=1[m
[36m[10:22:54.956015] [D] [Not A Worker] [unnamed] [] [PipeliningPhase.cpp:365] [apply] Constructed pipeline plan with 1 root pipelines.
PipelinedQueryPlan for Query: 13
Number of root pipelines: 1
------------------
Root Pipeline 0:
  Pipeline(ID(37), Provider(COMPILER))
  Operator chain:
    PhysicalOperator(NES::SourcePhysicalOperator)
  Successor Pipeline:
    Pipeline(ID(38), Provider(None))
      Operator chain:
        PhysicalOperator(NES::ScanPhysicalOperator)
          PhysicalOperator(NES::SelectionPhysicalOperator)
            PhysicalOperator(NES::MapPhysicalOperator)
              PhysicalOperator(NES::EmitPhysicalOperator)
      Successor Pipeline:
        Pipeline(ID(39), Provider(None))
          Operator chain:
            PhysicalOperator(NES::SinkPhysicalOperator)

[m
[32m[10:22:54.956325] [I] [Not A Worker] [unnamed] [] [NodeEngine.cpp:55] [registerQuery] Register 13[m
[36m[10:22:54.959436] [D] [Not A Worker] [unnamed] [] [SinkProvider.cpp:30] [lower] The sinkDescriptor is: SinkDescriptor: (name: variant("PERSON_ID_SINK"), type: Void, Config: )[m
[36m[10:22:54.960130] [D] [SingleNodeWorker] [WorkerThread-0] [Task:13-39] [VoidSink.cpp:37] [start] Setting up void sink: VoidSink[m
[36m[10:22:55.191143] [D] [SingleNodeWorker] [WorkerThread-12] [] [SourceThread.cpp:184] [start] Starting source with originId: 2[m
[36m[10:22:55.197755] [D] [SingleNodeWorker] [WorkerThread-51] [Task:13-38] [BufferManager.cpp:65] [~BufferManager] Calling BufferManager::destroy()[m
[36m[10:22:55.197840] [D] [SingleNodeWorker] [WorkerThread-51] [Task:13-38] [BufferManager.cpp:93] [~BufferManager] Shutting down Buffer Manager completed[m
[36m[10:22:57.183321] [D] [SingleNodeWorker] [WorkerThread-61] [Task:13] [SourceThread.cpp:230] [tryStop] SourceThread 2: attempting to stop source[m
[36m[10:22:57.183385] [D] [SingleNodeWorker] [WorkerThread-61] [Task:13] [SourceThread.cpp:248] [tryStop] SourceThread 2: stopped[m
[32m[10:22:57.209502] [I] [SingleNodeWorker] [WorkerThread-54] [Task:13-39] [VoidSink.cpp:42] [stop] Void Sink completed.[m
[32m[10:22:57.209625] [I] [SingleNodeWorker] [WorkerThread-24] [] [SequenceShredder.cpp:55] [~SequenceShredder] Successfully validated SequenceShredder[m
[36m[10:22:57.209640] [D] [SingleNodeWorker] [WorkerThread-54] [] [SourceThread.cpp:226] [tryStop] SourceThread 2: thread is not running[m
[36m[10:22:59.058559] [D] [Not A Worker] [unnamed] [] [BufferManager.cpp:110] [initialize] NES memory allocation requires 1 out of 540577120256 (so 1.8498748143954595e-10%) available bytes[m
[36m[10:22:59.058663] [D] [Not A Worker] [unnamed] [] [BufferManager.cpp:160] [initialize] BufferManager configuration bufferSize=1 numOfBuffers=1[m
[36m[10:22:59.059105] [D] [Not A Worker] [unnamed] [] [PipeliningPhase.cpp:365] [apply] Constructed pipeline plan with 1 root pipelines.
PipelinedQueryPlan for Query: 14
Number of root pipelines: 1
------------------
Root Pipeline 0:
  Pipeline(ID(40), Provider(COMPILER))
  Operator chain:
    PhysicalOperator(NES::SourcePhysicalOperator)
  Successor Pipeline:
    Pipeline(ID(41), Provider(None))
      Operator chain:
        PhysicalOperator(NES::ScanPhysicalOperator)
          PhysicalOperator(NES::SelectionPhysicalOperator)
            PhysicalOperator(NES::MapPhysicalOperator)
              PhysicalOperator(NES::EmitPhysicalOperator)
      Successor Pipeline:
        Pipeline(ID(42), Provider(None))
          Operator chain:
            PhysicalOperator(NES::SinkPhysicalOperator)

[m
[32m[10:22:59.059364] [I] [Not A Worker] [unnamed] [] [NodeEngine.cpp:55] [registerQuery] Register 14[m
[36m[10:22:59.063128] [D] [Not A Worker] [unnamed] [] [SinkProvider.cpp:30] [lower] The sinkDescriptor is: SinkDescriptor: (name: variant("PERSON_ID_SINK"), type: Void, Config: )[m
[36m[10:22:59.063788] [D] [SingleNodeWorker] [WorkerThread-47] [Task:14-42] [VoidSink.cpp:37] [start] Setting up void sink: VoidSink[m
[36m[10:22:59.287446] [D] [SingleNodeWorker] [WorkerThread-3] [] [SourceThread.cpp:184] [start] Starting source with originId: 2[m
[36m[10:22:59.292642] [D] [SingleNodeWorker] [WorkerThread-10] [Task:14-41] [BufferManager.cpp:65] [~BufferManager] Calling BufferManager::destroy()[m
[36m[10:22:59.292737] [D] [SingleNodeWorker] [WorkerThread-10] [Task:14-41] [BufferManager.cpp:93] [~BufferManager] Shutting down Buffer Manager completed[m
[36m[10:23:00.198053] [D] [SingleNodeWorker] [WorkerThread-51] [Task:14] [SourceThread.cpp:230] [tryStop] SourceThread 2: attempting to stop source[m
[36m[10:23:00.198098] [D] [SingleNodeWorker] [WorkerThread-51] [Task:14] [SourceThread.cpp:248] [tryStop] SourceThread 2: stopped[m
[32m[10:23:00.223809] [I] [SingleNodeWorker] [WorkerThread-54] [Task:14-42] [VoidSink.cpp:42] [stop] Void Sink completed.[m
[32m[10:23:00.223916] [I] [SingleNodeWorker] [WorkerThread-27] [] [SequenceShredder.cpp:55] [~SequenceShredder] Successfully validated SequenceShredder[m
[36m[10:23:00.223938] [D] [SingleNodeWorker] [WorkerThread-54] [] [SourceThread.cpp:226] [tryStop] SourceThread 2: thread is not running[m
[36m[10:23:02.135067] [D] [Not A Worker] [unnamed] [] [BufferManager.cpp:110] [initialize] NES memory allocation requires 1 out of 540577120256 (so 1.8498748143954595e-10%) available bytes[m
[36m[10:23:02.135155] [D] [Not A Worker] [unnamed] [] [BufferManager.cpp:160] [initialize] BufferManager configuration bufferSize=1 numOfBuffers=1[m
[36m[10:23:02.135570] [D] [Not A Worker] [unnamed] [] [PipeliningPhase.cpp:365] [apply] Constructed pipeline plan with 1 root pipelines.
PipelinedQueryPlan for Query: 15
Number of root pipelines: 1
------------------
Root Pipeline 0:
  Pipeline(ID(43), Provider(COMPILER))
  Operator chain:
    PhysicalOperator(NES::SourcePhysicalOperator)
  Successor Pipeline:
    Pipeline(ID(44), Provider(None))
      Operator chain:
        PhysicalOperator(NES::ScanPhysicalOperator)
          PhysicalOperator(NES::SelectionPhysicalOperator)
            PhysicalOperator(NES::MapPhysicalOperator)
              PhysicalOperator(NES::EmitPhysicalOperator)
      Successor Pipeline:
        Pipeline(ID(45), Provider(None))
          Operator chain:
            PhysicalOperator(NES::SinkPhysicalOperator)

[m
[32m[10:23:02.135802] [I] [Not A Worker] [unnamed] [] [NodeEngine.cpp:55] [registerQuery] Register 15[m
[36m[10:23:02.139946] [D] [Not A Worker] [unnamed] [] [SinkProvider.cpp:30] [lower] The sinkDescriptor is: SinkDescriptor: (name: variant("PERSON_ID_SINK"), type: Void, Config: )[m
[36m[10:23:02.140443] [D] [SingleNodeWorker] [WorkerThread-16] [Task:15-45] [VoidSink.cpp:37] [start] Setting up void sink: VoidSink[m
[36m[10:23:02.365578] [D] [SingleNodeWorker] [WorkerThread-15] [] [SourceThread.cpp:184] [start] Starting source with originId: 2[m
[36m[10:23:02.371651] [D] [SingleNodeWorker] [WorkerThread-23] [Task:15-44] [BufferManager.cpp:65] [~BufferManager] Calling BufferManager::destroy()[m
[36m[10:23:02.371744] [D] [SingleNodeWorker] [WorkerThread-23] [Task:15-44] [BufferManager.cpp:93] [~BufferManager] Shutting down Buffer Manager completed[m
[36m[10:23:03.641425] [D] [SingleNodeWorker] [WorkerThread-29] [Task:15] [SourceThread.cpp:230] [tryStop] SourceThread 2: attempting to stop source[m
[36m[10:23:03.641474] [D] [SingleNodeWorker] [WorkerThread-29] [Task:15] [SourceThread.cpp:248] [tryStop] SourceThread 2: stopped[m
[32m[10:23:03.667461] [I] [SingleNodeWorker] [WorkerThread-11] [Task:15-45] [VoidSink.cpp:42] [stop] Void Sink completed.[m
[36m[10:23:03.667578] [D] [SingleNodeWorker] [WorkerThread-11] [] [SourceThread.cpp:226] [tryStop] SourceThread 2: thread is not running[m
[32m[10:23:03.667589] [I] [SingleNodeWorker] [WorkerThread-21] [] [SequenceShredder.cpp:55] [~SequenceShredder] Successfully validated SequenceShredder[m
[36m[10:23:05.543959] [D] [Not A Worker] [unnamed] [] [BufferManager.cpp:110] [initialize] NES memory allocation requires 1 out of 540577120256 (so 1.8498748143954595e-10%) available bytes[m
[36m[10:23:05.544055] [D] [Not A Worker] [unnamed] [] [BufferManager.cpp:160] [initialize] BufferManager configuration bufferSize=1 numOfBuffers=1[m
[36m[10:23:05.544469] [D] [Not A Worker] [unnamed] [] [PipeliningPhase.cpp:365] [apply] Constructed pipeline plan with 1 root pipelines.
PipelinedQueryPlan for Query: 16
Number of root pipelines: 1
------------------
Root Pipeline 0:
  Pipeline(ID(46), Provider(COMPILER))
  Operator chain:
    PhysicalOperator(NES::SourcePhysicalOperator)
  Successor Pipeline:
    Pipeline(ID(47), Provider(None))
      Operator chain:
        PhysicalOperator(NES::ScanPhysicalOperator)
          PhysicalOperator(NES::SelectionPhysicalOperator)
            PhysicalOperator(NES::MapPhysicalOperator)
              PhysicalOperator(NES::EmitPhysicalOperator)
      Successor Pipeline:
        Pipeline(ID(48), Provider(None))
          Operator chain:
            PhysicalOperator(NES::SinkPhysicalOperator)

[m
[32m[10:23:05.544719] [I] [Not A Worker] [unnamed] [] [NodeEngine.cpp:55] [registerQuery] Register 16[m
[36m[10:23:05.549015] [D] [Not A Worker] [unnamed] [] [SinkProvider.cpp:30] [lower] The sinkDescriptor is: SinkDescriptor: (name: variant("PERSON_ID_SINK"), type: Void, Config: )[m
[36m[10:23:05.549937] [D] [SingleNodeWorker] [WorkerThread-12] [Task:16-48] [VoidSink.cpp:37] [start] Setting up void sink: VoidSink[m
[36m[10:23:05.781720] [D] [SingleNodeWorker] [WorkerThread-12] [] [SourceThread.cpp:184] [start] Starting source with originId: 2[m
[36m[10:23:05.784159] [D] [SingleNodeWorker] [WorkerThread-12] [Task:16-47] [BufferManager.cpp:65] [~BufferManager] Calling BufferManager::destroy()[m
[36m[10:23:05.784188] [D] [SingleNodeWorker] [WorkerThread-12] [Task:16-47] [BufferManager.cpp:93] [~BufferManager] Shutting down Buffer Manager completed[m
[36m[10:23:06.933624] [D] [SingleNodeWorker] [WorkerThread-41] [Task:16] [SourceThread.cpp:230] [tryStop] SourceThread 2: attempting to stop source[m
[36m[10:23:06.933686] [D] [SingleNodeWorker] [WorkerThread-41] [Task:16] [SourceThread.cpp:248] [tryStop] SourceThread 2: stopped[m
[32m[10:23:06.960165] [I] [SingleNodeWorker] [WorkerThread-5] [Task:16-48] [VoidSink.cpp:42] [stop] Void Sink completed.[m
[36m[10:23:06.960285] [D] [SingleNodeWorker] [WorkerThread-5] [] [SourceThread.cpp:226] [tryStop] SourceThread 2: thread is not running[m
[32m[10:23:06.960463] [I] [SingleNodeWorker] [WorkerThread-33] [] [SequenceShredder.cpp:55] [~SequenceShredder] Successfully validated SequenceShredder[m
[36m[10:23:08.815178] [D] [Not A Worker] [unnamed] [] [BufferManager.cpp:110] [initialize] NES memory allocation requires 1 out of 540577120256 (so 1.8498748143954595e-10%) available bytes[m
[36m[10:23:08.815289] [D] [Not A Worker] [unnamed] [] [BufferManager.cpp:160] [initialize] BufferManager configuration bufferSize=1 numOfBuffers=1[m
[36m[10:23:08.815790] [D] [Not A Worker] [unnamed] [] [PipeliningPhase.cpp:365] [apply] Constructed pipeline plan with 1 root pipelines.
PipelinedQueryPlan for Query: 17
Number of root pipelines: 1
------------------
Root Pipeline 0:
  Pipeline(ID(49), Provider(COMPILER))
  Operator chain:
    PhysicalOperator(NES::SourcePhysicalOperator)
  Successor Pipeline:
    Pipeline(ID(50), Provider(None))
      Operator chain:
        PhysicalOperator(NES::ScanPhysicalOperator)
          PhysicalOperator(NES::SelectionPhysicalOperator)
            PhysicalOperator(NES::MapPhysicalOperator)
              PhysicalOperator(NES::EmitPhysicalOperator)
      Successor Pipeline:
        Pipeline(ID(51), Provider(None))
          Operator chain:
            PhysicalOperator(NES::SinkPhysicalOperator)

[m
[32m[10:23:08.816095] [I] [Not A Worker] [unnamed] [] [NodeEngine.cpp:55] [registerQuery] Register 17[m
[36m[10:23:08.820411] [D] [Not A Worker] [unnamed] [] [SinkProvider.cpp:30] [lower] The sinkDescriptor is: SinkDescriptor: (name: variant("PERSON_ID_SINK"), type: Void, Config: )[m
[36m[10:23:08.821335] [D] [SingleNodeWorker] [WorkerThread-4] [Task:17-51] [VoidSink.cpp:37] [start] Setting up void sink: VoidSink[m
[36m[10:23:09.048296] [D] [SingleNodeWorker] [WorkerThread-34] [] [SourceThread.cpp:184] [start] Starting source with originId: 2[m
[36m[10:23:09.053626] [D] [SingleNodeWorker] [WorkerThread-12] [Task:17-50] [BufferManager.cpp:65] [~BufferManager] Calling BufferManager::destroy()[m
[36m[10:23:09.053725] [D] [SingleNodeWorker] [WorkerThread-12] [Task:17-50] [BufferManager.cpp:93] [~BufferManager] Shutting down Buffer Manager completed[m
[36m[10:23:09.918906] [D] [SingleNodeWorker] [WorkerThread-6] [Task:17] [SourceThread.cpp:230] [tryStop] SourceThread 2: attempting to stop source[m
[36m[10:23:09.918978] [D] [SingleNodeWorker] [WorkerThread-6] [Task:17] [SourceThread.cpp:248] [tryStop] SourceThread 2: stopped[m
[32m[10:23:09.944876] [I] [SingleNodeWorker] [WorkerThread-52] [Task:17-51] [VoidSink.cpp:42] [stop] Void Sink completed.[m
[36m[10:23:09.944998] [D] [SingleNodeWorker] [WorkerThread-52] [] [SourceThread.cpp:226] [tryStop] SourceThread 2: thread is not running[m
[32m[10:23:09.945089] [I] [SingleNodeWorker] [WorkerThread-59] [] [SequenceShredder.cpp:55] [~SequenceShredder] Successfully validated SequenceShredder[m
[36m[10:23:11.829423] [D] [Not A Worker] [unnamed] [] [BufferManager.cpp:110] [initialize] NES memory allocation requires 1 out of 540577120256 (so 1.8498748143954595e-10%) available bytes[m
[36m[10:23:11.829531] [D] [Not A Worker] [unnamed] [] [BufferManager.cpp:160] [initialize] BufferManager configuration bufferSize=1 numOfBuffers=1[m
[36m[10:23:11.830050] [D] [Not A Worker] [unnamed] [] [PipeliningPhase.cpp:365] [apply] Constructed pipeline plan with 1 root pipelines.
PipelinedQueryPlan for Query: 18
Number of root pipelines: 1
------------------
Root Pipeline 0:
  Pipeline(ID(52), Provider(COMPILER))
  Operator chain:
    PhysicalOperator(NES::SourcePhysicalOperator)
  Successor Pipeline:
    Pipeline(ID(53), Provider(None))
      Operator chain:
        PhysicalOperator(NES::ScanPhysicalOperator)
          PhysicalOperator(NES::SelectionPhysicalOperator)
            PhysicalOperator(NES::MapPhysicalOperator)
              PhysicalOperator(NES::EmitPhysicalOperator)
      Successor Pipeline:
        Pipeline(ID(54), Provider(None))
          Operator chain:
            PhysicalOperator(NES::SinkPhysicalOperator)

[m
[32m[10:23:11.830358] [I] [Not A Worker] [unnamed] [] [NodeEngine.cpp:55] [registerQuery] Register 18[m
[36m[10:23:11.833697] [D] [Not A Worker] [unnamed] [] [SinkProvider.cpp:30] [lower] The sinkDescriptor is: SinkDescriptor: (name: variant("PERSON_ID_SINK"), type: Void, Config: )[m
[36m[10:23:11.835010] [D] [SingleNodeWorker] [WorkerThread-12] [Task:18-54] [VoidSink.cpp:37] [start] Setting up void sink: VoidSink[m
[36m[10:23:12.060552] [D] [SingleNodeWorker] [WorkerThread-22] [] [SourceThread.cpp:184] [start] Starting source with originId: 2[m
[36m[10:23:12.065499] [D] [SingleNodeWorker] [WorkerThread-34] [Task:18-53] [BufferManager.cpp:65] [~BufferManager] Calling BufferManager::destroy()[m
[36m[10:23:12.065577] [D] [SingleNodeWorker] [WorkerThread-34] [Task:18-53] [BufferManager.cpp:93] [~BufferManager] Shutting down Buffer Manager completed[m
[36m[10:23:12.774431] [D] [SingleNodeWorker] [WorkerThread-28] [Task:18] [SourceThread.cpp:230] [tryStop] SourceThread 2: attempting to stop source[m
[36m[10:23:12.774482] [D] [SingleNodeWorker] [WorkerThread-28] [Task:18] [SourceThread.cpp:248] [tryStop] SourceThread 2: stopped[m
[32m[10:23:12.800313] [I] [SingleNodeWorker] [WorkerThread-44] [Task:18-54] [VoidSink.cpp:42] [stop] Void Sink completed.[m
[36m[10:23:12.800437] [D] [SingleNodeWorker] [WorkerThread-44] [] [SourceThread.cpp:226] [tryStop] SourceThread 2: thread is not running[m
[32m[10:23:12.800583] [I] [SingleNodeWorker] [WorkerThread-56] [] [SequenceShredder.cpp:55] [~SequenceShredder] Successfully validated SequenceShredder[m
[36m[10:23:14.662947] [D] [Not A Worker] [unnamed] [] [BufferManager.cpp:110] [initialize] NES memory allocation requires 1 out of 540577120256 (so 1.8498748143954595e-10%) available bytes[m
[36m[10:23:14.663054] [D] [Not A Worker] [unnamed] [] [BufferManager.cpp:160] [initialize] BufferManager configuration bufferSize=1 numOfBuffers=1[m
[36m[10:23:14.663574] [D] [Not A Worker] [unnamed] [] [PipeliningPhase.cpp:365] [apply] Constructed pipeline plan with 1 root pipelines.
PipelinedQueryPlan for Query: 19
Number of root pipelines: 1
------------------
Root Pipeline 0:
  Pipeline(ID(55), Provider(COMPILER))
  Operator chain:
    PhysicalOperator(NES::SourcePhysicalOperator)
  Successor Pipeline:
    Pipeline(ID(56), Provider(None))
      Operator chain:
        PhysicalOperator(NES::ScanPhysicalOperator)
          PhysicalOperator(NES::SelectionPhysicalOperator)
            PhysicalOperator(NES::MapPhysicalOperator)
              PhysicalOperator(NES::EmitPhysicalOperator)
      Successor Pipeline:
        Pipeline(ID(57), Provider(None))
          Operator chain:
            PhysicalOperator(NES::SinkPhysicalOperator)

[m
[32m[10:23:14.663901] [I] [Not A Worker] [unnamed] [] [NodeEngine.cpp:55] [registerQuery] Register 19[m
[36m[10:23:14.668505] [D] [Not A Worker] [unnamed] [] [SinkProvider.cpp:30] [lower] The sinkDescriptor is: SinkDescriptor: (name: variant("PERSON_ID_SINK"), type: Void, Config: )[m
[36m[10:23:14.669093] [D] [SingleNodeWorker] [WorkerThread-20] [Task:19-57] [VoidSink.cpp:37] [start] Setting up void sink: VoidSink[m
[36m[10:23:14.895897] [D] [SingleNodeWorker] [WorkerThread-5] [] [SourceThread.cpp:184] [start] Starting source with originId: 2[m
[36m[10:23:14.898269] [D] [SingleNodeWorker] [WorkerThread-5] [Task:19-56] [BufferManager.cpp:65] [~BufferManager] Calling BufferManager::destroy()[m
[36m[10:23:14.898292] [D] [SingleNodeWorker] [WorkerThread-5] [Task:19-56] [BufferManager.cpp:93] [~BufferManager] Shutting down Buffer Manager completed[m
[36m[10:23:15.592712] [D] [SingleNodeWorker] [WorkerThread-37] [Task:19] [SourceThread.cpp:230] [tryStop] SourceThread 2: attempting to stop source[m
[36m[10:23:15.592751] [D] [SingleNodeWorker] [WorkerThread-37] [Task:19] [SourceThread.cpp:248] [tryStop] SourceThread 2: stopped[m
[32m[10:23:15.619444] [I] [SingleNodeWorker] [WorkerThread-2] [] [SequenceShredder.cpp:55] [~SequenceShredder] Successfully validated SequenceShredder[m
[32m[10:23:15.619457] [I] [SingleNodeWorker] [WorkerThread-3] [Task:19-57] [VoidSink.cpp:42] [stop] Void Sink completed.[m
[36m[10:23:15.619640] [D] [SingleNodeWorker] [WorkerThread-3] [] [SourceThread.cpp:226] [tryStop] SourceThread 2: thread is not running[m
[36m[10:23:17.578605] [D] [Not A Worker] [unnamed] [] [BufferManager.cpp:110] [initialize] NES memory allocation requires 1 out of 540577120256 (so 1.8498748143954595e-10%) available bytes[m
[36m[10:23:17.578721] [D] [Not A Worker] [unnamed] [] [BufferManager.cpp:160] [initialize] BufferManager configuration bufferSize=1 numOfBuffers=1[m
[36m[10:23:17.579257] [D] [Not A Worker] [unnamed] [] [PipeliningPhase.cpp:365] [apply] Constructed pipeline plan with 1 root pipelines.
PipelinedQueryPlan for Query: 20
Number of root pipelines: 1
------------------
Root Pipeline 0:
  Pipeline(ID(58), Provider(COMPILER))
  Operator chain:
    PhysicalOperator(NES::SourcePhysicalOperator)
  Successor Pipeline:
    Pipeline(ID(59), Provider(None))
      Operator chain:
        PhysicalOperator(NES::ScanPhysicalOperator)
          PhysicalOperator(NES::SelectionPhysicalOperator)
            PhysicalOperator(NES::MapPhysicalOperator)
              PhysicalOperator(NES::EmitPhysicalOperator)
      Successor Pipeline:
        Pipeline(ID(60), Provider(None))
          Operator chain:
            PhysicalOperator(NES::SinkPhysicalOperator)

[m
[32m[10:23:17.579571] [I] [Not A Worker] [unnamed] [] [NodeEngine.cpp:55] [registerQuery] Register 20[m
[36m[10:23:17.583729] [D] [Not A Worker] [unnamed] [] [SinkProvider.cpp:30] [lower] The sinkDescriptor is: SinkDescriptor: (name: variant("PERSON_ID_SINK"), type: Void, Config: )[m
[36m[10:23:17.584306] [D] [SingleNodeWorker] [WorkerThread-2] [Task:20-60] [VoidSink.cpp:37] [start] Setting up void sink: VoidSink[m
[36m[10:23:17.816761] [D] [SingleNodeWorker] [WorkerThread-2] [] [SourceThread.cpp:184] [start] Starting source with originId: 2[m
[36m[10:23:17.823056] [D] [SingleNodeWorker] [WorkerThread-18] [Task:20-59] [BufferManager.cpp:65] [~BufferManager] Calling BufferManager::destroy()[m
[36m[10:23:17.823157] [D] [SingleNodeWorker] [WorkerThread-18] [Task:20-59] [BufferManager.cpp:93] [~BufferManager] Shutting down Buffer Manager completed[m
[36m[10:23:18.496472] [D] [SingleNodeWorker] [WorkerThread-57] [Task:20] [SourceThread.cpp:230] [tryStop] SourceThread 2: attempting to stop source[m
[36m[10:23:18.496526] [D] [SingleNodeWorker] [WorkerThread-57] [Task:20] [SourceThread.cpp:248] [tryStop] SourceThread 2: stopped[m
[32m[10:23:18.522634] [I] [SingleNodeWorker] [WorkerThread-40] [] [SequenceShredder.cpp:55] [~SequenceShredder] Successfully validated SequenceShredder[m
[32m[10:23:18.523190] [I] [SingleNodeWorker] [WorkerThread-25] [Task:20-60] [VoidSink.cpp:42] [stop] Void Sink completed.[m
[36m[10:23:18.523385] [D] [SingleNodeWorker] [WorkerThread-25] [] [SourceThread.cpp:226] [tryStop] SourceThread 2: thread is not running[m
[33m[1m[10:23:20.473752] [W] [Not A Worker] [unnamed] [] [SinkDescriptor.cpp:64] [getFormatType] Sinks of the type Void do not have an INPUT_FORMAT parameter.[m
[36m[10:23:20.473986] [D] [Not A Worker] [unnamed] [] [BufferManager.cpp:110] [initialize] NES memory allocation requires 1 out of 540577120256 (so 1.8498748143954595e-10%) available bytes[m
[36m[10:23:20.474049] [D] [Not A Worker] [unnamed] [] [BufferManager.cpp:160] [initialize] BufferManager configuration bufferSize=1 numOfBuffers=1[m
[36m[10:23:20.474552] [D] [Not A Worker] [unnamed] [] [PipeliningPhase.cpp:365] [apply] Constructed pipeline plan with 1 root pipelines.
PipelinedQueryPlan for Query: 21
Number of root pipelines: 1
------------------
Root Pipeline 0:
  Pipeline(ID(61), Provider(COMPILER))
  Operator chain:
    PhysicalOperator(NES::SourcePhysicalOperator)
  Successor Pipeline:
    Pipeline(ID(62), Provider(None))
      Operator chain:
        PhysicalOperator(NES::ScanPhysicalOperator)
          PhysicalOperator(NES::EmitPhysicalOperator)
      Successor Pipeline:
        Pipeline(ID(63), Provider(None))
          Operator chain:
            PhysicalOperator(NES::SinkPhysicalOperator)

[m
[32m[10:23:20.474867] [I] [Not A Worker] [unnamed] [] [NodeEngine.cpp:55] [registerQuery] Register 21[m
[36m[10:23:20.479179] [D] [Not A Worker] [unnamed] [] [SinkProvider.cpp:30] [lower] The sinkDescriptor is: SinkDescriptor: (name: variant("PERSON_SINK"), type: Void, Config: )[m
[36m[10:23:20.479703] [D] [SingleNodeWorker] [WorkerThread-62] [Task:21-63] [VoidSink.cpp:37] [start] Setting up void sink: VoidSink[m
[36m[10:23:20.606008] [D] [SingleNodeWorker] [WorkerThread-33] [] [SourceThread.cpp:184] [start] Starting source with originId: 2[m
[36m[10:23:20.611203] [D] [SingleNodeWorker] [WorkerThread-42] [Task:21-62] [BufferManager.cpp:65] [~BufferManager] Calling BufferManager::destroy()[m
[36m[10:23:20.611287] [D] [SingleNodeWorker] [WorkerThread-42] [Task:21-62] [BufferManager.cpp:93] [~BufferManager] Shutting down Buffer Manager completed[m
[36m[10:23:21.308906] [D] [SingleNodeWorker] [WorkerThread-3] [Task:21] [SourceThread.cpp:230] [tryStop] SourceThread 2: attempting to stop source[m
[36m[10:23:21.308964] [D] [SingleNodeWorker] [WorkerThread-3] [Task:21] [SourceThread.cpp:248] [tryStop] SourceThread 2: stopped[m
[32m[10:23:21.334622] [I] [SingleNodeWorker] [WorkerThread-61] [Task:21-63] [VoidSink.cpp:42] [stop] Void Sink completed.[m
[36m[10:23:21.334755] [D] [SingleNodeWorker] [WorkerThread-61] [] [SourceThread.cpp:226] [tryStop] SourceThread 2: thread is not running[m
[32m[10:23:21.334918] [I] [SingleNodeWorker] [WorkerThread-5] [] [SequenceShredder.cpp:55] [~SequenceShredder] Successfully validated SequenceShredder[m
[33m[1m[10:23:23.162579] [W] [Not A Worker] [unnamed] [] [SinkDescriptor.cpp:64] [getFormatType] Sinks of the type Void do not have an INPUT_FORMAT parameter.[m
[36m[10:23:23.162807] [D] [Not A Worker] [unnamed] [] [BufferManager.cpp:110] [initialize] NES memory allocation requires 1 out of 540577120256 (so 1.8498748143954595e-10%) available bytes[m
[36m[10:23:23.162869] [D] [Not A Worker] [unnamed] [] [BufferManager.cpp:160] [initialize] BufferManager configuration bufferSize=1 numOfBuffers=1[m
[36m[10:23:23.163345] [D] [Not A Worker] [unnamed] [] [PipeliningPhase.cpp:365] [apply] Constructed pipeline plan with 1 root pipelines.
PipelinedQueryPlan for Query: 22
Number of root pipelines: 1
------------------
Root Pipeline 0:
  Pipeline(ID(64), Provider(COMPILER))
  Operator chain:
    PhysicalOperator(NES::SourcePhysicalOperator)
  Successor Pipeline:
    Pipeline(ID(65), Provider(None))
      Operator chain:
        PhysicalOperator(NES::ScanPhysicalOperator)
          PhysicalOperator(NES::EmitPhysicalOperator)
      Successor Pipeline:
        Pipeline(ID(66), Provider(None))
          Operator chain:
            PhysicalOperator(NES::SinkPhysicalOperator)

[m
[32m[10:23:23.163653] [I] [Not A Worker] [unnamed] [] [NodeEngine.cpp:55] [registerQuery] Register 22[m
[36m[10:23:23.166831] [D] [Not A Worker] [unnamed] [] [SinkProvider.cpp:30] [lower] The sinkDescriptor is: SinkDescriptor: (name: variant("PERSON_SINK"), type: Void, Config: )[m
[36m[10:23:23.167643] [D] [SingleNodeWorker] [WorkerThread-33] [Task:22-66] [VoidSink.cpp:37] [start] Setting up void sink: VoidSink[m
[36m[10:23:23.295831] [D] [SingleNodeWorker] [WorkerThread-35] [] [SourceThread.cpp:184] [start] Starting source with originId: 2[m
[36m[10:23:23.300759] [D] [SingleNodeWorker] [WorkerThread-12] [Task:22-65] [BufferManager.cpp:65] [~BufferManager] Calling BufferManager::destroy()[m
[36m[10:23:23.300852] [D] [SingleNodeWorker] [WorkerThread-12] [Task:22-65] [BufferManager.cpp:93] [~BufferManager] Shutting down Buffer Manager completed[m
[36m[10:23:23.945886] [D] [SingleNodeWorker] [WorkerThread-30] [Task:22] [SourceThread.cpp:230] [tryStop] SourceThread 2: attempting to stop source[m
[36m[10:23:23.945946] [D] [SingleNodeWorker] [WorkerThread-30] [Task:22] [SourceThread.cpp:248] [tryStop] SourceThread 2: stopped[m
[32m[10:23:23.971473] [I] [SingleNodeWorker] [WorkerThread-4] [Task:22-66] [VoidSink.cpp:42] [stop] Void Sink completed.[m
[36m[10:23:23.971609] [D] [SingleNodeWorker] [WorkerThread-4] [] [SourceThread.cpp:226] [tryStop] SourceThread 2: thread is not running[m
[32m[10:23:23.971703] [I] [SingleNodeWorker] [WorkerThread-35] [] [SequenceShredder.cpp:55] [~SequenceShredder] Successfully validated SequenceShredder[m
[33m[1m[10:23:25.859514] [W] [Not A Worker] [unnamed] [] [SinkDescriptor.cpp:64] [getFormatType] Sinks of the type Void do not have an INPUT_FORMAT parameter.[m
[36m[10:23:25.859752] [D] [Not A Worker] [unnamed] [] [BufferManager.cpp:110] [initialize] NES memory allocation requires 1 out of 540577120256 (so 1.8498748143954595e-10%) available bytes[m
[36m[10:23:25.859819] [D] [Not A Worker] [unnamed] [] [BufferManager.cpp:160] [initialize] BufferManager configuration bufferSize=1 numOfBuffers=1[m
[36m[10:23:25.860282] [D] [Not A Worker] [unnamed] [] [PipeliningPhase.cpp:365] [apply] Constructed pipeline plan with 1 root pipelines.
PipelinedQueryPlan for Query: 23
Number of root pipelines: 1
------------------
Root Pipeline 0:
  Pipeline(ID(67), Provider(COMPILER))
  Operator chain:
    PhysicalOperator(NES::SourcePhysicalOperator)
  Successor Pipeline:
    Pipeline(ID(68), Provider(None))
      Operator chain:
        PhysicalOperator(NES::ScanPhysicalOperator)
          PhysicalOperator(NES::EmitPhysicalOperator)
      Successor Pipeline:
        Pipeline(ID(69), Provider(None))
          Operator chain:
            PhysicalOperator(NES::SinkPhysicalOperator)

[m
[32m[10:23:25.860589] [I] [Not A Worker] [unnamed] [] [NodeEngine.cpp:55] [registerQuery] Register 23[m
[36m[10:23:25.863984] [D] [Not A Worker] [unnamed] [] [SinkProvider.cpp:30] [lower] The sinkDescriptor is: SinkDescriptor: (name: variant("PERSON_SINK"), type: Void, Config: )[m
[36m[10:23:25.864514] [D] [SingleNodeWorker] [WorkerThread-63] [Task:23-69] [VoidSink.cpp:37] [start] Setting up void sink: VoidSink[m
[36m[10:23:25.987404] [D] [SingleNodeWorker] [WorkerThread-59] [] [SourceThread.cpp:184] [start] Starting source with originId: 2[m
[36m[10:23:25.989789] [D] [SingleNodeWorker] [WorkerThread-59] [Task:23-68] [BufferManager.cpp:65] [~BufferManager] Calling BufferManager::destroy()[m
[36m[10:23:25.989814] [D] [SingleNodeWorker] [WorkerThread-59] [Task:23-68] [BufferManager.cpp:93] [~BufferManager] Shutting down Buffer Manager completed[m
[36m[10:23:26.985867] [D] [SingleNodeWorker] [WorkerThread-24] [Task:23] [SourceThread.cpp:230] [tryStop] SourceThread 2: attempting to stop source[m
[36m[10:23:26.985929] [D] [SingleNodeWorker] [WorkerThread-24] [Task:23] [SourceThread.cpp:248] [tryStop] SourceThread 2: stopped[m
[32m[10:23:27.011660] [I] [SingleNodeWorker] [WorkerThread-50] [Task:23-69] [VoidSink.cpp:42] [stop] Void Sink completed.[m
[36m[10:23:27.011789] [D] [SingleNodeWorker] [WorkerThread-50] [] [SourceThread.cpp:226] [tryStop] SourceThread 2: thread is not running[m
[32m[10:23:27.011966] [I] [SingleNodeWorker] [WorkerThread-44] [] [SequenceShredder.cpp:55] [~SequenceShredder] Successfully validated SequenceShredder[m
[33m[1m[10:23:28.997358] [W] [Not A Worker] [unnamed] [] [SinkDescriptor.cpp:64] [getFormatType] Sinks of the type Void do not have an INPUT_FORMAT parameter.[m
[36m[10:23:28.997590] [D] [Not A Worker] [unnamed] [] [BufferManager.cpp:110] [initialize] NES memory allocation requires 1 out of 540577120256 (so 1.8498748143954595e-10%) available bytes[m
[36m[10:23:28.997656] [D] [Not A Worker] [unnamed] [] [BufferManager.cpp:160] [initialize] BufferManager configuration bufferSize=1 numOfBuffers=1[m
[36m[10:23:28.998112] [D] [Not A Worker] [unnamed] [] [PipeliningPhase.cpp:365] [apply] Constructed pipeline plan with 1 root pipelines.
PipelinedQueryPlan for Query: 24
Number of root pipelines: 1
------------------
Root Pipeline 0:
  Pipeline(ID(70), Provider(COMPILER))
  Operator chain:
    PhysicalOperator(NES::SourcePhysicalOperator)
  Successor Pipeline:
    Pipeline(ID(71), Provider(None))
      Operator chain:
        PhysicalOperator(NES::ScanPhysicalOperator)
          PhysicalOperator(NES::EmitPhysicalOperator)
      Successor Pipeline:
        Pipeline(ID(72), Provider(None))
          Operator chain:
            PhysicalOperator(NES::SinkPhysicalOperator)

[m
[32m[10:23:28.998414] [I] [Not A Worker] [unnamed] [] [NodeEngine.cpp:55] [registerQuery] Register 24[m
[36m[10:23:29.001409] [D] [Not A Worker] [unnamed] [] [SinkProvider.cpp:30] [lower] The sinkDescriptor is: SinkDescriptor: (name: variant("PERSON_SINK"), type: Void, Config: )[m
[36m[10:23:29.002074] [D] [SingleNodeWorker] [WorkerThread-53] [Task:24-72] [VoidSink.cpp:37] [start] Setting up void sink: VoidSink[m
[36m[10:23:29.124744] [D] [SingleNodeWorker] [WorkerThread-18] [] [SourceThread.cpp:184] [start] Starting source with originId: 2[m
[36m[10:23:29.127182] [D] [SingleNodeWorker] [WorkerThread-18] [Task:24-71] [BufferManager.cpp:65] [~BufferManager] Calling BufferManager::destroy()[m
[36m[10:23:29.127208] [D] [SingleNodeWorker] [WorkerThread-18] [Task:24-71] [BufferManager.cpp:93] [~BufferManager] Shutting down Buffer Manager completed[m
[36m[10:23:29.665486] [D] [SingleNodeWorker] [WorkerThread-44] [Task:24] [SourceThread.cpp:230] [tryStop] SourceThread 2: attempting to stop source[m
[36m[10:23:29.665533] [D] [SingleNodeWorker] [WorkerThread-44] [Task:24] [SourceThread.cpp:248] [tryStop] SourceThread 2: stopped[m
[32m[10:23:29.691167] [I] [SingleNodeWorker] [WorkerThread-50] [Task:24-72] [VoidSink.cpp:42] [stop] Void Sink completed.[m
[36m[10:23:29.691233] [D] [SingleNodeWorker] [WorkerThread-50] [] [SourceThread.cpp:226] [tryStop] SourceThread 2: thread is not running[m
[32m[10:23:29.691447] [I] [SingleNodeWorker] [WorkerThread-59] [] [SequenceShredder.cpp:55] [~SequenceShredder] Successfully validated SequenceShredder[m
[33m[1m[10:23:31.478828] [W] [Not A Worker] [unnamed] [] [SinkDescriptor.cpp:64] [getFormatType] Sinks of the type Void do not have an INPUT_FORMAT parameter.[m
[36m[10:23:31.479143] [D] [Not A Worker] [unnamed] [] [BufferManager.cpp:110] [initialize] NES memory allocation requires 1 out of 540577120256 (so 1.8498748143954595e-10%) available bytes[m
[36m[10:23:31.479230] [D] [Not A Worker] [unnamed] [] [BufferManager.cpp:160] [initialize] BufferManager configuration bufferSize=1 numOfBuffers=1[m
[36m[10:23:31.479822] [D] [Not A Worker] [unnamed] [] [PipeliningPhase.cpp:365] [apply] Constructed pipeline plan with 1 root pipelines.
PipelinedQueryPlan for Query: 25
Number of root pipelines: 1
------------------
Root Pipeline 0:
  Pipeline(ID(73), Provider(COMPILER))
  Operator chain:
    PhysicalOperator(NES::SourcePhysicalOperator)
  Successor Pipeline:
    Pipeline(ID(74), Provider(None))
      Operator chain:
        PhysicalOperator(NES::ScanPhysicalOperator)
          PhysicalOperator(NES::EmitPhysicalOperator)
      Successor Pipeline:
        Pipeline(ID(75), Provider(None))
          Operator chain:
            PhysicalOperator(NES::SinkPhysicalOperator)

[m
[32m[10:23:31.480233] [I] [Not A Worker] [unnamed] [] [NodeEngine.cpp:55] [registerQuery] Register 25[m
[36m[10:23:31.483571] [D] [Not A Worker] [unnamed] [] [SinkProvider.cpp:30] [lower] The sinkDescriptor is: SinkDescriptor: (name: variant("PERSON_SINK"), type: Void, Config: )[m
[36m[10:23:31.484098] [D] [SingleNodeWorker] [WorkerThread-16] [Task:25-75] [VoidSink.cpp:37] [start] Setting up void sink: VoidSink[m
[36m[10:23:31.601172] [D] [SingleNodeWorker] [WorkerThread-54] [] [SourceThread.cpp:184] [start] Starting source with originId: 2[m
[36m[10:23:31.605958] [D] [SingleNodeWorker] [WorkerThread-47] [Task:25-74] [BufferManager.cpp:65] [~BufferManager] Calling BufferManager::destroy()[m
[36m[10:23:31.606033] [D] [SingleNodeWorker] [WorkerThread-47] [Task:25-74] [BufferManager.cpp:93] [~BufferManager] Shutting down Buffer Manager completed[m
[36m[10:23:32.147320] [D] [SingleNodeWorker] [WorkerThread-40] [Task:25] [SourceThread.cpp:230] [tryStop] SourceThread 2: attempting to stop source[m
[36m[10:23:32.147383] [D] [SingleNodeWorker] [WorkerThread-40] [Task:25] [SourceThread.cpp:248] [tryStop] SourceThread 2: stopped[m
[32m[10:23:32.173270] [I] [SingleNodeWorker] [WorkerThread-59] [Task:25-75] [VoidSink.cpp:42] [stop] Void Sink completed.[m
[36m[10:23:32.173424] [D] [SingleNodeWorker] [WorkerThread-59] [] [SourceThread.cpp:226] [tryStop] SourceThread 2: thread is not running[m
[32m[10:23:32.173564] [I] [SingleNodeWorker] [WorkerThread-17] [] [SequenceShredder.cpp:55] [~SequenceShredder] Successfully validated SequenceShredder[m
[33m[1m[10:23:34.064324] [W] [Not A Worker] [unnamed] [] [SinkDescriptor.cpp:64] [getFormatType] Sinks of the type Void do not have an INPUT_FORMAT parameter.[m
[36m[10:23:34.064538] [D] [Not A Worker] [unnamed] [] [BufferManager.cpp:110] [initialize] NES memory allocation requires 1 out of 540577120256 (so 1.8498748143954595e-10%) available bytes[m
[36m[10:23:34.064600] [D] [Not A Worker] [unnamed] [] [BufferManager.cpp:160] [initialize] BufferManager configuration bufferSize=1 numOfBuffers=1[m
[36m[10:23:34.065053] [D] [Not A Worker] [unnamed] [] [PipeliningPhase.cpp:365] [apply] Constructed pipeline plan with 1 root pipelines.
PipelinedQueryPlan for Query: 26
Number of root pipelines: 1
------------------
Root Pipeline 0:
  Pipeline(ID(76), Provider(COMPILER))
  Operator chain:
    PhysicalOperator(NES::SourcePhysicalOperator)
  Successor Pipeline:
    Pipeline(ID(77), Provider(None))
      Operator chain:
        PhysicalOperator(NES::ScanPhysicalOperator)
          PhysicalOperator(NES::EmitPhysicalOperator)
      Successor Pipeline:
        Pipeline(ID(78), Provider(None))
          Operator chain:
            PhysicalOperator(NES::SinkPhysicalOperator)

[m
[32m[10:23:34.065348] [I] [Not A Worker] [unnamed] [] [NodeEngine.cpp:55] [registerQuery] Register 26[m
[36m[10:23:34.068805] [D] [Not A Worker] [unnamed] [] [SinkProvider.cpp:30] [lower] The sinkDescriptor is: SinkDescriptor: (name: variant("PERSON_SINK"), type: Void, Config: )[m
[36m[10:23:34.069538] [D] [SingleNodeWorker] [WorkerThread-22] [Task:26-78] [VoidSink.cpp:37] [start] Setting up void sink: VoidSink[m
[36m[10:23:34.191602] [D] [SingleNodeWorker] [WorkerThread-22] [] [SourceThread.cpp:184] [start] Starting source with originId: 2[m
[36m[10:23:34.196396] [D] [SingleNodeWorker] [WorkerThread-7] [Task:26-77] [BufferManager.cpp:65] [~BufferManager] Calling BufferManager::destroy()[m
[36m[10:23:34.196474] [D] [SingleNodeWorker] [WorkerThread-7] [Task:26-77] [BufferManager.cpp:93] [~BufferManager] Shutting down Buffer Manager completed[m
[36m[10:23:35.225170] [D] [SingleNodeWorker] [WorkerThread-9] [Task:26] [SourceThread.cpp:230] [tryStop] SourceThread 2: attempting to stop source[m
[36m[10:23:35.225238] [D] [SingleNodeWorker] [WorkerThread-9] [Task:26] [SourceThread.cpp:248] [tryStop] SourceThread 2: stopped[m
[32m[10:23:35.250933] [I] [SingleNodeWorker] [WorkerThread-8] [Task:26-78] [VoidSink.cpp:42] [stop] Void Sink completed.[m
[36m[10:23:35.251058] [D] [SingleNodeWorker] [WorkerThread-8] [] [SourceThread.cpp:226] [tryStop] SourceThread 2: thread is not running[m
[32m[10:23:35.251208] [I] [SingleNodeWorker] [WorkerThread-36] [] [SequenceShredder.cpp:55] [~SequenceShredder] Successfully validated SequenceShredder[m
[33m[1m[10:23:37.196771] [W] [Not A Worker] [unnamed] [] [SinkDescriptor.cpp:64] [getFormatType] Sinks of the type Void do not have an INPUT_FORMAT parameter.[m
[36m[10:23:37.196904] [D] [Not A Worker] [unnamed] [] [BufferManager.cpp:110] [initialize] NES memory allocation requires 1 out of 540577120256 (so 1.8498748143954595e-10%) available bytes[m
[36m[10:23:37.196940] [D] [Not A Worker] [unnamed] [] [BufferManager.cpp:160] [initialize] BufferManager configuration bufferSize=1 numOfBuffers=1[m
[36m[10:23:37.197168] [D] [Not A Worker] [unnamed] [] [PipeliningPhase.cpp:365] [apply] Constructed pipeline plan with 1 root pipelines.
PipelinedQueryPlan for Query: 27
Number of root pipelines: 1
------------------
Root Pipeline 0:
  Pipeline(ID(79), Provider(COMPILER))
  Operator chain:
    PhysicalOperator(NES::SourcePhysicalOperator)
  Successor Pipeline:
    Pipeline(ID(80), Provider(None))
      Operator chain:
        PhysicalOperator(NES::ScanPhysicalOperator)
          PhysicalOperator(NES::EmitPhysicalOperator)
      Successor Pipeline:
        Pipeline(ID(81), Provider(None))
          Operator chain:
            PhysicalOperator(NES::SinkPhysicalOperator)

[m
[32m[10:23:37.197311] [I] [Not A Worker] [unnamed] [] [NodeEngine.cpp:55] [registerQuery] Register 27[m
[36m[10:23:37.200550] [D] [Not A Worker] [unnamed] [] [SinkProvider.cpp:30] [lower] The sinkDescriptor is: SinkDescriptor: (name: variant("PERSON_SINK"), type: Void, Config: )[m
[36m[10:23:37.201037] [D] [SingleNodeWorker] [WorkerThread-21] [Task:27-81] [VoidSink.cpp:37] [start] Setting up void sink: VoidSink[m
[36m[10:23:37.327634] [D] [SingleNodeWorker] [WorkerThread-6] [] [SourceThread.cpp:184] [start] Starting source with originId: 2[m
[36m[10:23:37.330012] [D] [SingleNodeWorker] [WorkerThread-6] [Task:27-80] [BufferManager.cpp:65] [~BufferManager] Calling BufferManager::destroy()[m
[36m[10:23:37.330036] [D] [SingleNodeWorker] [WorkerThread-6] [Task:27-80] [BufferManager.cpp:93] [~BufferManager] Shutting down Buffer Manager completed[m
[36m[10:23:37.878979] [D] [SingleNodeWorker] [WorkerThread-28] [Task:27] [SourceThread.cpp:230] [tryStop] SourceThread 2: attempting to stop source[m
[36m[10:23:37.879027] [D] [SingleNodeWorker] [WorkerThread-28] [Task:27] [SourceThread.cpp:248] [tryStop] SourceThread 2: stopped[m
[32m[10:23:37.904754] [I] [SingleNodeWorker] [WorkerThread-14] [Task:27-81] [VoidSink.cpp:42] [stop] Void Sink completed.[m
[36m[10:23:37.904877] [D] [SingleNodeWorker] [WorkerThread-14] [] [SourceThread.cpp:226] [tryStop] SourceThread 2: thread is not running[m
[32m[10:23:37.905018] [I] [SingleNodeWorker] [WorkerThread-44] [] [SequenceShredder.cpp:55] [~SequenceShredder] Successfully validated SequenceShredder[m
[33m[1m[10:23:39.750322] [W] [Not A Worker] [unnamed] [] [SinkDescriptor.cpp:64] [getFormatType] Sinks of the type Void do not have an INPUT_FORMAT parameter.[m
[36m[10:23:39.750547] [D] [Not A Worker] [unnamed] [] [BufferManager.cpp:110] [initialize] NES memory allocation requires 1 out of 540577120256 (so 1.8498748143954595e-10%) available bytes[m
[36m[10:23:39.750609] [D] [Not A Worker] [unnamed] [] [BufferManager.cpp:160] [initialize] BufferManager configuration bufferSize=1 numOfBuffers=1[m
[36m[10:23:39.751096] [D] [Not A Worker] [unnamed] [] [PipeliningPhase.cpp:365] [apply] Constructed pipeline plan with 1 root pipelines.
PipelinedQueryPlan for Query: 28
Number of root pipelines: 1
------------------
Root Pipeline 0:
  Pipeline(ID(82), Provider(COMPILER))
  Operator chain:
    PhysicalOperator(NES::SourcePhysicalOperator)
  Successor Pipeline:
    Pipeline(ID(83), Provider(None))
      Operator chain:
        PhysicalOperator(NES::ScanPhysicalOperator)
          PhysicalOperator(NES::EmitPhysicalOperator)
      Successor Pipeline:
        Pipeline(ID(84), Provider(None))
          Operator chain:
            PhysicalOperator(NES::SinkPhysicalOperator)

[m
[32m[10:23:39.751403] [I] [Not A Worker] [unnamed] [] [NodeEngine.cpp:55] [registerQuery] Register 28[m
[36m[10:23:39.754749] [D] [Not A Worker] [unnamed] [] [SinkProvider.cpp:30] [lower] The sinkDescriptor is: SinkDescriptor: (name: variant("PERSON_SINK"), type: Void, Config: )[m
[36m[10:23:39.755372] [D] [SingleNodeWorker] [WorkerThread-10] [Task:28-84] [VoidSink.cpp:37] [start] Setting up void sink: VoidSink[m
[36m[10:23:39.882538] [D] [SingleNodeWorker] [WorkerThread-31] [] [SourceThread.cpp:184] [start] Starting source with originId: 2[m
[36m[10:23:39.887407] [D] [SingleNodeWorker] [WorkerThread-14] [Task:28-83] [BufferManager.cpp:65] [~BufferManager] Calling BufferManager::destroy()[m
[36m[10:23:39.887490] [D] [SingleNodeWorker] [WorkerThread-14] [Task:28-83] [BufferManager.cpp:93] [~BufferManager] Shutting down Buffer Manager completed[m
[36m[10:23:40.432471] [D] [SingleNodeWorker] [WorkerThread-45] [Task:28] [SourceThread.cpp:230] [tryStop] SourceThread 2: attempting to stop source[m
[36m[10:23:40.432533] [D] [SingleNodeWorker] [WorkerThread-45] [Task:28] [SourceThread.cpp:248] [tryStop] SourceThread 2: stopped[m
[32m[10:23:40.458289] [I] [SingleNodeWorker] [WorkerThread-35] [Task:28-84] [VoidSink.cpp:42] [stop] Void Sink completed.[m
[36m[10:23:40.458443] [D] [SingleNodeWorker] [WorkerThread-35] [] [SourceThread.cpp:226] [tryStop] SourceThread 2: thread is not running[m
[32m[10:23:40.458456] [I] [SingleNodeWorker] [WorkerThread-24] [] [SequenceShredder.cpp:55] [~SequenceShredder] Successfully validated SequenceShredder[m
[33m[1m[10:23:42.397739] [W] [Not A Worker] [unnamed] [] [SinkDescriptor.cpp:64] [getFormatType] Sinks of the type Void do not have an INPUT_FORMAT parameter.[m
[36m[10:23:42.397979] [D] [Not A Worker] [unnamed] [] [BufferManager.cpp:110] [initialize] NES memory allocation requires 1 out of 540577120256 (so 1.8498748143954595e-10%) available bytes[m
[36m[10:23:42.398046] [D] [Not A Worker] [unnamed] [] [BufferManager.cpp:160] [initialize] BufferManager configuration bufferSize=1 numOfBuffers=1[m
[36m[10:23:42.398507] [D] [Not A Worker] [unnamed] [] [PipeliningPhase.cpp:365] [apply] Constructed pipeline plan with 1 root pipelines.
PipelinedQueryPlan for Query: 29
Number of root pipelines: 1
------------------
Root Pipeline 0:
  Pipeline(ID(85), Provider(COMPILER))
  Operator chain:
    PhysicalOperator(NES::SourcePhysicalOperator)
  Successor Pipeline:
    Pipeline(ID(86), Provider(None))
      Operator chain:
        PhysicalOperator(NES::ScanPhysicalOperator)
          PhysicalOperator(NES::EmitPhysicalOperator)
      Successor Pipeline:
        Pipeline(ID(87), Provider(None))
          Operator chain:
            PhysicalOperator(NES::SinkPhysicalOperator)

[m
[32m[10:23:42.398813] [I] [Not A Worker] [unnamed] [] [NodeEngine.cpp:55] [registerQuery] Register 29[m
[36m[10:23:42.401985] [D] [Not A Worker] [unnamed] [] [SinkProvider.cpp:30] [lower] The sinkDescriptor is: SinkDescriptor: (name: variant("PERSON_SINK"), type: Void, Config: )[m
[36m[10:23:42.402433] [D] [SingleNodeWorker] [WorkerThread-5] [Task:29-87] [VoidSink.cpp:37] [start] Setting up void sink: VoidSink[m
[36m[10:23:42.528933] [D] [SingleNodeWorker] [WorkerThread-41] [] [SourceThread.cpp:184] [start] Starting source with originId: 2[m
[36m[10:23:42.533732] [D] [SingleNodeWorker] [WorkerThread-45] [Task:29-86] [BufferManager.cpp:65] [~BufferManager] Calling BufferManager::destroy()[m
[36m[10:23:42.533822] [D] [SingleNodeWorker] [WorkerThread-45] [Task:29-86] [BufferManager.cpp:93] [~BufferManager] Shutting down Buffer Manager completed[m
[36m[10:23:43.257932] [D] [SingleNodeWorker] [WorkerThread-2] [Task:29] [SourceThread.cpp:230] [tryStop] SourceThread 2: attempting to stop source[m
[36m[10:23:43.257995] [D] [SingleNodeWorker] [WorkerThread-2] [Task:29] [SourceThread.cpp:248] [tryStop] SourceThread 2: stopped[m
[32m[10:23:43.283595] [I] [SingleNodeWorker] [WorkerThread-29] [Task:29-87] [VoidSink.cpp:42] [stop] Void Sink completed.[m
[36m[10:23:43.283734] [D] [SingleNodeWorker] [WorkerThread-29] [] [SourceThread.cpp:226] [tryStop] SourceThread 2: thread is not running[m
[32m[10:23:43.283890] [I] [SingleNodeWorker] [WorkerThread-24] [] [SequenceShredder.cpp:55] [~SequenceShredder] Successfully validated SequenceShredder[m
[33m[1m[10:23:45.141136] [W] [Not A Worker] [unnamed] [] [SinkDescriptor.cpp:64] [getFormatType] Sinks of the type Void do not have an INPUT_FORMAT parameter.[m
[36m[10:23:45.141368] [D] [Not A Worker] [unnamed] [] [BufferManager.cpp:110] [initialize] NES memory allocation requires 1 out of 540577120256 (so 1.8498748143954595e-10%) available bytes[m
[36m[10:23:45.141436] [D] [Not A Worker] [unnamed] [] [BufferManager.cpp:160] [initialize] BufferManager configuration bufferSize=1 numOfBuffers=1[m
[36m[10:23:45.141891] [D] [Not A Worker] [unnamed] [] [PipeliningPhase.cpp:365] [apply] Constructed pipeline plan with 1 root pipelines.
PipelinedQueryPlan for Query: 30
Number of root pipelines: 1
------------------
Root Pipeline 0:
  Pipeline(ID(88), Provider(COMPILER))
  Operator chain:
    PhysicalOperator(NES::SourcePhysicalOperator)
  Successor Pipeline:
    Pipeline(ID(89), Provider(None))
      Operator chain:
        PhysicalOperator(NES::ScanPhysicalOperator)
          PhysicalOperator(NES::EmitPhysicalOperator)
      Successor Pipeline:
        Pipeline(ID(90), Provider(None))
          Operator chain:
            PhysicalOperator(NES::SinkPhysicalOperator)

[m
[32m[10:23:45.142196] [I] [Not A Worker] [unnamed] [] [NodeEngine.cpp:55] [registerQuery] Register 30[m
[36m[10:23:45.145536] [D] [Not A Worker] [unnamed] [] [SinkProvider.cpp:30] [lower] The sinkDescriptor is: SinkDescriptor: (name: variant("PERSON_SINK"), type: Void, Config: )[m
[36m[10:23:45.146075] [D] [SingleNodeWorker] [WorkerThread-24] [Task:30-90] [VoidSink.cpp:37] [start] Setting up void sink: VoidSink[m
[36m[10:23:45.270011] [D] [SingleNodeWorker] [WorkerThread-24] [] [SourceThread.cpp:184] [start] Starting source with originId: 2[m
[36m[10:23:45.276004] [D] [SingleNodeWorker] [WorkerThread-26] [Task:30-89] [BufferManager.cpp:65] [~BufferManager] Calling BufferManager::destroy()[m
[36m[10:23:45.276109] [D] [SingleNodeWorker] [WorkerThread-26] [Task:30-89] [BufferManager.cpp:93] [~BufferManager] Shutting down Buffer Manager completed[m
[36m[10:23:45.818491] [D] [SingleNodeWorker] [WorkerThread-60] [Task:30] [SourceThread.cpp:230] [tryStop] SourceThread 2: attempting to stop source[m
[36m[10:23:45.818559] [D] [SingleNodeWorker] [WorkerThread-60] [Task:30] [SourceThread.cpp:248] [tryStop] SourceThread 2: stopped[m
[32m[10:23:45.844070] [I] [SingleNodeWorker] [WorkerThread-56] [Task:30-90] [VoidSink.cpp:42] [stop] Void Sink completed.[m
[36m[10:23:45.844205] [D] [SingleNodeWorker] [WorkerThread-56] [] [SourceThread.cpp:226] [tryStop] SourceThread 2: thread is not running[m
[32m[10:23:45.844401] [I] [SingleNodeWorker] [WorkerThread-18] [] [SequenceShredder.cpp:55] [~SequenceShredder] Successfully validated SequenceShredder[m
