B0($1:ptr,$2:ptr,$3:ptr)
	ASSIGN	$4	$1	:ptr
	ASSIGN	$5	$2	:ptr
	ASSIGN	$6	$3	:ptr
	ASSIGN	$7	$4	:ptr
	CALL	$8	0x55fdd28eecb0($4)	:ui32
	CALL	$9	0x55fdd28eece0($4)	:ptr
	ASSIGN	$10	$6	:ptr
	CONST	$11	0	:ui64
	CONST	$12	*	:ptr
	ASSIGN	$13	$9	:ptr
	CONST	$14	0	:ui64
	CONST	$15	0	:ui64
	CONST	$16	0	:ui64
	CONST	$17	0	:ui64
	CONST	$18	0	:ui64
	CONST	$19	true	:bool
	ASSIGN	$20	$5	:ptr
	CALL	$21	0x55fdd2b77bb0($20)	:ui64
	ASSIGN	$15	$21	:ui64
	CALL	$22	0x55fdd2b77880($20)	:ui64
	ASSIGN	$14	$22	:ui64
	CALL	$23	0x55fdd2b77cd0($20)	:ui64
	ASSIGN	$16	$23	:ui64
	CALL	$24	0x55fdd2b77ca0($20)	:ui64
	ASSIGN	$17	$24	:ui64
	CALL	$25	0x55fdd2b77a50($20)	:ui64
	ASSIGN	$18	$25	:ui64
	CALL	$26	0x55fdd2b77b40($20)	:bool
	ASSIGN	$19	$26	:bool
	CONST	$27	*	:ptr
	ASSIGN	$28	$10	:ptr
	CALL	$29	0x55fdd2ac48f0($20,$27,$28)	:ptr
	ASSIGN	$30	$29	:ptr
	ASSIGN	$31	$30	:ptr
	CONST	$32	34	:ui64
	ASSIGN	$33	$32	:ui64
	CONST	$34	1	:ui64
	MUL	$35	$33	$34	:ui64
	ADD	$36	$31	$35	:ptr
	ASSIGN	$37	$36	:ptr
	ASSIGN	$38	$37	:ptr
	LOAD	$39	$38	:bool
	CMP	$40	$39	B1()	B2()	:void
B1()
	CONST	$41	false	:bool
	NOT	$42	$41	:bool
	CMP	$43	$42	B3()	B4()	:void
B2()
	CONST	$48	true	:bool
	NOT	$49	$48	:bool
	CMP	$50	$49	B5()	B6()	:void
B3()
	JMP	$0	B7()	:void
B4()
	JMP	$0	B14()	:void
B5()
	JMP	$0	B7()	:void
B6()
	JMP	$0	B14()	:void
B7() ControlFlowMerge
	CALL	$44	0x55fdd29074a0($4,$5)	:void
	RETURN	$0	:void
B8()
	ASSIGN	$70	$59	:ptr
	CONST	$71	48	:ui64
	ASSIGN	$72	$71	:ui64
	CONST	$73	1	:ui64
	MUL	$74	$72	$73	:ui64
	ADD	$75	$70	$74	:ptr
	ASSIGN	$76	$59	:ptr
	CONST	$77	0	:ui64
	ASSIGN	$78	$77	:ui64
	CONST	$79	1	:ui64
	MUL	$80	$78	$79	:ui64
	ADD	$81	$76	$80	:ptr
	ASSIGN	$82	$81	:ptr
	ASSIGN	$83	$82	:ptr
	LOAD	$84	$83	:ptr
	CONST	$85	0	:ui64
	ASSIGN	$86	$75	:ptr
	ASSIGN	$87	$86	:ptr
	CALL	$88	0x55fdd2abe880($87)	:ptr
	CONST	$89	9	:i32
	CAST	$90	$89	:ui64
	MUL	$91	$85	$90	:ui64
	ASSIGN	$92	$88	:ptr
	CONST	$93	0	:i32
	CAST	$94	$93	:ui64
	ADD	$95	$91	$94	:ui64
	ASSIGN	$96	$95	:ui64
	CONST	$97	4	:ui64
	MUL	$98	$96	$97	:ui64
	ADD	$99	$92	$98	:ptr
	ASSIGN	$100	$88	:ptr
	CONST	$101	0	:i32
	CAST	$102	$101	:ui64
	ADD	$103	$91	$102	:ui64
	CONST	$104	1	:i32
	CAST	$105	$104	:ui64
	ADD	$106	$103	$105	:ui64
	ASSIGN	$107	$106	:ui64
	CONST	$108	4	:ui64
	MUL	$109	$107	$108	:ui64
	ADD	$110	$100	$109	:ptr
	ASSIGN	$111	$99	:ptr
	ASSIGN	$112	$111	:ptr
	LOAD	$113	$112	:ui32
	ASSIGN	$114	$110	:ptr
	ASSIGN	$115	$114	:ptr
	LOAD	$116	$115	:ui32
	SUB	$117	$116	$113	:ui32
	CONST	$118	1	:ui64
	CAST	$119	$117	:ui64
	SUB	$120	$119	$118	:ui64
	ASSIGN	$121	$84	:ptr
	ASSIGN	$122	$113	:ui32
	ASSIGN	$123	$122	:ui32
	CONST	$124	1	:ui64
	CAST	$125	$123	:ui64
	MUL	$126	$125	$124	:ui64
	ADD	$127	$121	$126	:ptr
	CALL	$128	0x55fdd2ad4870($127,$120)	:i32
	ASSIGN	$129	$128	:i32
	ASSIGN	$130	$129	:i32
	CONST	$131	9	:i32
	CAST	$132	$131	:ui64
	MUL	$133	$85	$132	:ui64
	ASSIGN	$134	$88	:ptr
	CONST	$135	1	:i32
	CAST	$136	$135	:ui64
	ADD	$137	$133	$136	:ui64
	ASSIGN	$138	$137	:ui64
	CONST	$139	4	:ui64
	MUL	$140	$138	$139	:ui64
	ADD	$141	$134	$140	:ptr
	ASSIGN	$142	$88	:ptr
	CONST	$143	1	:i32
	CAST	$144	$143	:ui64
	ADD	$145	$133	$144	:ui64
	CONST	$146	1	:i32
	CAST	$147	$146	:ui64
	ADD	$148	$145	$147	:ui64
	ASSIGN	$149	$148	:ui64
	CONST	$150	4	:ui64
	MUL	$151	$149	$150	:ui64
	ADD	$152	$142	$151	:ptr
	ASSIGN	$153	$141	:ptr
	ASSIGN	$154	$153	:ptr
	LOAD	$155	$154	:ui32
	ASSIGN	$156	$152	:ptr
	ASSIGN	$157	$156	:ptr
	LOAD	$158	$157	:ui32
	SUB	$159	$158	$155	:ui32
	CONST	$160	1	:ui64
	CAST	$161	$159	:ui64
	SUB	$162	$161	$160	:ui64
	ASSIGN	$163	$84	:ptr
	ASSIGN	$164	$155	:ui32
	ASSIGN	$165	$164	:ui32
	CONST	$166	1	:ui64
	CAST	$167	$165	:ui64
	MUL	$168	$167	$166	:ui64
	ADD	$169	$163	$168	:ptr
	ASSIGN	$170	$162	:ui64
	ASSIGN	$171	$169	:ptr
	ASSIGN	$172	$170	:ui64
	ASSIGN	$173	$171	:ptr
	ASSIGN	$174	$172	:ui64
	ASSIGN	$175	$173	:ptr
	ASSIGN	$176	$174	:ui64
	ASSIGN	$177	$175	:ptr
	ASSIGN	$178	$177	:ptr
	CONST	$179	9	:i32
	CAST	$180	$179	:ui64
	MUL	$181	$85	$180	:ui64
	ASSIGN	$182	$88	:ptr
	CONST	$183	2	:i32
	CAST	$184	$183	:ui64
	ADD	$185	$181	$184	:ui64
	ASSIGN	$186	$185	:ui64
	CONST	$187	4	:ui64
	MUL	$188	$186	$187	:ui64
	ADD	$189	$182	$188	:ptr
	ASSIGN	$190	$88	:ptr
	CONST	$191	2	:i32
	CAST	$192	$191	:ui64
	ADD	$193	$181	$192	:ui64
	CONST	$194	1	:i32
	CAST	$195	$194	:ui64
	ADD	$196	$193	$195	:ui64
	ASSIGN	$197	$196	:ui64
	CONST	$198	4	:ui64
	MUL	$199	$197	$198	:ui64
	ADD	$200	$190	$199	:ptr
	ASSIGN	$201	$189	:ptr
	ASSIGN	$202	$201	:ptr
	LOAD	$203	$202	:ui32
	ASSIGN	$204	$200	:ptr
	ASSIGN	$205	$204	:ptr
	LOAD	$206	$205	:ui32
	SUB	$207	$206	$203	:ui32
	CONST	$208	1	:ui64
	CAST	$209	$207	:ui64
	SUB	$210	$209	$208	:ui64
	ASSIGN	$211	$84	:ptr
	ASSIGN	$212	$203	:ui32
	ASSIGN	$213	$212	:ui32
	CONST	$214	1	:ui64
	CAST	$215	$213	:ui64
	MUL	$216	$215	$214	:ui64
	ADD	$217	$211	$216	:ptr
	ASSIGN	$218	$210	:ui64
	ASSIGN	$219	$217	:ptr
	ASSIGN	$220	$218	:ui64
	ASSIGN	$221	$219	:ptr
	ASSIGN	$222	$220	:ui64
	ASSIGN	$223	$221	:ptr
	ASSIGN	$224	$222	:ui64
	ASSIGN	$225	$223	:ptr
	ASSIGN	$226	$225	:ptr
	CONST	$227	9	:i32
	CAST	$228	$227	:ui64
	MUL	$229	$85	$228	:ui64
	ASSIGN	$230	$88	:ptr
	CONST	$231	3	:i32
	CAST	$232	$231	:ui64
	ADD	$233	$229	$232	:ui64
	ASSIGN	$234	$233	:ui64
	CONST	$235	4	:ui64
	MUL	$236	$234	$235	:ui64
	ADD	$237	$230	$236	:ptr
	ASSIGN	$238	$88	:ptr
	CONST	$239	3	:i32
	CAST	$240	$239	:ui64
	ADD	$241	$229	$240	:ui64
	CONST	$242	1	:i32
	CAST	$243	$242	:ui64
	ADD	$244	$241	$243	:ui64
	ASSIGN	$245	$244	:ui64
	CONST	$246	4	:ui64
	MUL	$247	$245	$246	:ui64
	ADD	$248	$238	$247	:ptr
	ASSIGN	$249	$237	:ptr
	ASSIGN	$250	$249	:ptr
	LOAD	$251	$250	:ui32
	ASSIGN	$252	$248	:ptr
	ASSIGN	$253	$252	:ptr
	LOAD	$254	$253	:ui32
	SUB	$255	$254	$251	:ui32
	CONST	$256	1	:ui64
	CAST	$257	$255	:ui64
	SUB	$258	$257	$256	:ui64
	ASSIGN	$259	$84	:ptr
	ASSIGN	$260	$251	:ui32
	ASSIGN	$261	$260	:ui32
	CONST	$262	1	:ui64
	CAST	$263	$261	:ui64
	MUL	$264	$263	$262	:ui64
	ADD	$265	$259	$264	:ptr
	ASSIGN	$266	$258	:ui64
	ASSIGN	$267	$265	:ptr
	ASSIGN	$268	$266	:ui64
	ASSIGN	$269	$267	:ptr
	ASSIGN	$270	$268	:ui64
	ASSIGN	$271	$269	:ptr
	ASSIGN	$272	$270	:ui64
	ASSIGN	$273	$271	:ptr
	ASSIGN	$274	$273	:ptr
	CONST	$275	9	:i32
	CAST	$276	$275	:ui64
	MUL	$277	$85	$276	:ui64
	ASSIGN	$278	$88	:ptr
	CONST	$279	4	:i32
	CAST	$280	$279	:ui64
	ADD	$281	$277	$280	:ui64
	ASSIGN	$282	$281	:ui64
	CONST	$283	4	:ui64
	MUL	$284	$282	$283	:ui64
	ADD	$285	$278	$284	:ptr
	ASSIGN	$286	$88	:ptr
	CONST	$287	4	:i32
	CAST	$288	$287	:ui64
	ADD	$289	$277	$288	:ui64
	CONST	$290	1	:i32
	CAST	$291	$290	:ui64
	ADD	$292	$289	$291	:ui64
	ASSIGN	$293	$292	:ui64
	CONST	$294	4	:ui64
	MUL	$295	$293	$294	:ui64
	ADD	$296	$286	$295	:ptr
	ASSIGN	$297	$285	:ptr
	ASSIGN	$298	$297	:ptr
	LOAD	$299	$298	:ui32
	ASSIGN	$300	$296	:ptr
	ASSIGN	$301	$300	:ptr
	LOAD	$302	$301	:ui32
	SUB	$303	$302	$299	:ui32
	CONST	$304	1	:ui64
	CAST	$305	$303	:ui64
	SUB	$306	$305	$304	:ui64
	ASSIGN	$307	$84	:ptr
	ASSIGN	$308	$299	:ui32
	ASSIGN	$309	$308	:ui32
	CONST	$310	1	:ui64
	CAST	$311	$309	:ui64
	MUL	$312	$311	$310	:ui64
	ADD	$313	$307	$312	:ptr
	ASSIGN	$314	$306	:ui64
	ASSIGN	$315	$313	:ptr
	ASSIGN	$316	$314	:ui64
	ASSIGN	$317	$315	:ptr
	ASSIGN	$318	$316	:ui64
	ASSIGN	$319	$317	:ptr
	ASSIGN	$320	$318	:ui64
	ASSIGN	$321	$319	:ptr
	ASSIGN	$322	$321	:ptr
	CONST	$323	9	:i32
	CAST	$324	$323	:ui64
	MUL	$325	$85	$324	:ui64
	ASSIGN	$326	$88	:ptr
	CONST	$327	5	:i32
	CAST	$328	$327	:ui64
	ADD	$329	$325	$328	:ui64
	ASSIGN	$330	$329	:ui64
	CONST	$331	4	:ui64
	MUL	$332	$330	$331	:ui64
	ADD	$333	$326	$332	:ptr
	ASSIGN	$334	$88	:ptr
	CONST	$335	5	:i32
	CAST	$336	$335	:ui64
	ADD	$337	$325	$336	:ui64
	CONST	$338	1	:i32
	CAST	$339	$338	:ui64
	ADD	$340	$337	$339	:ui64
	ASSIGN	$341	$340	:ui64
	CONST	$342	4	:ui64
	MUL	$343	$341	$342	:ui64
	ADD	$344	$334	$343	:ptr
	ASSIGN	$345	$333	:ptr
	ASSIGN	$346	$345	:ptr
	LOAD	$347	$346	:ui32
	ASSIGN	$348	$344	:ptr
	ASSIGN	$349	$348	:ptr
	LOAD	$350	$349	:ui32
	SUB	$351	$350	$347	:ui32
	CONST	$352	1	:ui64
	CAST	$353	$351	:ui64
	SUB	$354	$353	$352	:ui64
	ASSIGN	$355	$84	:ptr
	ASSIGN	$356	$347	:ui32
	ASSIGN	$357	$356	:ui32
	CONST	$358	1	:ui64
	CAST	$359	$357	:ui64
	MUL	$360	$359	$358	:ui64
	ADD	$361	$355	$360	:ptr
	ASSIGN	$362	$354	:ui64
	ASSIGN	$363	$361	:ptr
	ASSIGN	$364	$362	:ui64
	ASSIGN	$365	$363	:ptr
	ASSIGN	$366	$364	:ui64
	ASSIGN	$367	$365	:ptr
	ASSIGN	$368	$366	:ui64
	ASSIGN	$369	$367	:ptr
	ASSIGN	$370	$369	:ptr
	CONST	$371	9	:i32
	CAST	$372	$371	:ui64
	MUL	$373	$85	$372	:ui64
	ASSIGN	$374	$88	:ptr
	CONST	$375	6	:i32
	CAST	$376	$375	:ui64
	ADD	$377	$373	$376	:ui64
	ASSIGN	$378	$377	:ui64
	CONST	$379	4	:ui64
	MUL	$380	$378	$379	:ui64
	ADD	$381	$374	$380	:ptr
	ASSIGN	$382	$88	:ptr
	CONST	$383	6	:i32
	CAST	$384	$383	:ui64
	ADD	$385	$373	$384	:ui64
	CONST	$386	1	:i32
	CAST	$387	$386	:ui64
	ADD	$388	$385	$387	:ui64
	ASSIGN	$389	$388	:ui64
	CONST	$390	4	:ui64
	MUL	$391	$389	$390	:ui64
	ADD	$392	$382	$391	:ptr
	ASSIGN	$393	$381	:ptr
	ASSIGN	$394	$393	:ptr
	LOAD	$395	$394	:ui32
	ASSIGN	$396	$392	:ptr
	ASSIGN	$397	$396	:ptr
	LOAD	$398	$397	:ui32
	SUB	$399	$398	$395	:ui32
	CONST	$400	1	:ui64
	CAST	$401	$399	:ui64
	SUB	$402	$401	$400	:ui64
	ASSIGN	$403	$84	:ptr
	ASSIGN	$404	$395	:ui32
	ASSIGN	$405	$404	:ui32
	CONST	$406	1	:ui64
	CAST	$407	$405	:ui64
	MUL	$408	$407	$406	:ui64
	ADD	$409	$403	$408	:ptr
	CALL	$410	0x55fdd2ad6290($409,$402)	:ui64
	ASSIGN	$411	$410	:ui64
	ASSIGN	$412	$411	:ui64
	CONST	$413	9	:i32
	CAST	$414	$413	:ui64
	MUL	$415	$85	$414	:ui64
	ASSIGN	$416	$88	:ptr
	CONST	$417	7	:i32
	CAST	$418	$417	:ui64
	ADD	$419	$415	$418	:ui64
	ASSIGN	$420	$419	:ui64
	CONST	$421	4	:ui64
	MUL	$422	$420	$421	:ui64
	ADD	$423	$416	$422	:ptr
	ASSIGN	$424	$88	:ptr
	CONST	$425	7	:i32
	CAST	$426	$425	:ui64
	ADD	$427	$415	$426	:ui64
	CONST	$428	1	:i32
	CAST	$429	$428	:ui64
	ADD	$430	$427	$429	:ui64
	ASSIGN	$431	$430	:ui64
	CONST	$432	4	:ui64
	MUL	$433	$431	$432	:ui64
	ADD	$434	$424	$433	:ptr
	ASSIGN	$435	$423	:ptr
	ASSIGN	$436	$435	:ptr
	LOAD	$437	$436	:ui32
	ASSIGN	$438	$434	:ptr
	ASSIGN	$439	$438	:ptr
	LOAD	$440	$439	:ui32
	SUB	$441	$440	$437	:ui32
	CONST	$442	0	:ui64
	CAST	$443	$441	:ui64
	SUB	$444	$443	$442	:ui64
	ASSIGN	$445	$84	:ptr
	ASSIGN	$446	$437	:ui32
	ASSIGN	$447	$446	:ui32
	CONST	$448	1	:ui64
	CAST	$449	$447	:ui64
	MUL	$450	$449	$448	:ui64
	ADD	$451	$445	$450	:ptr
	ASSIGN	$452	$444	:ui64
	ASSIGN	$453	$451	:ptr
	ASSIGN	$454	$452	:ui64
	ASSIGN	$455	$453	:ptr
	ASSIGN	$456	$454	:ui64
	ASSIGN	$457	$455	:ptr
	ASSIGN	$458	$456	:ui64
	ASSIGN	$459	$457	:ptr
	ASSIGN	$460	$459	:ptr
	ASSIGN	$461	$272	:ui64
	ASSIGN	$462	$274	:ptr
	ASSIGN	$463	$461	:ui64
	ASSIGN	$464	$462	:ptr
	ASSIGN	$465	$461	:ui64
	ASSIGN	$466	$462	:ptr
	CONST	$467	16384	:ui64
	GTE	$468	$56	$467	:bool
	CMP	$469	$468	B10()	B11()	:void
B9()
	JMP	$0	B15()	:void
B10()
	CONST	$470	false	:bool
	CALL	$471	0x55fdd2b77780($57,$56)	:void
	CALL	$472	0x55fdd2b77c20($57,$15)	:void
	CALL	$473	0x55fdd2b778f0($57,$14)	:void
	CALL	$474	0x55fdd2b77960($57,$17)	:void
	CALL	$475	0x55fdd2b77d00($57,$16)	:void
	CONST	$476	1	:ui64
	CALL	$477	0x55fdd28ef1d0($7,$476)	:ptr
	CALL	$478	0x55fdd28dc8f0($477,$470,$18,$19,$57)	:void
	CALL	$479	0x55fdd28eede0($7,$57)	:void
	CALL	$480	0x55fdd28ef250($7)	:ptr
	ASSIGN	$481	$480	:ptr
	ASSIGN	$57	$481	:ptr
	CALL	$482	0x55fdd2b77800($57)	:ptr
	ASSIGN	$58	$482	:ptr
	CONST	$483	0	:ui64
	ASSIGN	$56	$483	:ui64
	JMP	$0	B16()	:void
B11()
	JMP	$0	B16()	:void
B12()
	CONST	$520	true	:bool
	JMP	$0	B26()	:void
B13()
	CONST	$542	0	:ui64
	ASSIGN	$543	$59	:ptr
	CONST	$544	176	:ui64
	ASSIGN	$545	$544	:ui64
	CONST	$546	1	:ui64
	MUL	$547	$545	$546	:ui64
	ADD	$548	$543	$547	:ptr
	JMP	$0	B21()	:void
B14() ControlFlowMerge
	CALL	$54	0x55fdd28ef250($7)	:ptr
	ASSIGN	$55	$54	:ptr
	CONST	$56	0	:ui64
	ASSIGN	$57	$55	:ptr
	CALL	$58	0x55fdd2b77800($55)	:ptr
	CALL	$59	0x55fdd2abc780()	:ptr
	ASSIGN	$60	$59	:ptr
	CONST	$61	32	:ui64
	ASSIGN	$62	$61	:ui64
	CONST	$63	1	:ui64
	MUL	$64	$62	$63	:ui64
	ADD	$65	$60	$64	:ptr
	ASSIGN	$66	$65	:ptr
	ASSIGN	$67	$66	:ptr
	LOAD	$68	$67	:bool
	CMP	$69	$68	B8()	B9()	:void
B15() ControlFlowMerge
	ASSIGN	$509	$59	:ptr
	CONST	$510	33	:ui64
	ASSIGN	$511	$510	:ui64
	CONST	$512	1	:ui64
	MUL	$513	$511	$512	:ui64
	ADD	$514	$509	$513	:ptr
	ASSIGN	$515	$514	:ptr
	ASSIGN	$516	$515	:ptr
	LOAD	$517	$516	:bool
	NOT	$518	$517	:bool
	CMP	$519	$518	B12()	B13()	:void
B16() ControlFlowMerge
	CALL	$484	0x55fdd2b77800($57)	:ptr
	ASSIGN	$485	$484	:ptr
	CONST	$486	16	:ui64
	MUL	$487	$486	$56	:ui64
	ASSIGN	$488	$487	:ui64
	CONST	$489	1	:ui64
	MUL	$490	$488	$489	:ui64
	ADD	$491	$485	$490	:ptr
	ASSIGN	$492	$491	:ptr
	CONST	$493	0	:ui64
	ASSIGN	$494	$493	:ui64
	CONST	$495	1	:ui64
	MUL	$496	$494	$495	:ui64
	ADD	$497	$492	$496	:ptr
	ASSIGN	$498	$465	:ui64
	ASSIGN	$499	$466	:ptr
	ASSIGN	$500	$498	:ui64
	ASSIGN	$501	$499	:ptr
	ASSIGN	$502	$501	:ptr
	ASSIGN	$503	$500	:ui64
	CALL	$504	0x55fdd2b81080($57,$13,$502,$503,$497)	:void
	ASSIGN	$505	$499	:ptr
	CONST	$506	1	:i32
	CAST	$507	$506	:ui64
	ADD	$508	$56	$507	:ui64
	ASSIGN	$56	$508	:ui64
	JMP	$0	B15()	:void
B17()
	CALL	$562	0x55fdd2b77800($20)	:ptr
	ASSIGN	$563	$548	:ptr
	ASSIGN	$564	$563	:ptr
	CALL	$565	0x55fdd2abe880($564)	:ptr
	CONST	$566	9	:i32
	CAST	$567	$566	:ui64
	MUL	$568	$542	$567	:ui64
	ASSIGN	$569	$565	:ptr
	CONST	$570	0	:i32
	CAST	$571	$570	:ui64
	ADD	$572	$568	$571	:ui64
	ASSIGN	$573	$572	:ui64
	CONST	$574	4	:ui64
	MUL	$575	$573	$574	:ui64
	ADD	$576	$569	$575	:ptr
	ASSIGN	$577	$565	:ptr
	CONST	$578	0	:i32
	CAST	$579	$578	:ui64
	ADD	$580	$568	$579	:ui64
	CONST	$581	1	:i32
	CAST	$582	$581	:ui64
	ADD	$583	$580	$582	:ui64
	ASSIGN	$584	$583	:ui64
	CONST	$585	4	:ui64
	MUL	$586	$584	$585	:ui64
	ADD	$587	$577	$586	:ptr
	ASSIGN	$588	$576	:ptr
	ASSIGN	$589	$588	:ptr
	LOAD	$590	$589	:ui32
	ASSIGN	$591	$587	:ptr
	ASSIGN	$592	$591	:ptr
	LOAD	$593	$592	:ui32
	SUB	$594	$593	$590	:ui32
	CONST	$595	1	:ui64
	CAST	$596	$594	:ui64
	SUB	$597	$596	$595	:ui64
	ASSIGN	$598	$562	:ptr
	ASSIGN	$599	$590	:ui32
	ASSIGN	$600	$599	:ui32
	CONST	$601	1	:ui64
	CAST	$602	$600	:ui64
	MUL	$603	$602	$601	:ui64
	ADD	$604	$598	$603	:ptr
	CALL	$605	0x55fdd2ad4870($604,$597)	:i32
	ASSIGN	$606	$605	:i32
	ASSIGN	$607	$606	:i32
	CONST	$608	9	:i32
	CAST	$609	$608	:ui64
	MUL	$610	$542	$609	:ui64
	ASSIGN	$611	$565	:ptr
	CONST	$612	1	:i32
	CAST	$613	$612	:ui64
	ADD	$614	$610	$613	:ui64
	ASSIGN	$615	$614	:ui64
	CONST	$616	4	:ui64
	MUL	$617	$615	$616	:ui64
	ADD	$618	$611	$617	:ptr
	ASSIGN	$619	$565	:ptr
	CONST	$620	1	:i32
	CAST	$621	$620	:ui64
	ADD	$622	$610	$621	:ui64
	CONST	$623	1	:i32
	CAST	$624	$623	:ui64
	ADD	$625	$622	$624	:ui64
	ASSIGN	$626	$625	:ui64
	CONST	$627	4	:ui64
	MUL	$628	$626	$627	:ui64
	ADD	$629	$619	$628	:ptr
	ASSIGN	$630	$618	:ptr
	ASSIGN	$631	$630	:ptr
	LOAD	$632	$631	:ui32
	ASSIGN	$633	$629	:ptr
	ASSIGN	$634	$633	:ptr
	LOAD	$635	$634	:ui32
	SUB	$636	$635	$632	:ui32
	CONST	$637	1	:ui64
	CAST	$638	$636	:ui64
	SUB	$639	$638	$637	:ui64
	ASSIGN	$640	$562	:ptr
	ASSIGN	$641	$632	:ui32
	ASSIGN	$642	$641	:ui32
	CONST	$643	1	:ui64
	CAST	$644	$642	:ui64
	MUL	$645	$644	$643	:ui64
	ADD	$646	$640	$645	:ptr
	ASSIGN	$647	$639	:ui64
	ASSIGN	$648	$646	:ptr
	ASSIGN	$649	$647	:ui64
	ASSIGN	$650	$648	:ptr
	ASSIGN	$651	$649	:ui64
	ASSIGN	$652	$650	:ptr
	ASSIGN	$653	$651	:ui64
	ASSIGN	$654	$652	:ptr
	ASSIGN	$655	$654	:ptr
	CONST	$656	9	:i32
	CAST	$657	$656	:ui64
	MUL	$658	$542	$657	:ui64
	ASSIGN	$659	$565	:ptr
	CONST	$660	2	:i32
	CAST	$661	$660	:ui64
	ADD	$662	$658	$661	:ui64
	ASSIGN	$663	$662	:ui64
	CONST	$664	4	:ui64
	MUL	$665	$663	$664	:ui64
	ADD	$666	$659	$665	:ptr
	ASSIGN	$667	$565	:ptr
	CONST	$668	2	:i32
	CAST	$669	$668	:ui64
	ADD	$670	$658	$669	:ui64
	CONST	$671	1	:i32
	CAST	$672	$671	:ui64
	ADD	$673	$670	$672	:ui64
	ASSIGN	$674	$673	:ui64
	CONST	$675	4	:ui64
	MUL	$676	$674	$675	:ui64
	ADD	$677	$667	$676	:ptr
	ASSIGN	$678	$666	:ptr
	ASSIGN	$679	$678	:ptr
	LOAD	$680	$679	:ui32
	ASSIGN	$681	$677	:ptr
	ASSIGN	$682	$681	:ptr
	LOAD	$683	$682	:ui32
	SUB	$684	$683	$680	:ui32
	CONST	$685	1	:ui64
	CAST	$686	$684	:ui64
	SUB	$687	$686	$685	:ui64
	ASSIGN	$688	$562	:ptr
	ASSIGN	$689	$680	:ui32
	ASSIGN	$690	$689	:ui32
	CONST	$691	1	:ui64
	CAST	$692	$690	:ui64
	MUL	$693	$692	$691	:ui64
	ADD	$694	$688	$693	:ptr
	ASSIGN	$695	$687	:ui64
	ASSIGN	$696	$694	:ptr
	ASSIGN	$697	$695	:ui64
	ASSIGN	$698	$696	:ptr
	ASSIGN	$699	$697	:ui64
	ASSIGN	$700	$698	:ptr
	ASSIGN	$701	$699	:ui64
	ASSIGN	$702	$700	:ptr
	ASSIGN	$703	$702	:ptr
	CONST	$704	9	:i32
	CAST	$705	$704	:ui64
	MUL	$706	$542	$705	:ui64
	ASSIGN	$707	$565	:ptr
	CONST	$708	3	:i32
	CAST	$709	$708	:ui64
	ADD	$710	$706	$709	:ui64
	ASSIGN	$711	$710	:ui64
	CONST	$712	4	:ui64
	MUL	$713	$711	$712	:ui64
	ADD	$714	$707	$713	:ptr
	ASSIGN	$715	$565	:ptr
	CONST	$716	3	:i32
	CAST	$717	$716	:ui64
	ADD	$718	$706	$717	:ui64
	CONST	$719	1	:i32
	CAST	$720	$719	:ui64
	ADD	$721	$718	$720	:ui64
	ASSIGN	$722	$721	:ui64
	CONST	$723	4	:ui64
	MUL	$724	$722	$723	:ui64
	ADD	$725	$715	$724	:ptr
	ASSIGN	$726	$714	:ptr
	ASSIGN	$727	$726	:ptr
	LOAD	$728	$727	:ui32
	ASSIGN	$729	$725	:ptr
	ASSIGN	$730	$729	:ptr
	LOAD	$731	$730	:ui32
	SUB	$732	$731	$728	:ui32
	CONST	$733	1	:ui64
	CAST	$734	$732	:ui64
	SUB	$735	$734	$733	:ui64
	ASSIGN	$736	$562	:ptr
	ASSIGN	$737	$728	:ui32
	ASSIGN	$738	$737	:ui32
	CONST	$739	1	:ui64
	CAST	$740	$738	:ui64
	MUL	$741	$740	$739	:ui64
	ADD	$742	$736	$741	:ptr
	ASSIGN	$743	$735	:ui64
	ASSIGN	$744	$742	:ptr
	ASSIGN	$745	$743	:ui64
	ASSIGN	$746	$744	:ptr
	ASSIGN	$747	$745	:ui64
	ASSIGN	$748	$746	:ptr
	ASSIGN	$749	$747	:ui64
	ASSIGN	$750	$748	:ptr
	ASSIGN	$751	$750	:ptr
	CONST	$752	9	:i32
	CAST	$753	$752	:ui64
	MUL	$754	$542	$753	:ui64
	ASSIGN	$755	$565	:ptr
	CONST	$756	4	:i32
	CAST	$757	$756	:ui64
	ADD	$758	$754	$757	:ui64
	ASSIGN	$759	$758	:ui64
	CONST	$760	4	:ui64
	MUL	$761	$759	$760	:ui64
	ADD	$762	$755	$761	:ptr
	ASSIGN	$763	$565	:ptr
	CONST	$764	4	:i32
	CAST	$765	$764	:ui64
	ADD	$766	$754	$765	:ui64
	CONST	$767	1	:i32
	CAST	$768	$767	:ui64
	ADD	$769	$766	$768	:ui64
	ASSIGN	$770	$769	:ui64
	CONST	$771	4	:ui64
	MUL	$772	$770	$771	:ui64
	ADD	$773	$763	$772	:ptr
	ASSIGN	$774	$762	:ptr
	ASSIGN	$775	$774	:ptr
	LOAD	$776	$775	:ui32
	ASSIGN	$777	$773	:ptr
	ASSIGN	$778	$777	:ptr
	LOAD	$779	$778	:ui32
	SUB	$780	$779	$776	:ui32
	CONST	$781	1	:ui64
	CAST	$782	$780	:ui64
	SUB	$783	$782	$781	:ui64
	ASSIGN	$784	$562	:ptr
	ASSIGN	$785	$776	:ui32
	ASSIGN	$786	$785	:ui32
	CONST	$787	1	:ui64
	CAST	$788	$786	:ui64
	MUL	$789	$788	$787	:ui64
	ADD	$790	$784	$789	:ptr
	ASSIGN	$791	$783	:ui64
	ASSIGN	$792	$790	:ptr
	ASSIGN	$793	$791	:ui64
	ASSIGN	$794	$792	:ptr
	ASSIGN	$795	$793	:ui64
	ASSIGN	$796	$794	:ptr
	ASSIGN	$797	$795	:ui64
	ASSIGN	$798	$796	:ptr
	ASSIGN	$799	$798	:ptr
	CONST	$800	9	:i32
	CAST	$801	$800	:ui64
	MUL	$802	$542	$801	:ui64
	ASSIGN	$803	$565	:ptr
	CONST	$804	5	:i32
	CAST	$805	$804	:ui64
	ADD	$806	$802	$805	:ui64
	ASSIGN	$807	$806	:ui64
	CONST	$808	4	:ui64
	MUL	$809	$807	$808	:ui64
	ADD	$810	$803	$809	:ptr
	ASSIGN	$811	$565	:ptr
	CONST	$812	5	:i32
	CAST	$813	$812	:ui64
	ADD	$814	$802	$813	:ui64
	CONST	$815	1	:i32
	CAST	$816	$815	:ui64
	ADD	$817	$814	$816	:ui64
	ASSIGN	$818	$817	:ui64
	CONST	$819	4	:ui64
	MUL	$820	$818	$819	:ui64
	ADD	$821	$811	$820	:ptr
	ASSIGN	$822	$810	:ptr
	ASSIGN	$823	$822	:ptr
	LOAD	$824	$823	:ui32
	ASSIGN	$825	$821	:ptr
	ASSIGN	$826	$825	:ptr
	LOAD	$827	$826	:ui32
	SUB	$828	$827	$824	:ui32
	CONST	$829	1	:ui64
	CAST	$830	$828	:ui64
	SUB	$831	$830	$829	:ui64
	ASSIGN	$832	$562	:ptr
	ASSIGN	$833	$824	:ui32
	ASSIGN	$834	$833	:ui32
	CONST	$835	1	:ui64
	CAST	$836	$834	:ui64
	MUL	$837	$836	$835	:ui64
	ADD	$838	$832	$837	:ptr
	ASSIGN	$839	$831	:ui64
	ASSIGN	$840	$838	:ptr
	ASSIGN	$841	$839	:ui64
	ASSIGN	$842	$840	:ptr
	ASSIGN	$843	$841	:ui64
	ASSIGN	$844	$842	:ptr
	ASSIGN	$845	$843	:ui64
	ASSIGN	$846	$844	:ptr
	ASSIGN	$847	$846	:ptr
	CONST	$848	9	:i32
	CAST	$849	$848	:ui64
	MUL	$850	$542	$849	:ui64
	ASSIGN	$851	$565	:ptr
	CONST	$852	6	:i32
	CAST	$853	$852	:ui64
	ADD	$854	$850	$853	:ui64
	ASSIGN	$855	$854	:ui64
	CONST	$856	4	:ui64
	MUL	$857	$855	$856	:ui64
	ADD	$858	$851	$857	:ptr
	ASSIGN	$859	$565	:ptr
	CONST	$860	6	:i32
	CAST	$861	$860	:ui64
	ADD	$862	$850	$861	:ui64
	CONST	$863	1	:i32
	CAST	$864	$863	:ui64
	ADD	$865	$862	$864	:ui64
	ASSIGN	$866	$865	:ui64
	CONST	$867	4	:ui64
	MUL	$868	$866	$867	:ui64
	ADD	$869	$859	$868	:ptr
	ASSIGN	$870	$858	:ptr
	ASSIGN	$871	$870	:ptr
	LOAD	$872	$871	:ui32
	ASSIGN	$873	$869	:ptr
	ASSIGN	$874	$873	:ptr
	LOAD	$875	$874	:ui32
	SUB	$876	$875	$872	:ui32
	CONST	$877	1	:ui64
	CAST	$878	$876	:ui64
	SUB	$879	$878	$877	:ui64
	ASSIGN	$880	$562	:ptr
	ASSIGN	$881	$872	:ui32
	ASSIGN	$882	$881	:ui32
	CONST	$883	1	:ui64
	CAST	$884	$882	:ui64
	MUL	$885	$884	$883	:ui64
	ADD	$886	$880	$885	:ptr
	CALL	$887	0x55fdd2ad6290($886,$879)	:ui64
	ASSIGN	$888	$887	:ui64
	ASSIGN	$889	$888	:ui64
	CONST	$890	9	:i32
	CAST	$891	$890	:ui64
	MUL	$892	$542	$891	:ui64
	ASSIGN	$893	$565	:ptr
	CONST	$894	7	:i32
	CAST	$895	$894	:ui64
	ADD	$896	$892	$895	:ui64
	ASSIGN	$897	$896	:ui64
	CONST	$898	4	:ui64
	MUL	$899	$897	$898	:ui64
	ADD	$900	$893	$899	:ptr
	ASSIGN	$901	$565	:ptr
	CONST	$902	7	:i32
	CAST	$903	$902	:ui64
	ADD	$904	$892	$903	:ui64
	CONST	$905	1	:i32
	CAST	$906	$905	:ui64
	ADD	$907	$904	$906	:ui64
	ASSIGN	$908	$907	:ui64
	CONST	$909	4	:ui64
	MUL	$910	$908	$909	:ui64
	ADD	$911	$901	$910	:ptr
	ASSIGN	$912	$900	:ptr
	ASSIGN	$913	$912	:ptr
	LOAD	$914	$913	:ui32
	ASSIGN	$915	$911	:ptr
	ASSIGN	$916	$915	:ptr
	LOAD	$917	$916	:ui32
	SUB	$918	$917	$914	:ui32
	CONST	$919	0	:ui64
	CAST	$920	$918	:ui64
	SUB	$921	$920	$919	:ui64
	ASSIGN	$922	$562	:ptr
	ASSIGN	$923	$914	:ui32
	ASSIGN	$924	$923	:ui32
	CONST	$925	1	:ui64
	CAST	$926	$924	:ui64
	MUL	$927	$926	$925	:ui64
	ADD	$928	$922	$927	:ptr
	ASSIGN	$929	$921	:ui64
	ASSIGN	$930	$928	:ptr
	ASSIGN	$931	$929	:ui64
	ASSIGN	$932	$930	:ptr
	ASSIGN	$933	$931	:ui64
	ASSIGN	$934	$932	:ptr
	ASSIGN	$935	$933	:ui64
	ASSIGN	$936	$934	:ptr
	ASSIGN	$937	$936	:ptr
	ASSIGN	$938	$749	:ui64
	ASSIGN	$939	$751	:ptr
	ASSIGN	$940	$938	:ui64
	ASSIGN	$941	$939	:ptr
	ASSIGN	$942	$938	:ui64
	ASSIGN	$943	$939	:ptr
	CONST	$944	16384	:ui64
	GTE	$945	$56	$944	:bool
	CMP	$946	$945	B19()	B20()	:void
B18()
	CONST	$992	*	:ptr
	ASSIGN	$993	$10	:ptr
	CALL	$994	0x55fdd2ac1110($20,$992,$993)	:bool
	CMP	$995	$994	B22()	B23()	:void
B19()
	CONST	$947	false	:bool
	CALL	$948	0x55fdd2b77780($57,$56)	:void
	CALL	$949	0x55fdd2b77c20($57,$15)	:void
	CALL	$950	0x55fdd2b778f0($57,$14)	:void
	CALL	$951	0x55fdd2b77960($57,$17)	:void
	CALL	$952	0x55fdd2b77d00($57,$16)	:void
	CONST	$953	1	:ui64
	CALL	$954	0x55fdd28ef1d0($7,$953)	:ptr
	CALL	$955	0x55fdd28dc8f0($954,$947,$18,$19,$57)	:void
	CALL	$956	0x55fdd28eede0($7,$57)	:void
	CALL	$957	0x55fdd28ef250($7)	:ptr
	ASSIGN	$958	$957	:ptr
	ASSIGN	$57	$958	:ptr
	CALL	$959	0x55fdd2b77800($57)	:ptr
	ASSIGN	$58	$959	:ptr
	CONST	$960	0	:ui64
	ASSIGN	$56	$960	:ui64
	JMP	$0	B27()	:void
B20()
	JMP	$0	B27()	:void
B21() ControlFlowMerge
	ASSIGN	$549	$548	:ptr
	ASSIGN	$550	$549	:ptr
	ASSIGN	$551	$550	:ptr
	CONST	$552	24	:ui64
	ASSIGN	$553	$552	:ui64
	CONST	$554	1	:ui64
	MUL	$555	$553	$554	:ui64
	ADD	$556	$551	$555	:ptr
	ASSIGN	$557	$556	:ptr
	ASSIGN	$558	$557	:ptr
	LOAD	$559	$558	:ui64
	LT	$560	$542	$559	:bool
	CMP	$561	$560	B17()	B18()	:void
B22()
	ASSIGN	$996	$59	:ptr
	CONST	$997	112	:ui64
	ASSIGN	$998	$997	:ui64
	CONST	$999	1	:ui64
	MUL	$1000	$998	$999	:ui64
	ADD	$1001	$996	$1000	:ptr
	ASSIGN	$1002	$59	:ptr
	CONST	$1003	16	:ui64
	ASSIGN	$1004	$1003	:ui64
	CONST	$1005	1	:ui64
	MUL	$1006	$1004	$1005	:ui64
	ADD	$1007	$1002	$1006	:ptr
	ASSIGN	$1008	$1007	:ptr
	ASSIGN	$1009	$1008	:ptr
	LOAD	$1010	$1009	:ptr
	CONST	$1011	0	:ui64
	ASSIGN	$1012	$1001	:ptr
	ASSIGN	$1013	$1012	:ptr
	CALL	$1014	0x55fdd2abe880($1013)	:ptr
	CONST	$1015	9	:i32
	CAST	$1016	$1015	:ui64
	MUL	$1017	$1011	$1016	:ui64
	ASSIGN	$1018	$1014	:ptr
	CONST	$1019	0	:i32
	CAST	$1020	$1019	:ui64
	ADD	$1021	$1017	$1020	:ui64
	ASSIGN	$1022	$1021	:ui64
	CONST	$1023	4	:ui64
	MUL	$1024	$1022	$1023	:ui64
	ADD	$1025	$1018	$1024	:ptr
	ASSIGN	$1026	$1014	:ptr
	CONST	$1027	0	:i32
	CAST	$1028	$1027	:ui64
	ADD	$1029	$1017	$1028	:ui64
	CONST	$1030	1	:i32
	CAST	$1031	$1030	:ui64
	ADD	$1032	$1029	$1031	:ui64
	ASSIGN	$1033	$1032	:ui64
	CONST	$1034	4	:ui64
	MUL	$1035	$1033	$1034	:ui64
	ADD	$1036	$1026	$1035	:ptr
	ASSIGN	$1037	$1025	:ptr
	ASSIGN	$1038	$1037	:ptr
	LOAD	$1039	$1038	:ui32
	ASSIGN	$1040	$1036	:ptr
	ASSIGN	$1041	$1040	:ptr
	LOAD	$1042	$1041	:ui32
	SUB	$1043	$1042	$1039	:ui32
	CONST	$1044	1	:ui64
	CAST	$1045	$1043	:ui64
	SUB	$1046	$1045	$1044	:ui64
	ASSIGN	$1047	$1010	:ptr
	ASSIGN	$1048	$1039	:ui32
	ASSIGN	$1049	$1048	:ui32
	CONST	$1050	1	:ui64
	CAST	$1051	$1049	:ui64
	MUL	$1052	$1051	$1050	:ui64
	ADD	$1053	$1047	$1052	:ptr
	CALL	$1054	0x55fdd2ad4870($1053,$1046)	:i32
	ASSIGN	$1055	$1054	:i32
	ASSIGN	$1056	$1055	:i32
	CONST	$1057	9	:i32
	CAST	$1058	$1057	:ui64
	MUL	$1059	$1011	$1058	:ui64
	ASSIGN	$1060	$1014	:ptr
	CONST	$1061	1	:i32
	CAST	$1062	$1061	:ui64
	ADD	$1063	$1059	$1062	:ui64
	ASSIGN	$1064	$1063	:ui64
	CONST	$1065	4	:ui64
	MUL	$1066	$1064	$1065	:ui64
	ADD	$1067	$1060	$1066	:ptr
	ASSIGN	$1068	$1014	:ptr
	CONST	$1069	1	:i32
	CAST	$1070	$1069	:ui64
	ADD	$1071	$1059	$1070	:ui64
	CONST	$1072	1	:i32
	CAST	$1073	$1072	:ui64
	ADD	$1074	$1071	$1073	:ui64
	ASSIGN	$1075	$1074	:ui64
	CONST	$1076	4	:ui64
	MUL	$1077	$1075	$1076	:ui64
	ADD	$1078	$1068	$1077	:ptr
	ASSIGN	$1079	$1067	:ptr
	ASSIGN	$1080	$1079	:ptr
	LOAD	$1081	$1080	:ui32
	ASSIGN	$1082	$1078	:ptr
	ASSIGN	$1083	$1082	:ptr
	LOAD	$1084	$1083	:ui32
	SUB	$1085	$1084	$1081	:ui32
	CONST	$1086	1	:ui64
	CAST	$1087	$1085	:ui64
	SUB	$1088	$1087	$1086	:ui64
	ASSIGN	$1089	$1010	:ptr
	ASSIGN	$1090	$1081	:ui32
	ASSIGN	$1091	$1090	:ui32
	CONST	$1092	1	:ui64
	CAST	$1093	$1091	:ui64
	MUL	$1094	$1093	$1092	:ui64
	ADD	$1095	$1089	$1094	:ptr
	ASSIGN	$1096	$1088	:ui64
	ASSIGN	$1097	$1095	:ptr
	ASSIGN	$1098	$1096	:ui64
	ASSIGN	$1099	$1097	:ptr
	ASSIGN	$1100	$1098	:ui64
	ASSIGN	$1101	$1099	:ptr
	ASSIGN	$1102	$1100	:ui64
	ASSIGN	$1103	$1101	:ptr
	ASSIGN	$1104	$1103	:ptr
	CONST	$1105	9	:i32
	CAST	$1106	$1105	:ui64
	MUL	$1107	$1011	$1106	:ui64
	ASSIGN	$1108	$1014	:ptr
	CONST	$1109	2	:i32
	CAST	$1110	$1109	:ui64
	ADD	$1111	$1107	$1110	:ui64
	ASSIGN	$1112	$1111	:ui64
	CONST	$1113	4	:ui64
	MUL	$1114	$1112	$1113	:ui64
	ADD	$1115	$1108	$1114	:ptr
	ASSIGN	$1116	$1014	:ptr
	CONST	$1117	2	:i32
	CAST	$1118	$1117	:ui64
	ADD	$1119	$1107	$1118	:ui64
	CONST	$1120	1	:i32
	CAST	$1121	$1120	:ui64
	ADD	$1122	$1119	$1121	:ui64
	ASSIGN	$1123	$1122	:ui64
	CONST	$1124	4	:ui64
	MUL	$1125	$1123	$1124	:ui64
	ADD	$1126	$1116	$1125	:ptr
	ASSIGN	$1127	$1115	:ptr
	ASSIGN	$1128	$1127	:ptr
	LOAD	$1129	$1128	:ui32
	ASSIGN	$1130	$1126	:ptr
	ASSIGN	$1131	$1130	:ptr
	LOAD	$1132	$1131	:ui32
	SUB	$1133	$1132	$1129	:ui32
	CONST	$1134	1	:ui64
	CAST	$1135	$1133	:ui64
	SUB	$1136	$1135	$1134	:ui64
	ASSIGN	$1137	$1010	:ptr
	ASSIGN	$1138	$1129	:ui32
	ASSIGN	$1139	$1138	:ui32
	CONST	$1140	1	:ui64
	CAST	$1141	$1139	:ui64
	MUL	$1142	$1141	$1140	:ui64
	ADD	$1143	$1137	$1142	:ptr
	ASSIGN	$1144	$1136	:ui64
	ASSIGN	$1145	$1143	:ptr
	ASSIGN	$1146	$1144	:ui64
	ASSIGN	$1147	$1145	:ptr
	ASSIGN	$1148	$1146	:ui64
	ASSIGN	$1149	$1147	:ptr
	ASSIGN	$1150	$1148	:ui64
	ASSIGN	$1151	$1149	:ptr
	ASSIGN	$1152	$1151	:ptr
	CONST	$1153	9	:i32
	CAST	$1154	$1153	:ui64
	MUL	$1155	$1011	$1154	:ui64
	ASSIGN	$1156	$1014	:ptr
	CONST	$1157	3	:i32
	CAST	$1158	$1157	:ui64
	ADD	$1159	$1155	$1158	:ui64
	ASSIGN	$1160	$1159	:ui64
	CONST	$1161	4	:ui64
	MUL	$1162	$1160	$1161	:ui64
	ADD	$1163	$1156	$1162	:ptr
	ASSIGN	$1164	$1014	:ptr
	CONST	$1165	3	:i32
	CAST	$1166	$1165	:ui64
	ADD	$1167	$1155	$1166	:ui64
	CONST	$1168	1	:i32
	CAST	$1169	$1168	:ui64
	ADD	$1170	$1167	$1169	:ui64
	ASSIGN	$1171	$1170	:ui64
	CONST	$1172	4	:ui64
	MUL	$1173	$1171	$1172	:ui64
	ADD	$1174	$1164	$1173	:ptr
	ASSIGN	$1175	$1163	:ptr
	ASSIGN	$1176	$1175	:ptr
	LOAD	$1177	$1176	:ui32
	ASSIGN	$1178	$1174	:ptr
	ASSIGN	$1179	$1178	:ptr
	LOAD	$1180	$1179	:ui32
	SUB	$1181	$1180	$1177	:ui32
	CONST	$1182	1	:ui64
	CAST	$1183	$1181	:ui64
	SUB	$1184	$1183	$1182	:ui64
	ASSIGN	$1185	$1010	:ptr
	ASSIGN	$1186	$1177	:ui32
	ASSIGN	$1187	$1186	:ui32
	CONST	$1188	1	:ui64
	CAST	$1189	$1187	:ui64
	MUL	$1190	$1189	$1188	:ui64
	ADD	$1191	$1185	$1190	:ptr
	ASSIGN	$1192	$1184	:ui64
	ASSIGN	$1193	$1191	:ptr
	ASSIGN	$1194	$1192	:ui64
	ASSIGN	$1195	$1193	:ptr
	ASSIGN	$1196	$1194	:ui64
	ASSIGN	$1197	$1195	:ptr
	ASSIGN	$1198	$1196	:ui64
	ASSIGN	$1199	$1197	:ptr
	ASSIGN	$1200	$1199	:ptr
	CONST	$1201	9	:i32
	CAST	$1202	$1201	:ui64
	MUL	$1203	$1011	$1202	:ui64
	ASSIGN	$1204	$1014	:ptr
	CONST	$1205	4	:i32
	CAST	$1206	$1205	:ui64
	ADD	$1207	$1203	$1206	:ui64
	ASSIGN	$1208	$1207	:ui64
	CONST	$1209	4	:ui64
	MUL	$1210	$1208	$1209	:ui64
	ADD	$1211	$1204	$1210	:ptr
	ASSIGN	$1212	$1014	:ptr
	CONST	$1213	4	:i32
	CAST	$1214	$1213	:ui64
	ADD	$1215	$1203	$1214	:ui64
	CONST	$1216	1	:i32
	CAST	$1217	$1216	:ui64
	ADD	$1218	$1215	$1217	:ui64
	ASSIGN	$1219	$1218	:ui64
	CONST	$1220	4	:ui64
	MUL	$1221	$1219	$1220	:ui64
	ADD	$1222	$1212	$1221	:ptr
	ASSIGN	$1223	$1211	:ptr
	ASSIGN	$1224	$1223	:ptr
	LOAD	$1225	$1224	:ui32
	ASSIGN	$1226	$1222	:ptr
	ASSIGN	$1227	$1226	:ptr
	LOAD	$1228	$1227	:ui32
	SUB	$1229	$1228	$1225	:ui32
	CONST	$1230	1	:ui64
	CAST	$1231	$1229	:ui64
	SUB	$1232	$1231	$1230	:ui64
	ASSIGN	$1233	$1010	:ptr
	ASSIGN	$1234	$1225	:ui32
	ASSIGN	$1235	$1234	:ui32
	CONST	$1236	1	:ui64
	CAST	$1237	$1235	:ui64
	MUL	$1238	$1237	$1236	:ui64
	ADD	$1239	$1233	$1238	:ptr
	ASSIGN	$1240	$1232	:ui64
	ASSIGN	$1241	$1239	:ptr
	ASSIGN	$1242	$1240	:ui64
	ASSIGN	$1243	$1241	:ptr
	ASSIGN	$1244	$1242	:ui64
	ASSIGN	$1245	$1243	:ptr
	ASSIGN	$1246	$1244	:ui64
	ASSIGN	$1247	$1245	:ptr
	ASSIGN	$1248	$1247	:ptr
	CONST	$1249	9	:i32
	CAST	$1250	$1249	:ui64
	MUL	$1251	$1011	$1250	:ui64
	ASSIGN	$1252	$1014	:ptr
	CONST	$1253	5	:i32
	CAST	$1254	$1253	:ui64
	ADD	$1255	$1251	$1254	:ui64
	ASSIGN	$1256	$1255	:ui64
	CONST	$1257	4	:ui64
	MUL	$1258	$1256	$1257	:ui64
	ADD	$1259	$1252	$1258	:ptr
	ASSIGN	$1260	$1014	:ptr
	CONST	$1261	5	:i32
	CAST	$1262	$1261	:ui64
	ADD	$1263	$1251	$1262	:ui64
	CONST	$1264	1	:i32
	CAST	$1265	$1264	:ui64
	ADD	$1266	$1263	$1265	:ui64
	ASSIGN	$1267	$1266	:ui64
	CONST	$1268	4	:ui64
	MUL	$1269	$1267	$1268	:ui64
	ADD	$1270	$1260	$1269	:ptr
	ASSIGN	$1271	$1259	:ptr
	ASSIGN	$1272	$1271	:ptr
	LOAD	$1273	$1272	:ui32
	ASSIGN	$1274	$1270	:ptr
	ASSIGN	$1275	$1274	:ptr
	LOAD	$1276	$1275	:ui32
	SUB	$1277	$1276	$1273	:ui32
	CONST	$1278	1	:ui64
	CAST	$1279	$1277	:ui64
	SUB	$1280	$1279	$1278	:ui64
	ASSIGN	$1281	$1010	:ptr
	ASSIGN	$1282	$1273	:ui32
	ASSIGN	$1283	$1282	:ui32
	CONST	$1284	1	:ui64
	CAST	$1285	$1283	:ui64
	MUL	$1286	$1285	$1284	:ui64
	ADD	$1287	$1281	$1286	:ptr
	ASSIGN	$1288	$1280	:ui64
	ASSIGN	$1289	$1287	:ptr
	ASSIGN	$1290	$1288	:ui64
	ASSIGN	$1291	$1289	:ptr
	ASSIGN	$1292	$1290	:ui64
	ASSIGN	$1293	$1291	:ptr
	ASSIGN	$1294	$1292	:ui64
	ASSIGN	$1295	$1293	:ptr
	ASSIGN	$1296	$1295	:ptr
	CONST	$1297	9	:i32
	CAST	$1298	$1297	:ui64
	MUL	$1299	$1011	$1298	:ui64
	ASSIGN	$1300	$1014	:ptr
	CONST	$1301	6	:i32
	CAST	$1302	$1301	:ui64
	ADD	$1303	$1299	$1302	:ui64
	ASSIGN	$1304	$1303	:ui64
	CONST	$1305	4	:ui64
	MUL	$1306	$1304	$1305	:ui64
	ADD	$1307	$1300	$1306	:ptr
	ASSIGN	$1308	$1014	:ptr
	CONST	$1309	6	:i32
	CAST	$1310	$1309	:ui64
	ADD	$1311	$1299	$1310	:ui64
	CONST	$1312	1	:i32
	CAST	$1313	$1312	:ui64
	ADD	$1314	$1311	$1313	:ui64
	ASSIGN	$1315	$1314	:ui64
	CONST	$1316	4	:ui64
	MUL	$1317	$1315	$1316	:ui64
	ADD	$1318	$1308	$1317	:ptr
	ASSIGN	$1319	$1307	:ptr
	ASSIGN	$1320	$1319	:ptr
	LOAD	$1321	$1320	:ui32
	ASSIGN	$1322	$1318	:ptr
	ASSIGN	$1323	$1322	:ptr
	LOAD	$1324	$1323	:ui32
	SUB	$1325	$1324	$1321	:ui32
	CONST	$1326	1	:ui64
	CAST	$1327	$1325	:ui64
	SUB	$1328	$1327	$1326	:ui64
	ASSIGN	$1329	$1010	:ptr
	ASSIGN	$1330	$1321	:ui32
	ASSIGN	$1331	$1330	:ui32
	CONST	$1332	1	:ui64
	CAST	$1333	$1331	:ui64
	MUL	$1334	$1333	$1332	:ui64
	ADD	$1335	$1329	$1334	:ptr
	CALL	$1336	0x55fdd2ad6290($1335,$1328)	:ui64
	ASSIGN	$1337	$1336	:ui64
	ASSIGN	$1338	$1337	:ui64
	CONST	$1339	9	:i32
	CAST	$1340	$1339	:ui64
	MUL	$1341	$1011	$1340	:ui64
	ASSIGN	$1342	$1014	:ptr
	CONST	$1343	7	:i32
	CAST	$1344	$1343	:ui64
	ADD	$1345	$1341	$1344	:ui64
	ASSIGN	$1346	$1345	:ui64
	CONST	$1347	4	:ui64
	MUL	$1348	$1346	$1347	:ui64
	ADD	$1349	$1342	$1348	:ptr
	ASSIGN	$1350	$1014	:ptr
	CONST	$1351	7	:i32
	CAST	$1352	$1351	:ui64
	ADD	$1353	$1341	$1352	:ui64
	CONST	$1354	1	:i32
	CAST	$1355	$1354	:ui64
	ADD	$1356	$1353	$1355	:ui64
	ASSIGN	$1357	$1356	:ui64
	CONST	$1358	4	:ui64
	MUL	$1359	$1357	$1358	:ui64
	ADD	$1360	$1350	$1359	:ptr
	ASSIGN	$1361	$1349	:ptr
	ASSIGN	$1362	$1361	:ptr
	LOAD	$1363	$1362	:ui32
	ASSIGN	$1364	$1360	:ptr
	ASSIGN	$1365	$1364	:ptr
	LOAD	$1366	$1365	:ui32
	SUB	$1367	$1366	$1363	:ui32
	CONST	$1368	0	:ui64
	CAST	$1369	$1367	:ui64
	SUB	$1370	$1369	$1368	:ui64
	ASSIGN	$1371	$1010	:ptr
	ASSIGN	$1372	$1363	:ui32
	ASSIGN	$1373	$1372	:ui32
	CONST	$1374	1	:ui64
	CAST	$1375	$1373	:ui64
	MUL	$1376	$1375	$1374	:ui64
	ADD	$1377	$1371	$1376	:ptr
	ASSIGN	$1378	$1370	:ui64
	ASSIGN	$1379	$1377	:ptr
	ASSIGN	$1380	$1378	:ui64
	ASSIGN	$1381	$1379	:ptr
	ASSIGN	$1382	$1380	:ui64
	ASSIGN	$1383	$1381	:ptr
	ASSIGN	$1384	$1382	:ui64
	ASSIGN	$1385	$1383	:ptr
	ASSIGN	$1386	$1385	:ptr
	ASSIGN	$1387	$1198	:ui64
	ASSIGN	$1388	$1200	:ptr
	ASSIGN	$1389	$1387	:ui64
	ASSIGN	$1390	$1388	:ptr
	ASSIGN	$1391	$1387	:ui64
	ASSIGN	$1392	$1388	:ptr
	CONST	$1393	16384	:ui64
	GTE	$1394	$56	$1393	:bool
	CMP	$1395	$1394	B24()	B25()	:void
B23()
	CONST	$1442	true	:bool
	ASSIGN	$520	$1442	:bool
	JMP	$0	B28()	:void
B24()
	CONST	$1396	false	:bool
	CALL	$1397	0x55fdd2b77780($57,$56)	:void
	CALL	$1398	0x55fdd2b77c20($57,$15)	:void
	CALL	$1399	0x55fdd2b778f0($57,$14)	:void
	CALL	$1400	0x55fdd2b77960($57,$17)	:void
	CALL	$1401	0x55fdd2b77d00($57,$16)	:void
	CONST	$1402	1	:ui64
	CALL	$1403	0x55fdd28ef1d0($7,$1402)	:ptr
	CALL	$1404	0x55fdd28dc8f0($1403,$1396,$18,$19,$57)	:void
	CALL	$1405	0x55fdd28eede0($7,$57)	:void
	CALL	$1406	0x55fdd28ef250($7)	:ptr
	ASSIGN	$1407	$1406	:ptr
	ASSIGN	$57	$1407	:ptr
	CALL	$1408	0x55fdd2b77800($57)	:ptr
	ASSIGN	$58	$1408	:ptr
	CONST	$1409	0	:ui64
	ASSIGN	$56	$1409	:ui64
	JMP	$0	B29()	:void
B25()
	JMP	$0	B29()	:void
B26() ControlFlowMerge
	JMP	$0	B28()	:void
B27() ControlFlowMerge
	CALL	$961	0x55fdd2b77800($57)	:ptr
	ASSIGN	$962	$961	:ptr
	CONST	$963	16	:ui64
	MUL	$964	$963	$56	:ui64
	ASSIGN	$965	$964	:ui64
	CONST	$966	1	:ui64
	MUL	$967	$965	$966	:ui64
	ADD	$968	$962	$967	:ptr
	ASSIGN	$969	$968	:ptr
	CONST	$970	0	:ui64
	ASSIGN	$971	$970	:ui64
	CONST	$972	1	:ui64
	MUL	$973	$971	$972	:ui64
	ADD	$974	$969	$973	:ptr
	ASSIGN	$975	$942	:ui64
	ASSIGN	$976	$943	:ptr
	ASSIGN	$977	$975	:ui64
	ASSIGN	$978	$976	:ptr
	ASSIGN	$979	$978	:ptr
	ASSIGN	$980	$977	:ui64
	CALL	$981	0x55fdd2b81080($57,$13,$979,$980,$974)	:void
	ASSIGN	$982	$976	:ptr
	CONST	$983	1	:i32
	CAST	$984	$983	:ui64
	ADD	$985	$56	$984	:ui64
	ASSIGN	$56	$985	:ui64
	CONST	$986	1	:i32
	CAST	$987	$986	:ui64
	ADD	$988	$542	$987	:ui64
	ASSIGN	$542	$988	:ui64
	JMP	$0	B21()	:void
B28() ControlFlowMerge
	CALL	$521	0x55fdd2b77780($57,$56)	:void
	CALL	$522	0x55fdd2b77c20($57,$15)	:void
	CALL	$523	0x55fdd2b778f0($57,$14)	:void
	CALL	$524	0x55fdd2b77960($57,$17)	:void
	CALL	$525	0x55fdd2b77d00($57,$16)	:void
	CONST	$526	1	:ui64
	CALL	$527	0x55fdd28ef1d0($7,$526)	:ptr
	CALL	$528	0x55fdd28dc8f0($527,$520,$18,$19,$57)	:void
	CALL	$529	0x55fdd28eede0($7,$57)	:void
	RETURN	$0	:void
B29() ControlFlowMerge
	CALL	$1410	0x55fdd2b77800($57)	:ptr
	ASSIGN	$1411	$1410	:ptr
	CONST	$1412	16	:ui64
	MUL	$1413	$1412	$56	:ui64
	ASSIGN	$1414	$1413	:ui64
	CONST	$1415	1	:ui64
	MUL	$1416	$1414	$1415	:ui64
	ADD	$1417	$1411	$1416	:ptr
	ASSIGN	$1418	$1417	:ptr
	CONST	$1419	0	:ui64
	ASSIGN	$1420	$1419	:ui64
	CONST	$1421	1	:ui64
	MUL	$1422	$1420	$1421	:ui64
	ADD	$1423	$1418	$1422	:ptr
	ASSIGN	$1424	$1391	:ui64
	ASSIGN	$1425	$1392	:ptr
	ASSIGN	$1426	$1424	:ui64
	ASSIGN	$1427	$1425	:ptr
	ASSIGN	$1428	$1427	:ptr
	ASSIGN	$1429	$1426	:ui64
	CALL	$1430	0x55fdd2b81080($57,$13,$1428,$1429,$1423)	:void
	ASSIGN	$1431	$1425	:ptr
	CONST	$1432	1	:i32
	CAST	$1433	$1432	:ui64
	ADD	$1434	$56	$1433	:ui64
	ASSIGN	$56	$1434	:ui64
	CONST	$1435	true	:bool
	ASSIGN	$520	$1435	:bool
	JMP	$0	B26()	:void
