[32m[23:48:44.983637] [I] [Not A Worker] [unnamed] [] [SingleNodeWorker.cpp:63] [SingleNodeWorker] Starting SingleNodeWorker SingleNodeWorker with configuration:
worker.query_engine.number_of_worker_threads: 8
worker.query_engine.admission_queue_size: 1000 (default)
worker.default_query_execution.execution_mode: COMPILER (default)
worker.default_query_execution.page_size: 1024 (default)
worker.default_query_execution.number_of_partitions: 100 (default)
worker.default_query_execution.number_of_records_per_key: 10 (default)
worker.default_query_execution.max_number_of_buckets: 10000 (default)
worker.default_query_execution.operator_buffer_size: 262144
worker.default_query_optimization.join_strategy: OPTIMIZER_CHOOSES (default)
worker.number_of_buffers_in_global_buffer_manager: 32768 (default)
worker.default_max_inflight_buffers: 64 (default)
worker.dump_compilation_result: NONE (default)
worker.dump_graph: 0 (default)
grpc: [::]:8080 (default)
enable_event_trace: 0 (default)
[m
[36m[23:48:44.985980] [D] [Not A Worker] [unnamed] [] [BufferManager.cpp:110] [initialize] NES memory allocation requires 8589934592 out of 540577120256 (so 1.5890303659045137%) available bytes[m
[36m[23:48:45.075292] [D] [Not A Worker] [unnamed] [] [BufferManager.cpp:160] [initialize] BufferManager configuration bufferSize=262144 numOfBuffers=32768[m
[32m[23:48:45.082989] [I] [Not A Worker] [unnamed] [] [SingleNodeWorkerStarter.cpp:93] [main] Server listening on [::]:8080[m
[36m[23:48:47.509604] [D] [Not A Worker] [unnamed] [queryId:1306609263] [BufferManager.cpp:110] [initialize] NES memory allocation requires 1 out of 540577120256 (so 1.8498748143954595e-10%) available bytes[m
[36m[23:48:47.509648] [D] [Not A Worker] [unnamed] [queryId:1306609263] [BufferManager.cpp:160] [initialize] BufferManager configuration bufferSize=1 numOfBuffers=1[m
[36m[23:48:47.509821] [D] [Not A Worker] [unnamed] [queryId:1306609263] [PipeliningPhase.cpp:404] [apply] Constructed pipeline plan with 1 root pipelines.
PipelinedQueryPlan for Query: 1306609263
Number of root pipelines: 1
------------------
Root Pipeline 0:
  Pipeline(ID(1), Provider(COMPILER))
  Operator chain:
    PhysicalOperator(NES::SourcePhysicalOperator)
  Successor Pipeline:
    Pipeline(ID(2), Provider(None))
      Operator chain:
        PhysicalOperator(NES::ScanPhysicalOperator)
          PhysicalOperator(NES::SelectionPhysicalOperator)
            PhysicalOperator(NES::MapPhysicalOperator)
              PhysicalOperator(NES::EmitPhysicalOperator)
      Successor Pipeline:
        Pipeline(ID(3), Provider(None))
          Operator chain:
            PhysicalOperator(NES::SinkPhysicalOperator)

[m
[36m[23:48:47.513404] [D] [Not A Worker] [unnamed] [] [SinkProvider.cpp:30] [lower] The sinkDescriptor is: SinkDescriptor: (name: variant("NAME_SINK"), type: Void, Config: )[m
[36m[23:48:47.513965] [D] [SingleNodeWorker] [WorkerThread-0] [Task:1306609263-3] [VoidSink.cpp:37] [start] Setting up void sink: VoidSink[m
[36m[23:48:47.600840] [D] [SingleNodeWorker] [WorkerThread-0] [] [SourceThread.cpp:186] [start] Starting source with originId: 2[m
[36m[23:48:47.610566] [D] [SingleNodeWorker] [WorkerThread-0] [Task:1306609263-2] [BufferManager.cpp:65] [~BufferManager] Calling BufferManager::destroy()[m
[36m[23:48:47.610590] [D] [SingleNodeWorker] [WorkerThread-0] [Task:1306609263-2] [BufferManager.cpp:93] [~BufferManager] Shutting down Buffer Manager completed[m
[36m[23:48:51.129432] [D] [SingleNodeWorker] [WorkerThread-4] [Task:1306609263] [SourceThread.cpp:232] [tryStop] SourceThread 2: attempting to stop source[m
[36m[23:48:51.129490] [D] [SingleNodeWorker] [WorkerThread-4] [Task:1306609263] [SourceThread.cpp:250] [tryStop] SourceThread 2: stopped[m
[32m[23:48:51.156772] [I] [SingleNodeWorker] [WorkerThread-5] [] [SequenceShredder.cpp:55] [~SequenceShredder] Successfully validated SequenceShredder[m
[32m[23:48:51.158485] [I] [SingleNodeWorker] [WorkerThread-3] [Task:1306609263-3] [VoidSink.cpp:42] [stop] Void Sink completed.[m
[36m[23:48:51.158567] [D] [SingleNodeWorker] [WorkerThread-3] [] [SourceThread.cpp:228] [tryStop] SourceThread 2: thread is not running[m
[36m[23:48:52.393925] [D] [Not A Worker] [unnamed] [queryId:1935059535] [BufferManager.cpp:110] [initialize] NES memory allocation requires 1 out of 540577120256 (so 1.8498748143954595e-10%) available bytes[m
[36m[23:48:52.393977] [D] [Not A Worker] [unnamed] [queryId:1935059535] [BufferManager.cpp:160] [initialize] BufferManager configuration bufferSize=1 numOfBuffers=1[m
[36m[23:48:52.394175] [D] [Not A Worker] [unnamed] [queryId:1935059535] [PipeliningPhase.cpp:404] [apply] Constructed pipeline plan with 1 root pipelines.
PipelinedQueryPlan for Query: 1935059535
Number of root pipelines: 1
------------------
Root Pipeline 0:
  Pipeline(ID(4), Provider(COMPILER))
  Operator chain:
    PhysicalOperator(NES::SourcePhysicalOperator)
  Successor Pipeline:
    Pipeline(ID(5), Provider(None))
      Operator chain:
        PhysicalOperator(NES::ScanPhysicalOperator)
          PhysicalOperator(NES::SelectionPhysicalOperator)
            PhysicalOperator(NES::EmitPhysicalOperator)
      Successor Pipeline:
        Pipeline(ID(6), Provider(None))
          Operator chain:
            PhysicalOperator(NES::SinkPhysicalOperator)

[m
[36m[23:48:52.397581] [D] [Not A Worker] [unnamed] [] [SinkProvider.cpp:30] [lower] The sinkDescriptor is: SinkDescriptor: (name: variant("PERSON_SINK"), type: Void, Config: )[m
[36m[23:48:52.398183] [D] [SingleNodeWorker] [WorkerThread-5] [Task:1935059535-6] [VoidSink.cpp:37] [start] Setting up void sink: VoidSink[m
[36m[23:48:52.496807] [D] [SingleNodeWorker] [WorkerThread-5] [] [SourceThread.cpp:186] [start] Starting source with originId: 2[m
[36m[23:48:52.506805] [D] [SingleNodeWorker] [WorkerThread-5] [Task:1935059535-5] [BufferManager.cpp:65] [~BufferManager] Calling BufferManager::destroy()[m
[36m[23:48:52.506832] [D] [SingleNodeWorker] [WorkerThread-5] [Task:1935059535-5] [BufferManager.cpp:93] [~BufferManager] Shutting down Buffer Manager completed[m
[36m[23:48:56.137217] [D] [SingleNodeWorker] [WorkerThread-3] [Task:1935059535] [SourceThread.cpp:232] [tryStop] SourceThread 2: attempting to stop source[m
[36m[23:48:56.137270] [D] [SingleNodeWorker] [WorkerThread-3] [Task:1935059535] [SourceThread.cpp:250] [tryStop] SourceThread 2: stopped[m
[32m[23:48:56.164263] [I] [SingleNodeWorker] [WorkerThread-0] [] [SequenceShredder.cpp:55] [~SequenceShredder] Successfully validated SequenceShredder[m
[32m[23:48:56.164334] [I] [SingleNodeWorker] [WorkerThread-4] [Task:1935059535-6] [VoidSink.cpp:42] [stop] Void Sink completed.[m
[36m[23:48:56.164455] [D] [SingleNodeWorker] [WorkerThread-4] [] [SourceThread.cpp:228] [tryStop] SourceThread 2: thread is not running[m
[36m[23:49:00.126337] [D] [Not A Worker] [unnamed] [queryId:1320886338] [BufferManager.cpp:110] [initialize] NES memory allocation requires 1 out of 540577120256 (so 1.8498748143954595e-10%) available bytes[m
[36m[23:49:00.126395] [D] [Not A Worker] [unnamed] [queryId:1320886338] [BufferManager.cpp:160] [initialize] BufferManager configuration bufferSize=1 numOfBuffers=1[m
[36m[23:49:00.126577] [D] [Not A Worker] [unnamed] [queryId:1320886338] [PipeliningPhase.cpp:404] [apply] Constructed pipeline plan with 1 root pipelines.
PipelinedQueryPlan for Query: 1320886338
Number of root pipelines: 1
------------------
Root Pipeline 0:
  Pipeline(ID(7), Provider(COMPILER))
  Operator chain:
    PhysicalOperator(NES::SourcePhysicalOperator)
  Successor Pipeline:
    Pipeline(ID(8), Provider(None))
      Operator chain:
        PhysicalOperator(NES::ScanPhysicalOperator)
          PhysicalOperator(NES::SelectionPhysicalOperator)
            PhysicalOperator(NES::MapPhysicalOperator)
              PhysicalOperator(NES::EmitPhysicalOperator)
      Successor Pipeline:
        Pipeline(ID(9), Provider(None))
          Operator chain:
            PhysicalOperator(NES::SinkPhysicalOperator)

[m
[36m[23:49:00.130520] [D] [Not A Worker] [unnamed] [] [SinkProvider.cpp:30] [lower] The sinkDescriptor is: SinkDescriptor: (name: variant("PERSON_ID_SINK"), type: Void, Config: )[m
[36m[23:49:00.130938] [D] [SingleNodeWorker] [WorkerThread-4] [Task:1320886338-9] [VoidSink.cpp:37] [start] Setting up void sink: VoidSink[m
[36m[23:49:00.215782] [D] [SingleNodeWorker] [WorkerThread-4] [] [SourceThread.cpp:186] [start] Starting source with originId: 2[m
[36m[23:49:00.225253] [D] [SingleNodeWorker] [WorkerThread-4] [Task:1320886338-8] [BufferManager.cpp:65] [~BufferManager] Calling BufferManager::destroy()[m
[36m[23:49:00.225277] [D] [SingleNodeWorker] [WorkerThread-4] [Task:1320886338-8] [BufferManager.cpp:93] [~BufferManager] Shutting down Buffer Manager completed[m
[36m[23:49:03.740747] [D] [SingleNodeWorker] [WorkerThread-7] [Task:1320886338] [SourceThread.cpp:232] [tryStop] SourceThread 2: attempting to stop source[m
[36m[23:49:03.740809] [D] [SingleNodeWorker] [WorkerThread-7] [Task:1320886338] [SourceThread.cpp:250] [tryStop] SourceThread 2: stopped[m
[32m[23:49:03.767242] [I] [SingleNodeWorker] [WorkerThread-1] [] [SequenceShredder.cpp:55] [~SequenceShredder] Successfully validated SequenceShredder[m
[32m[23:49:03.767856] [I] [SingleNodeWorker] [WorkerThread-6] [Task:1320886338-9] [VoidSink.cpp:42] [stop] Void Sink completed.[m
[36m[23:49:03.767985] [D] [SingleNodeWorker] [WorkerThread-6] [] [SourceThread.cpp:228] [tryStop] SourceThread 2: thread is not running[m
[36m[23:49:07.860242] [D] [Not A Worker] [unnamed] [queryId:838018081] [BufferManager.cpp:110] [initialize] NES memory allocation requires 1 out of 540577120256 (so 1.8498748143954595e-10%) available bytes[m
[36m[23:49:07.860303] [D] [Not A Worker] [unnamed] [queryId:838018081] [BufferManager.cpp:160] [initialize] BufferManager configuration bufferSize=1 numOfBuffers=1[m
[36m[23:49:07.860483] [D] [Not A Worker] [unnamed] [queryId:838018081] [PipeliningPhase.cpp:404] [apply] Constructed pipeline plan with 1 root pipelines.
PipelinedQueryPlan for Query: 838018081
Number of root pipelines: 1
------------------
Root Pipeline 0:
  Pipeline(ID(10), Provider(COMPILER))
  Operator chain:
    PhysicalOperator(NES::SourcePhysicalOperator)
  Successor Pipeline:
    Pipeline(ID(11), Provider(None))
      Operator chain:
        PhysicalOperator(NES::ScanPhysicalOperator)
          PhysicalOperator(NES::SelectionPhysicalOperator)
            PhysicalOperator(NES::MapPhysicalOperator)
              PhysicalOperator(NES::EmitPhysicalOperator)
      Successor Pipeline:
        Pipeline(ID(12), Provider(None))
          Operator chain:
            PhysicalOperator(NES::SinkPhysicalOperator)

[m
[36m[23:49:07.864493] [D] [Not A Worker] [unnamed] [] [SinkProvider.cpp:30] [lower] The sinkDescriptor is: SinkDescriptor: (name: variant("BID_AUCTION_ID_SINK"), type: Void, Config: )[m
[36m[23:49:07.866010] [D] [SingleNodeWorker] [WorkerThread-4] [Task:838018081-12] [VoidSink.cpp:37] [start] Setting up void sink: VoidSink[m
[36m[23:49:07.932756] [D] [SingleNodeWorker] [WorkerThread-4] [] [SourceThread.cpp:186] [start] Starting source with originId: 2[m
[36m[23:49:07.944656] [D] [SingleNodeWorker] [WorkerThread-4] [Task:838018081-11] [BufferManager.cpp:65] [~BufferManager] Calling BufferManager::destroy()[m
[36m[23:49:07.944684] [D] [SingleNodeWorker] [WorkerThread-4] [Task:838018081-11] [BufferManager.cpp:93] [~BufferManager] Shutting down Buffer Manager completed[m
[36m[23:49:44.538602] [D] [SingleNodeWorker] [WorkerThread-6] [Task:838018081] [SourceThread.cpp:232] [tryStop] SourceThread 2: attempting to stop source[m
[36m[23:49:44.538677] [D] [SingleNodeWorker] [WorkerThread-6] [Task:838018081] [SourceThread.cpp:250] [tryStop] SourceThread 2: stopped[m
[32m[23:49:44.566110] [I] [SingleNodeWorker] [WorkerThread-7] [] [SequenceShredder.cpp:55] [~SequenceShredder] Successfully validated SequenceShredder[m
[32m[23:49:44.566509] [I] [SingleNodeWorker] [WorkerThread-0] [Task:838018081-12] [VoidSink.cpp:42] [stop] Void Sink completed.[m
[36m[23:49:44.566665] [D] [SingleNodeWorker] [WorkerThread-0] [] [SourceThread.cpp:228] [tryStop] SourceThread 2: thread is not running[m
[36m[23:49:47.240551] [D] [Not A Worker] [unnamed] [queryId:1748157916] [BufferManager.cpp:110] [initialize] NES memory allocation requires 1 out of 540577120256 (so 1.8498748143954595e-10%) available bytes[m
[36m[23:49:47.240615] [D] [Not A Worker] [unnamed] [queryId:1748157916] [BufferManager.cpp:160] [initialize] BufferManager configuration bufferSize=1 numOfBuffers=1[m
[36m[23:49:47.241061] [D] [Not A Worker] [unnamed] [queryId:1748157916] [PipeliningPhase.cpp:404] [apply] Constructed pipeline plan with 1 root pipelines.
PipelinedQueryPlan for Query: 1748157916
Number of root pipelines: 1
------------------
Root Pipeline 0:
  Pipeline(ID(13), Provider(COMPILER))
  Operator chain:
    PhysicalOperator(NES::SourcePhysicalOperator)
  Successor Pipeline:
    Pipeline(ID(14), Provider(None))
      Operator chain:
        PhysicalOperator(NES::ScanPhysicalOperator)
          PhysicalOperator(NES::MapPhysicalOperator)
            PhysicalOperator(NES::EmitPhysicalOperator)
      Successor Pipeline:
        Pipeline(ID(15), Provider(None))
          Operator chain:
            PhysicalOperator(NES::SinkPhysicalOperator)

[m
[36m[23:49:47.244684] [D] [Not A Worker] [unnamed] [] [SinkProvider.cpp:30] [lower] The sinkDescriptor is: SinkDescriptor: (name: variant("NAME_SINK"), type: Void, Config: )[m
[36m[23:49:47.247257] [D] [SingleNodeWorker] [WorkerThread-1] [Task:1748157916-15] [VoidSink.cpp:37] [start] Setting up void sink: VoidSink[m
[36m[23:49:47.317362] [D] [SingleNodeWorker] [WorkerThread-1] [] [SourceThread.cpp:186] [start] Starting source with originId: 2[m
[36m[23:49:47.330264] [D] [SingleNodeWorker] [WorkerThread-1] [Task:1748157916-14] [BufferManager.cpp:65] [~BufferManager] Calling BufferManager::destroy()[m
[36m[23:49:47.330291] [D] [SingleNodeWorker] [WorkerThread-1] [Task:1748157916-14] [BufferManager.cpp:93] [~BufferManager] Shutting down Buffer Manager completed[m
[36m[23:49:51.042160] [D] [SingleNodeWorker] [WorkerThread-1] [Task:1748157916] [SourceThread.cpp:232] [tryStop] SourceThread 2: attempting to stop source[m
[36m[23:49:51.042197] [D] [SingleNodeWorker] [WorkerThread-1] [Task:1748157916] [SourceThread.cpp:250] [tryStop] SourceThread 2: stopped[m
[32m[23:49:51.068229] [I] [SingleNodeWorker] [WorkerThread-4] [] [SequenceShredder.cpp:55] [~SequenceShredder] Successfully validated SequenceShredder[m
[32m[23:49:51.068500] [I] [SingleNodeWorker] [WorkerThread-5] [Task:1748157916-15] [VoidSink.cpp:42] [stop] Void Sink completed.[m
[36m[23:49:51.068649] [D] [SingleNodeWorker] [WorkerThread-5] [] [SourceThread.cpp:228] [tryStop] SourceThread 2: thread is not running[m
[33m[1m[23:49:55.057508] [W] [Not A Worker] [unnamed] [queryId:561586824] [SinkDescriptor.cpp:63] [getFormatType] Sinks of the type Void do not have an INPUT_FORMAT parameter.[m
[36m[23:49:55.057616] [D] [Not A Worker] [unnamed] [queryId:561586824] [BufferManager.cpp:110] [initialize] NES memory allocation requires 1 out of 540577120256 (so 1.8498748143954595e-10%) available bytes[m
[36m[23:49:55.057636] [D] [Not A Worker] [unnamed] [queryId:561586824] [BufferManager.cpp:160] [initialize] BufferManager configuration bufferSize=1 numOfBuffers=1[m
[36m[23:49:55.057823] [D] [Not A Worker] [unnamed] [queryId:561586824] [PipeliningPhase.cpp:404] [apply] Constructed pipeline plan with 1 root pipelines.
PipelinedQueryPlan for Query: 561586824
Number of root pipelines: 1
------------------
Root Pipeline 0:
  Pipeline(ID(16), Provider(COMPILER))
  Operator chain:
    PhysicalOperator(NES::SourcePhysicalOperator)
  Successor Pipeline:
    Pipeline(ID(17), Provider(None))
      Operator chain:
        PhysicalOperator(NES::ScanPhysicalOperator)
          PhysicalOperator(NES::EmitPhysicalOperator)
      Successor Pipeline:
        Pipeline(ID(18), Provider(None))
          Operator chain:
            PhysicalOperator(NES::SinkPhysicalOperator)

[m
[36m[23:49:55.061356] [D] [Not A Worker] [unnamed] [] [SinkProvider.cpp:30] [lower] The sinkDescriptor is: SinkDescriptor: (name: variant("PERSON_SINK"), type: Void, Config: )[m
[36m[23:49:55.065023] [D] [SingleNodeWorker] [WorkerThread-4] [Task:561586824-18] [VoidSink.cpp:37] [start] Setting up void sink: VoidSink[m
[36m[23:49:55.143852] [D] [SingleNodeWorker] [WorkerThread-4] [] [SourceThread.cpp:186] [start] Starting source with originId: 2[m
[36m[23:49:55.153308] [D] [SingleNodeWorker] [WorkerThread-4] [Task:561586824-17] [BufferManager.cpp:65] [~BufferManager] Calling BufferManager::destroy()[m
[36m[23:49:55.153331] [D] [SingleNodeWorker] [WorkerThread-4] [Task:561586824-17] [BufferManager.cpp:93] [~BufferManager] Shutting down Buffer Manager completed[m
[36m[23:49:59.905849] [D] [SingleNodeWorker] [WorkerThread-3] [Task:561586824] [SourceThread.cpp:232] [tryStop] SourceThread 2: attempting to stop source[m
[36m[23:49:59.905907] [D] [SingleNodeWorker] [WorkerThread-3] [Task:561586824] [SourceThread.cpp:250] [tryStop] SourceThread 2: stopped[m
[32m[23:49:59.932947] [I] [SingleNodeWorker] [WorkerThread-5] [Task:561586824-18] [VoidSink.cpp:42] [stop] Void Sink completed.[m
[36m[23:49:59.933095] [D] [SingleNodeWorker] [WorkerThread-5] [] [SourceThread.cpp:228] [tryStop] SourceThread 2: thread is not running[m
[32m[23:49:59.933168] [I] [SingleNodeWorker] [WorkerThread-1] [] [SequenceShredder.cpp:55] [~SequenceShredder] Successfully validated SequenceShredder[m
[36m[23:50:02.746366] [D] [Not A Worker] [unnamed] [queryId:1644919755] [BufferManager.cpp:110] [initialize] NES memory allocation requires 1 out of 540577120256 (so 1.8498748143954595e-10%) available bytes[m
[36m[23:50:02.746418] [D] [Not A Worker] [unnamed] [queryId:1644919755] [BufferManager.cpp:160] [initialize] BufferManager configuration bufferSize=1 numOfBuffers=1[m
[36m[23:50:02.746777] [D] [Not A Worker] [unnamed] [queryId:1644919755] [PipeliningPhase.cpp:404] [apply] Constructed pipeline plan with 1 root pipelines.
PipelinedQueryPlan for Query: 1644919755
Number of root pipelines: 1
------------------
Root Pipeline 0:
  Pipeline(ID(19), Provider(COMPILER))
  Operator chain:
    PhysicalOperator(NES::SourcePhysicalOperator)
  Successor Pipeline:
    Pipeline(ID(20), Provider(None))
      Operator chain:
        PhysicalOperator(NES::ScanPhysicalOperator)
          PhysicalOperator(NES::MapPhysicalOperator)
            PhysicalOperator(NES::EmitPhysicalOperator)
      Successor Pipeline:
        Pipeline(ID(21), Provider(None))
          Operator chain:
            PhysicalOperator(NES::SinkPhysicalOperator)

[m
[36m[23:50:02.750469] [D] [Not A Worker] [unnamed] [] [SinkProvider.cpp:30] [lower] The sinkDescriptor is: SinkDescriptor: (name: variant("PERSON_ID_SINK"), type: Void, Config: )[m
[36m[23:50:02.751331] [D] [SingleNodeWorker] [WorkerThread-3] [Task:1644919755-21] [VoidSink.cpp:37] [start] Setting up void sink: VoidSink[m
[36m[23:50:02.821836] [D] [SingleNodeWorker] [WorkerThread-3] [] [SourceThread.cpp:186] [start] Starting source with originId: 2[m
[36m[23:50:02.832103] [D] [SingleNodeWorker] [WorkerThread-3] [Task:1644919755-20] [BufferManager.cpp:65] [~BufferManager] Calling BufferManager::destroy()[m
[36m[23:50:02.832141] [D] [SingleNodeWorker] [WorkerThread-3] [Task:1644919755-20] [BufferManager.cpp:93] [~BufferManager] Shutting down Buffer Manager completed[m
[36m[23:50:06.488639] [D] [SingleNodeWorker] [WorkerThread-6] [Task:1644919755] [SourceThread.cpp:232] [tryStop] SourceThread 2: attempting to stop source[m
[36m[23:50:06.488695] [D] [SingleNodeWorker] [WorkerThread-6] [Task:1644919755] [SourceThread.cpp:250] [tryStop] SourceThread 2: stopped[m
[32m[23:50:06.515296] [I] [SingleNodeWorker] [WorkerThread-3] [] [SequenceShredder.cpp:55] [~SequenceShredder] Successfully validated SequenceShredder[m
[32m[23:50:06.516305] [I] [SingleNodeWorker] [WorkerThread-7] [Task:1644919755-21] [VoidSink.cpp:42] [stop] Void Sink completed.[m
[36m[23:50:06.516483] [D] [SingleNodeWorker] [WorkerThread-7] [] [SourceThread.cpp:228] [tryStop] SourceThread 2: thread is not running[m
[36m[23:50:10.457336] [D] [Not A Worker] [unnamed] [queryId:764007964] [BufferManager.cpp:110] [initialize] NES memory allocation requires 1 out of 540577120256 (so 1.8498748143954595e-10%) available bytes[m
[36m[23:50:10.457389] [D] [Not A Worker] [unnamed] [queryId:764007964] [BufferManager.cpp:160] [initialize] BufferManager configuration bufferSize=1 numOfBuffers=1[m
[36m[23:50:10.457711] [D] [Not A Worker] [unnamed] [queryId:764007964] [PipeliningPhase.cpp:404] [apply] Constructed pipeline plan with 1 root pipelines.
PipelinedQueryPlan for Query: 764007964
Number of root pipelines: 1
------------------
Root Pipeline 0:
  Pipeline(ID(22), Provider(COMPILER))
  Operator chain:
    PhysicalOperator(NES::SourcePhysicalOperator)
  Successor Pipeline:
    Pipeline(ID(23), Provider(None))
      Operator chain:
        PhysicalOperator(NES::ScanPhysicalOperator)
          PhysicalOperator(NES::MapPhysicalOperator)
            PhysicalOperator(NES::EmitPhysicalOperator)
      Successor Pipeline:
        Pipeline(ID(24), Provider(None))
          Operator chain:
            PhysicalOperator(NES::SinkPhysicalOperator)

[m
[36m[23:50:10.461916] [D] [Not A Worker] [unnamed] [] [SinkProvider.cpp:30] [lower] The sinkDescriptor is: SinkDescriptor: (name: variant("BID_AUCTION_ID_SINK"), type: Void, Config: )[m
[36m[23:50:10.463231] [D] [SingleNodeWorker] [WorkerThread-0] [Task:764007964-24] [VoidSink.cpp:37] [start] Setting up void sink: VoidSink[m
[36m[23:50:10.523734] [D] [SingleNodeWorker] [WorkerThread-1] [] [SourceThread.cpp:186] [start] Starting source with originId: 2[m
[36m[23:50:10.535976] [D] [SingleNodeWorker] [WorkerThread-1] [Task:764007964-23] [BufferManager.cpp:65] [~BufferManager] Calling BufferManager::destroy()[m
[36m[23:50:10.536003] [D] [SingleNodeWorker] [WorkerThread-1] [Task:764007964-23] [BufferManager.cpp:93] [~BufferManager] Shutting down Buffer Manager completed[m
[36m[23:50:47.330321] [D] [SingleNodeWorker] [WorkerThread-0] [Task:764007964] [SourceThread.cpp:232] [tryStop] SourceThread 2: attempting to stop source[m
[36m[23:50:47.330363] [D] [SingleNodeWorker] [WorkerThread-0] [Task:764007964] [SourceThread.cpp:250] [tryStop] SourceThread 2: stopped[m
[32m[23:50:47.358490] [I] [SingleNodeWorker] [WorkerThread-6] [] [SequenceShredder.cpp:55] [~SequenceShredder] Successfully validated SequenceShredder[m
[32m[23:50:47.359928] [I] [SingleNodeWorker] [WorkerThread-1] [Task:764007964-24] [VoidSink.cpp:42] [stop] Void Sink completed.[m
[36m[23:50:47.360048] [D] [SingleNodeWorker] [WorkerThread-1] [] [SourceThread.cpp:228] [tryStop] SourceThread 2: thread is not running[m
