[32m[00:12:06.424143] [I] [Not A Worker] [unnamed] [] [SingleNodeWorker.cpp:63] [SingleNodeWorker] Starting SingleNodeWorker SingleNodeWorker with configuration:
worker.query_engine.number_of_worker_threads: 16
worker.query_engine.admission_queue_size: 1000 (default)
worker.default_query_execution.execution_mode: COMPILER (default)
worker.default_query_execution.page_size: 1024 (default)
worker.default_query_execution.number_of_partitions: 100 (default)
worker.default_query_execution.number_of_records_per_key: 10 (default)
worker.default_query_execution.max_number_of_buckets: 10000 (default)
worker.default_query_execution.operator_buffer_size: 262144
worker.default_query_optimization.join_strategy: OPTIMIZER_CHOOSES (default)
worker.number_of_buffers_in_global_buffer_manager: 32768 (default)
worker.default_max_inflight_buffers: 64 (default)
worker.dump_compilation_result: NONE (default)
worker.dump_graph: 0 (default)
grpc: [::]:8080 (default)
enable_event_trace: 0 (default)
[m
[36m[00:12:06.425473] [D] [Not A Worker] [unnamed] [] [BufferManager.cpp:110] [initialize] NES memory allocation requires 8589934592 out of 540577120256 (so 1.5890303659045137%) available bytes[m
[36m[00:12:06.518239] [D] [Not A Worker] [unnamed] [] [BufferManager.cpp:160] [initialize] BufferManager configuration bufferSize=262144 numOfBuffers=32768[m
[32m[00:12:06.527091] [I] [Not A Worker] [unnamed] [] [SingleNodeWorkerStarter.cpp:93] [main] Server listening on [::]:8080[m
[36m[00:12:08.942244] [D] [Not A Worker] [unnamed] [queryId:1043869531] [BufferManager.cpp:110] [initialize] NES memory allocation requires 1 out of 540577120256 (so 1.8498748143954595e-10%) available bytes[m
[36m[00:12:08.942295] [D] [Not A Worker] [unnamed] [queryId:1043869531] [BufferManager.cpp:160] [initialize] BufferManager configuration bufferSize=1 numOfBuffers=1[m
[36m[00:12:08.942507] [D] [Not A Worker] [unnamed] [queryId:1043869531] [PipeliningPhase.cpp:365] [apply] Constructed pipeline plan with 1 root pipelines.
PipelinedQueryPlan for Query: 1043869531
Number of root pipelines: 1
------------------
Root Pipeline 0:
  Pipeline(ID(1), Provider(COMPILER))
  Operator chain:
    PhysicalOperator(NES::SourcePhysicalOperator)
  Successor Pipeline:
    Pipeline(ID(2), Provider(None))
      Operator chain:
        PhysicalOperator(NES::ScanPhysicalOperator)
          PhysicalOperator(NES::SelectionPhysicalOperator)
            PhysicalOperator(NES::MapPhysicalOperator)
              PhysicalOperator(NES::EmitPhysicalOperator)
      Successor Pipeline:
        Pipeline(ID(3), Provider(None))
          Operator chain:
            PhysicalOperator(NES::SinkPhysicalOperator)

[m
[36m[00:12:08.946464] [D] [Not A Worker] [unnamed] [] [SinkProvider.cpp:30] [lower] The sinkDescriptor is: SinkDescriptor: (name: variant("NAME_SINK"), type: Void, Config: )[m
[36m[00:12:08.948233] [D] [SingleNodeWorker] [WorkerThread-15] [Task:1043869531-3] [VoidSink.cpp:37] [start] Setting up void sink: VoidSink[m
[36m[00:12:09.024704] [D] [SingleNodeWorker] [WorkerThread-4] [] [SourceThread.cpp:184] [start] Starting source with originId: 2[m
[36m[00:12:09.025612] [D] [SingleNodeWorker] [WorkerThread-4] [Task:1043869531-2] [BufferManager.cpp:65] [~BufferManager] Calling BufferManager::destroy()[m
[36m[00:12:09.025641] [D] [SingleNodeWorker] [WorkerThread-4] [Task:1043869531-2] [BufferManager.cpp:93] [~BufferManager] Shutting down Buffer Manager completed[m
[36m[00:12:10.542197] [D] [SingleNodeWorker] [WorkerThread-3] [Task:1043869531] [SourceThread.cpp:230] [tryStop] SourceThread 2: attempting to stop source[m
[36m[00:12:10.542303] [D] [SingleNodeWorker] [WorkerThread-3] [Task:1043869531] [SourceThread.cpp:248] [tryStop] SourceThread 2: stopped[m
[32m[00:12:10.568016] [I] [SingleNodeWorker] [WorkerThread-6] [Task:1043869531-3] [VoidSink.cpp:42] [stop] Void Sink completed.[m
[36m[00:12:10.568191] [D] [SingleNodeWorker] [WorkerThread-6] [] [SourceThread.cpp:226] [tryStop] SourceThread 2: thread is not running[m
[32m[00:12:10.568309] [I] [SingleNodeWorker] [WorkerThread-10] [] [SequenceShredder.cpp:55] [~SequenceShredder] Successfully validated SequenceShredder[m
[36m[00:12:13.840106] [D] [Not A Worker] [unnamed] [queryId:539113472] [BufferManager.cpp:110] [initialize] NES memory allocation requires 1 out of 540577120256 (so 1.8498748143954595e-10%) available bytes[m
[36m[00:12:13.840171] [D] [Not A Worker] [unnamed] [queryId:539113472] [BufferManager.cpp:160] [initialize] BufferManager configuration bufferSize=1 numOfBuffers=1[m
[36m[00:12:13.840356] [D] [Not A Worker] [unnamed] [queryId:539113472] [PipeliningPhase.cpp:365] [apply] Constructed pipeline plan with 1 root pipelines.
PipelinedQueryPlan for Query: 539113472
Number of root pipelines: 1
------------------
Root Pipeline 0:
  Pipeline(ID(4), Provider(COMPILER))
  Operator chain:
    PhysicalOperator(NES::SourcePhysicalOperator)
  Successor Pipeline:
    Pipeline(ID(5), Provider(None))
      Operator chain:
        PhysicalOperator(NES::ScanPhysicalOperator)
          PhysicalOperator(NES::SelectionPhysicalOperator)
            PhysicalOperator(NES::EmitPhysicalOperator)
      Successor Pipeline:
        Pipeline(ID(6), Provider(None))
          Operator chain:
            PhysicalOperator(NES::SinkPhysicalOperator)

[m
[36m[00:12:13.844254] [D] [Not A Worker] [unnamed] [] [SinkProvider.cpp:30] [lower] The sinkDescriptor is: SinkDescriptor: (name: variant("PERSON_SINK"), type: Void, Config: )[m
[36m[00:12:13.844944] [D] [SingleNodeWorker] [WorkerThread-14] [Task:539113472-6] [VoidSink.cpp:37] [start] Setting up void sink: VoidSink[m
[36m[00:12:13.929978] [D] [SingleNodeWorker] [WorkerThread-15] [] [SourceThread.cpp:184] [start] Starting source with originId: 2[m
[36m[00:12:13.931491] [D] [SingleNodeWorker] [WorkerThread-5] [Task:539113472-5] [BufferManager.cpp:65] [~BufferManager] Calling BufferManager::destroy()[m
[36m[00:12:13.931597] [D] [SingleNodeWorker] [WorkerThread-5] [Task:539113472-5] [BufferManager.cpp:93] [~BufferManager] Shutting down Buffer Manager completed[m
[36m[00:12:15.503906] [D] [SingleNodeWorker] [WorkerThread-4] [Task:539113472] [SourceThread.cpp:230] [tryStop] SourceThread 2: attempting to stop source[m
[36m[00:12:15.503970] [D] [SingleNodeWorker] [WorkerThread-4] [Task:539113472] [SourceThread.cpp:248] [tryStop] SourceThread 2: stopped[m
[32m[00:12:15.530076] [I] [SingleNodeWorker] [WorkerThread-11] [Task:539113472-6] [VoidSink.cpp:42] [stop] Void Sink completed.[m
[32m[00:12:15.530097] [I] [SingleNodeWorker] [WorkerThread-5] [] [SequenceShredder.cpp:55] [~SequenceShredder] Successfully validated SequenceShredder[m
[36m[00:12:15.530215] [D] [SingleNodeWorker] [WorkerThread-11] [] [SourceThread.cpp:226] [tryStop] SourceThread 2: thread is not running[m
[36m[00:12:18.745998] [D] [Not A Worker] [unnamed] [queryId:1773804172] [BufferManager.cpp:110] [initialize] NES memory allocation requires 1 out of 540577120256 (so 1.8498748143954595e-10%) available bytes[m
[36m[00:12:18.746053] [D] [Not A Worker] [unnamed] [queryId:1773804172] [BufferManager.cpp:160] [initialize] BufferManager configuration bufferSize=1 numOfBuffers=1[m
[36m[00:12:18.746221] [D] [Not A Worker] [unnamed] [queryId:1773804172] [PipeliningPhase.cpp:365] [apply] Constructed pipeline plan with 1 root pipelines.
PipelinedQueryPlan for Query: 1773804172
Number of root pipelines: 1
------------------
Root Pipeline 0:
  Pipeline(ID(7), Provider(COMPILER))
  Operator chain:
    PhysicalOperator(NES::SourcePhysicalOperator)
  Successor Pipeline:
    Pipeline(ID(8), Provider(None))
      Operator chain:
        PhysicalOperator(NES::ScanPhysicalOperator)
          PhysicalOperator(NES::SelectionPhysicalOperator)
            PhysicalOperator(NES::MapPhysicalOperator)
              PhysicalOperator(NES::EmitPhysicalOperator)
      Successor Pipeline:
        Pipeline(ID(9), Provider(None))
          Operator chain:
            PhysicalOperator(NES::SinkPhysicalOperator)

[m
[36m[00:12:18.749655] [D] [Not A Worker] [unnamed] [] [SinkProvider.cpp:30] [lower] The sinkDescriptor is: SinkDescriptor: (name: variant("PERSON_ID_SINK"), type: Void, Config: )[m
[36m[00:12:18.750227] [D] [SingleNodeWorker] [WorkerThread-14] [Task:1773804172-9] [VoidSink.cpp:37] [start] Setting up void sink: VoidSink[m
[36m[00:12:18.820260] [D] [SingleNodeWorker] [WorkerThread-14] [] [SourceThread.cpp:184] [start] Starting source with originId: 2[m
[36m[00:12:18.821814] [D] [SingleNodeWorker] [WorkerThread-14] [Task:1773804172-8] [BufferManager.cpp:65] [~BufferManager] Calling BufferManager::destroy()[m
[36m[00:12:18.821840] [D] [SingleNodeWorker] [WorkerThread-14] [Task:1773804172-8] [BufferManager.cpp:93] [~BufferManager] Shutting down Buffer Manager completed[m
[36m[00:12:19.649428] [D] [SingleNodeWorker] [WorkerThread-0] [Task:1773804172-8] [InputFormatter.hpp:348] [indexTrailingSpanningTupleProxy] last offset: 262143, first offset: 297[m
[36m[00:12:20.258732] [D] [SingleNodeWorker] [WorkerThread-15] [Task:1773804172] [SourceThread.cpp:230] [tryStop] SourceThread 2: attempting to stop source[m
[36m[00:12:20.258779] [D] [SingleNodeWorker] [WorkerThread-15] [Task:1773804172] [SourceThread.cpp:248] [tryStop] SourceThread 2: stopped[m
[32m[00:12:20.284592] [I] [SingleNodeWorker] [WorkerThread-13] [] [SequenceShredder.cpp:55] [~SequenceShredder] Successfully validated SequenceShredder[m
[32m[00:12:20.284814] [I] [SingleNodeWorker] [WorkerThread-1] [Task:1773804172-9] [VoidSink.cpp:42] [stop] Void Sink completed.[m
[36m[00:12:20.284958] [D] [SingleNodeWorker] [WorkerThread-1] [] [SourceThread.cpp:226] [tryStop] SourceThread 2: thread is not running[m
[36m[00:12:23.596712] [D] [Not A Worker] [unnamed] [queryId:1637831512] [BufferManager.cpp:110] [initialize] NES memory allocation requires 1 out of 540577120256 (so 1.8498748143954595e-10%) available bytes[m
[36m[00:12:23.596763] [D] [Not A Worker] [unnamed] [queryId:1637831512] [BufferManager.cpp:160] [initialize] BufferManager configuration bufferSize=1 numOfBuffers=1[m
[36m[00:12:23.596961] [D] [Not A Worker] [unnamed] [queryId:1637831512] [PipeliningPhase.cpp:365] [apply] Constructed pipeline plan with 1 root pipelines.
PipelinedQueryPlan for Query: 1637831512
Number of root pipelines: 1
------------------
Root Pipeline 0:
  Pipeline(ID(10), Provider(COMPILER))
  Operator chain:
    PhysicalOperator(NES::SourcePhysicalOperator)
  Successor Pipeline:
    Pipeline(ID(11), Provider(None))
      Operator chain:
        PhysicalOperator(NES::ScanPhysicalOperator)
          PhysicalOperator(NES::SelectionPhysicalOperator)
            PhysicalOperator(NES::MapPhysicalOperator)
              PhysicalOperator(NES::EmitPhysicalOperator)
      Successor Pipeline:
        Pipeline(ID(12), Provider(None))
          Operator chain:
            PhysicalOperator(NES::SinkPhysicalOperator)

[m
[36m[00:12:23.600416] [D] [Not A Worker] [unnamed] [] [SinkProvider.cpp:30] [lower] The sinkDescriptor is: SinkDescriptor: (name: variant("BID_AUCTION_ID_SINK"), type: Void, Config: )[m
[36m[00:12:23.600795] [D] [SingleNodeWorker] [WorkerThread-12] [Task:1637831512-12] [VoidSink.cpp:37] [start] Setting up void sink: VoidSink[m
[36m[00:12:23.652832] [D] [SingleNodeWorker] [WorkerThread-2] [] [SourceThread.cpp:184] [start] Starting source with originId: 2[m
[36m[00:12:23.654463] [D] [SingleNodeWorker] [WorkerThread-2] [Task:1637831512-11] [BufferManager.cpp:65] [~BufferManager] Calling BufferManager::destroy()[m
[36m[00:12:23.654486] [D] [SingleNodeWorker] [WorkerThread-2] [Task:1637831512-11] [BufferManager.cpp:93] [~BufferManager] Shutting down Buffer Manager completed[m
[36m[00:12:23.786490] [D] [SingleNodeWorker] [WorkerThread-5] [Task:1637831512-11] [InputFormatter.hpp:348] [indexTrailingSpanningTupleProxy] last offset: 262143, first offset: 73[m
[36m[00:12:24.279305] [D] [SingleNodeWorker] [WorkerThread-4] [Task:1637831512-11] [InputFormatter.hpp:348] [indexTrailingSpanningTupleProxy] last offset: 262143, first offset: 43[m
[36m[00:12:33.483902] [D] [SingleNodeWorker] [WorkerThread-4] [Task:1637831512-11] [InputFormatter.hpp:348] [indexTrailingSpanningTupleProxy] last offset: 262143, first offset: 12[m
[36m[00:12:33.553329] [D] [SingleNodeWorker] [WorkerThread-0] [Task:1637831512-11] [InputFormatter.hpp:348] [indexTrailingSpanningTupleProxy] last offset: 262143, first offset: 9[m
[36m[00:12:37.308912] [D] [SingleNodeWorker] [WorkerThread-0] [Task:1637831512-11] [InputFormatter.hpp:348] [indexTrailingSpanningTupleProxy] last offset: 262143, first offset: 14[m
[36m[00:12:37.540508] [D] [SingleNodeWorker] [WorkerThread-4] [Task:1637831512-11] [InputFormatter.hpp:348] [indexTrailingSpanningTupleProxy] last offset: 262143, first offset: 10[m
[36m[00:12:37.774543] [D] [SingleNodeWorker] [WorkerThread-4] [Task:1637831512-11] [InputFormatter.hpp:348] [indexTrailingSpanningTupleProxy] last offset: 262143, first offset: 31[m
[36m[00:12:40.492148] [D] [SingleNodeWorker] [WorkerThread-8] [Task:1637831512-11] [InputFormatter.hpp:348] [indexTrailingSpanningTupleProxy] last offset: 262143, first offset: 47[m
[36m[00:12:45.323285] [D] [SingleNodeWorker] [WorkerThread-1] [Task:1637831512-11] [InputFormatter.hpp:348] [indexTrailingSpanningTupleProxy] last offset: 262143, first offset: 29[m
[36m[00:12:45.649494] [D] [SingleNodeWorker] [WorkerThread-4] [Task:1637831512-11] [InputFormatter.hpp:348] [indexTrailingSpanningTupleProxy] last offset: 262143, first offset: 69[m
[36m[00:12:47.428582] [D] [SingleNodeWorker] [WorkerThread-4] [Task:1637831512-11] [InputFormatter.hpp:348] [indexTrailingSpanningTupleProxy] last offset: 262143, first offset: 33[m
[36m[00:12:54.494244] [D] [SingleNodeWorker] [WorkerThread-4] [Task:1637831512-11] [InputFormatter.hpp:348] [indexTrailingSpanningTupleProxy] last offset: 262143, first offset: 13[m
[36m[00:12:55.220615] [D] [SingleNodeWorker] [WorkerThread-5] [Task:1637831512-11] [InputFormatter.hpp:348] [indexTrailingSpanningTupleProxy] last offset: 262143, first offset: 27[m
[36m[00:12:56.258587] [D] [SingleNodeWorker] [WorkerThread-4] [Task:1637831512-11] [InputFormatter.hpp:348] [indexTrailingSpanningTupleProxy] last offset: 262143, first offset: 47[m
[36m[00:12:57.515311] [D] [SingleNodeWorker] [WorkerThread-2] [Task:1637831512] [SourceThread.cpp:230] [tryStop] SourceThread 2: attempting to stop source[m
[36m[00:12:57.515366] [D] [SingleNodeWorker] [WorkerThread-2] [Task:1637831512] [SourceThread.cpp:248] [tryStop] SourceThread 2: stopped[m
[32m[00:12:57.541728] [I] [SingleNodeWorker] [WorkerThread-6] [] [SequenceShredder.cpp:55] [~SequenceShredder] Successfully validated SequenceShredder[m
[32m[00:12:57.541959] [I] [SingleNodeWorker] [WorkerThread-15] [Task:1637831512-12] [VoidSink.cpp:42] [stop] Void Sink completed.[m
[36m[00:12:57.542116] [D] [SingleNodeWorker] [WorkerThread-15] [] [SourceThread.cpp:226] [tryStop] SourceThread 2: thread is not running[m
[36m[00:13:00.185567] [D] [Not A Worker] [unnamed] [queryId:574845657] [BufferManager.cpp:110] [initialize] NES memory allocation requires 1 out of 540577120256 (so 1.8498748143954595e-10%) available bytes[m
[36m[00:13:00.185613] [D] [Not A Worker] [unnamed] [queryId:574845657] [BufferManager.cpp:160] [initialize] BufferManager configuration bufferSize=1 numOfBuffers=1[m
[36m[00:13:00.185976] [D] [Not A Worker] [unnamed] [queryId:574845657] [PipeliningPhase.cpp:365] [apply] Constructed pipeline plan with 1 root pipelines.
PipelinedQueryPlan for Query: 574845657
Number of root pipelines: 1
------------------
Root Pipeline 0:
  Pipeline(ID(13), Provider(COMPILER))
  Operator chain:
    PhysicalOperator(NES::SourcePhysicalOperator)
  Successor Pipeline:
    Pipeline(ID(14), Provider(None))
      Operator chain:
        PhysicalOperator(NES::ScanPhysicalOperator)
          PhysicalOperator(NES::MapPhysicalOperator)
            PhysicalOperator(NES::EmitPhysicalOperator)
      Successor Pipeline:
        Pipeline(ID(15), Provider(None))
          Operator chain:
            PhysicalOperator(NES::SinkPhysicalOperator)

[m
[36m[00:13:00.189270] [D] [Not A Worker] [unnamed] [] [SinkProvider.cpp:30] [lower] The sinkDescriptor is: SinkDescriptor: (name: variant("NAME_SINK"), type: Void, Config: )[m
[36m[00:13:00.189919] [D] [SingleNodeWorker] [WorkerThread-2] [Task:574845657-15] [VoidSink.cpp:37] [start] Setting up void sink: VoidSink[m
[36m[00:13:00.250195] [D] [SingleNodeWorker] [WorkerThread-2] [] [SourceThread.cpp:184] [start] Starting source with originId: 2[m
[36m[00:13:00.257470] [D] [SingleNodeWorker] [WorkerThread-6] [Task:574845657-14] [BufferManager.cpp:65] [~BufferManager] Calling BufferManager::destroy()[m
[36m[00:13:00.257559] [D] [SingleNodeWorker] [WorkerThread-6] [Task:574845657-14] [BufferManager.cpp:93] [~BufferManager] Shutting down Buffer Manager completed[m
[36m[00:13:01.146453] [D] [SingleNodeWorker] [WorkerThread-10] [Task:574845657-14] [InputFormatter.hpp:348] [indexTrailingSpanningTupleProxy] last offset: 262143, first offset: 327[m
[36m[00:13:01.842098] [D] [SingleNodeWorker] [WorkerThread-2] [Task:574845657] [SourceThread.cpp:230] [tryStop] SourceThread 2: attempting to stop source[m
[36m[00:13:01.842147] [D] [SingleNodeWorker] [WorkerThread-2] [Task:574845657] [SourceThread.cpp:248] [tryStop] SourceThread 2: stopped[m
[32m[00:13:01.868052] [I] [SingleNodeWorker] [WorkerThread-7] [Task:574845657-15] [VoidSink.cpp:42] [stop] Void Sink completed.[m
[36m[00:13:01.868183] [D] [SingleNodeWorker] [WorkerThread-7] [] [SourceThread.cpp:226] [tryStop] SourceThread 2: thread is not running[m
[32m[00:13:01.868315] [I] [SingleNodeWorker] [WorkerThread-12] [] [SequenceShredder.cpp:55] [~SequenceShredder] Successfully validated SequenceShredder[m
[33m[1m[00:13:05.123366] [W] [Not A Worker] [unnamed] [queryId:485703125] [SinkDescriptor.cpp:63] [getFormatType] Sinks of the type Void do not have an INPUT_FORMAT parameter.[m
[36m[00:13:05.123472] [D] [Not A Worker] [unnamed] [queryId:485703125] [BufferManager.cpp:110] [initialize] NES memory allocation requires 1 out of 540577120256 (so 1.8498748143954595e-10%) available bytes[m
[36m[00:13:05.123495] [D] [Not A Worker] [unnamed] [queryId:485703125] [BufferManager.cpp:160] [initialize] BufferManager configuration bufferSize=1 numOfBuffers=1[m
[36m[00:13:05.123667] [D] [Not A Worker] [unnamed] [queryId:485703125] [PipeliningPhase.cpp:365] [apply] Constructed pipeline plan with 1 root pipelines.
PipelinedQueryPlan for Query: 485703125
Number of root pipelines: 1
------------------
Root Pipeline 0:
  Pipeline(ID(16), Provider(COMPILER))
  Operator chain:
    PhysicalOperator(NES::SourcePhysicalOperator)
  Successor Pipeline:
    Pipeline(ID(17), Provider(None))
      Operator chain:
        PhysicalOperator(NES::ScanPhysicalOperator)
          PhysicalOperator(NES::EmitPhysicalOperator)
      Successor Pipeline:
        Pipeline(ID(18), Provider(None))
          Operator chain:
            PhysicalOperator(NES::SinkPhysicalOperator)

[m
[36m[00:13:05.127142] [D] [Not A Worker] [unnamed] [] [SinkProvider.cpp:30] [lower] The sinkDescriptor is: SinkDescriptor: (name: variant("PERSON_SINK"), type: Void, Config: )[m
[36m[00:13:05.127639] [D] [SingleNodeWorker] [WorkerThread-13] [Task:485703125-18] [VoidSink.cpp:37] [start] Setting up void sink: VoidSink[m
[36m[00:13:05.197823] [D] [SingleNodeWorker] [WorkerThread-15] [] [SourceThread.cpp:184] [start] Starting source with originId: 2[m
[36m[00:13:05.200870] [D] [SingleNodeWorker] [WorkerThread-12] [Task:485703125-17] [BufferManager.cpp:65] [~BufferManager] Calling BufferManager::destroy()[m
[36m[00:13:05.200975] [D] [SingleNodeWorker] [WorkerThread-12] [Task:485703125-17] [BufferManager.cpp:93] [~BufferManager] Shutting down Buffer Manager completed[m
[36m[00:13:07.380927] [D] [SingleNodeWorker] [WorkerThread-9] [Task:485703125] [SourceThread.cpp:230] [tryStop] SourceThread 2: attempting to stop source[m
[36m[00:13:07.380983] [D] [SingleNodeWorker] [WorkerThread-9] [Task:485703125] [SourceThread.cpp:248] [tryStop] SourceThread 2: stopped[m
[32m[00:13:07.406987] [I] [SingleNodeWorker] [WorkerThread-3] [] [SequenceShredder.cpp:55] [~SequenceShredder] Successfully validated SequenceShredder[m
[32m[00:13:07.408048] [I] [SingleNodeWorker] [WorkerThread-4] [Task:485703125-18] [VoidSink.cpp:42] [stop] Void Sink completed.[m
[36m[00:13:07.408185] [D] [SingleNodeWorker] [WorkerThread-4] [] [SourceThread.cpp:226] [tryStop] SourceThread 2: thread is not running[m
[36m[00:13:10.078491] [D] [Not A Worker] [unnamed] [queryId:519545225] [BufferManager.cpp:110] [initialize] NES memory allocation requires 1 out of 540577120256 (so 1.8498748143954595e-10%) available bytes[m
[36m[00:13:10.078547] [D] [Not A Worker] [unnamed] [queryId:519545225] [BufferManager.cpp:160] [initialize] BufferManager configuration bufferSize=1 numOfBuffers=1[m
[36m[00:13:10.078968] [D] [Not A Worker] [unnamed] [queryId:519545225] [PipeliningPhase.cpp:365] [apply] Constructed pipeline plan with 1 root pipelines.
PipelinedQueryPlan for Query: 519545225
Number of root pipelines: 1
------------------
Root Pipeline 0:
  Pipeline(ID(19), Provider(COMPILER))
  Operator chain:
    PhysicalOperator(NES::SourcePhysicalOperator)
  Successor Pipeline:
    Pipeline(ID(20), Provider(None))
      Operator chain:
        PhysicalOperator(NES::ScanPhysicalOperator)
          PhysicalOperator(NES::MapPhysicalOperator)
            PhysicalOperator(NES::EmitPhysicalOperator)
      Successor Pipeline:
        Pipeline(ID(21), Provider(None))
          Operator chain:
            PhysicalOperator(NES::SinkPhysicalOperator)

[m
[36m[00:13:10.082490] [D] [Not A Worker] [unnamed] [] [SinkProvider.cpp:30] [lower] The sinkDescriptor is: SinkDescriptor: (name: variant("PERSON_ID_SINK"), type: Void, Config: )[m
[36m[00:13:10.085532] [D] [SingleNodeWorker] [WorkerThread-15] [Task:519545225-21] [VoidSink.cpp:37] [start] Setting up void sink: VoidSink[m
[36m[00:13:10.143910] [D] [SingleNodeWorker] [WorkerThread-15] [] [SourceThread.cpp:184] [start] Starting source with originId: 2[m
[36m[00:13:10.145455] [D] [SingleNodeWorker] [WorkerThread-15] [Task:519545225-20] [BufferManager.cpp:65] [~BufferManager] Calling BufferManager::destroy()[m
[36m[00:13:10.145479] [D] [SingleNodeWorker] [WorkerThread-15] [Task:519545225-20] [BufferManager.cpp:93] [~BufferManager] Shutting down Buffer Manager completed[m
[36m[00:13:10.270133] [D] [SingleNodeWorker] [WorkerThread-14] [Task:519545225-20] [InputFormatter.hpp:348] [indexTrailingSpanningTupleProxy] last offset: 262143, first offset: 31[m
[36m[00:13:11.604872] [D] [SingleNodeWorker] [WorkerThread-11] [Task:519545225] [SourceThread.cpp:230] [tryStop] SourceThread 2: attempting to stop source[m
[36m[00:13:11.604913] [D] [SingleNodeWorker] [WorkerThread-11] [Task:519545225] [SourceThread.cpp:248] [tryStop] SourceThread 2: stopped[m
[32m[00:13:11.630761] [I] [SingleNodeWorker] [WorkerThread-6] [] [SequenceShredder.cpp:55] [~SequenceShredder] Successfully validated SequenceShredder[m
[32m[00:13:11.631349] [I] [SingleNodeWorker] [WorkerThread-13] [Task:519545225-21] [VoidSink.cpp:42] [stop] Void Sink completed.[m
[36m[00:13:11.631466] [D] [SingleNodeWorker] [WorkerThread-13] [] [SourceThread.cpp:226] [tryStop] SourceThread 2: thread is not running[m
[36m[00:13:14.934162] [D] [Not A Worker] [unnamed] [queryId:1567678083] [BufferManager.cpp:110] [initialize] NES memory allocation requires 1 out of 540577120256 (so 1.8498748143954595e-10%) available bytes[m
[36m[00:13:14.934213] [D] [Not A Worker] [unnamed] [queryId:1567678083] [BufferManager.cpp:160] [initialize] BufferManager configuration bufferSize=1 numOfBuffers=1[m
[36m[00:13:14.934592] [D] [Not A Worker] [unnamed] [queryId:1567678083] [PipeliningPhase.cpp:365] [apply] Constructed pipeline plan with 1 root pipelines.
PipelinedQueryPlan for Query: 1567678083
Number of root pipelines: 1
------------------
Root Pipeline 0:
  Pipeline(ID(22), Provider(COMPILER))
  Operator chain:
    PhysicalOperator(NES::SourcePhysicalOperator)
  Successor Pipeline:
    Pipeline(ID(23), Provider(None))
      Operator chain:
        PhysicalOperator(NES::ScanPhysicalOperator)
          PhysicalOperator(NES::MapPhysicalOperator)
            PhysicalOperator(NES::EmitPhysicalOperator)
      Successor Pipeline:
        Pipeline(ID(24), Provider(None))
          Operator chain:
            PhysicalOperator(NES::SinkPhysicalOperator)

[m
[36m[00:13:14.938306] [D] [Not A Worker] [unnamed] [] [SinkProvider.cpp:30] [lower] The sinkDescriptor is: SinkDescriptor: (name: variant("BID_AUCTION_ID_SINK"), type: Void, Config: )[m
[36m[00:13:14.938792] [D] [SingleNodeWorker] [WorkerThread-5] [Task:1567678083-24] [VoidSink.cpp:37] [start] Setting up void sink: VoidSink[m
[36m[00:13:14.986861] [D] [SingleNodeWorker] [WorkerThread-1] [] [SourceThread.cpp:184] [start] Starting source with originId: 2[m
[36m[00:13:14.988578] [D] [SingleNodeWorker] [WorkerThread-1] [Task:1567678083-23] [BufferManager.cpp:65] [~BufferManager] Calling BufferManager::destroy()[m
[36m[00:13:14.988604] [D] [SingleNodeWorker] [WorkerThread-1] [Task:1567678083-23] [BufferManager.cpp:93] [~BufferManager] Shutting down Buffer Manager completed[m
[36m[00:13:17.427151] [D] [SingleNodeWorker] [WorkerThread-4] [Task:1567678083-23] [InputFormatter.hpp:348] [indexTrailingSpanningTupleProxy] last offset: 262143, first offset: 13[m
[36m[00:13:17.506217] [D] [SingleNodeWorker] [WorkerThread-10] [Task:1567678083-23] [InputFormatter.hpp:348] [indexTrailingSpanningTupleProxy] last offset: 262143, first offset: 68[m
[36m[00:13:18.109519] [D] [SingleNodeWorker] [WorkerThread-4] [Task:1567678083-23] [InputFormatter.hpp:348] [indexTrailingSpanningTupleProxy] last offset: 262143, first offset: 2[m
[36m[00:13:31.889480] [D] [SingleNodeWorker] [WorkerThread-15] [Task:1567678083-23] [InputFormatter.hpp:348] [indexTrailingSpanningTupleProxy] last offset: 262143, first offset: 64[m
[36m[00:13:32.276198] [D] [SingleNodeWorker] [WorkerThread-11] [Task:1567678083-23] [InputFormatter.hpp:348] [indexTrailingSpanningTupleProxy] last offset: 262143, first offset: 26[m
[36m[00:13:35.719110] [D] [SingleNodeWorker] [WorkerThread-14] [Task:1567678083-23] [InputFormatter.hpp:348] [indexTrailingSpanningTupleProxy] last offset: 262143, first offset: 73[m
[36m[00:13:44.273649] [D] [SingleNodeWorker] [WorkerThread-4] [Task:1567678083-23] [InputFormatter.hpp:348] [indexTrailingSpanningTupleProxy] last offset: 262143, first offset: 21[m
[36m[00:13:48.472191] [D] [SingleNodeWorker] [WorkerThread-3] [Task:1567678083] [SourceThread.cpp:230] [tryStop] SourceThread 2: attempting to stop source[m
[36m[00:13:48.472236] [D] [SingleNodeWorker] [WorkerThread-3] [Task:1567678083] [SourceThread.cpp:248] [tryStop] SourceThread 2: stopped[m
[32m[00:13:48.497858] [I] [SingleNodeWorker] [WorkerThread-8] [Task:1567678083-24] [VoidSink.cpp:42] [stop] Void Sink completed.[m
[36m[00:13:48.497995] [D] [SingleNodeWorker] [WorkerThread-8] [] [SourceThread.cpp:226] [tryStop] SourceThread 2: thread is not running[m
[32m[00:13:48.498112] [I] [SingleNodeWorker] [WorkerThread-12] [] [SequenceShredder.cpp:55] [~SequenceShredder] Successfully validated SequenceShredder[m
