[32m[23:54:11.446767] [I] [Not A Worker] [unnamed] [] [SingleNodeWorker.cpp:63] [SingleNodeWorker] Starting SingleNodeWorker SingleNodeWorker with configuration:
worker.query_engine.number_of_worker_threads: 2
worker.query_engine.admission_queue_size: 1000 (default)
worker.default_query_execution.execution_mode: COMPILER (default)
worker.default_query_execution.page_size: 1024 (default)
worker.default_query_execution.number_of_partitions: 100 (default)
worker.default_query_execution.number_of_records_per_key: 10 (default)
worker.default_query_execution.max_number_of_buckets: 10000 (default)
worker.default_query_execution.operator_buffer_size: 262144
worker.default_query_optimization.join_strategy: OPTIMIZER_CHOOSES (default)
worker.number_of_buffers_in_global_buffer_manager: 32768 (default)
worker.default_max_inflight_buffers: 64 (default)
worker.dump_compilation_result: NONE (default)
worker.dump_graph: 0 (default)
grpc: [::]:8080 (default)
enable_event_trace: 0 (default)
[m
[36m[23:54:11.448193] [D] [Not A Worker] [unnamed] [] [BufferManager.cpp:110] [initialize] NES memory allocation requires 8589934592 out of 540577120256 (so 1.5890303659045137%) available bytes[m
[36m[23:54:11.542538] [D] [Not A Worker] [unnamed] [] [BufferManager.cpp:160] [initialize] BufferManager configuration bufferSize=262144 numOfBuffers=32768[m
[32m[23:54:11.548984] [I] [Not A Worker] [unnamed] [] [SingleNodeWorkerStarter.cpp:93] [main] Server listening on [::]:8080[m
[36m[23:54:13.982212] [D] [Not A Worker] [unnamed] [queryId:725956961] [BufferManager.cpp:110] [initialize] NES memory allocation requires 1 out of 540577120256 (so 1.8498748143954595e-10%) available bytes[m
[36m[23:54:13.982267] [D] [Not A Worker] [unnamed] [queryId:725956961] [BufferManager.cpp:160] [initialize] BufferManager configuration bufferSize=1 numOfBuffers=1[m
[36m[23:54:13.982453] [D] [Not A Worker] [unnamed] [queryId:725956961] [PipeliningPhase.cpp:365] [apply] Constructed pipeline plan with 1 root pipelines.
PipelinedQueryPlan for Query: 725956961
Number of root pipelines: 1
------------------
Root Pipeline 0:
  Pipeline(ID(1), Provider(COMPILER))
  Operator chain:
    PhysicalOperator(NES::SourcePhysicalOperator)
  Successor Pipeline:
    Pipeline(ID(2), Provider(None))
      Operator chain:
        PhysicalOperator(NES::ScanPhysicalOperator)
          PhysicalOperator(NES::SelectionPhysicalOperator)
            PhysicalOperator(NES::MapPhysicalOperator)
              PhysicalOperator(NES::EmitPhysicalOperator)
      Successor Pipeline:
        Pipeline(ID(3), Provider(None))
          Operator chain:
            PhysicalOperator(NES::SinkPhysicalOperator)

[m
[36m[23:54:13.985998] [D] [Not A Worker] [unnamed] [] [SinkProvider.cpp:30] [lower] The sinkDescriptor is: SinkDescriptor: (name: variant("NAME_SINK"), type: Void, Config: )[m
[36m[23:54:13.987738] [D] [SingleNodeWorker] [WorkerThread-1] [Task:725956961-3] [VoidSink.cpp:37] [start] Setting up void sink: VoidSink[m
[36m[23:54:14.061900] [D] [SingleNodeWorker] [WorkerThread-1] [] [SourceThread.cpp:184] [start] Starting source with originId: 2[m
[36m[23:54:14.063575] [D] [SingleNodeWorker] [WorkerThread-1] [Task:725956961-2] [BufferManager.cpp:65] [~BufferManager] Calling BufferManager::destroy()[m
[36m[23:54:14.063608] [D] [SingleNodeWorker] [WorkerThread-1] [Task:725956961-2] [BufferManager.cpp:93] [~BufferManager] Shutting down Buffer Manager completed[m
[36m[23:54:24.554836] [D] [SingleNodeWorker] [WorkerThread-0] [Task:725956961] [SourceThread.cpp:230] [tryStop] SourceThread 2: attempting to stop source[m
[36m[23:54:24.554886] [D] [SingleNodeWorker] [WorkerThread-0] [Task:725956961] [SourceThread.cpp:248] [tryStop] SourceThread 2: stopped[m
[32m[23:54:24.590574] [I] [SingleNodeWorker] [WorkerThread-0] [] [SequenceShredder.cpp:55] [~SequenceShredder] Successfully validated SequenceShredder[m
[32m[23:54:24.591059] [I] [SingleNodeWorker] [WorkerThread-1] [Task:725956961-3] [VoidSink.cpp:42] [stop] Void Sink completed.[m
[36m[23:54:24.591201] [D] [SingleNodeWorker] [WorkerThread-1] [] [SourceThread.cpp:226] [tryStop] SourceThread 2: thread is not running[m
[36m[23:54:27.697862] [D] [Not A Worker] [unnamed] [queryId:475902769] [BufferManager.cpp:110] [initialize] NES memory allocation requires 1 out of 540577120256 (so 1.8498748143954595e-10%) available bytes[m
[36m[23:54:27.697912] [D] [Not A Worker] [unnamed] [queryId:475902769] [BufferManager.cpp:160] [initialize] BufferManager configuration bufferSize=1 numOfBuffers=1[m
[36m[23:54:27.698116] [D] [Not A Worker] [unnamed] [queryId:475902769] [PipeliningPhase.cpp:365] [apply] Constructed pipeline plan with 1 root pipelines.
PipelinedQueryPlan for Query: 475902769
Number of root pipelines: 1
------------------
Root Pipeline 0:
  Pipeline(ID(4), Provider(COMPILER))
  Operator chain:
    PhysicalOperator(NES::SourcePhysicalOperator)
  Successor Pipeline:
    Pipeline(ID(5), Provider(None))
      Operator chain:
        PhysicalOperator(NES::ScanPhysicalOperator)
          PhysicalOperator(NES::SelectionPhysicalOperator)
            PhysicalOperator(NES::EmitPhysicalOperator)
      Successor Pipeline:
        Pipeline(ID(6), Provider(None))
          Operator chain:
            PhysicalOperator(NES::SinkPhysicalOperator)

[m
[36m[23:54:27.701668] [D] [Not A Worker] [unnamed] [] [SinkProvider.cpp:30] [lower] The sinkDescriptor is: SinkDescriptor: (name: variant("PERSON_SINK"), type: Void, Config: )[m
[36m[23:54:27.707127] [D] [SingleNodeWorker] [WorkerThread-1] [Task:475902769-6] [VoidSink.cpp:37] [start] Setting up void sink: VoidSink[m
[36m[23:54:27.793142] [D] [SingleNodeWorker] [WorkerThread-1] [] [SourceThread.cpp:184] [start] Starting source with originId: 2[m
[36m[23:54:27.795652] [D] [SingleNodeWorker] [WorkerThread-1] [Task:475902769-5] [BufferManager.cpp:65] [~BufferManager] Calling BufferManager::destroy()[m
[36m[23:54:27.795683] [D] [SingleNodeWorker] [WorkerThread-1] [Task:475902769-5] [BufferManager.cpp:93] [~BufferManager] Shutting down Buffer Manager completed[m
[36m[23:54:38.729621] [D] [SingleNodeWorker] [WorkerThread-1] [Task:475902769] [SourceThread.cpp:230] [tryStop] SourceThread 2: attempting to stop source[m
[36m[23:54:38.729681] [D] [SingleNodeWorker] [WorkerThread-1] [Task:475902769] [SourceThread.cpp:248] [tryStop] SourceThread 2: stopped[m
[32m[23:54:38.756974] [I] [SingleNodeWorker] [WorkerThread-0] [] [SequenceShredder.cpp:55] [~SequenceShredder] Successfully validated SequenceShredder[m
[32m[23:54:38.766096] [I] [SingleNodeWorker] [WorkerThread-1] [Task:475902769-6] [VoidSink.cpp:42] [stop] Void Sink completed.[m
[36m[23:54:38.766261] [D] [SingleNodeWorker] [WorkerThread-1] [] [SourceThread.cpp:226] [tryStop] SourceThread 2: thread is not running[m
[36m[23:54:41.411901] [D] [Not A Worker] [unnamed] [queryId:382120590] [BufferManager.cpp:110] [initialize] NES memory allocation requires 1 out of 540577120256 (so 1.8498748143954595e-10%) available bytes[m
[36m[23:54:41.411967] [D] [Not A Worker] [unnamed] [queryId:382120590] [BufferManager.cpp:160] [initialize] BufferManager configuration bufferSize=1 numOfBuffers=1[m
[36m[23:54:41.412204] [D] [Not A Worker] [unnamed] [queryId:382120590] [PipeliningPhase.cpp:365] [apply] Constructed pipeline plan with 1 root pipelines.
PipelinedQueryPlan for Query: 382120590
Number of root pipelines: 1
------------------
Root Pipeline 0:
  Pipeline(ID(7), Provider(COMPILER))
  Operator chain:
    PhysicalOperator(NES::SourcePhysicalOperator)
  Successor Pipeline:
    Pipeline(ID(8), Provider(None))
      Operator chain:
        PhysicalOperator(NES::ScanPhysicalOperator)
          PhysicalOperator(NES::SelectionPhysicalOperator)
            PhysicalOperator(NES::MapPhysicalOperator)
              PhysicalOperator(NES::EmitPhysicalOperator)
      Successor Pipeline:
        Pipeline(ID(9), Provider(None))
          Operator chain:
            PhysicalOperator(NES::SinkPhysicalOperator)

[m
[36m[23:54:41.416320] [D] [Not A Worker] [unnamed] [] [SinkProvider.cpp:30] [lower] The sinkDescriptor is: SinkDescriptor: (name: variant("PERSON_ID_SINK"), type: Void, Config: )[m
[36m[23:54:41.419364] [D] [SingleNodeWorker] [WorkerThread-0] [Task:382120590-9] [VoidSink.cpp:37] [start] Setting up void sink: VoidSink[m
[36m[23:54:41.492427] [D] [SingleNodeWorker] [WorkerThread-0] [] [SourceThread.cpp:184] [start] Starting source with originId: 2[m
[36m[23:54:41.493601] [D] [SingleNodeWorker] [WorkerThread-0] [Task:382120590-8] [BufferManager.cpp:65] [~BufferManager] Calling BufferManager::destroy()[m
[36m[23:54:41.493636] [D] [SingleNodeWorker] [WorkerThread-0] [Task:382120590-8] [BufferManager.cpp:93] [~BufferManager] Shutting down Buffer Manager completed[m
[36m[23:54:51.958942] [D] [SingleNodeWorker] [WorkerThread-1] [Task:382120590] [SourceThread.cpp:230] [tryStop] SourceThread 2: attempting to stop source[m
[36m[23:54:51.959015] [D] [SingleNodeWorker] [WorkerThread-1] [Task:382120590] [SourceThread.cpp:248] [tryStop] SourceThread 2: stopped[m
[32m[23:54:51.987699] [I] [SingleNodeWorker] [WorkerThread-0] [] [SequenceShredder.cpp:55] [~SequenceShredder] Successfully validated SequenceShredder[m
[32m[23:54:51.994827] [I] [SingleNodeWorker] [WorkerThread-1] [Task:382120590-9] [VoidSink.cpp:42] [stop] Void Sink completed.[m
[36m[23:54:51.994981] [D] [SingleNodeWorker] [WorkerThread-1] [] [SourceThread.cpp:226] [tryStop] SourceThread 2: thread is not running[m
[36m[23:54:55.055628] [D] [Not A Worker] [unnamed] [queryId:1044944251] [BufferManager.cpp:110] [initialize] NES memory allocation requires 1 out of 540577120256 (so 1.8498748143954595e-10%) available bytes[m
[36m[23:54:55.055682] [D] [Not A Worker] [unnamed] [queryId:1044944251] [BufferManager.cpp:160] [initialize] BufferManager configuration bufferSize=1 numOfBuffers=1[m
[36m[23:54:55.055858] [D] [Not A Worker] [unnamed] [queryId:1044944251] [PipeliningPhase.cpp:365] [apply] Constructed pipeline plan with 1 root pipelines.
PipelinedQueryPlan for Query: 1044944251
Number of root pipelines: 1
------------------
Root Pipeline 0:
  Pipeline(ID(10), Provider(COMPILER))
  Operator chain:
    PhysicalOperator(NES::SourcePhysicalOperator)
  Successor Pipeline:
    Pipeline(ID(11), Provider(None))
      Operator chain:
        PhysicalOperator(NES::ScanPhysicalOperator)
          PhysicalOperator(NES::SelectionPhysicalOperator)
            PhysicalOperator(NES::MapPhysicalOperator)
              PhysicalOperator(NES::EmitPhysicalOperator)
      Successor Pipeline:
        Pipeline(ID(12), Provider(None))
          Operator chain:
            PhysicalOperator(NES::SinkPhysicalOperator)

[m
[36m[23:54:55.059684] [D] [Not A Worker] [unnamed] [] [SinkProvider.cpp:30] [lower] The sinkDescriptor is: SinkDescriptor: (name: variant("BID_AUCTION_ID_SINK"), type: Void, Config: )[m
[36m[23:54:55.063995] [D] [SingleNodeWorker] [WorkerThread-1] [Task:1044944251-12] [VoidSink.cpp:37] [start] Setting up void sink: VoidSink[m
[36m[23:54:55.119809] [D] [SingleNodeWorker] [WorkerThread-1] [] [SourceThread.cpp:184] [start] Starting source with originId: 2[m
[36m[23:54:55.122104] [D] [SingleNodeWorker] [WorkerThread-1] [Task:1044944251-11] [BufferManager.cpp:65] [~BufferManager] Calling BufferManager::destroy()[m
[36m[23:54:55.122127] [D] [SingleNodeWorker] [WorkerThread-1] [Task:1044944251-11] [BufferManager.cpp:93] [~BufferManager] Shutting down Buffer Manager completed[m
[36m[23:59:03.516190] [D] [SingleNodeWorker] [WorkerThread-0] [Task:1044944251] [SourceThread.cpp:230] [tryStop] SourceThread 2: attempting to stop source[m
[36m[23:59:03.516240] [D] [SingleNodeWorker] [WorkerThread-0] [Task:1044944251] [SourceThread.cpp:248] [tryStop] SourceThread 2: stopped[m
[32m[23:59:03.547106] [I] [SingleNodeWorker] [WorkerThread-1] [] [SequenceShredder.cpp:55] [~SequenceShredder] Successfully validated SequenceShredder[m
[32m[23:59:03.553938] [I] [SingleNodeWorker] [WorkerThread-0] [Task:1044944251-12] [VoidSink.cpp:42] [stop] Void Sink completed.[m
[36m[23:59:03.554088] [D] [SingleNodeWorker] [WorkerThread-0] [] [SourceThread.cpp:226] [tryStop] SourceThread 2: thread is not running[m
[36m[23:59:06.059160] [D] [Not A Worker] [unnamed] [queryId:889273163] [BufferManager.cpp:110] [initialize] NES memory allocation requires 1 out of 540577120256 (so 1.8498748143954595e-10%) available bytes[m
[36m[23:59:06.059229] [D] [Not A Worker] [unnamed] [queryId:889273163] [BufferManager.cpp:160] [initialize] BufferManager configuration bufferSize=1 numOfBuffers=1[m
[36m[23:59:06.059610] [D] [Not A Worker] [unnamed] [queryId:889273163] [PipeliningPhase.cpp:365] [apply] Constructed pipeline plan with 1 root pipelines.
PipelinedQueryPlan for Query: 889273163
Number of root pipelines: 1
------------------
Root Pipeline 0:
  Pipeline(ID(13), Provider(COMPILER))
  Operator chain:
    PhysicalOperator(NES::SourcePhysicalOperator)
  Successor Pipeline:
    Pipeline(ID(14), Provider(None))
      Operator chain:
        PhysicalOperator(NES::ScanPhysicalOperator)
          PhysicalOperator(NES::MapPhysicalOperator)
            PhysicalOperator(NES::EmitPhysicalOperator)
      Successor Pipeline:
        Pipeline(ID(15), Provider(None))
          Operator chain:
            PhysicalOperator(NES::SinkPhysicalOperator)

[m
[36m[23:59:06.063398] [D] [Not A Worker] [unnamed] [] [SinkProvider.cpp:30] [lower] The sinkDescriptor is: SinkDescriptor: (name: variant("NAME_SINK"), type: Void, Config: )[m
[36m[23:59:06.083791] [D] [SingleNodeWorker] [WorkerThread-1] [Task:889273163-15] [VoidSink.cpp:37] [start] Setting up void sink: VoidSink[m
[36m[23:59:06.145054] [D] [SingleNodeWorker] [WorkerThread-1] [] [SourceThread.cpp:184] [start] Starting source with originId: 2[m
[36m[23:59:06.152153] [D] [SingleNodeWorker] [WorkerThread-1] [Task:889273163-14] [BufferManager.cpp:65] [~BufferManager] Calling BufferManager::destroy()[m
[36m[23:59:06.152184] [D] [SingleNodeWorker] [WorkerThread-1] [Task:889273163-14] [BufferManager.cpp:93] [~BufferManager] Shutting down Buffer Manager completed[m
[36m[23:59:13.688314] [D] [SingleNodeWorker] [WorkerThread-0] [Task:889273163-14] [InputFormatter.hpp:348] [indexTrailingSpanningTupleProxy] last offset: 262143, first offset: 154[m
[36m[23:59:17.388520] [D] [SingleNodeWorker] [WorkerThread-0] [Task:889273163] [SourceThread.cpp:230] [tryStop] SourceThread 2: attempting to stop source[m
[36m[23:59:17.388570] [D] [SingleNodeWorker] [WorkerThread-0] [Task:889273163] [SourceThread.cpp:248] [tryStop] SourceThread 2: stopped[m
[32m[23:59:17.414597] [I] [SingleNodeWorker] [WorkerThread-1] [] [SequenceShredder.cpp:55] [~SequenceShredder] Successfully validated SequenceShredder[m
[32m[23:59:17.424444] [I] [SingleNodeWorker] [WorkerThread-0] [Task:889273163-15] [VoidSink.cpp:42] [stop] Void Sink completed.[m
[36m[23:59:17.424580] [D] [SingleNodeWorker] [WorkerThread-0] [] [SourceThread.cpp:226] [tryStop] SourceThread 2: thread is not running[m
[33m[1m[23:59:19.618731] [W] [Not A Worker] [unnamed] [queryId:1197149632] [SinkDescriptor.cpp:63] [getFormatType] Sinks of the type Void do not have an INPUT_FORMAT parameter.[m
[36m[23:59:19.618889] [D] [Not A Worker] [unnamed] [queryId:1197149632] [BufferManager.cpp:110] [initialize] NES memory allocation requires 1 out of 540577120256 (so 1.8498748143954595e-10%) available bytes[m
[36m[23:59:19.618947] [D] [Not A Worker] [unnamed] [queryId:1197149632] [BufferManager.cpp:160] [initialize] BufferManager configuration bufferSize=1 numOfBuffers=1[m
[36m[23:59:19.619191] [D] [Not A Worker] [unnamed] [queryId:1197149632] [PipeliningPhase.cpp:365] [apply] Constructed pipeline plan with 1 root pipelines.
PipelinedQueryPlan for Query: 1197149632
Number of root pipelines: 1
------------------
Root Pipeline 0:
  Pipeline(ID(16), Provider(COMPILER))
  Operator chain:
    PhysicalOperator(NES::SourcePhysicalOperator)
  Successor Pipeline:
    Pipeline(ID(17), Provider(None))
      Operator chain:
        PhysicalOperator(NES::ScanPhysicalOperator)
          PhysicalOperator(NES::EmitPhysicalOperator)
      Successor Pipeline:
        Pipeline(ID(18), Provider(None))
          Operator chain:
            PhysicalOperator(NES::SinkPhysicalOperator)

[m
[36m[23:59:19.623320] [D] [Not A Worker] [unnamed] [] [SinkProvider.cpp:30] [lower] The sinkDescriptor is: SinkDescriptor: (name: variant("PERSON_SINK"), type: Void, Config: )[m
[36m[23:59:19.623830] [D] [SingleNodeWorker] [WorkerThread-0] [Task:1197149632-18] [VoidSink.cpp:37] [start] Setting up void sink: VoidSink[m
[36m[23:59:19.696580] [D] [SingleNodeWorker] [WorkerThread-0] [] [SourceThread.cpp:184] [start] Starting source with originId: 2[m
[36m[23:59:19.698198] [D] [SingleNodeWorker] [WorkerThread-0] [Task:1197149632-17] [BufferManager.cpp:65] [~BufferManager] Calling BufferManager::destroy()[m
[36m[23:59:19.698223] [D] [SingleNodeWorker] [WorkerThread-0] [Task:1197149632-17] [BufferManager.cpp:93] [~BufferManager] Shutting down Buffer Manager completed[m
[36m[23:59:34.801818] [D] [SingleNodeWorker] [WorkerThread-1] [Task:1197149632] [SourceThread.cpp:230] [tryStop] SourceThread 2: attempting to stop source[m
[36m[23:59:34.801873] [D] [SingleNodeWorker] [WorkerThread-1] [Task:1197149632] [SourceThread.cpp:248] [tryStop] SourceThread 2: stopped[m
[32m[23:59:34.827857] [I] [SingleNodeWorker] [WorkerThread-0] [] [SequenceShredder.cpp:55] [~SequenceShredder] Successfully validated SequenceShredder[m
[32m[23:59:34.839147] [I] [SingleNodeWorker] [WorkerThread-1] [Task:1197149632-18] [VoidSink.cpp:42] [stop] Void Sink completed.[m
[36m[23:59:34.839287] [D] [SingleNodeWorker] [WorkerThread-1] [] [SourceThread.cpp:226] [tryStop] SourceThread 2: thread is not running[m
[36m[23:59:36.143928] [D] [Not A Worker] [unnamed] [queryId:830720572] [BufferManager.cpp:110] [initialize] NES memory allocation requires 1 out of 540577120256 (so 1.8498748143954595e-10%) available bytes[m
[36m[23:59:36.143996] [D] [Not A Worker] [unnamed] [queryId:830720572] [BufferManager.cpp:160] [initialize] BufferManager configuration bufferSize=1 numOfBuffers=1[m
[36m[23:59:36.144415] [D] [Not A Worker] [unnamed] [queryId:830720572] [PipeliningPhase.cpp:365] [apply] Constructed pipeline plan with 1 root pipelines.
PipelinedQueryPlan for Query: 830720572
Number of root pipelines: 1
------------------
Root Pipeline 0:
  Pipeline(ID(19), Provider(COMPILER))
  Operator chain:
    PhysicalOperator(NES::SourcePhysicalOperator)
  Successor Pipeline:
    Pipeline(ID(20), Provider(None))
      Operator chain:
        PhysicalOperator(NES::ScanPhysicalOperator)
          PhysicalOperator(NES::MapPhysicalOperator)
            PhysicalOperator(NES::EmitPhysicalOperator)
      Successor Pipeline:
        Pipeline(ID(21), Provider(None))
          Operator chain:
            PhysicalOperator(NES::SinkPhysicalOperator)

[m
[36m[23:59:36.148391] [D] [Not A Worker] [unnamed] [] [SinkProvider.cpp:30] [lower] The sinkDescriptor is: SinkDescriptor: (name: variant("PERSON_ID_SINK"), type: Void, Config: )[m
[36m[23:59:36.163448] [D] [SingleNodeWorker] [WorkerThread-1] [Task:830720572-21] [VoidSink.cpp:37] [start] Setting up void sink: VoidSink[m
[36m[23:59:36.221950] [D] [SingleNodeWorker] [WorkerThread-1] [] [SourceThread.cpp:184] [start] Starting source with originId: 2[m
[36m[23:59:36.223500] [D] [SingleNodeWorker] [WorkerThread-1] [Task:830720572-20] [BufferManager.cpp:65] [~BufferManager] Calling BufferManager::destroy()[m
[36m[23:59:36.223527] [D] [SingleNodeWorker] [WorkerThread-1] [Task:830720572-20] [BufferManager.cpp:93] [~BufferManager] Shutting down Buffer Manager completed[m
[36m[23:59:46.581359] [D] [SingleNodeWorker] [WorkerThread-0] [Task:830720572] [SourceThread.cpp:230] [tryStop] SourceThread 2: attempting to stop source[m
[36m[23:59:46.581407] [D] [SingleNodeWorker] [WorkerThread-0] [Task:830720572] [SourceThread.cpp:248] [tryStop] SourceThread 2: stopped[m
[32m[23:59:46.581477] [I] [SingleNodeWorker] [WorkerThread-1] [Task:830720572-21] [VoidSink.cpp:42] [stop] Void Sink completed.[m
[36m[23:59:46.581550] [D] [SingleNodeWorker] [WorkerThread-1] [] [SourceThread.cpp:226] [tryStop] SourceThread 2: thread is not running[m
[32m[23:59:46.581613] [I] [SingleNodeWorker] [WorkerThread-0] [] [SequenceShredder.cpp:55] [~SequenceShredder] Successfully validated SequenceShredder[m
[36m[23:59:49.792614] [D] [Not A Worker] [unnamed] [queryId:2086856546] [BufferManager.cpp:110] [initialize] NES memory allocation requires 1 out of 540577120256 (so 1.8498748143954595e-10%) available bytes[m
[36m[23:59:49.792692] [D] [Not A Worker] [unnamed] [queryId:2086856546] [BufferManager.cpp:160] [initialize] BufferManager configuration bufferSize=1 numOfBuffers=1[m
[36m[23:59:49.793176] [D] [Not A Worker] [unnamed] [queryId:2086856546] [PipeliningPhase.cpp:365] [apply] Constructed pipeline plan with 1 root pipelines.
PipelinedQueryPlan for Query: 2086856546
Number of root pipelines: 1
------------------
Root Pipeline 0:
  Pipeline(ID(22), Provider(COMPILER))
  Operator chain:
    PhysicalOperator(NES::SourcePhysicalOperator)
  Successor Pipeline:
    Pipeline(ID(23), Provider(None))
      Operator chain:
        PhysicalOperator(NES::ScanPhysicalOperator)
          PhysicalOperator(NES::MapPhysicalOperator)
            PhysicalOperator(NES::EmitPhysicalOperator)
      Successor Pipeline:
        Pipeline(ID(24), Provider(None))
          Operator chain:
            PhysicalOperator(NES::SinkPhysicalOperator)

[m
[36m[23:59:49.796320] [D] [Not A Worker] [unnamed] [] [SinkProvider.cpp:30] [lower] The sinkDescriptor is: SinkDescriptor: (name: variant("BID_AUCTION_ID_SINK"), type: Void, Config: )[m
[36m[23:59:49.799123] [D] [SingleNodeWorker] [WorkerThread-0] [Task:2086856546-24] [VoidSink.cpp:37] [start] Setting up void sink: VoidSink[m
[36m[23:59:49.848523] [D] [SingleNodeWorker] [WorkerThread-0] [] [SourceThread.cpp:184] [start] Starting source with originId: 2[m
[36m[23:59:49.850116] [D] [SingleNodeWorker] [WorkerThread-0] [Task:2086856546-23] [BufferManager.cpp:65] [~BufferManager] Calling BufferManager::destroy()[m
[36m[23:59:49.850141] [D] [SingleNodeWorker] [WorkerThread-0] [Task:2086856546-23] [BufferManager.cpp:93] [~BufferManager] Shutting down Buffer Manager completed[m
[36m[00:02:53.331070] [D] [SingleNodeWorker] [WorkerThread-0] [Task:2086856546-23] [InputFormatter.hpp:348] [indexTrailingSpanningTupleProxy] last offset: 262143, first offset: 17[m
[36m[00:03:58.869335] [D] [SingleNodeWorker] [WorkerThread-0] [Task:2086856546] [SourceThread.cpp:230] [tryStop] SourceThread 2: attempting to stop source[m
[36m[00:03:58.869386] [D] [SingleNodeWorker] [WorkerThread-0] [Task:2086856546] [SourceThread.cpp:248] [tryStop] SourceThread 2: stopped[m
[32m[00:03:58.899635] [I] [SingleNodeWorker] [WorkerThread-1] [] [SequenceShredder.cpp:55] [~SequenceShredder] Successfully validated SequenceShredder[m
[32m[00:03:58.904397] [I] [SingleNodeWorker] [WorkerThread-0] [Task:2086856546-24] [VoidSink.cpp:42] [stop] Void Sink completed.[m
[36m[00:03:58.904537] [D] [SingleNodeWorker] [WorkerThread-0] [] [SourceThread.cpp:226] [tryStop] SourceThread 2: thread is not running[m
