[32m[00:09:14.987726] [I] [Not A Worker] [unnamed] [] [SingleNodeWorker.cpp:63] [SingleNodeWorker] Starting SingleNodeWorker SingleNodeWorker with configuration:
worker.query_engine.number_of_worker_threads: 8
worker.query_engine.admission_queue_size: 1000 (default)
worker.default_query_execution.execution_mode: COMPILER (default)
worker.default_query_execution.page_size: 1024 (default)
worker.default_query_execution.number_of_partitions: 100 (default)
worker.default_query_execution.number_of_records_per_key: 10 (default)
worker.default_query_execution.max_number_of_buckets: 10000 (default)
worker.default_query_execution.operator_buffer_size: 262144
worker.default_query_optimization.join_strategy: OPTIMIZER_CHOOSES (default)
worker.number_of_buffers_in_global_buffer_manager: 32768 (default)
worker.default_max_inflight_buffers: 64 (default)
worker.dump_compilation_result: NONE (default)
worker.dump_graph: 0 (default)
grpc: [::]:8080 (default)
enable_event_trace: 0 (default)
[m
[36m[00:09:14.990056] [D] [Not A Worker] [unnamed] [] [BufferManager.cpp:110] [initialize] NES memory allocation requires 8589934592 out of 540577120256 (so 1.5890303659045137%) available bytes[m
[36m[00:09:15.076587] [D] [Not A Worker] [unnamed] [] [BufferManager.cpp:160] [initialize] BufferManager configuration bufferSize=262144 numOfBuffers=32768[m
[32m[00:09:15.084448] [I] [Not A Worker] [unnamed] [] [SingleNodeWorkerStarter.cpp:93] [main] Server listening on [::]:8080[m
[36m[00:09:17.537639] [D] [Not A Worker] [unnamed] [queryId:1324617279] [BufferManager.cpp:110] [initialize] NES memory allocation requires 1 out of 540577120256 (so 1.8498748143954595e-10%) available bytes[m
[36m[00:09:17.537699] [D] [Not A Worker] [unnamed] [queryId:1324617279] [BufferManager.cpp:160] [initialize] BufferManager configuration bufferSize=1 numOfBuffers=1[m
[36m[00:09:17.537879] [D] [Not A Worker] [unnamed] [queryId:1324617279] [PipeliningPhase.cpp:365] [apply] Constructed pipeline plan with 1 root pipelines.
PipelinedQueryPlan for Query: 1324617279
Number of root pipelines: 1
------------------
Root Pipeline 0:
  Pipeline(ID(1), Provider(COMPILER))
  Operator chain:
    PhysicalOperator(NES::SourcePhysicalOperator)
  Successor Pipeline:
    Pipeline(ID(2), Provider(None))
      Operator chain:
        PhysicalOperator(NES::ScanPhysicalOperator)
          PhysicalOperator(NES::SelectionPhysicalOperator)
            PhysicalOperator(NES::MapPhysicalOperator)
              PhysicalOperator(NES::EmitPhysicalOperator)
      Successor Pipeline:
        Pipeline(ID(3), Provider(None))
          Operator chain:
            PhysicalOperator(NES::SinkPhysicalOperator)

[m
[36m[00:09:17.541449] [D] [Not A Worker] [unnamed] [] [SinkProvider.cpp:30] [lower] The sinkDescriptor is: SinkDescriptor: (name: variant("NAME_SINK"), type: Void, Config: )[m
[36m[00:09:17.545403] [D] [SingleNodeWorker] [WorkerThread-2] [Task:1324617279-3] [VoidSink.cpp:37] [start] Setting up void sink: VoidSink[m
[36m[00:09:17.621841] [D] [SingleNodeWorker] [WorkerThread-2] [] [SourceThread.cpp:184] [start] Starting source with originId: 2[m
[36m[00:09:17.623566] [D] [SingleNodeWorker] [WorkerThread-2] [Task:1324617279-2] [BufferManager.cpp:65] [~BufferManager] Calling BufferManager::destroy()[m
[36m[00:09:17.623591] [D] [SingleNodeWorker] [WorkerThread-2] [Task:1324617279-2] [BufferManager.cpp:93] [~BufferManager] Shutting down Buffer Manager completed[m
[36m[00:09:20.404834] [D] [SingleNodeWorker] [WorkerThread-7] [Task:1324617279] [SourceThread.cpp:230] [tryStop] SourceThread 2: attempting to stop source[m
[36m[00:09:20.404892] [D] [SingleNodeWorker] [WorkerThread-7] [Task:1324617279] [SourceThread.cpp:248] [tryStop] SourceThread 2: stopped[m
[32m[00:09:20.432807] [I] [SingleNodeWorker] [WorkerThread-4] [] [SequenceShredder.cpp:55] [~SequenceShredder] Successfully validated SequenceShredder[m
[32m[00:09:20.439779] [I] [SingleNodeWorker] [WorkerThread-7] [Task:1324617279-3] [VoidSink.cpp:42] [stop] Void Sink completed.[m
[36m[00:09:20.439896] [D] [SingleNodeWorker] [WorkerThread-7] [] [SourceThread.cpp:226] [tryStop] SourceThread 2: thread is not running[m
[36m[00:09:22.422726] [D] [Not A Worker] [unnamed] [queryId:36555303] [BufferManager.cpp:110] [initialize] NES memory allocation requires 1 out of 540577120256 (so 1.8498748143954595e-10%) available bytes[m
[36m[00:09:22.422781] [D] [Not A Worker] [unnamed] [queryId:36555303] [BufferManager.cpp:160] [initialize] BufferManager configuration bufferSize=1 numOfBuffers=1[m
[36m[00:09:22.422998] [D] [Not A Worker] [unnamed] [queryId:36555303] [PipeliningPhase.cpp:365] [apply] Constructed pipeline plan with 1 root pipelines.
PipelinedQueryPlan for Query: 36555303
Number of root pipelines: 1
------------------
Root Pipeline 0:
  Pipeline(ID(4), Provider(COMPILER))
  Operator chain:
    PhysicalOperator(NES::SourcePhysicalOperator)
  Successor Pipeline:
    Pipeline(ID(5), Provider(None))
      Operator chain:
        PhysicalOperator(NES::ScanPhysicalOperator)
          PhysicalOperator(NES::SelectionPhysicalOperator)
            PhysicalOperator(NES::EmitPhysicalOperator)
      Successor Pipeline:
        Pipeline(ID(6), Provider(None))
          Operator chain:
            PhysicalOperator(NES::SinkPhysicalOperator)

[m
[36m[00:09:22.426283] [D] [Not A Worker] [unnamed] [] [SinkProvider.cpp:30] [lower] The sinkDescriptor is: SinkDescriptor: (name: variant("PERSON_SINK"), type: Void, Config: )[m
[36m[00:09:22.427068] [D] [SingleNodeWorker] [WorkerThread-3] [Task:36555303-6] [VoidSink.cpp:37] [start] Setting up void sink: VoidSink[m
[36m[00:09:22.515388] [D] [SingleNodeWorker] [WorkerThread-1] [] [SourceThread.cpp:184] [start] Starting source with originId: 2[m
[36m[00:09:22.517874] [D] [SingleNodeWorker] [WorkerThread-1] [Task:36555303-5] [BufferManager.cpp:65] [~BufferManager] Calling BufferManager::destroy()[m
[36m[00:09:22.517898] [D] [SingleNodeWorker] [WorkerThread-1] [Task:36555303-5] [BufferManager.cpp:93] [~BufferManager] Shutting down Buffer Manager completed[m
[36m[00:09:25.450073] [D] [SingleNodeWorker] [WorkerThread-0] [Task:36555303] [SourceThread.cpp:230] [tryStop] SourceThread 2: attempting to stop source[m
[36m[00:09:25.450134] [D] [SingleNodeWorker] [WorkerThread-0] [Task:36555303] [SourceThread.cpp:248] [tryStop] SourceThread 2: stopped[m
[32m[00:09:25.477109] [I] [SingleNodeWorker] [WorkerThread-1] [Task:36555303-6] [VoidSink.cpp:42] [stop] Void Sink completed.[m
[36m[00:09:25.477244] [D] [SingleNodeWorker] [WorkerThread-1] [] [SourceThread.cpp:226] [tryStop] SourceThread 2: thread is not running[m
[32m[00:09:25.477394] [I] [SingleNodeWorker] [WorkerThread-6] [] [SequenceShredder.cpp:55] [~SequenceShredder] Successfully validated SequenceShredder[m
[36m[00:09:27.260897] [D] [Not A Worker] [unnamed] [queryId:1726878963] [BufferManager.cpp:110] [initialize] NES memory allocation requires 1 out of 540577120256 (so 1.8498748143954595e-10%) available bytes[m
[36m[00:09:27.260946] [D] [Not A Worker] [unnamed] [queryId:1726878963] [BufferManager.cpp:160] [initialize] BufferManager configuration bufferSize=1 numOfBuffers=1[m
[36m[00:09:27.261102] [D] [Not A Worker] [unnamed] [queryId:1726878963] [PipeliningPhase.cpp:365] [apply] Constructed pipeline plan with 1 root pipelines.
PipelinedQueryPlan for Query: 1726878963
Number of root pipelines: 1
------------------
Root Pipeline 0:
  Pipeline(ID(7), Provider(COMPILER))
  Operator chain:
    PhysicalOperator(NES::SourcePhysicalOperator)
  Successor Pipeline:
    Pipeline(ID(8), Provider(None))
      Operator chain:
        PhysicalOperator(NES::ScanPhysicalOperator)
          PhysicalOperator(NES::SelectionPhysicalOperator)
            PhysicalOperator(NES::MapPhysicalOperator)
              PhysicalOperator(NES::EmitPhysicalOperator)
      Successor Pipeline:
        Pipeline(ID(9), Provider(None))
          Operator chain:
            PhysicalOperator(NES::SinkPhysicalOperator)

[m
[36m[00:09:27.264809] [D] [Not A Worker] [unnamed] [] [SinkProvider.cpp:30] [lower] The sinkDescriptor is: SinkDescriptor: (name: variant("PERSON_ID_SINK"), type: Void, Config: )[m
[36m[00:09:27.265188] [D] [SingleNodeWorker] [WorkerThread-0] [Task:1726878963-9] [VoidSink.cpp:37] [start] Setting up void sink: VoidSink[m
[36m[00:09:27.333276] [D] [SingleNodeWorker] [WorkerThread-0] [] [SourceThread.cpp:184] [start] Starting source with originId: 2[m
[36m[00:09:27.334854] [D] [SingleNodeWorker] [WorkerThread-0] [Task:1726878963-8] [BufferManager.cpp:65] [~BufferManager] Calling BufferManager::destroy()[m
[36m[00:09:27.334877] [D] [SingleNodeWorker] [WorkerThread-0] [Task:1726878963-8] [BufferManager.cpp:93] [~BufferManager] Shutting down Buffer Manager completed[m
[36m[00:09:27.999357] [D] [SingleNodeWorker] [WorkerThread-2] [Task:1726878963-8] [InputFormatter.hpp:348] [indexTrailingSpanningTupleProxy] last offset: 262143, first offset: 206[m
[36m[00:09:30.152305] [D] [SingleNodeWorker] [WorkerThread-7] [Task:1726878963] [SourceThread.cpp:230] [tryStop] SourceThread 2: attempting to stop source[m
[36m[00:09:30.152352] [D] [SingleNodeWorker] [WorkerThread-7] [Task:1726878963] [SourceThread.cpp:248] [tryStop] SourceThread 2: stopped[m
[32m[00:09:30.178436] [I] [SingleNodeWorker] [WorkerThread-3] [Task:1726878963-9] [VoidSink.cpp:42] [stop] Void Sink completed.[m
[36m[00:09:30.178563] [D] [SingleNodeWorker] [WorkerThread-3] [] [SourceThread.cpp:226] [tryStop] SourceThread 2: thread is not running[m
[32m[00:09:30.178598] [I] [SingleNodeWorker] [WorkerThread-2] [] [SequenceShredder.cpp:55] [~SequenceShredder] Successfully validated SequenceShredder[m
[36m[00:09:32.115993] [D] [Not A Worker] [unnamed] [queryId:1658237285] [BufferManager.cpp:110] [initialize] NES memory allocation requires 1 out of 540577120256 (so 1.8498748143954595e-10%) available bytes[m
[36m[00:09:32.116050] [D] [Not A Worker] [unnamed] [queryId:1658237285] [BufferManager.cpp:160] [initialize] BufferManager configuration bufferSize=1 numOfBuffers=1[m
[36m[00:09:32.116255] [D] [Not A Worker] [unnamed] [queryId:1658237285] [PipeliningPhase.cpp:365] [apply] Constructed pipeline plan with 1 root pipelines.
PipelinedQueryPlan for Query: 1658237285
Number of root pipelines: 1
------------------
Root Pipeline 0:
  Pipeline(ID(10), Provider(COMPILER))
  Operator chain:
    PhysicalOperator(NES::SourcePhysicalOperator)
  Successor Pipeline:
    Pipeline(ID(11), Provider(None))
      Operator chain:
        PhysicalOperator(NES::ScanPhysicalOperator)
          PhysicalOperator(NES::SelectionPhysicalOperator)
            PhysicalOperator(NES::MapPhysicalOperator)
              PhysicalOperator(NES::EmitPhysicalOperator)
      Successor Pipeline:
        Pipeline(ID(12), Provider(None))
          Operator chain:
            PhysicalOperator(NES::SinkPhysicalOperator)

[m
[36m[00:09:32.120457] [D] [Not A Worker] [unnamed] [] [SinkProvider.cpp:30] [lower] The sinkDescriptor is: SinkDescriptor: (name: variant("BID_AUCTION_ID_SINK"), type: Void, Config: )[m
[36m[00:09:32.121073] [D] [SingleNodeWorker] [WorkerThread-5] [Task:1658237285-12] [VoidSink.cpp:37] [start] Setting up void sink: VoidSink[m
[36m[00:09:32.174860] [D] [SingleNodeWorker] [WorkerThread-2] [] [SourceThread.cpp:184] [start] Starting source with originId: 2[m
[36m[00:09:32.177267] [D] [SingleNodeWorker] [WorkerThread-4] [Task:1658237285-11] [BufferManager.cpp:65] [~BufferManager] Calling BufferManager::destroy()[m
[36m[00:09:32.177355] [D] [SingleNodeWorker] [WorkerThread-4] [Task:1658237285-11] [BufferManager.cpp:93] [~BufferManager] Shutting down Buffer Manager completed[m
[36m[00:09:53.840358] [D] [SingleNodeWorker] [WorkerThread-2] [Task:1658237285-11] [InputFormatter.hpp:348] [indexTrailingSpanningTupleProxy] last offset: 262143, first offset: 40[m
[36m[00:10:38.194725] [D] [SingleNodeWorker] [WorkerThread-6] [Task:1658237285] [SourceThread.cpp:230] [tryStop] SourceThread 2: attempting to stop source[m
[36m[00:10:38.194780] [D] [SingleNodeWorker] [WorkerThread-6] [Task:1658237285] [SourceThread.cpp:248] [tryStop] SourceThread 2: stopped[m
[32m[00:10:38.222669] [I] [SingleNodeWorker] [WorkerThread-2] [] [SequenceShredder.cpp:55] [~SequenceShredder] Successfully validated SequenceShredder[m
[32m[00:10:38.229969] [I] [SingleNodeWorker] [WorkerThread-6] [Task:1658237285-12] [VoidSink.cpp:42] [stop] Void Sink completed.[m
[36m[00:10:38.230098] [D] [SingleNodeWorker] [WorkerThread-6] [] [SourceThread.cpp:226] [tryStop] SourceThread 2: thread is not running[m
[36m[00:10:40.096427] [D] [Not A Worker] [unnamed] [queryId:407415611] [BufferManager.cpp:110] [initialize] NES memory allocation requires 1 out of 540577120256 (so 1.8498748143954595e-10%) available bytes[m
[36m[00:10:40.096484] [D] [Not A Worker] [unnamed] [queryId:407415611] [BufferManager.cpp:160] [initialize] BufferManager configuration bufferSize=1 numOfBuffers=1[m
[36m[00:10:40.096864] [D] [Not A Worker] [unnamed] [queryId:407415611] [PipeliningPhase.cpp:365] [apply] Constructed pipeline plan with 1 root pipelines.
PipelinedQueryPlan for Query: 407415611
Number of root pipelines: 1
------------------
Root Pipeline 0:
  Pipeline(ID(13), Provider(COMPILER))
  Operator chain:
    PhysicalOperator(NES::SourcePhysicalOperator)
  Successor Pipeline:
    Pipeline(ID(14), Provider(None))
      Operator chain:
        PhysicalOperator(NES::ScanPhysicalOperator)
          PhysicalOperator(NES::MapPhysicalOperator)
            PhysicalOperator(NES::EmitPhysicalOperator)
      Successor Pipeline:
        Pipeline(ID(15), Provider(None))
          Operator chain:
            PhysicalOperator(NES::SinkPhysicalOperator)

[m
[36m[00:10:40.100420] [D] [Not A Worker] [unnamed] [] [SinkProvider.cpp:30] [lower] The sinkDescriptor is: SinkDescriptor: (name: variant("NAME_SINK"), type: Void, Config: )[m
[36m[00:10:40.105163] [D] [SingleNodeWorker] [WorkerThread-1] [Task:407415611-15] [VoidSink.cpp:37] [start] Setting up void sink: VoidSink[m
[36m[00:10:40.164451] [D] [SingleNodeWorker] [WorkerThread-1] [] [SourceThread.cpp:184] [start] Starting source with originId: 2[m
[36m[00:10:40.171932] [D] [SingleNodeWorker] [WorkerThread-3] [Task:407415611-14] [BufferManager.cpp:65] [~BufferManager] Calling BufferManager::destroy()[m
[36m[00:10:40.172006] [D] [SingleNodeWorker] [WorkerThread-3] [Task:407415611-14] [BufferManager.cpp:93] [~BufferManager] Shutting down Buffer Manager completed[m
[36m[00:10:43.166848] [D] [SingleNodeWorker] [WorkerThread-0] [Task:407415611] [SourceThread.cpp:230] [tryStop] SourceThread 2: attempting to stop source[m
[36m[00:10:43.166900] [D] [SingleNodeWorker] [WorkerThread-0] [Task:407415611] [SourceThread.cpp:248] [tryStop] SourceThread 2: stopped[m
[32m[00:10:43.194479] [I] [SingleNodeWorker] [WorkerThread-1] [Task:407415611-15] [VoidSink.cpp:42] [stop] Void Sink completed.[m
[36m[00:10:43.194617] [D] [SingleNodeWorker] [WorkerThread-1] [] [SourceThread.cpp:226] [tryStop] SourceThread 2: thread is not running[m
[32m[00:10:43.194641] [I] [SingleNodeWorker] [WorkerThread-5] [] [SequenceShredder.cpp:55] [~SequenceShredder] Successfully validated SequenceShredder[m
[33m[1m[00:10:44.863128] [W] [Not A Worker] [unnamed] [queryId:592706902] [SinkDescriptor.cpp:63] [getFormatType] Sinks of the type Void do not have an INPUT_FORMAT parameter.[m
[36m[00:10:44.863255] [D] [Not A Worker] [unnamed] [queryId:592706902] [BufferManager.cpp:110] [initialize] NES memory allocation requires 1 out of 540577120256 (so 1.8498748143954595e-10%) available bytes[m
[36m[00:10:44.863290] [D] [Not A Worker] [unnamed] [queryId:592706902] [BufferManager.cpp:160] [initialize] BufferManager configuration bufferSize=1 numOfBuffers=1[m
[36m[00:10:44.863465] [D] [Not A Worker] [unnamed] [queryId:592706902] [PipeliningPhase.cpp:365] [apply] Constructed pipeline plan with 1 root pipelines.
PipelinedQueryPlan for Query: 592706902
Number of root pipelines: 1
------------------
Root Pipeline 0:
  Pipeline(ID(16), Provider(COMPILER))
  Operator chain:
    PhysicalOperator(NES::SourcePhysicalOperator)
  Successor Pipeline:
    Pipeline(ID(17), Provider(None))
      Operator chain:
        PhysicalOperator(NES::ScanPhysicalOperator)
          PhysicalOperator(NES::EmitPhysicalOperator)
      Successor Pipeline:
        Pipeline(ID(18), Provider(None))
          Operator chain:
            PhysicalOperator(NES::SinkPhysicalOperator)

[m
[36m[00:10:44.867455] [D] [Not A Worker] [unnamed] [] [SinkProvider.cpp:30] [lower] The sinkDescriptor is: SinkDescriptor: (name: variant("PERSON_SINK"), type: Void, Config: )[m
[36m[00:10:44.868122] [D] [SingleNodeWorker] [WorkerThread-0] [Task:592706902-18] [VoidSink.cpp:37] [start] Setting up void sink: VoidSink[m
[36m[00:10:44.940247] [D] [SingleNodeWorker] [WorkerThread-0] [] [SourceThread.cpp:184] [start] Starting source with originId: 2[m
[36m[00:10:44.941816] [D] [SingleNodeWorker] [WorkerThread-0] [Task:592706902-17] [BufferManager.cpp:65] [~BufferManager] Calling BufferManager::destroy()[m
[36m[00:10:44.941842] [D] [SingleNodeWorker] [WorkerThread-0] [Task:592706902-17] [BufferManager.cpp:93] [~BufferManager] Shutting down Buffer Manager completed[m
[36m[00:10:47.188275] [D] [SingleNodeWorker] [WorkerThread-2] [Task:592706902-17] [InputFormatter.hpp:348] [indexTrailingSpanningTupleProxy] last offset: 262143, first offset: 327[m
[36m[00:10:49.023091] [D] [SingleNodeWorker] [WorkerThread-6] [Task:592706902] [SourceThread.cpp:230] [tryStop] SourceThread 2: attempting to stop source[m
[36m[00:10:49.023135] [D] [SingleNodeWorker] [WorkerThread-6] [Task:592706902] [SourceThread.cpp:248] [tryStop] SourceThread 2: stopped[m
[32m[00:10:49.050846] [I] [SingleNodeWorker] [WorkerThread-4] [] [SequenceShredder.cpp:55] [~SequenceShredder] Successfully validated SequenceShredder[m
[32m[00:10:49.051014] [I] [SingleNodeWorker] [WorkerThread-7] [Task:592706902-18] [VoidSink.cpp:42] [stop] Void Sink completed.[m
[36m[00:10:49.051161] [D] [SingleNodeWorker] [WorkerThread-7] [] [SourceThread.cpp:226] [tryStop] SourceThread 2: thread is not running[m
[36m[00:10:52.541425] [D] [Not A Worker] [unnamed] [queryId:930940484] [BufferManager.cpp:110] [initialize] NES memory allocation requires 1 out of 540577120256 (so 1.8498748143954595e-10%) available bytes[m
[36m[00:10:52.541491] [D] [Not A Worker] [unnamed] [queryId:930940484] [BufferManager.cpp:160] [initialize] BufferManager configuration bufferSize=1 numOfBuffers=1[m
[36m[00:10:52.541976] [D] [Not A Worker] [unnamed] [queryId:930940484] [PipeliningPhase.cpp:365] [apply] Constructed pipeline plan with 1 root pipelines.
PipelinedQueryPlan for Query: 930940484
Number of root pipelines: 1
------------------
Root Pipeline 0:
  Pipeline(ID(19), Provider(COMPILER))
  Operator chain:
    PhysicalOperator(NES::SourcePhysicalOperator)
  Successor Pipeline:
    Pipeline(ID(20), Provider(None))
      Operator chain:
        PhysicalOperator(NES::ScanPhysicalOperator)
          PhysicalOperator(NES::MapPhysicalOperator)
            PhysicalOperator(NES::EmitPhysicalOperator)
      Successor Pipeline:
        Pipeline(ID(21), Provider(None))
          Operator chain:
            PhysicalOperator(NES::SinkPhysicalOperator)

[m
[36m[00:10:52.545744] [D] [Not A Worker] [unnamed] [] [SinkProvider.cpp:30] [lower] The sinkDescriptor is: SinkDescriptor: (name: variant("PERSON_ID_SINK"), type: Void, Config: )[m
[36m[00:10:52.547403] [D] [SingleNodeWorker] [WorkerThread-0] [Task:930940484-21] [VoidSink.cpp:37] [start] Setting up void sink: VoidSink[m
[36m[00:10:52.605359] [D] [SingleNodeWorker] [WorkerThread-0] [] [SourceThread.cpp:184] [start] Starting source with originId: 2[m
[36m[00:10:52.606974] [D] [SingleNodeWorker] [WorkerThread-0] [Task:930940484-20] [BufferManager.cpp:65] [~BufferManager] Calling BufferManager::destroy()[m
[36m[00:10:52.606997] [D] [SingleNodeWorker] [WorkerThread-0] [Task:930940484-20] [BufferManager.cpp:93] [~BufferManager] Shutting down Buffer Manager completed[m
[36m[00:10:54.163171] [D] [SingleNodeWorker] [WorkerThread-1] [Task:930940484-20] [InputFormatter.hpp:348] [indexTrailingSpanningTupleProxy] last offset: 262143, first offset: 29[m
[36m[00:10:55.377972] [D] [SingleNodeWorker] [WorkerThread-4] [Task:930940484] [SourceThread.cpp:230] [tryStop] SourceThread 2: attempting to stop source[m
[36m[00:10:55.378019] [D] [SingleNodeWorker] [WorkerThread-4] [Task:930940484] [SourceThread.cpp:248] [tryStop] SourceThread 2: stopped[m
[32m[00:10:55.403653] [I] [SingleNodeWorker] [WorkerThread-5] [Task:930940484-21] [VoidSink.cpp:42] [stop] Void Sink completed.[m
[36m[00:10:55.403773] [D] [SingleNodeWorker] [WorkerThread-5] [] [SourceThread.cpp:226] [tryStop] SourceThread 2: thread is not running[m
[32m[00:10:55.403943] [I] [SingleNodeWorker] [WorkerThread-1] [] [SequenceShredder.cpp:55] [~SequenceShredder] Successfully validated SequenceShredder[m
[36m[00:10:57.399046] [D] [Not A Worker] [unnamed] [queryId:1759472108] [BufferManager.cpp:110] [initialize] NES memory allocation requires 1 out of 540577120256 (so 1.8498748143954595e-10%) available bytes[m
[36m[00:10:57.399113] [D] [Not A Worker] [unnamed] [queryId:1759472108] [BufferManager.cpp:160] [initialize] BufferManager configuration bufferSize=1 numOfBuffers=1[m
[36m[00:10:57.399580] [D] [Not A Worker] [unnamed] [queryId:1759472108] [PipeliningPhase.cpp:365] [apply] Constructed pipeline plan with 1 root pipelines.
PipelinedQueryPlan for Query: 1759472108
Number of root pipelines: 1
------------------
Root Pipeline 0:
  Pipeline(ID(22), Provider(COMPILER))
  Operator chain:
    PhysicalOperator(NES::SourcePhysicalOperator)
  Successor Pipeline:
    Pipeline(ID(23), Provider(None))
      Operator chain:
        PhysicalOperator(NES::ScanPhysicalOperator)
          PhysicalOperator(NES::MapPhysicalOperator)
            PhysicalOperator(NES::EmitPhysicalOperator)
      Successor Pipeline:
        Pipeline(ID(24), Provider(None))
          Operator chain:
            PhysicalOperator(NES::SinkPhysicalOperator)

[m
[36m[00:10:57.403154] [D] [Not A Worker] [unnamed] [] [SinkProvider.cpp:30] [lower] The sinkDescriptor is: SinkDescriptor: (name: variant("BID_AUCTION_ID_SINK"), type: Void, Config: )[m
[36m[00:10:57.407271] [D] [SingleNodeWorker] [WorkerThread-0] [Task:1759472108-24] [VoidSink.cpp:37] [start] Setting up void sink: VoidSink[m
[36m[00:10:57.455695] [D] [SingleNodeWorker] [WorkerThread-0] [] [SourceThread.cpp:184] [start] Starting source with originId: 2[m
[36m[00:10:57.457268] [D] [SingleNodeWorker] [WorkerThread-0] [Task:1759472108-23] [BufferManager.cpp:65] [~BufferManager] Calling BufferManager::destroy()[m
[36m[00:10:57.457291] [D] [SingleNodeWorker] [WorkerThread-0] [Task:1759472108-23] [BufferManager.cpp:93] [~BufferManager] Shutting down Buffer Manager completed[m
[36m[00:11:14.994491] [D] [SingleNodeWorker] [WorkerThread-2] [Task:1759472108-23] [InputFormatter.hpp:348] [indexTrailingSpanningTupleProxy] last offset: 262143, first offset: 49[m
[36m[00:11:15.562336] [D] [SingleNodeWorker] [WorkerThread-3] [Task:1759472108-23] [InputFormatter.hpp:348] [indexTrailingSpanningTupleProxy] last offset: 262143, first offset: 83[m
[36m[00:11:25.185690] [D] [SingleNodeWorker] [WorkerThread-2] [Task:1759472108-23] [InputFormatter.hpp:348] [indexTrailingSpanningTupleProxy] last offset: 262143, first offset: 78[m
[36m[00:11:26.088139] [D] [SingleNodeWorker] [WorkerThread-2] [Task:1759472108-23] [InputFormatter.hpp:348] [indexTrailingSpanningTupleProxy] last offset: 262143, first offset: 78[m
[36m[00:11:27.102991] [D] [SingleNodeWorker] [WorkerThread-2] [Task:1759472108-23] [InputFormatter.hpp:348] [indexTrailingSpanningTupleProxy] last offset: 262143, first offset: 20[m
[36m[00:11:30.388407] [D] [SingleNodeWorker] [WorkerThread-2] [Task:1759472108-23] [InputFormatter.hpp:348] [indexTrailingSpanningTupleProxy] last offset: 262143, first offset: 1[m
[36m[00:11:38.205732] [D] [SingleNodeWorker] [WorkerThread-2] [Task:1759472108-23] [InputFormatter.hpp:348] [indexTrailingSpanningTupleProxy] last offset: 262143, first offset: 8[m
[36m[00:11:42.524342] [D] [SingleNodeWorker] [WorkerThread-5] [Task:1759472108-23] [InputFormatter.hpp:348] [indexTrailingSpanningTupleProxy] last offset: 262143, first offset: 6[m
[36m[00:11:49.397985] [D] [SingleNodeWorker] [WorkerThread-7] [Task:1759472108-23] [InputFormatter.hpp:348] [indexTrailingSpanningTupleProxy] last offset: 262143, first offset: 62[m
[36m[00:12:03.643264] [D] [SingleNodeWorker] [WorkerThread-1] [Task:1759472108] [SourceThread.cpp:230] [tryStop] SourceThread 2: attempting to stop source[m
[36m[00:12:03.643313] [D] [SingleNodeWorker] [WorkerThread-1] [Task:1759472108] [SourceThread.cpp:248] [tryStop] SourceThread 2: stopped[m
[32m[00:12:03.675164] [I] [SingleNodeWorker] [WorkerThread-5] [Task:1759472108-24] [VoidSink.cpp:42] [stop] Void Sink completed.[m
[32m[00:12:03.675239] [I] [SingleNodeWorker] [WorkerThread-4] [] [SequenceShredder.cpp:55] [~SequenceShredder] Successfully validated SequenceShredder[m
[36m[00:12:03.675369] [D] [SingleNodeWorker] [WorkerThread-5] [] [SourceThread.cpp:226] [tryStop] SourceThread 2: thread is not running[m
