B0($1:ptr,$2:ptr,$3:ptr)
	ASSIGN	$4	$1	:ptr
	ASSIGN	$5	$2	:ptr
	ASSIGN	$6	$3	:ptr
	ASSIGN	$7	$4	:ptr
	CALL	$8	0x5593da28a4e0($4)	:ui32
	CALL	$9	0x5593da28a510($4)	:ptr
	ASSIGN	$10	$6	:ptr
	CONST	$11	0	:ui64
	CONST	$12	*	:ptr
	ASSIGN	$13	$9	:ptr
	CONST	$14	0	:ui64
	CONST	$15	0	:ui64
	CONST	$16	0	:ui64
	CONST	$17	0	:ui64
	CONST	$18	0	:ui64
	CONST	$19	true	:bool
	ASSIGN	$20	$5	:ptr
	CALL	$21	0x5593da592d00($20)	:ui64
	ASSIGN	$15	$21	:ui64
	CALL	$22	0x5593da5929d0($20)	:ui64
	ASSIGN	$14	$22	:ui64
	CALL	$23	0x5593da592e20($20)	:ui64
	ASSIGN	$16	$23	:ui64
	CALL	$24	0x5593da592df0($20)	:ui64
	ASSIGN	$17	$24	:ui64
	CALL	$25	0x5593da592ba0($20)	:ui64
	ASSIGN	$18	$25	:ui64
	CALL	$26	0x5593da592c90($20)	:bool
	ASSIGN	$19	$26	:bool
	CONST	$27	*	:ptr
	ASSIGN	$28	$10	:ptr
	CALL	$29	0x5593da4df9e0($20,$27,$28)	:ptr
	ASSIGN	$30	$29	:ptr
	ASSIGN	$31	$30	:ptr
	CONST	$32	34	:ui64
	ASSIGN	$33	$32	:ui64
	CONST	$34	1	:ui64
	MUL	$35	$33	$34	:ui64
	ADD	$36	$31	$35	:ptr
	ASSIGN	$37	$36	:ptr
	ASSIGN	$38	$37	:ptr
	LOAD	$39	$38	:bool
	CMP	$40	$39	B1()	B2()	:void
B1()
	CONST	$41	false	:bool
	NOT	$42	$41	:bool
	CMP	$43	$42	B3()	B4()	:void
B2()
	CONST	$48	true	:bool
	NOT	$49	$48	:bool
	CMP	$50	$49	B5()	B6()	:void
B3()
	JMP	$0	B7()	:void
B4()
	JMP	$0	B16()	:void
B5()
	JMP	$0	B7()	:void
B6()
	JMP	$0	B16()	:void
B7() ControlFlowMerge
	CALL	$44	0x5593da2a1f60($4,$5)	:void
	RETURN	$0	:void
B8()
	ASSIGN	$70	$59	:ptr
	CONST	$71	48	:ui64
	ASSIGN	$72	$71	:ui64
	CONST	$73	1	:ui64
	MUL	$74	$72	$73	:ui64
	ADD	$75	$70	$74	:ptr
	ASSIGN	$76	$59	:ptr
	CONST	$77	0	:ui64
	ASSIGN	$78	$77	:ui64
	CONST	$79	1	:ui64
	MUL	$80	$78	$79	:ui64
	ADD	$81	$76	$80	:ptr
	ASSIGN	$82	$81	:ptr
	ASSIGN	$83	$82	:ptr
	LOAD	$84	$83	:ptr
	CONST	$85	0	:ui64
	ASSIGN	$86	$75	:ptr
	ASSIGN	$87	$86	:ptr
	CALL	$88	0x5593da4d98d0($87)	:ptr
	CONST	$89	5	:i32
	CAST	$90	$89	:ui64
	MUL	$91	$85	$90	:ui64
	ASSIGN	$92	$88	:ptr
	CONST	$93	0	:i32
	CAST	$94	$93	:ui64
	ADD	$95	$91	$94	:ui64
	ASSIGN	$96	$95	:ui64
	CONST	$97	4	:ui64
	MUL	$98	$96	$97	:ui64
	ADD	$99	$92	$98	:ptr
	ASSIGN	$100	$88	:ptr
	CONST	$101	0	:i32
	CAST	$102	$101	:ui64
	ADD	$103	$91	$102	:ui64
	CONST	$104	1	:i32
	CAST	$105	$104	:ui64
	ADD	$106	$103	$105	:ui64
	ASSIGN	$107	$106	:ui64
	CONST	$108	4	:ui64
	MUL	$109	$107	$108	:ui64
	ADD	$110	$100	$109	:ptr
	ASSIGN	$111	$99	:ptr
	ASSIGN	$112	$111	:ptr
	LOAD	$113	$112	:ui32
	ASSIGN	$114	$110	:ptr
	ASSIGN	$115	$114	:ptr
	LOAD	$116	$115	:ui32
	SUB	$117	$116	$113	:ui32
	CONST	$118	1	:ui64
	CAST	$119	$117	:ui64
	SUB	$120	$119	$118	:ui64
	ASSIGN	$121	$84	:ptr
	ASSIGN	$122	$113	:ui32
	ASSIGN	$123	$122	:ui32
	CONST	$124	1	:ui64
	CAST	$125	$123	:ui64
	MUL	$126	$125	$124	:ui64
	ADD	$127	$121	$126	:ptr
	CALL	$128	0x5593da4f1390($127,$120)	:ui64
	ASSIGN	$129	$128	:ui64
	ASSIGN	$130	$129	:ui64
	CONST	$131	5	:i32
	CAST	$132	$131	:ui64
	MUL	$133	$85	$132	:ui64
	ASSIGN	$134	$88	:ptr
	CONST	$135	1	:i32
	CAST	$136	$135	:ui64
	ADD	$137	$133	$136	:ui64
	ASSIGN	$138	$137	:ui64
	CONST	$139	4	:ui64
	MUL	$140	$138	$139	:ui64
	ADD	$141	$134	$140	:ptr
	ASSIGN	$142	$88	:ptr
	CONST	$143	1	:i32
	CAST	$144	$143	:ui64
	ADD	$145	$133	$144	:ui64
	CONST	$146	1	:i32
	CAST	$147	$146	:ui64
	ADD	$148	$145	$147	:ui64
	ASSIGN	$149	$148	:ui64
	CONST	$150	4	:ui64
	MUL	$151	$149	$150	:ui64
	ADD	$152	$142	$151	:ptr
	ASSIGN	$153	$141	:ptr
	ASSIGN	$154	$153	:ptr
	LOAD	$155	$154	:ui32
	ASSIGN	$156	$152	:ptr
	ASSIGN	$157	$156	:ptr
	LOAD	$158	$157	:ui32
	SUB	$159	$158	$155	:ui32
	CONST	$160	1	:ui64
	CAST	$161	$159	:ui64
	SUB	$162	$161	$160	:ui64
	ASSIGN	$163	$84	:ptr
	ASSIGN	$164	$155	:ui32
	ASSIGN	$165	$164	:ui32
	CONST	$166	1	:ui64
	CAST	$167	$165	:ui64
	MUL	$168	$167	$166	:ui64
	ADD	$169	$163	$168	:ptr
	CALL	$170	0x5593da4ef950($169,$162)	:i32
	ASSIGN	$171	$170	:i32
	ASSIGN	$172	$171	:i32
	CONST	$173	5	:i32
	CAST	$174	$173	:ui64
	MUL	$175	$85	$174	:ui64
	ASSIGN	$176	$88	:ptr
	CONST	$177	2	:i32
	CAST	$178	$177	:ui64
	ADD	$179	$175	$178	:ui64
	ASSIGN	$180	$179	:ui64
	CONST	$181	4	:ui64
	MUL	$182	$180	$181	:ui64
	ADD	$183	$176	$182	:ptr
	ASSIGN	$184	$88	:ptr
	CONST	$185	2	:i32
	CAST	$186	$185	:ui64
	ADD	$187	$175	$186	:ui64
	CONST	$188	1	:i32
	CAST	$189	$188	:ui64
	ADD	$190	$187	$189	:ui64
	ASSIGN	$191	$190	:ui64
	CONST	$192	4	:ui64
	MUL	$193	$191	$192	:ui64
	ADD	$194	$184	$193	:ptr
	ASSIGN	$195	$183	:ptr
	ASSIGN	$196	$195	:ptr
	LOAD	$197	$196	:ui32
	ASSIGN	$198	$194	:ptr
	ASSIGN	$199	$198	:ptr
	LOAD	$200	$199	:ui32
	SUB	$201	$200	$197	:ui32
	CONST	$202	1	:ui64
	CAST	$203	$201	:ui64
	SUB	$204	$203	$202	:ui64
	ASSIGN	$205	$84	:ptr
	ASSIGN	$206	$197	:ui32
	ASSIGN	$207	$206	:ui32
	CONST	$208	1	:ui64
	CAST	$209	$207	:ui64
	MUL	$210	$209	$208	:ui64
	ADD	$211	$205	$210	:ptr
	CALL	$212	0x5593da4ef950($211,$204)	:i32
	ASSIGN	$213	$212	:i32
	ASSIGN	$214	$213	:i32
	CONST	$215	5	:i32
	CAST	$216	$215	:ui64
	MUL	$217	$85	$216	:ui64
	ASSIGN	$218	$88	:ptr
	CONST	$219	3	:i32
	CAST	$220	$219	:ui64
	ADD	$221	$217	$220	:ui64
	ASSIGN	$222	$221	:ui64
	CONST	$223	4	:ui64
	MUL	$224	$222	$223	:ui64
	ADD	$225	$218	$224	:ptr
	ASSIGN	$226	$88	:ptr
	CONST	$227	3	:i32
	CAST	$228	$227	:ui64
	ADD	$229	$217	$228	:ui64
	CONST	$230	1	:i32
	CAST	$231	$230	:ui64
	ADD	$232	$229	$231	:ui64
	ASSIGN	$233	$232	:ui64
	CONST	$234	4	:ui64
	MUL	$235	$233	$234	:ui64
	ADD	$236	$226	$235	:ptr
	ASSIGN	$237	$225	:ptr
	ASSIGN	$238	$237	:ptr
	LOAD	$239	$238	:ui32
	ASSIGN	$240	$236	:ptr
	ASSIGN	$241	$240	:ptr
	LOAD	$242	$241	:ui32
	SUB	$243	$242	$239	:ui32
	CONST	$244	0	:ui64
	CAST	$245	$243	:ui64
	SUB	$246	$245	$244	:ui64
	ASSIGN	$247	$84	:ptr
	ASSIGN	$248	$239	:ui32
	ASSIGN	$249	$248	:ui32
	CONST	$250	1	:ui64
	CAST	$251	$249	:ui64
	MUL	$252	$251	$250	:ui64
	ADD	$253	$247	$252	:ptr
	CALL	$254	0x5593da4f1b80($253,$246)	:f64
	ASSIGN	$255	$254	:f64
	ASSIGN	$256	$255	:f64
	ASSIGN	$257	$130	:ui64
	CONST	$258	1746560847870	:ui64
	EQ	$259	$257	$258	:bool
	ASSIGN	$260	$259	:bool
	CONST	$261	false	:bool
	EQ	$262	$260	$261	:bool
	NOT	$263	$262	:bool
	CMP	$264	$263	B10()	B11()	:void
B9()
	JMP	$0	B17()	:void
B10()
	ASSIGN	$265	$172	:i32
	ASSIGN	$266	$265	:i32
	ASSIGN	$267	$265	:i32
	CONST	$268	65536	:ui64
	GTE	$269	$56	$268	:bool
	CMP	$270	$269	B12()	B13()	:void
B11()
	JMP	$0	B18()	:void
B12()
	CONST	$271	false	:bool
	CALL	$272	0x5593da5928d0($57,$56)	:void
	CALL	$273	0x5593da592d70($57,$15)	:void
	CALL	$274	0x5593da592a40($57,$14)	:void
	CALL	$275	0x5593da592ab0($57,$17)	:void
	CALL	$276	0x5593da592e50($57,$16)	:void
	CONST	$277	1	:ui64
	CALL	$278	0x5593da28aa00($7,$277)	:ptr
	CALL	$279	0x5593da278ac0($278,$271,$18,$19,$57)	:void
	CALL	$280	0x5593da28a610($7,$57)	:void
	CALL	$281	0x5593da28aa80($7)	:ptr
	ASSIGN	$282	$281	:ptr
	ASSIGN	$57	$282	:ptr
	CALL	$283	0x5593da592950($57)	:ptr
	ASSIGN	$58	$283	:ptr
	CONST	$284	0	:ui64
	ASSIGN	$56	$284	:ui64
	JMP	$0	B19()	:void
B13()
	JMP	$0	B19()	:void
B14()
	CONST	$322	true	:bool
	JMP	$0	B33()	:void
B15()
	CONST	$347	0	:ui64
	ASSIGN	$348	$59	:ptr
	CONST	$349	176	:ui64
	ASSIGN	$350	$349	:ui64
	CONST	$351	1	:ui64
	MUL	$352	$350	$351	:ui64
	ADD	$353	$348	$352	:ptr
	JMP	$0	B26()	:void
B16() ControlFlowMerge
	CALL	$54	0x5593da28aa80($7)	:ptr
	ASSIGN	$55	$54	:ptr
	CONST	$56	0	:ui64
	ASSIGN	$57	$55	:ptr
	CALL	$58	0x5593da592950($55)	:ptr
	CALL	$59	0x5593da4d77a0()	:ptr
	ASSIGN	$60	$59	:ptr
	CONST	$61	32	:ui64
	ASSIGN	$62	$61	:ui64
	CONST	$63	1	:ui64
	MUL	$64	$62	$63	:ui64
	ADD	$65	$60	$64	:ptr
	ASSIGN	$66	$65	:ptr
	ASSIGN	$67	$66	:ptr
	LOAD	$68	$67	:bool
	CMP	$69	$68	B8()	B9()	:void
B17() ControlFlowMerge
	JMP	$0	B18()	:void
B18() ControlFlowMerge
	ASSIGN	$311	$59	:ptr
	CONST	$312	33	:ui64
	ASSIGN	$313	$312	:ui64
	CONST	$314	1	:ui64
	MUL	$315	$313	$314	:ui64
	ADD	$316	$311	$315	:ptr
	ASSIGN	$317	$316	:ptr
	ASSIGN	$318	$317	:ptr
	LOAD	$319	$318	:bool
	NOT	$320	$319	:bool
	CMP	$321	$320	B14()	B15()	:void
B19() ControlFlowMerge
	CALL	$285	0x5593da592950($57)	:ptr
	ASSIGN	$286	$285	:ptr
	CONST	$287	4	:ui64
	MUL	$288	$287	$56	:ui64
	ASSIGN	$289	$288	:ui64
	CONST	$290	1	:ui64
	MUL	$291	$289	$290	:ui64
	ADD	$292	$286	$291	:ptr
	ASSIGN	$293	$292	:ptr
	CONST	$294	0	:ui64
	ASSIGN	$295	$294	:ui64
	CONST	$296	1	:ui64
	MUL	$297	$295	$296	:ui64
	ADD	$298	$293	$297	:ptr
	ASSIGN	$299	$267	:i32
	ASSIGN	$300	$299	:i32
	ASSIGN	$301	$300	:i32
	ASSIGN	$302	$301	:i32
	ASSIGN	$303	$298	:ptr
	ASSIGN	$304	$303	:ptr
	ASSIGN	$305	$302	:i32
	STORE	$306	$304	$305	:void
	ASSIGN	$307	$299	:i32
	CONST	$308	1	:i32
	CAST	$309	$308	:ui64
	ADD	$310	$56	$309	:ui64
	ASSIGN	$56	$310	:ui64
	JMP	$0	B17()	:void
B20()
	CALL	$367	0x5593da592950($20)	:ptr
	ASSIGN	$368	$353	:ptr
	ASSIGN	$369	$368	:ptr
	CALL	$370	0x5593da4d98d0($369)	:ptr
	CONST	$371	5	:i32
	CAST	$372	$371	:ui64
	MUL	$373	$347	$372	:ui64
	ASSIGN	$374	$370	:ptr
	CONST	$375	0	:i32
	CAST	$376	$375	:ui64
	ADD	$377	$373	$376	:ui64
	ASSIGN	$378	$377	:ui64
	CONST	$379	4	:ui64
	MUL	$380	$378	$379	:ui64
	ADD	$381	$374	$380	:ptr
	ASSIGN	$382	$370	:ptr
	CONST	$383	0	:i32
	CAST	$384	$383	:ui64
	ADD	$385	$373	$384	:ui64
	CONST	$386	1	:i32
	CAST	$387	$386	:ui64
	ADD	$388	$385	$387	:ui64
	ASSIGN	$389	$388	:ui64
	CONST	$390	4	:ui64
	MUL	$391	$389	$390	:ui64
	ADD	$392	$382	$391	:ptr
	ASSIGN	$393	$381	:ptr
	ASSIGN	$394	$393	:ptr
	LOAD	$395	$394	:ui32
	ASSIGN	$396	$392	:ptr
	ASSIGN	$397	$396	:ptr
	LOAD	$398	$397	:ui32
	SUB	$399	$398	$395	:ui32
	CONST	$400	1	:ui64
	CAST	$401	$399	:ui64
	SUB	$402	$401	$400	:ui64
	ASSIGN	$403	$367	:ptr
	ASSIGN	$404	$395	:ui32
	ASSIGN	$405	$404	:ui32
	CONST	$406	1	:ui64
	CAST	$407	$405	:ui64
	MUL	$408	$407	$406	:ui64
	ADD	$409	$403	$408	:ptr
	CALL	$410	0x5593da4f1390($409,$402)	:ui64
	ASSIGN	$411	$410	:ui64
	ASSIGN	$412	$411	:ui64
	CONST	$413	5	:i32
	CAST	$414	$413	:ui64
	MUL	$415	$347	$414	:ui64
	ASSIGN	$416	$370	:ptr
	CONST	$417	1	:i32
	CAST	$418	$417	:ui64
	ADD	$419	$415	$418	:ui64
	ASSIGN	$420	$419	:ui64
	CONST	$421	4	:ui64
	MUL	$422	$420	$421	:ui64
	ADD	$423	$416	$422	:ptr
	ASSIGN	$424	$370	:ptr
	CONST	$425	1	:i32
	CAST	$426	$425	:ui64
	ADD	$427	$415	$426	:ui64
	CONST	$428	1	:i32
	CAST	$429	$428	:ui64
	ADD	$430	$427	$429	:ui64
	ASSIGN	$431	$430	:ui64
	CONST	$432	4	:ui64
	MUL	$433	$431	$432	:ui64
	ADD	$434	$424	$433	:ptr
	ASSIGN	$435	$423	:ptr
	ASSIGN	$436	$435	:ptr
	LOAD	$437	$436	:ui32
	ASSIGN	$438	$434	:ptr
	ASSIGN	$439	$438	:ptr
	LOAD	$440	$439	:ui32
	SUB	$441	$440	$437	:ui32
	CONST	$442	1	:ui64
	CAST	$443	$441	:ui64
	SUB	$444	$443	$442	:ui64
	ASSIGN	$445	$367	:ptr
	ASSIGN	$446	$437	:ui32
	ASSIGN	$447	$446	:ui32
	CONST	$448	1	:ui64
	CAST	$449	$447	:ui64
	MUL	$450	$449	$448	:ui64
	ADD	$451	$445	$450	:ptr
	CALL	$452	0x5593da4ef950($451,$444)	:i32
	ASSIGN	$453	$452	:i32
	ASSIGN	$454	$453	:i32
	CONST	$455	5	:i32
	CAST	$456	$455	:ui64
	MUL	$457	$347	$456	:ui64
	ASSIGN	$458	$370	:ptr
	CONST	$459	2	:i32
	CAST	$460	$459	:ui64
	ADD	$461	$457	$460	:ui64
	ASSIGN	$462	$461	:ui64
	CONST	$463	4	:ui64
	MUL	$464	$462	$463	:ui64
	ADD	$465	$458	$464	:ptr
	ASSIGN	$466	$370	:ptr
	CONST	$467	2	:i32
	CAST	$468	$467	:ui64
	ADD	$469	$457	$468	:ui64
	CONST	$470	1	:i32
	CAST	$471	$470	:ui64
	ADD	$472	$469	$471	:ui64
	ASSIGN	$473	$472	:ui64
	CONST	$474	4	:ui64
	MUL	$475	$473	$474	:ui64
	ADD	$476	$466	$475	:ptr
	ASSIGN	$477	$465	:ptr
	ASSIGN	$478	$477	:ptr
	LOAD	$479	$478	:ui32
	ASSIGN	$480	$476	:ptr
	ASSIGN	$481	$480	:ptr
	LOAD	$482	$481	:ui32
	SUB	$483	$482	$479	:ui32
	CONST	$484	1	:ui64
	CAST	$485	$483	:ui64
	SUB	$486	$485	$484	:ui64
	ASSIGN	$487	$367	:ptr
	ASSIGN	$488	$479	:ui32
	ASSIGN	$489	$488	:ui32
	CONST	$490	1	:ui64
	CAST	$491	$489	:ui64
	MUL	$492	$491	$490	:ui64
	ADD	$493	$487	$492	:ptr
	CALL	$494	0x5593da4ef950($493,$486)	:i32
	ASSIGN	$495	$494	:i32
	ASSIGN	$496	$495	:i32
	CONST	$497	5	:i32
	CAST	$498	$497	:ui64
	MUL	$499	$347	$498	:ui64
	ASSIGN	$500	$370	:ptr
	CONST	$501	3	:i32
	CAST	$502	$501	:ui64
	ADD	$503	$499	$502	:ui64
	ASSIGN	$504	$503	:ui64
	CONST	$505	4	:ui64
	MUL	$506	$504	$505	:ui64
	ADD	$507	$500	$506	:ptr
	ASSIGN	$508	$370	:ptr
	CONST	$509	3	:i32
	CAST	$510	$509	:ui64
	ADD	$511	$499	$510	:ui64
	CONST	$512	1	:i32
	CAST	$513	$512	:ui64
	ADD	$514	$511	$513	:ui64
	ASSIGN	$515	$514	:ui64
	CONST	$516	4	:ui64
	MUL	$517	$515	$516	:ui64
	ADD	$518	$508	$517	:ptr
	ASSIGN	$519	$507	:ptr
	ASSIGN	$520	$519	:ptr
	LOAD	$521	$520	:ui32
	ASSIGN	$522	$518	:ptr
	ASSIGN	$523	$522	:ptr
	LOAD	$524	$523	:ui32
	SUB	$525	$524	$521	:ui32
	CONST	$526	0	:ui64
	CAST	$527	$525	:ui64
	SUB	$528	$527	$526	:ui64
	ASSIGN	$529	$367	:ptr
	ASSIGN	$530	$521	:ui32
	ASSIGN	$531	$530	:ui32
	CONST	$532	1	:ui64
	CAST	$533	$531	:ui64
	MUL	$534	$533	$532	:ui64
	ADD	$535	$529	$534	:ptr
	CALL	$536	0x5593da4f1b80($535,$528)	:f64
	ASSIGN	$537	$536	:f64
	ASSIGN	$538	$537	:f64
	ASSIGN	$539	$412	:ui64
	CONST	$540	1746560847870	:ui64
	EQ	$541	$539	$540	:bool
	ASSIGN	$542	$541	:bool
	CONST	$543	false	:bool
	EQ	$544	$542	$543	:bool
	NOT	$545	$544	:bool
	CMP	$546	$545	B22()	B23()	:void
B21()
	CONST	$599	*	:ptr
	ASSIGN	$600	$10	:ptr
	CALL	$601	0x5593da4dc200($20,$599,$600)	:bool
	CMP	$602	$601	B27()	B28()	:void
B22()
	ASSIGN	$547	$454	:i32
	ASSIGN	$548	$547	:i32
	ASSIGN	$549	$547	:i32
	CONST	$550	65536	:ui64
	GTE	$551	$56	$550	:bool
	CMP	$552	$551	B24()	B25()	:void
B23()
	CONST	$848	1	:i32
	CAST	$849	$848	:ui64
	ADD	$850	$347	$849	:ui64
	ASSIGN	$347	$850	:ui64
	JMP	$0	B34()	:void
B24()
	CONST	$553	false	:bool
	CALL	$554	0x5593da5928d0($57,$56)	:void
	CALL	$555	0x5593da592d70($57,$15)	:void
	CALL	$556	0x5593da592a40($57,$14)	:void
	CALL	$557	0x5593da592ab0($57,$17)	:void
	CALL	$558	0x5593da592e50($57,$16)	:void
	CONST	$559	1	:ui64
	CALL	$560	0x5593da28aa00($7,$559)	:ptr
	CALL	$561	0x5593da278ac0($560,$553,$18,$19,$57)	:void
	CALL	$562	0x5593da28a610($7,$57)	:void
	CALL	$563	0x5593da28aa80($7)	:ptr
	ASSIGN	$564	$563	:ptr
	ASSIGN	$57	$564	:ptr
	CALL	$565	0x5593da592950($57)	:ptr
	ASSIGN	$58	$565	:ptr
	CONST	$566	0	:ui64
	ASSIGN	$56	$566	:ui64
	JMP	$0	B35()	:void
B25()
	JMP	$0	B35()	:void
B26() ControlFlowMerge
	JMP	$0	B34()	:void
B27()
	ASSIGN	$603	$59	:ptr
	CONST	$604	112	:ui64
	ASSIGN	$605	$604	:ui64
	CONST	$606	1	:ui64
	MUL	$607	$605	$606	:ui64
	ADD	$608	$603	$607	:ptr
	ASSIGN	$609	$59	:ptr
	CONST	$610	16	:ui64
	ASSIGN	$611	$610	:ui64
	CONST	$612	1	:ui64
	MUL	$613	$611	$612	:ui64
	ADD	$614	$609	$613	:ptr
	ASSIGN	$615	$614	:ptr
	ASSIGN	$616	$615	:ptr
	LOAD	$617	$616	:ptr
	CONST	$618	0	:ui64
	ASSIGN	$619	$608	:ptr
	ASSIGN	$620	$619	:ptr
	CALL	$621	0x5593da4d98d0($620)	:ptr
	CONST	$622	5	:i32
	CAST	$623	$622	:ui64
	MUL	$624	$618	$623	:ui64
	ASSIGN	$625	$621	:ptr
	CONST	$626	0	:i32
	CAST	$627	$626	:ui64
	ADD	$628	$624	$627	:ui64
	ASSIGN	$629	$628	:ui64
	CONST	$630	4	:ui64
	MUL	$631	$629	$630	:ui64
	ADD	$632	$625	$631	:ptr
	ASSIGN	$633	$621	:ptr
	CONST	$634	0	:i32
	CAST	$635	$634	:ui64
	ADD	$636	$624	$635	:ui64
	CONST	$637	1	:i32
	CAST	$638	$637	:ui64
	ADD	$639	$636	$638	:ui64
	ASSIGN	$640	$639	:ui64
	CONST	$641	4	:ui64
	MUL	$642	$640	$641	:ui64
	ADD	$643	$633	$642	:ptr
	ASSIGN	$644	$632	:ptr
	ASSIGN	$645	$644	:ptr
	LOAD	$646	$645	:ui32
	ASSIGN	$647	$643	:ptr
	ASSIGN	$648	$647	:ptr
	LOAD	$649	$648	:ui32
	SUB	$650	$649	$646	:ui32
	CONST	$651	1	:ui64
	CAST	$652	$650	:ui64
	SUB	$653	$652	$651	:ui64
	ASSIGN	$654	$617	:ptr
	ASSIGN	$655	$646	:ui32
	ASSIGN	$656	$655	:ui32
	CONST	$657	1	:ui64
	CAST	$658	$656	:ui64
	MUL	$659	$658	$657	:ui64
	ADD	$660	$654	$659	:ptr
	CALL	$661	0x5593da4f1390($660,$653)	:ui64
	ASSIGN	$662	$661	:ui64
	ASSIGN	$663	$662	:ui64
	CONST	$664	5	:i32
	CAST	$665	$664	:ui64
	MUL	$666	$618	$665	:ui64
	ASSIGN	$667	$621	:ptr
	CONST	$668	1	:i32
	CAST	$669	$668	:ui64
	ADD	$670	$666	$669	:ui64
	ASSIGN	$671	$670	:ui64
	CONST	$672	4	:ui64
	MUL	$673	$671	$672	:ui64
	ADD	$674	$667	$673	:ptr
	ASSIGN	$675	$621	:ptr
	CONST	$676	1	:i32
	CAST	$677	$676	:ui64
	ADD	$678	$666	$677	:ui64
	CONST	$679	1	:i32
	CAST	$680	$679	:ui64
	ADD	$681	$678	$680	:ui64
	ASSIGN	$682	$681	:ui64
	CONST	$683	4	:ui64
	MUL	$684	$682	$683	:ui64
	ADD	$685	$675	$684	:ptr
	ASSIGN	$686	$674	:ptr
	ASSIGN	$687	$686	:ptr
	LOAD	$688	$687	:ui32
	ASSIGN	$689	$685	:ptr
	ASSIGN	$690	$689	:ptr
	LOAD	$691	$690	:ui32
	SUB	$692	$691	$688	:ui32
	CONST	$693	1	:ui64
	CAST	$694	$692	:ui64
	SUB	$695	$694	$693	:ui64
	ASSIGN	$696	$617	:ptr
	ASSIGN	$697	$688	:ui32
	ASSIGN	$698	$697	:ui32
	CONST	$699	1	:ui64
	CAST	$700	$698	:ui64
	MUL	$701	$700	$699	:ui64
	ADD	$702	$696	$701	:ptr
	CALL	$703	0x5593da4ef950($702,$695)	:i32
	ASSIGN	$704	$703	:i32
	ASSIGN	$705	$704	:i32
	CONST	$706	5	:i32
	CAST	$707	$706	:ui64
	MUL	$708	$618	$707	:ui64
	ASSIGN	$709	$621	:ptr
	CONST	$710	2	:i32
	CAST	$711	$710	:ui64
	ADD	$712	$708	$711	:ui64
	ASSIGN	$713	$712	:ui64
	CONST	$714	4	:ui64
	MUL	$715	$713	$714	:ui64
	ADD	$716	$709	$715	:ptr
	ASSIGN	$717	$621	:ptr
	CONST	$718	2	:i32
	CAST	$719	$718	:ui64
	ADD	$720	$708	$719	:ui64
	CONST	$721	1	:i32
	CAST	$722	$721	:ui64
	ADD	$723	$720	$722	:ui64
	ASSIGN	$724	$723	:ui64
	CONST	$725	4	:ui64
	MUL	$726	$724	$725	:ui64
	ADD	$727	$717	$726	:ptr
	ASSIGN	$728	$716	:ptr
	ASSIGN	$729	$728	:ptr
	LOAD	$730	$729	:ui32
	ASSIGN	$731	$727	:ptr
	ASSIGN	$732	$731	:ptr
	LOAD	$733	$732	:ui32
	SUB	$734	$733	$730	:ui32
	CONST	$735	1	:ui64
	CAST	$736	$734	:ui64
	SUB	$737	$736	$735	:ui64
	ASSIGN	$738	$617	:ptr
	ASSIGN	$739	$730	:ui32
	ASSIGN	$740	$739	:ui32
	CONST	$741	1	:ui64
	CAST	$742	$740	:ui64
	MUL	$743	$742	$741	:ui64
	ADD	$744	$738	$743	:ptr
	CALL	$745	0x5593da4ef950($744,$737)	:i32
	ASSIGN	$746	$745	:i32
	ASSIGN	$747	$746	:i32
	CONST	$748	5	:i32
	CAST	$749	$748	:ui64
	MUL	$750	$618	$749	:ui64
	ASSIGN	$751	$621	:ptr
	CONST	$752	3	:i32
	CAST	$753	$752	:ui64
	ADD	$754	$750	$753	:ui64
	ASSIGN	$755	$754	:ui64
	CONST	$756	4	:ui64
	MUL	$757	$755	$756	:ui64
	ADD	$758	$751	$757	:ptr
	ASSIGN	$759	$621	:ptr
	CONST	$760	3	:i32
	CAST	$761	$760	:ui64
	ADD	$762	$750	$761	:ui64
	CONST	$763	1	:i32
	CAST	$764	$763	:ui64
	ADD	$765	$762	$764	:ui64
	ASSIGN	$766	$765	:ui64
	CONST	$767	4	:ui64
	MUL	$768	$766	$767	:ui64
	ADD	$769	$759	$768	:ptr
	ASSIGN	$770	$758	:ptr
	ASSIGN	$771	$770	:ptr
	LOAD	$772	$771	:ui32
	ASSIGN	$773	$769	:ptr
	ASSIGN	$774	$773	:ptr
	LOAD	$775	$774	:ui32
	SUB	$776	$775	$772	:ui32
	CONST	$777	0	:ui64
	CAST	$778	$776	:ui64
	SUB	$779	$778	$777	:ui64
	ASSIGN	$780	$617	:ptr
	ASSIGN	$781	$772	:ui32
	ASSIGN	$782	$781	:ui32
	CONST	$783	1	:ui64
	CAST	$784	$782	:ui64
	MUL	$785	$784	$783	:ui64
	ADD	$786	$780	$785	:ptr
	CALL	$787	0x5593da4f1b80($786,$779)	:f64
	ASSIGN	$788	$787	:f64
	ASSIGN	$789	$788	:f64
	ASSIGN	$790	$663	:ui64
	CONST	$791	1746560847870	:ui64
	EQ	$792	$790	$791	:bool
	ASSIGN	$793	$792	:bool
	CONST	$794	false	:bool
	EQ	$795	$793	$794	:bool
	NOT	$796	$795	:bool
	CMP	$797	$796	B29()	B30()	:void
B28()
	CONST	$857	true	:bool
	ASSIGN	$322	$857	:bool
	JMP	$0	B36()	:void
B29()
	ASSIGN	$798	$705	:i32
	ASSIGN	$799	$798	:i32
	ASSIGN	$800	$798	:i32
	CONST	$801	65536	:ui64
	GTE	$802	$56	$801	:bool
	CMP	$803	$802	B31()	B32()	:void
B30()
	CONST	$861	true	:bool
	ASSIGN	$322	$861	:bool
	JMP	$0	B37()	:void
B31()
	CONST	$804	false	:bool
	CALL	$805	0x5593da5928d0($57,$56)	:void
	CALL	$806	0x5593da592d70($57,$15)	:void
	CALL	$807	0x5593da592a40($57,$14)	:void
	CALL	$808	0x5593da592ab0($57,$17)	:void
	CALL	$809	0x5593da592e50($57,$16)	:void
	CONST	$810	1	:ui64
	CALL	$811	0x5593da28aa00($7,$810)	:ptr
	CALL	$812	0x5593da278ac0($811,$804,$18,$19,$57)	:void
	CALL	$813	0x5593da28a610($7,$57)	:void
	CALL	$814	0x5593da28aa80($7)	:ptr
	ASSIGN	$815	$814	:ptr
	ASSIGN	$57	$815	:ptr
	CALL	$816	0x5593da592950($57)	:ptr
	ASSIGN	$58	$816	:ptr
	CONST	$817	0	:ui64
	ASSIGN	$56	$817	:ui64
	JMP	$0	B38()	:void
B32()
	JMP	$0	B38()	:void
B33() ControlFlowMerge
	JMP	$0	B36()	:void
B34() ControlFlowMerge
	ASSIGN	$354	$353	:ptr
	ASSIGN	$355	$354	:ptr
	ASSIGN	$356	$355	:ptr
	CONST	$357	24	:ui64
	ASSIGN	$358	$357	:ui64
	CONST	$359	1	:ui64
	MUL	$360	$358	$359	:ui64
	ADD	$361	$356	$360	:ptr
	ASSIGN	$362	$361	:ptr
	ASSIGN	$363	$362	:ptr
	LOAD	$364	$363	:ui64
	LT	$365	$347	$364	:bool
	CMP	$366	$365	B20()	B21()	:void
B35() ControlFlowMerge
	CALL	$567	0x5593da592950($57)	:ptr
	ASSIGN	$568	$567	:ptr
	CONST	$569	4	:ui64
	MUL	$570	$569	$56	:ui64
	ASSIGN	$571	$570	:ui64
	CONST	$572	1	:ui64
	MUL	$573	$571	$572	:ui64
	ADD	$574	$568	$573	:ptr
	ASSIGN	$575	$574	:ptr
	CONST	$576	0	:ui64
	ASSIGN	$577	$576	:ui64
	CONST	$578	1	:ui64
	MUL	$579	$577	$578	:ui64
	ADD	$580	$575	$579	:ptr
	ASSIGN	$581	$549	:i32
	ASSIGN	$582	$581	:i32
	ASSIGN	$583	$582	:i32
	ASSIGN	$584	$583	:i32
	ASSIGN	$585	$580	:ptr
	ASSIGN	$586	$585	:ptr
	ASSIGN	$587	$584	:i32
	STORE	$588	$586	$587	:void
	ASSIGN	$589	$581	:i32
	CONST	$590	1	:i32
	CAST	$591	$590	:ui64
	ADD	$592	$56	$591	:ui64
	ASSIGN	$56	$592	:ui64
	CONST	$593	1	:i32
	CAST	$594	$593	:ui64
	ADD	$595	$347	$594	:ui64
	ASSIGN	$347	$595	:ui64
	JMP	$0	B26()	:void
B36() ControlFlowMerge
	JMP	$0	B37()	:void
B37() ControlFlowMerge
	CALL	$323	0x5593da5928d0($57,$56)	:void
	CALL	$324	0x5593da592d70($57,$15)	:void
	CALL	$325	0x5593da592a40($57,$14)	:void
	CALL	$326	0x5593da592ab0($57,$17)	:void
	CALL	$327	0x5593da592e50($57,$16)	:void
	CONST	$328	1	:ui64
	CALL	$329	0x5593da28aa00($7,$328)	:ptr
	CALL	$330	0x5593da278ac0($329,$322,$18,$19,$57)	:void
	CALL	$331	0x5593da28a610($7,$57)	:void
	RETURN	$0	:void
B38() ControlFlowMerge
	CALL	$818	0x5593da592950($57)	:ptr
	ASSIGN	$819	$818	:ptr
	CONST	$820	4	:ui64
	MUL	$821	$820	$56	:ui64
	ASSIGN	$822	$821	:ui64
	CONST	$823	1	:ui64
	MUL	$824	$822	$823	:ui64
	ADD	$825	$819	$824	:ptr
	ASSIGN	$826	$825	:ptr
	CONST	$827	0	:ui64
	ASSIGN	$828	$827	:ui64
	CONST	$829	1	:ui64
	MUL	$830	$828	$829	:ui64
	ADD	$831	$826	$830	:ptr
	ASSIGN	$832	$800	:i32
	ASSIGN	$833	$832	:i32
	ASSIGN	$834	$833	:i32
	ASSIGN	$835	$834	:i32
	ASSIGN	$836	$831	:ptr
	ASSIGN	$837	$836	:ptr
	ASSIGN	$838	$835	:i32
	STORE	$839	$837	$838	:void
	ASSIGN	$840	$832	:i32
	CONST	$841	1	:i32
	CAST	$842	$841	:ui64
	ADD	$843	$56	$842	:ui64
	ASSIGN	$56	$843	:ui64
	CONST	$844	true	:bool
	ASSIGN	$322	$844	:bool
	JMP	$0	B33()	:void
