B0($1:ptr,$2:ptr,$3:ptr)
	CALL	$8	0x5593da28a4e0($1)	:ui32
	CALL	$9	0x5593da28a510($1)	:ptr
	CONST	$11	0	:ui64
	CONST	$12	*	:ptr
	CONST	$14	0	:ui64
	CONST	$15	0	:ui64
	CONST	$16	0	:ui64
	CONST	$17	0	:ui64
	CONST	$18	0	:ui64
	CONST	$19	true	:bool
	CALL	$21	0x5593da592d00($2)	:ui64
	CALL	$22	0x5593da5929d0($2)	:ui64
	CALL	$23	0x5593da592e20($2)	:ui64
	CALL	$24	0x5593da592df0($2)	:ui64
	CALL	$25	0x5593da592ba0($2)	:ui64
	CALL	$26	0x5593da592c90($2)	:bool
	CONST	$27	*	:ptr
	CALL	$29	0x5593da4df9e0($2,$27,$3)	:ptr
	CONST	$32	34	:ui64
	CONST	$34	1	:ui64
	MUL	$35	$32	$34	:ui64
	ADD	$36	$29	$35	:ptr
	LOAD	$39	$36	:bool
	CMP	$40	$39	B1($1,$2,$1,$25,$26,$23,$24,$22,$21,$2,$3)	B2($1,$2,$1,$25,$26,$23,$24,$22,$21,$2,$3)	:void
B1($4:ptr,$5:ptr,$7:ptr,$18:ui64,$19:bool,$16:ui64,$17:ui64,$14:ui64,$15:ui64,$20:ptr,$10:ptr)
	CONST	$41	false	:bool
	NOT	$42	$41	:bool
	CMP	$43	$42	B3($4,$5)	B4($7,$18,$19,$16,$17,$14,$15,$20,$10)	:void
B2($4:ptr,$5:ptr,$7:ptr,$18:ui64,$19:bool,$16:ui64,$17:ui64,$14:ui64,$15:ui64,$20:ptr,$10:ptr)
	CONST	$48	true	:bool
	NOT	$49	$48	:bool
	CMP	$50	$49	B5($4,$5)	B6($7,$18,$19,$16,$17,$14,$15,$20,$10)	:void
B3($4:ptr,$5:ptr)
	JMP	$0	B7($4,$5)	:void
B4($7:ptr,$18:ui64,$19:bool,$16:ui64,$17:ui64,$14:ui64,$15:ui64,$20:ptr,$10:ptr)
	JMP	$0	B16($7,$18,$19,$16,$17,$14,$15,$20,$10)	:void
B5($4:ptr,$5:ptr)
	JMP	$0	B7($4,$5)	:void
B6($7:ptr,$18:ui64,$19:bool,$16:ui64,$17:ui64,$14:ui64,$15:ui64,$20:ptr,$10:ptr)
	JMP	$0	B16($7,$18,$19,$16,$17,$14,$15,$20,$10)	:void
B7($4:ptr,$5:ptr) ControlFlowMerge
	CALL	$44	0x5593da2a1f60($4,$5)	:void
	JMP	$0	B39()	:void
B8($7:ptr,$18:ui64,$19:bool,$16:ui64,$17:ui64,$14:ui64,$15:ui64,$59:ptr,$57:ptr,$56:ui64,$20:ptr,$10:ptr)
	CONST	$71	48	:ui64
	CONST	$73	1	:ui64
	MUL	$74	$71	$73	:ui64
	ADD	$75	$59	$74	:ptr
	CONST	$77	0	:ui64
	CONST	$79	1	:ui64
	MUL	$80	$77	$79	:ui64
	ADD	$81	$59	$80	:ptr
	LOAD	$84	$81	:ptr
	CONST	$85	0	:ui64
	CALL	$88	0x5593da4d98d0($75)	:ptr
	CONST	$89	5	:i32
	CAST	$90	$89	:ui64
	MUL	$91	$85	$90	:ui64
	CONST	$93	0	:i32
	CAST	$94	$93	:ui64
	ADD	$95	$91	$94	:ui64
	CONST	$97	4	:ui64
	MUL	$98	$95	$97	:ui64
	ADD	$99	$88	$98	:ptr
	CONST	$101	0	:i32
	CAST	$102	$101	:ui64
	ADD	$103	$91	$102	:ui64
	CONST	$104	1	:i32
	CAST	$105	$104	:ui64
	ADD	$106	$103	$105	:ui64
	CONST	$108	4	:ui64
	MUL	$109	$106	$108	:ui64
	ADD	$110	$88	$109	:ptr
	LOAD	$113	$99	:ui32
	LOAD	$116	$110	:ui32
	SUB	$117	$116	$113	:ui32
	CONST	$118	1	:ui64
	CAST	$119	$117	:ui64
	SUB	$120	$119	$118	:ui64
	CONST	$124	1	:ui64
	CAST	$125	$113	:ui64
	MUL	$126	$125	$124	:ui64
	ADD	$127	$84	$126	:ptr
	CALL	$128	0x5593da4f1390($127,$120)	:ui64
	CONST	$131	5	:i32
	CAST	$132	$131	:ui64
	MUL	$133	$85	$132	:ui64
	CONST	$135	1	:i32
	CAST	$136	$135	:ui64
	ADD	$137	$133	$136	:ui64
	CONST	$139	4	:ui64
	MUL	$140	$137	$139	:ui64
	ADD	$141	$88	$140	:ptr
	CONST	$143	1	:i32
	CAST	$144	$143	:ui64
	ADD	$145	$133	$144	:ui64
	CONST	$146	1	:i32
	CAST	$147	$146	:ui64
	ADD	$148	$145	$147	:ui64
	CONST	$150	4	:ui64
	MUL	$151	$148	$150	:ui64
	ADD	$152	$88	$151	:ptr
	LOAD	$155	$141	:ui32
	LOAD	$158	$152	:ui32
	SUB	$159	$158	$155	:ui32
	CONST	$160	1	:ui64
	CAST	$161	$159	:ui64
	SUB	$162	$161	$160	:ui64
	CONST	$166	1	:ui64
	CAST	$167	$155	:ui64
	MUL	$168	$167	$166	:ui64
	ADD	$169	$84	$168	:ptr
	CALL	$170	0x5593da4ef950($169,$162)	:i32
	CONST	$173	5	:i32
	CAST	$174	$173	:ui64
	MUL	$175	$85	$174	:ui64
	CONST	$177	2	:i32
	CAST	$178	$177	:ui64
	ADD	$179	$175	$178	:ui64
	CONST	$181	4	:ui64
	MUL	$182	$179	$181	:ui64
	ADD	$183	$88	$182	:ptr
	CONST	$185	2	:i32
	CAST	$186	$185	:ui64
	ADD	$187	$175	$186	:ui64
	CONST	$188	1	:i32
	CAST	$189	$188	:ui64
	ADD	$190	$187	$189	:ui64
	CONST	$192	4	:ui64
	MUL	$193	$190	$192	:ui64
	ADD	$194	$88	$193	:ptr
	LOAD	$197	$183	:ui32
	LOAD	$200	$194	:ui32
	SUB	$201	$200	$197	:ui32
	CONST	$202	1	:ui64
	CAST	$203	$201	:ui64
	SUB	$204	$203	$202	:ui64
	CONST	$208	1	:ui64
	CAST	$209	$197	:ui64
	MUL	$210	$209	$208	:ui64
	ADD	$211	$84	$210	:ptr
	CALL	$212	0x5593da4ef950($211,$204)	:i32
	CONST	$215	5	:i32
	CAST	$216	$215	:ui64
	MUL	$217	$85	$216	:ui64
	CONST	$219	3	:i32
	CAST	$220	$219	:ui64
	ADD	$221	$217	$220	:ui64
	CONST	$223	4	:ui64
	MUL	$224	$221	$223	:ui64
	ADD	$225	$88	$224	:ptr
	CONST	$227	3	:i32
	CAST	$228	$227	:ui64
	ADD	$229	$217	$228	:ui64
	CONST	$230	1	:i32
	CAST	$231	$230	:ui64
	ADD	$232	$229	$231	:ui64
	CONST	$234	4	:ui64
	MUL	$235	$232	$234	:ui64
	ADD	$236	$88	$235	:ptr
	LOAD	$239	$225	:ui32
	LOAD	$242	$236	:ui32
	SUB	$243	$242	$239	:ui32
	CONST	$244	0	:ui64
	CAST	$245	$243	:ui64
	SUB	$246	$245	$244	:ui64
	CONST	$250	1	:ui64
	CAST	$251	$239	:ui64
	MUL	$252	$251	$250	:ui64
	ADD	$253	$84	$252	:ptr
	CALL	$254	0x5593da4f1b80($253,$246)	:f64
	CONST	$258	1746560847870	:ui64
	EQ	$259	$128	$258	:bool
	CONST	$261	false	:bool
	EQ	$262	$259	$261	:bool
	NOT	$263	$262	:bool
	CMP	$264	$263	B10($7,$18,$19,$16,$17,$14,$15,$59,$57,$56,$170,$20,$10)	B11($7,$57,$18,$19,$16,$17,$14,$15,$56,$59,$20,$10)	:void
B9($7:ptr,$57:ptr,$18:ui64,$19:bool,$16:ui64,$17:ui64,$14:ui64,$15:ui64,$56:ui64,$59:ptr,$20:ptr,$10:ptr)
	JMP	$0	B17($7,$57,$18,$19,$16,$17,$14,$15,$56,$59,$20,$10)	:void
B10($7:ptr,$18:ui64,$19:bool,$16:ui64,$17:ui64,$14:ui64,$15:ui64,$59:ptr,$57:ptr,$56:ui64,$172:i32,$20:ptr,$10:ptr)
	CONST	$268	65536	:ui64
	GTE	$269	$56	$268	:bool
	CMP	$270	$269	B12($7,$18,$19,$16,$17,$14,$15,$59,$172,$57,$56,$20,$10)	B13($7,$57,$18,$19,$16,$17,$14,$15,$59,$56,$172,$20,$10)	:void
B11($7:ptr,$57:ptr,$18:ui64,$19:bool,$16:ui64,$17:ui64,$14:ui64,$15:ui64,$56:ui64,$59:ptr,$20:ptr,$10:ptr)
	JMP	$0	B18($7,$57,$18,$19,$16,$17,$14,$15,$56,$59,$20,$10)	:void
B12($7:ptr,$18:ui64,$19:bool,$16:ui64,$17:ui64,$14:ui64,$15:ui64,$59:ptr,$267:i32,$57:ptr,$56:ui64,$20:ptr,$10:ptr)
	CONST	$271	false	:bool
	CALL	$272	0x5593da5928d0($57,$56)	:void
	CALL	$273	0x5593da592d70($57,$15)	:void
	CALL	$274	0x5593da592a40($57,$14)	:void
	CALL	$275	0x5593da592ab0($57,$17)	:void
	CALL	$276	0x5593da592e50($57,$16)	:void
	CONST	$277	1	:ui64
	CALL	$278	0x5593da28aa00($7,$277)	:ptr
	CALL	$279	0x5593da278ac0($278,$271,$18,$19,$57)	:void
	CALL	$280	0x5593da28a610($7,$57)	:void
	CALL	$281	0x5593da28aa80($7)	:ptr
	CALL	$283	0x5593da592950($281)	:ptr
	CONST	$284	0	:ui64
	JMP	$0	B19($7,$281,$18,$19,$16,$17,$14,$15,$59,$284,$267,$20,$10)	:void
B13($7:ptr,$57:ptr,$18:ui64,$19:bool,$16:ui64,$17:ui64,$14:ui64,$15:ui64,$59:ptr,$56:ui64,$267:i32,$20:ptr,$10:ptr)
	JMP	$0	B19($7,$57,$18,$19,$16,$17,$14,$15,$59,$56,$267,$20,$10)	:void
B14($7:ptr,$57:ptr,$18:ui64,$19:bool,$16:ui64,$17:ui64,$14:ui64,$15:ui64,$56:ui64)
	CONST	$322	true	:bool
	JMP	$0	B33($7,$57,$322,$18,$19,$16,$17,$14,$15,$56)	:void
B15($7:ptr,$18:ui64,$19:bool,$16:ui64,$17:ui64,$14:ui64,$15:ui64,$57:ptr,$56:ui64,$59:ptr,$20:ptr,$10:ptr)
	CONST	$347	0	:ui64
	CONST	$349	176	:ui64
	CONST	$351	1	:ui64
	MUL	$352	$349	$351	:ui64
	ADD	$353	$59	$352	:ptr
	JMP	$0	B26($7,$18,$19,$16,$17,$14,$15,$57,$56,$59,$20,$10,$347,$353)	:void
B16($7:ptr,$18:ui64,$19:bool,$16:ui64,$17:ui64,$14:ui64,$15:ui64,$20:ptr,$10:ptr) ControlFlowMerge
	CALL	$54	0x5593da28aa80($7)	:ptr
	CONST	$56	0	:ui64
	CALL	$58	0x5593da592950($54)	:ptr
	CALL	$59	0x5593da4d77a0()	:ptr
	CONST	$61	32	:ui64
	CONST	$63	1	:ui64
	MUL	$64	$61	$63	:ui64
	ADD	$65	$59	$64	:ptr
	LOAD	$68	$65	:bool
	CMP	$69	$68	B8($7,$18,$19,$16,$17,$14,$15,$59,$54,$56,$20,$10)	B9($7,$54,$18,$19,$16,$17,$14,$15,$56,$59,$20,$10)	:void
B17($7:ptr,$57:ptr,$18:ui64,$19:bool,$16:ui64,$17:ui64,$14:ui64,$15:ui64,$56:ui64,$59:ptr,$20:ptr,$10:ptr) ControlFlowMerge
	JMP	$0	B18($7,$57,$18,$19,$16,$17,$14,$15,$56,$59,$20,$10)	:void
B18($7:ptr,$57:ptr,$18:ui64,$19:bool,$16:ui64,$17:ui64,$14:ui64,$15:ui64,$56:ui64,$59:ptr,$20:ptr,$10:ptr) ControlFlowMerge
	CONST	$312	33	:ui64
	CONST	$314	1	:ui64
	MUL	$315	$312	$314	:ui64
	ADD	$316	$59	$315	:ptr
	LOAD	$319	$316	:bool
	NOT	$320	$319	:bool
	CMP	$321	$320	B14($7,$57,$18,$19,$16,$17,$14,$15,$56)	B15($7,$18,$19,$16,$17,$14,$15,$57,$56,$59,$20,$10)	:void
B19($7:ptr,$57:ptr,$18:ui64,$19:bool,$16:ui64,$17:ui64,$14:ui64,$15:ui64,$59:ptr,$56:ui64,$267:i32,$20:ptr,$10:ptr) ControlFlowMerge
	CALL	$285	0x5593da592950($57)	:ptr
	CONST	$287	4	:ui64
	MUL	$288	$287	$56	:ui64
	CONST	$290	1	:ui64
	MUL	$291	$288	$290	:ui64
	ADD	$292	$285	$291	:ptr
	CONST	$294	0	:ui64
	CONST	$296	1	:ui64
	MUL	$297	$294	$296	:ui64
	ADD	$298	$292	$297	:ptr
	STORE	$306	$298	$267	:void
	CONST	$308	1	:i32
	CAST	$309	$308	:ui64
	ADD	$310	$56	$309	:ui64
	JMP	$0	B17($7,$57,$18,$19,$16,$17,$14,$15,$310,$59,$20,$10)	:void
B20($7:ptr,$18:ui64,$19:bool,$16:ui64,$17:ui64,$14:ui64,$15:ui64,$59:ptr,$20:ptr,$10:ptr,$353:ptr,$347:ui64,$57:ptr,$56:ui64)
	CALL	$367	0x5593da592950($20)	:ptr
	CALL	$370	0x5593da4d98d0($353)	:ptr
	CONST	$371	5	:i32
	CAST	$372	$371	:ui64
	MUL	$373	$347	$372	:ui64
	CONST	$375	0	:i32
	CAST	$376	$375	:ui64
	ADD	$377	$373	$376	:ui64
	CONST	$379	4	:ui64
	MUL	$380	$377	$379	:ui64
	ADD	$381	$370	$380	:ptr
	CONST	$383	0	:i32
	CAST	$384	$383	:ui64
	ADD	$385	$373	$384	:ui64
	CONST	$386	1	:i32
	CAST	$387	$386	:ui64
	ADD	$388	$385	$387	:ui64
	CONST	$390	4	:ui64
	MUL	$391	$388	$390	:ui64
	ADD	$392	$370	$391	:ptr
	LOAD	$395	$381	:ui32
	LOAD	$398	$392	:ui32
	SUB	$399	$398	$395	:ui32
	CONST	$400	1	:ui64
	CAST	$401	$399	:ui64
	SUB	$402	$401	$400	:ui64
	CONST	$406	1	:ui64
	CAST	$407	$395	:ui64
	MUL	$408	$407	$406	:ui64
	ADD	$409	$367	$408	:ptr
	CALL	$410	0x5593da4f1390($409,$402)	:ui64
	CONST	$413	5	:i32
	CAST	$414	$413	:ui64
	MUL	$415	$347	$414	:ui64
	CONST	$417	1	:i32
	CAST	$418	$417	:ui64
	ADD	$419	$415	$418	:ui64
	CONST	$421	4	:ui64
	MUL	$422	$419	$421	:ui64
	ADD	$423	$370	$422	:ptr
	CONST	$425	1	:i32
	CAST	$426	$425	:ui64
	ADD	$427	$415	$426	:ui64
	CONST	$428	1	:i32
	CAST	$429	$428	:ui64
	ADD	$430	$427	$429	:ui64
	CONST	$432	4	:ui64
	MUL	$433	$430	$432	:ui64
	ADD	$434	$370	$433	:ptr
	LOAD	$437	$423	:ui32
	LOAD	$440	$434	:ui32
	SUB	$441	$440	$437	:ui32
	CONST	$442	1	:ui64
	CAST	$443	$441	:ui64
	SUB	$444	$443	$442	:ui64
	CONST	$448	1	:ui64
	CAST	$449	$437	:ui64
	MUL	$450	$449	$448	:ui64
	ADD	$451	$367	$450	:ptr
	CALL	$452	0x5593da4ef950($451,$444)	:i32
	CONST	$455	5	:i32
	CAST	$456	$455	:ui64
	MUL	$457	$347	$456	:ui64
	CONST	$459	2	:i32
	CAST	$460	$459	:ui64
	ADD	$461	$457	$460	:ui64
	CONST	$463	4	:ui64
	MUL	$464	$461	$463	:ui64
	ADD	$465	$370	$464	:ptr
	CONST	$467	2	:i32
	CAST	$468	$467	:ui64
	ADD	$469	$457	$468	:ui64
	CONST	$470	1	:i32
	CAST	$471	$470	:ui64
	ADD	$472	$469	$471	:ui64
	CONST	$474	4	:ui64
	MUL	$475	$472	$474	:ui64
	ADD	$476	$370	$475	:ptr
	LOAD	$479	$465	:ui32
	LOAD	$482	$476	:ui32
	SUB	$483	$482	$479	:ui32
	CONST	$484	1	:ui64
	CAST	$485	$483	:ui64
	SUB	$486	$485	$484	:ui64
	CONST	$490	1	:ui64
	CAST	$491	$479	:ui64
	MUL	$492	$491	$490	:ui64
	ADD	$493	$367	$492	:ptr
	CALL	$494	0x5593da4ef950($493,$486)	:i32
	CONST	$497	5	:i32
	CAST	$498	$497	:ui64
	MUL	$499	$347	$498	:ui64
	CONST	$501	3	:i32
	CAST	$502	$501	:ui64
	ADD	$503	$499	$502	:ui64
	CONST	$505	4	:ui64
	MUL	$506	$503	$505	:ui64
	ADD	$507	$370	$506	:ptr
	CONST	$509	3	:i32
	CAST	$510	$509	:ui64
	ADD	$511	$499	$510	:ui64
	CONST	$512	1	:i32
	CAST	$513	$512	:ui64
	ADD	$514	$511	$513	:ui64
	CONST	$516	4	:ui64
	MUL	$517	$514	$516	:ui64
	ADD	$518	$370	$517	:ptr
	LOAD	$521	$507	:ui32
	LOAD	$524	$518	:ui32
	SUB	$525	$524	$521	:ui32
	CONST	$526	0	:ui64
	CAST	$527	$525	:ui64
	SUB	$528	$527	$526	:ui64
	CONST	$532	1	:ui64
	CAST	$533	$521	:ui64
	MUL	$534	$533	$532	:ui64
	ADD	$535	$367	$534	:ptr
	CALL	$536	0x5593da4f1b80($535,$528)	:f64
	CONST	$540	1746560847870	:ui64
	EQ	$541	$410	$540	:bool
	CONST	$543	false	:bool
	EQ	$544	$541	$543	:bool
	NOT	$545	$544	:bool
	CMP	$546	$545	B22($7,$18,$19,$16,$17,$14,$15,$59,$20,$10,$353,$347,$57,$56,$452)	B23($7,$18,$19,$16,$17,$14,$15,$57,$56,$59,$20,$10,$353,$347)	:void
B21($7:ptr,$18:ui64,$19:bool,$16:ui64,$17:ui64,$14:ui64,$15:ui64,$57:ptr,$56:ui64,$59:ptr,$20:ptr,$10:ptr)
	CONST	$599	*	:ptr
	CALL	$601	0x5593da4dc200($20,$599,$10)	:bool
	CMP	$602	$601	B27($7,$18,$19,$16,$17,$14,$15,$57,$56,$59)	B28($7,$57,$18,$19,$16,$17,$14,$15,$56)	:void
B22($7:ptr,$18:ui64,$19:bool,$16:ui64,$17:ui64,$14:ui64,$15:ui64,$59:ptr,$20:ptr,$10:ptr,$353:ptr,$347:ui64,$57:ptr,$56:ui64,$454:i32)
	CONST	$550	65536	:ui64
	GTE	$551	$56	$550	:bool
	CMP	$552	$551	B24($7,$18,$19,$16,$17,$14,$15,$59,$20,$10,$353,$347,$454,$57,$56)	B25($7,$18,$19,$16,$17,$14,$15,$57,$59,$20,$10,$353,$347,$56,$454)	:void
B23($7:ptr,$18:ui64,$19:bool,$16:ui64,$17:ui64,$14:ui64,$15:ui64,$57:ptr,$56:ui64,$59:ptr,$20:ptr,$10:ptr,$353:ptr,$347:ui64)
	CONST	$848	1	:i32
	CAST	$849	$848	:ui64
	ADD	$850	$347	$849	:ui64
	JMP	$0	B34($7,$18,$19,$16,$17,$14,$15,$57,$56,$59,$20,$10,$850,$353)	:void
B24($7:ptr,$18:ui64,$19:bool,$16:ui64,$17:ui64,$14:ui64,$15:ui64,$59:ptr,$20:ptr,$10:ptr,$353:ptr,$347:ui64,$549:i32,$57:ptr,$56:ui64)
	CONST	$553	false	:bool
	CALL	$554	0x5593da5928d0($57,$56)	:void
	CALL	$555	0x5593da592d70($57,$15)	:void
	CALL	$556	0x5593da592a40($57,$14)	:void
	CALL	$557	0x5593da592ab0($57,$17)	:void
	CALL	$558	0x5593da592e50($57,$16)	:void
	CONST	$559	1	:ui64
	CALL	$560	0x5593da28aa00($7,$559)	:ptr
	CALL	$561	0x5593da278ac0($560,$553,$18,$19,$57)	:void
	CALL	$562	0x5593da28a610($7,$57)	:void
	CALL	$563	0x5593da28aa80($7)	:ptr
	CALL	$565	0x5593da592950($563)	:ptr
	CONST	$566	0	:ui64
	JMP	$0	B35($7,$18,$19,$16,$17,$14,$15,$563,$59,$20,$10,$353,$347,$566,$549)	:void
B25($7:ptr,$18:ui64,$19:bool,$16:ui64,$17:ui64,$14:ui64,$15:ui64,$57:ptr,$59:ptr,$20:ptr,$10:ptr,$353:ptr,$347:ui64,$56:ui64,$549:i32)
	JMP	$0	B35($7,$18,$19,$16,$17,$14,$15,$57,$59,$20,$10,$353,$347,$56,$549)	:void
B26($7:ptr,$18:ui64,$19:bool,$16:ui64,$17:ui64,$14:ui64,$15:ui64,$57:ptr,$56:ui64,$59:ptr,$20:ptr,$10:ptr,$347:ui64,$353:ptr) ControlFlowMerge
	JMP	$0	B34($7,$18,$19,$16,$17,$14,$15,$57,$56,$59,$20,$10,$347,$353)	:void
B27($7:ptr,$18:ui64,$19:bool,$16:ui64,$17:ui64,$14:ui64,$15:ui64,$57:ptr,$56:ui64,$59:ptr)
	CONST	$604	112	:ui64
	CONST	$606	1	:ui64
	MUL	$607	$604	$606	:ui64
	ADD	$608	$59	$607	:ptr
	CONST	$610	16	:ui64
	CONST	$612	1	:ui64
	MUL	$613	$610	$612	:ui64
	ADD	$614	$59	$613	:ptr
	LOAD	$617	$614	:ptr
	CONST	$618	0	:ui64
	CALL	$621	0x5593da4d98d0($608)	:ptr
	CONST	$622	5	:i32
	CAST	$623	$622	:ui64
	MUL	$624	$618	$623	:ui64
	CONST	$626	0	:i32
	CAST	$627	$626	:ui64
	ADD	$628	$624	$627	:ui64
	CONST	$630	4	:ui64
	MUL	$631	$628	$630	:ui64
	ADD	$632	$621	$631	:ptr
	CONST	$634	0	:i32
	CAST	$635	$634	:ui64
	ADD	$636	$624	$635	:ui64
	CONST	$637	1	:i32
	CAST	$638	$637	:ui64
	ADD	$639	$636	$638	:ui64
	CONST	$641	4	:ui64
	MUL	$642	$639	$641	:ui64
	ADD	$643	$621	$642	:ptr
	LOAD	$646	$632	:ui32
	LOAD	$649	$643	:ui32
	SUB	$650	$649	$646	:ui32
	CONST	$651	1	:ui64
	CAST	$652	$650	:ui64
	SUB	$653	$652	$651	:ui64
	CONST	$657	1	:ui64
	CAST	$658	$646	:ui64
	MUL	$659	$658	$657	:ui64
	ADD	$660	$617	$659	:ptr
	CALL	$661	0x5593da4f1390($660,$653)	:ui64
	CONST	$664	5	:i32
	CAST	$665	$664	:ui64
	MUL	$666	$618	$665	:ui64
	CONST	$668	1	:i32
	CAST	$669	$668	:ui64
	ADD	$670	$666	$669	:ui64
	CONST	$672	4	:ui64
	MUL	$673	$670	$672	:ui64
	ADD	$674	$621	$673	:ptr
	CONST	$676	1	:i32
	CAST	$677	$676	:ui64
	ADD	$678	$666	$677	:ui64
	CONST	$679	1	:i32
	CAST	$680	$679	:ui64
	ADD	$681	$678	$680	:ui64
	CONST	$683	4	:ui64
	MUL	$684	$681	$683	:ui64
	ADD	$685	$621	$684	:ptr
	LOAD	$688	$674	:ui32
	LOAD	$691	$685	:ui32
	SUB	$692	$691	$688	:ui32
	CONST	$693	1	:ui64
	CAST	$694	$692	:ui64
	SUB	$695	$694	$693	:ui64
	CONST	$699	1	:ui64
	CAST	$700	$688	:ui64
	MUL	$701	$700	$699	:ui64
	ADD	$702	$617	$701	:ptr
	CALL	$703	0x5593da4ef950($702,$695)	:i32
	CONST	$706	5	:i32
	CAST	$707	$706	:ui64
	MUL	$708	$618	$707	:ui64
	CONST	$710	2	:i32
	CAST	$711	$710	:ui64
	ADD	$712	$708	$711	:ui64
	CONST	$714	4	:ui64
	MUL	$715	$712	$714	:ui64
	ADD	$716	$621	$715	:ptr
	CONST	$718	2	:i32
	CAST	$719	$718	:ui64
	ADD	$720	$708	$719	:ui64
	CONST	$721	1	:i32
	CAST	$722	$721	:ui64
	ADD	$723	$720	$722	:ui64
	CONST	$725	4	:ui64
	MUL	$726	$723	$725	:ui64
	ADD	$727	$621	$726	:ptr
	LOAD	$730	$716	:ui32
	LOAD	$733	$727	:ui32
	SUB	$734	$733	$730	:ui32
	CONST	$735	1	:ui64
	CAST	$736	$734	:ui64
	SUB	$737	$736	$735	:ui64
	CONST	$741	1	:ui64
	CAST	$742	$730	:ui64
	MUL	$743	$742	$741	:ui64
	ADD	$744	$617	$743	:ptr
	CALL	$745	0x5593da4ef950($744,$737)	:i32
	CONST	$748	5	:i32
	CAST	$749	$748	:ui64
	MUL	$750	$618	$749	:ui64
	CONST	$752	3	:i32
	CAST	$753	$752	:ui64
	ADD	$754	$750	$753	:ui64
	CONST	$756	4	:ui64
	MUL	$757	$754	$756	:ui64
	ADD	$758	$621	$757	:ptr
	CONST	$760	3	:i32
	CAST	$761	$760	:ui64
	ADD	$762	$750	$761	:ui64
	CONST	$763	1	:i32
	CAST	$764	$763	:ui64
	ADD	$765	$762	$764	:ui64
	CONST	$767	4	:ui64
	MUL	$768	$765	$767	:ui64
	ADD	$769	$621	$768	:ptr
	LOAD	$772	$758	:ui32
	LOAD	$775	$769	:ui32
	SUB	$776	$775	$772	:ui32
	CONST	$777	0	:ui64
	CAST	$778	$776	:ui64
	SUB	$779	$778	$777	:ui64
	CONST	$783	1	:ui64
	CAST	$784	$772	:ui64
	MUL	$785	$784	$783	:ui64
	ADD	$786	$617	$785	:ptr
	CALL	$787	0x5593da4f1b80($786,$779)	:f64
	CONST	$791	1746560847870	:ui64
	EQ	$792	$661	$791	:bool
	CONST	$794	false	:bool
	EQ	$795	$792	$794	:bool
	NOT	$796	$795	:bool
	CMP	$797	$796	B29($7,$18,$19,$16,$17,$14,$15,$57,$56,$703)	B30($7,$57,$18,$19,$16,$17,$14,$15,$56)	:void
B28($7:ptr,$57:ptr,$18:ui64,$19:bool,$16:ui64,$17:ui64,$14:ui64,$15:ui64,$56:ui64)
	CONST	$857	true	:bool
	JMP	$0	B36($7,$57,$857,$18,$19,$16,$17,$14,$15,$56)	:void
B29($7:ptr,$18:ui64,$19:bool,$16:ui64,$17:ui64,$14:ui64,$15:ui64,$57:ptr,$56:ui64,$705:i32)
	CONST	$801	65536	:ui64
	GTE	$802	$56	$801	:bool
	CMP	$803	$802	B31($7,$18,$19,$16,$17,$14,$15,$705,$57,$56)	B32($7,$57,$18,$19,$16,$17,$14,$15,$56,$705)	:void
B30($7:ptr,$57:ptr,$18:ui64,$19:bool,$16:ui64,$17:ui64,$14:ui64,$15:ui64,$56:ui64)
	CONST	$861	true	:bool
	JMP	$0	B37($7,$57,$861,$18,$19,$16,$17,$14,$15,$56)	:void
B31($7:ptr,$18:ui64,$19:bool,$16:ui64,$17:ui64,$14:ui64,$15:ui64,$800:i32,$57:ptr,$56:ui64)
	CONST	$804	false	:bool
	CALL	$805	0x5593da5928d0($57,$56)	:void
	CALL	$806	0x5593da592d70($57,$15)	:void
	CALL	$807	0x5593da592a40($57,$14)	:void
	CALL	$808	0x5593da592ab0($57,$17)	:void
	CALL	$809	0x5593da592e50($57,$16)	:void
	CONST	$810	1	:ui64
	CALL	$811	0x5593da28aa00($7,$810)	:ptr
	CALL	$812	0x5593da278ac0($811,$804,$18,$19,$57)	:void
	CALL	$813	0x5593da28a610($7,$57)	:void
	CALL	$814	0x5593da28aa80($7)	:ptr
	CALL	$816	0x5593da592950($814)	:ptr
	CONST	$817	0	:ui64
	JMP	$0	B38($7,$814,$18,$19,$16,$17,$14,$15,$817,$800)	:void
B32($7:ptr,$57:ptr,$18:ui64,$19:bool,$16:ui64,$17:ui64,$14:ui64,$15:ui64,$56:ui64,$800:i32)
	JMP	$0	B38($7,$57,$18,$19,$16,$17,$14,$15,$56,$800)	:void
B33($7:ptr,$57:ptr,$322:bool,$18:ui64,$19:bool,$16:ui64,$17:ui64,$14:ui64,$15:ui64,$56:ui64) ControlFlowMerge
	JMP	$0	B36($7,$57,$322,$18,$19,$16,$17,$14,$15,$56)	:void
B34($7:ptr,$18:ui64,$19:bool,$16:ui64,$17:ui64,$14:ui64,$15:ui64,$57:ptr,$56:ui64,$59:ptr,$20:ptr,$10:ptr,$347:ui64,$353:ptr) ControlFlowMerge
	CONST	$357	24	:ui64
	CONST	$359	1	:ui64
	MUL	$360	$357	$359	:ui64
	ADD	$361	$353	$360	:ptr
	LOAD	$364	$361	:ui64
	LT	$365	$347	$364	:bool
	CMP	$366	$365	B20($7,$18,$19,$16,$17,$14,$15,$59,$20,$10,$353,$347,$57,$56)	B21($7,$18,$19,$16,$17,$14,$15,$57,$56,$59,$20,$10)	:void
B35($7:ptr,$18:ui64,$19:bool,$16:ui64,$17:ui64,$14:ui64,$15:ui64,$57:ptr,$59:ptr,$20:ptr,$10:ptr,$353:ptr,$347:ui64,$56:ui64,$549:i32) ControlFlowMerge
	CALL	$567	0x5593da592950($57)	:ptr
	CONST	$569	4	:ui64
	MUL	$570	$569	$56	:ui64
	CONST	$572	1	:ui64
	MUL	$573	$570	$572	:ui64
	ADD	$574	$567	$573	:ptr
	CONST	$576	0	:ui64
	CONST	$578	1	:ui64
	MUL	$579	$576	$578	:ui64
	ADD	$580	$574	$579	:ptr
	STORE	$588	$580	$549	:void
	CONST	$590	1	:i32
	CAST	$591	$590	:ui64
	ADD	$592	$56	$591	:ui64
	CONST	$593	1	:i32
	CAST	$594	$593	:ui64
	ADD	$595	$347	$594	:ui64
	JMP	$0	B26($7,$18,$19,$16,$17,$14,$15,$57,$592,$59,$20,$10,$595,$353)	:void
B36($7:ptr,$57:ptr,$322:bool,$18:ui64,$19:bool,$16:ui64,$17:ui64,$14:ui64,$15:ui64,$56:ui64) ControlFlowMerge
	JMP	$0	B37($7,$57,$322,$18,$19,$16,$17,$14,$15,$56)	:void
B37($7:ptr,$57:ptr,$322:bool,$18:ui64,$19:bool,$16:ui64,$17:ui64,$14:ui64,$15:ui64,$56:ui64) ControlFlowMerge
	CALL	$323	0x5593da5928d0($57,$56)	:void
	CALL	$324	0x5593da592d70($57,$15)	:void
	CALL	$325	0x5593da592a40($57,$14)	:void
	CALL	$326	0x5593da592ab0($57,$17)	:void
	CALL	$327	0x5593da592e50($57,$16)	:void
	CONST	$328	1	:ui64
	CALL	$329	0x5593da28aa00($7,$328)	:ptr
	CALL	$330	0x5593da278ac0($329,$322,$18,$19,$57)	:void
	CALL	$331	0x5593da28a610($7,$57)	:void
	JMP	$0	B39()	:void
B38($7:ptr,$57:ptr,$18:ui64,$19:bool,$16:ui64,$17:ui64,$14:ui64,$15:ui64,$56:ui64,$800:i32) ControlFlowMerge
	CALL	$818	0x5593da592950($57)	:ptr
	CONST	$820	4	:ui64
	MUL	$821	$820	$56	:ui64
	CONST	$823	1	:ui64
	MUL	$824	$821	$823	:ui64
	ADD	$825	$818	$824	:ptr
	CONST	$827	0	:ui64
	CONST	$829	1	:ui64
	MUL	$830	$827	$829	:ui64
	ADD	$831	$825	$830	:ptr
	STORE	$839	$831	$800	:void
	CONST	$841	1	:i32
	CAST	$842	$841	:ui64
	ADD	$843	$56	$842	:ui64
	CONST	$844	true	:bool
	JMP	$0	B33($7,$57,$844,$18,$19,$16,$17,$14,$15,$843)	:void
B39()
	RETURN	$0	:void
